[0.014s] Invoking command in '/home/nautilus/NautilusSW/nautilus_ws/build/nautilus_mission': AMENT_PREFIX_PATH=/home/nautilus/NautilusSW/nautilus_ws/install/nautilus_controls:${AMENT_PREFIX_PATH} CMAKE_PREFIX_PATH=/home/nautilus/NautilusSW/nautilus_ws/install/nautilus_controls:/opt/ros/humble PYTHONPATH=/home/nautilus/NautilusSW/nautilus_ws/install/nautilus_controls/local/lib/python3.10/dist-packages:${PYTHONPATH} /usr/bin/cmake /home/nautilus/NautilusSW/nautilus_ws/src/nautilus_mission -DCMAKE_INSTALL_PREFIX=/home/nautilus/NautilusSW/nautilus_ws/install/nautilus_mission
[1.630s] -- The C compiler identification is GNU 11.4.0
[2.813s] -- The CXX compiler identification is GNU 11.4.0
[2.829s] -- Detecting C compiler ABI info
[2.974s] -- Detecting C compiler ABI info - done
[2.988s] -- Check for working C compiler: /usr/bin/cc - skipped
[2.989s] -- Detecting C compile features
[2.989s] -- Detecting C compile features - done
[2.995s] -- Detecting CXX compiler ABI info
[3.126s] -- Detecting CXX compiler ABI info - done
[3.139s] -- Check for working CXX compiler: /usr/bin/c++ - skipped
[3.140s] -- Detecting CXX compile features
[3.141s] -- Detecting CXX compile features - done
[3.145s] -- Found ament_cmake: 1.3.14 (/opt/ros/humble/share/ament_cmake/cmake)
[3.946s] -- Found Python3: /usr/bin/python3 (found version "3.10.12") found components: Interpreter 
[4.279s] -- Found ament_lint_auto: 0.12.15 (/opt/ros/humble/share/ament_lint_auto/cmake)
[4.510s] -- Configuring done
[4.517s] -- Generating done
[4.521s] -- Build files have been written to: /home/nautilus/NautilusSW/nautilus_ws/build/nautilus_mission
[4.530s] Invoked command in '/home/nautilus/NautilusSW/nautilus_ws/build/nautilus_mission' returned '0': AMENT_PREFIX_PATH=/home/nautilus/NautilusSW/nautilus_ws/install/nautilus_controls:${AMENT_PREFIX_PATH} CMAKE_PREFIX_PATH=/home/nautilus/NautilusSW/nautilus_ws/install/nautilus_controls:/opt/ros/humble PYTHONPATH=/home/nautilus/NautilusSW/nautilus_ws/install/nautilus_controls/local/lib/python3.10/dist-packages:${PYTHONPATH} /usr/bin/cmake /home/nautilus/NautilusSW/nautilus_ws/src/nautilus_mission -DCMAKE_INSTALL_PREFIX=/home/nautilus/NautilusSW/nautilus_ws/install/nautilus_mission
[4.534s] Invoking command in '/home/nautilus/NautilusSW/nautilus_ws/build/nautilus_mission': AMENT_PREFIX_PATH=/home/nautilus/NautilusSW/nautilus_ws/install/nautilus_controls:${AMENT_PREFIX_PATH} CMAKE_PREFIX_PATH=/home/nautilus/NautilusSW/nautilus_ws/install/nautilus_controls:/opt/ros/humble PYTHONPATH=/home/nautilus/NautilusSW/nautilus_ws/install/nautilus_controls/local/lib/python3.10/dist-packages:${PYTHONPATH} /usr/bin/cmake --build /home/nautilus/NautilusSW/nautilus_ws/build/nautilus_mission -- -j6 -l6
[4.633s] Built target ament_cmake_python_copy_nautilus_mission
[5.127s] running egg_info
[5.159s] creating nautilus_mission.egg-info
[5.160s] writing nautilus_mission.egg-info/PKG-INFO
[5.161s] writing dependency_links to nautilus_mission.egg-info/dependency_links.txt
[5.161s] writing top-level names to nautilus_mission.egg-info/top_level.txt
[5.162s] writing manifest file 'nautilus_mission.egg-info/SOURCES.txt'
[5.259s] reading manifest file 'nautilus_mission.egg-info/SOURCES.txt'
[5.261s] writing manifest file 'nautilus_mission.egg-info/SOURCES.txt'
[5.333s] Built target ament_cmake_python_build_nautilus_mission_egg
[5.356s] Invoked command in '/home/nautilus/NautilusSW/nautilus_ws/build/nautilus_mission' returned '0': AMENT_PREFIX_PATH=/home/nautilus/NautilusSW/nautilus_ws/install/nautilus_controls:${AMENT_PREFIX_PATH} CMAKE_PREFIX_PATH=/home/nautilus/NautilusSW/nautilus_ws/install/nautilus_controls:/opt/ros/humble PYTHONPATH=/home/nautilus/NautilusSW/nautilus_ws/install/nautilus_controls/local/lib/python3.10/dist-packages:${PYTHONPATH} /usr/bin/cmake --build /home/nautilus/NautilusSW/nautilus_ws/build/nautilus_mission -- -j6 -l6
[5.540s] Invoking command in '/home/nautilus/NautilusSW/nautilus_ws/build/nautilus_mission': AMENT_PREFIX_PATH=/home/nautilus/NautilusSW/nautilus_ws/install/nautilus_controls:${AMENT_PREFIX_PATH} CMAKE_PREFIX_PATH=/home/nautilus/NautilusSW/nautilus_ws/install/nautilus_controls:/opt/ros/humble PYTHONPATH=/home/nautilus/NautilusSW/nautilus_ws/install/nautilus_controls/local/lib/python3.10/dist-packages:${PYTHONPATH} /usr/bin/cmake --install /home/nautilus/NautilusSW/nautilus_ws/build/nautilus_mission
[5.560s] -- Install configuration: ""
[5.560s] -- Installing: /home/nautilus/NautilusSW/nautilus_ws/install/nautilus_mission/share/nautilus_mission/launch
[5.600s] -- Installing: /home/nautilus/NautilusSW/nautilus_ws/install/nautilus_mission/share/nautilus_mission/launch/mission.launch.py
[5.601s] -- Installing: /home/nautilus/NautilusSW/nautilus_ws/install/nautilus_mission/lib/nautilus_mission/state_machine
[5.601s] -- Installing: /home/nautilus/NautilusSW/nautilus_ws/install/nautilus_mission/share/nautilus_mission/environment/pythonpath.sh
[5.601s] -- Installing: /home/nautilus/NautilusSW/nautilus_ws/install/nautilus_mission/share/nautilus_mission/environment/pythonpath.dsv
[5.602s] -- Installing: /home/nautilus/NautilusSW/nautilus_ws/install/nautilus_mission/local/lib/python3.10/dist-packages/nautilus_mission-0.0.0-py3.10.egg-info
[5.602s] -- Installing: /home/nautilus/NautilusSW/nautilus_ws/install/nautilus_mission/local/lib/python3.10/dist-packages/nautilus_mission-0.0.0-py3.10.egg-info/SOURCES.txt
[5.603s] -- Installing: /home/nautilus/NautilusSW/nautilus_ws/install/nautilus_mission/local/lib/python3.10/dist-packages/nautilus_mission-0.0.0-py3.10.egg-info/PKG-INFO
[5.603s] -- Installing: /home/nautilus/NautilusSW/nautilus_ws/install/nautilus_mission/local/lib/python3.10/dist-packages/nautilus_mission-0.0.0-py3.10.egg-info/dependency_links.txt
[5.603s] -- Installing: /home/nautilus/NautilusSW/nautilus_ws/install/nautilus_mission/local/lib/python3.10/dist-packages/nautilus_mission-0.0.0-py3.10.egg-info/top_level.txt
[5.603s] -- Installing: /home/nautilus/NautilusSW/nautilus_ws/install/nautilus_mission/local/lib/python3.10/dist-packages/nautilus_mission
[5.604s] -- Installing: /home/nautilus/NautilusSW/nautilus_ws/install/nautilus_mission/local/lib/python3.10/dist-packages/nautilus_mission/state_machine.py
[5.604s] -- Installing: /home/nautilus/NautilusSW/nautilus_ws/install/nautilus_mission/local/lib/python3.10/dist-packages/nautilus_mission/__init__.py
[5.675s] Listing '/home/nautilus/NautilusSW/nautilus_ws/install/nautilus_mission/local/lib/python3.10/dist-packages/nautilus_mission'...
[5.675s] Compiling '/home/nautilus/NautilusSW/nautilus_ws/install/nautilus_mission/local/lib/python3.10/dist-packages/nautilus_mission/__init__.py'...
[5.675s] Compiling '/home/nautilus/NautilusSW/nautilus_ws/install/nautilus_mission/local/lib/python3.10/dist-packages/nautilus_mission/state_machine.py'...
[5.687s] -- Installing: /home/nautilus/NautilusSW/nautilus_ws/install/nautilus_mission/share/ament_index/resource_index/package_run_dependencies/nautilus_mission
[5.687s] -- Installing: /home/nautilus/NautilusSW/nautilus_ws/install/nautilus_mission/share/ament_index/resource_index/parent_prefix_path/nautilus_mission
[5.687s] -- Installing: /home/nautilus/NautilusSW/nautilus_ws/install/nautilus_mission/share/nautilus_mission/environment/ament_prefix_path.sh
[5.688s] -- Installing: /home/nautilus/NautilusSW/nautilus_ws/install/nautilus_mission/share/nautilus_mission/environment/ament_prefix_path.dsv
[5.688s] -- Installing: /home/nautilus/NautilusSW/nautilus_ws/install/nautilus_mission/share/nautilus_mission/environment/path.sh
[5.688s] -- Installing: /home/nautilus/NautilusSW/nautilus_ws/install/nautilus_mission/share/nautilus_mission/environment/path.dsv
[5.688s] -- Installing: /home/nautilus/NautilusSW/nautilus_ws/install/nautilus_mission/share/nautilus_mission/local_setup.bash
[5.688s] -- Installing: /home/nautilus/NautilusSW/nautilus_ws/install/nautilus_mission/share/nautilus_mission/local_setup.sh
[5.689s] -- Installing: /home/nautilus/NautilusSW/nautilus_ws/install/nautilus_mission/share/nautilus_mission/local_setup.zsh
[5.689s] -- Installing: /home/nautilus/NautilusSW/nautilus_ws/install/nautilus_mission/share/nautilus_mission/local_setup.dsv
[5.689s] -- Installing: /home/nautilus/NautilusSW/nautilus_ws/install/nautilus_mission/share/nautilus_mission/package.dsv
[5.689s] -- Installing: /home/nautilus/NautilusSW/nautilus_ws/install/nautilus_mission/share/ament_index/resource_index/packages/nautilus_mission
[5.690s] -- Installing: /home/nautilus/NautilusSW/nautilus_ws/install/nautilus_mission/share/nautilus_mission/cmake/nautilus_missionConfig.cmake
[5.690s] -- Installing: /home/nautilus/NautilusSW/nautilus_ws/install/nautilus_mission/share/nautilus_mission/cmake/nautilus_missionConfig-version.cmake
[5.690s] -- Installing: /home/nautilus/NautilusSW/nautilus_ws/install/nautilus_mission/share/nautilus_mission/package.xml
[5.696s] Invoked command in '/home/nautilus/NautilusSW/nautilus_ws/build/nautilus_mission' returned '0': AMENT_PREFIX_PATH=/home/nautilus/NautilusSW/nautilus_ws/install/nautilus_controls:${AMENT_PREFIX_PATH} CMAKE_PREFIX_PATH=/home/nautilus/NautilusSW/nautilus_ws/install/nautilus_controls:/opt/ros/humble PYTHONPATH=/home/nautilus/NautilusSW/nautilus_ws/install/nautilus_controls/local/lib/python3.10/dist-packages:${PYTHONPATH} /usr/bin/cmake --install /home/nautilus/NautilusSW/nautilus_ws/build/nautilus_mission
