[0.242s] DEBUG:colcon:Command line arguments: ['/usr/bin/colcon', 'build', '--symlink-install']
[0.243s] DEBUG:colcon:Parsed command line arguments: Namespace(log_base=None, log_level=None, verb_name='build', build_base='build', install_base='install', merge_install=False, symlink_install=True, test_result_base=None, continue_on_error=False, executor='parallel', parallel_workers=2, event_handlers=None, ignore_user_meta=False, metas=['./colcon.meta'], base_paths=['.'], packages_ignore=None, packages_ignore_regex=None, paths=None, packages_up_to=None, packages_up_to_regex=None, packages_above=None, packages_above_and_dependencies=None, packages_above_depth=None, packages_select_by_dep=None, packages_skip_by_dep=None, packages_skip_up_to=None, packages_select_build_failed=False, packages_skip_build_finished=False, packages_select_test_failures=False, packages_skip_test_passed=False, packages_select=None, packages_skip=None, packages_select_regex=None, packages_skip_regex=None, packages_start=None, packages_end=None, allow_overriding=[], cmake_args=None, cmake_target=None, cmake_target_skip_unavailable=False, cmake_clean_cache=False, cmake_clean_first=False, cmake_force_configure=False, ament_cmake_args=None, catkin_cmake_args=None, catkin_skip_building_tests=False, mixin_files=None, mixin=None, verb_parser=<colcon_mixin.mixin.mixin_argument.MixinArgumentDecorator object at 0x7fedfaef6680>, verb_extension=<colcon_core.verb.build.BuildVerb object at 0x7fedfb057670>, main=<bound method BuildVerb.main of <colcon_core.verb.build.BuildVerb object at 0x7fedfb057670>>, mixin_verb=('build',))
[0.699s] Level 1:colcon.colcon_core.package_discovery:discover_packages(colcon_meta) check parameters
[0.700s] Level 1:colcon.colcon_core.package_discovery:discover_packages(recursive) check parameters
[0.700s] Level 1:colcon.colcon_core.package_discovery:discover_packages(ignore) check parameters
[0.700s] Level 1:colcon.colcon_core.package_discovery:discover_packages(path) check parameters
[0.700s] Level 1:colcon.colcon_core.package_discovery:discover_packages(colcon_meta) discover
[0.700s] Level 1:colcon.colcon_core.package_discovery:discover_packages(recursive) discover
[0.701s] INFO:colcon.colcon_core.package_discovery:Crawling recursively for packages in '/home/xavier/ros2_ws'
[0.702s] Level 1:colcon.colcon_core.package_identification:_identify(.) by extensions ['ignore', 'ignore_ament_install']
[0.702s] Level 1:colcon.colcon_core.package_identification:_identify(.) by extension 'ignore'
[0.702s] Level 1:colcon.colcon_core.package_identification:_identify(.) by extension 'ignore_ament_install'
[0.702s] Level 1:colcon.colcon_core.package_identification:_identify(.) by extensions ['colcon_pkg']
[0.702s] Level 1:colcon.colcon_core.package_identification:_identify(.) by extension 'colcon_pkg'
[0.702s] Level 1:colcon.colcon_core.package_identification:_identify(.) by extensions ['colcon_meta']
[0.702s] Level 1:colcon.colcon_core.package_identification:_identify(.) by extension 'colcon_meta'
[0.703s] Level 1:colcon.colcon_core.package_identification:_identify(.) by extensions ['ros']
[0.703s] Level 1:colcon.colcon_core.package_identification:_identify(.) by extension 'ros'
[0.730s] Level 1:colcon.colcon_core.package_identification:_identify(.) by extensions ['cmake', 'python']
[0.730s] Level 1:colcon.colcon_core.package_identification:_identify(.) by extension 'cmake'
[0.731s] Level 1:colcon.colcon_core.package_identification:_identify(.) by extension 'python'
[0.731s] Level 1:colcon.colcon_core.package_identification:_identify(.) by extensions ['python_setup_py']
[0.731s] Level 1:colcon.colcon_core.package_identification:_identify(.) by extension 'python_setup_py'
[0.731s] Level 1:colcon.colcon_core.package_identification:_identify(build) by extensions ['ignore', 'ignore_ament_install']
[0.731s] Level 1:colcon.colcon_core.package_identification:_identify(build) by extension 'ignore'
[0.731s] Level 1:colcon.colcon_core.package_identification:_identify(build) ignored
[0.731s] Level 1:colcon.colcon_core.package_identification:_identify(install) by extensions ['ignore', 'ignore_ament_install']
[0.732s] Level 1:colcon.colcon_core.package_identification:_identify(install) by extension 'ignore'
[0.732s] Level 1:colcon.colcon_core.package_identification:_identify(install) ignored
[0.732s] Level 1:colcon.colcon_core.package_identification:_identify(log) by extensions ['ignore', 'ignore_ament_install']
[0.732s] Level 1:colcon.colcon_core.package_identification:_identify(log) by extension 'ignore'
[0.732s] Level 1:colcon.colcon_core.package_identification:_identify(log) ignored
[0.732s] Level 1:colcon.colcon_core.package_identification:_identify(src) by extensions ['ignore', 'ignore_ament_install']
[0.732s] Level 1:colcon.colcon_core.package_identification:_identify(src) by extension 'ignore'
[0.732s] Level 1:colcon.colcon_core.package_identification:_identify(src) by extension 'ignore_ament_install'
[0.732s] Level 1:colcon.colcon_core.package_identification:_identify(src) by extensions ['colcon_pkg']
[0.732s] Level 1:colcon.colcon_core.package_identification:_identify(src) by extension 'colcon_pkg'
[0.732s] Level 1:colcon.colcon_core.package_identification:_identify(src) by extensions ['colcon_meta']
[0.732s] Level 1:colcon.colcon_core.package_identification:_identify(src) by extension 'colcon_meta'
[0.733s] Level 1:colcon.colcon_core.package_identification:_identify(src) by extensions ['ros']
[0.733s] Level 1:colcon.colcon_core.package_identification:_identify(src) by extension 'ros'
[0.733s] Level 1:colcon.colcon_core.package_identification:_identify(src) by extensions ['cmake', 'python']
[0.733s] Level 1:colcon.colcon_core.package_identification:_identify(src) by extension 'cmake'
[0.733s] Level 1:colcon.colcon_core.package_identification:_identify(src) by extension 'python'
[0.733s] Level 1:colcon.colcon_core.package_identification:_identify(src) by extensions ['python_setup_py']
[0.733s] Level 1:colcon.colcon_core.package_identification:_identify(src) by extension 'python_setup_py'
[0.733s] Level 1:colcon.colcon_core.package_identification:_identify(src/build) by extensions ['ignore', 'ignore_ament_install']
[0.733s] Level 1:colcon.colcon_core.package_identification:_identify(src/build) by extension 'ignore'
[0.733s] Level 1:colcon.colcon_core.package_identification:_identify(src/build) ignored
[0.733s] Level 1:colcon.colcon_core.package_identification:_identify(src/install) by extensions ['ignore', 'ignore_ament_install']
[0.733s] Level 1:colcon.colcon_core.package_identification:_identify(src/install) by extension 'ignore'
[0.733s] Level 1:colcon.colcon_core.package_identification:_identify(src/install) ignored
[0.733s] Level 1:colcon.colcon_core.package_identification:_identify(src/log) by extensions ['ignore', 'ignore_ament_install']
[0.733s] Level 1:colcon.colcon_core.package_identification:_identify(src/log) by extension 'ignore'
[0.733s] Level 1:colcon.colcon_core.package_identification:_identify(src/log) ignored
[0.733s] Level 1:colcon.colcon_core.package_identification:_identify(src/submarine_sim) by extensions ['ignore', 'ignore_ament_install']
[0.733s] Level 1:colcon.colcon_core.package_identification:_identify(src/submarine_sim) by extension 'ignore'
[0.734s] Level 1:colcon.colcon_core.package_identification:_identify(src/submarine_sim) by extension 'ignore_ament_install'
[0.734s] Level 1:colcon.colcon_core.package_identification:_identify(src/submarine_sim) by extensions ['colcon_pkg']
[0.734s] Level 1:colcon.colcon_core.package_identification:_identify(src/submarine_sim) by extension 'colcon_pkg'
[0.734s] Level 1:colcon.colcon_core.package_identification:_identify(src/submarine_sim) by extensions ['colcon_meta']
[0.734s] Level 1:colcon.colcon_core.package_identification:_identify(src/submarine_sim) by extension 'colcon_meta'
[0.734s] Level 1:colcon.colcon_core.package_identification:_identify(src/submarine_sim) by extensions ['ros']
[0.734s] Level 1:colcon.colcon_core.package_identification:_identify(src/submarine_sim) by extension 'ros'
[0.742s] DEBUG:colcon.colcon_core.package_identification:Package 'src/submarine_sim' with type 'ros.ament_python' and name 'submarine_sim'
[0.742s] Level 1:colcon.colcon_core.package_discovery:discover_packages(recursive) using defaults
[0.742s] Level 1:colcon.colcon_core.package_discovery:discover_packages(ignore) discover
[0.743s] Level 1:colcon.colcon_core.package_discovery:discover_packages(ignore) using defaults
[0.743s] Level 1:colcon.colcon_core.package_discovery:discover_packages(path) discover
[0.743s] Level 1:colcon.colcon_core.package_discovery:discover_packages(path) using defaults
[0.819s] Level 1:colcon.colcon_core.package_discovery:discover_packages(prefix_path) check parameters
[0.819s] Level 1:colcon.colcon_core.package_discovery:discover_packages(prefix_path) discover
[0.821s] WARNING:colcon.colcon_ros.prefix_path.ament:The path '/home/xavier/ros2_ws/install/submarine_sim' in the environment variable AMENT_PREFIX_PATH doesn't exist
[0.823s] DEBUG:colcon.colcon_installed_package_information.package_discovery:Found 0 installed packages in /home/xavier/ros2_ws/install
[0.824s] DEBUG:colcon.colcon_installed_package_information.package_discovery:Found 295 installed packages in /opt/ros/humble
[0.825s] Level 1:colcon.colcon_core.package_discovery:discover_packages(prefix_path) using defaults
[0.937s] Level 5:colcon.colcon_core.verb:set package 'submarine_sim' build argument 'cmake_args' from command line to 'None'
[0.937s] Level 5:colcon.colcon_core.verb:set package 'submarine_sim' build argument 'cmake_target' from command line to 'None'
[0.938s] Level 5:colcon.colcon_core.verb:set package 'submarine_sim' build argument 'cmake_target_skip_unavailable' from command line to 'False'
[0.938s] Level 5:colcon.colcon_core.verb:set package 'submarine_sim' build argument 'cmake_clean_cache' from command line to 'False'
[0.938s] Level 5:colcon.colcon_core.verb:set package 'submarine_sim' build argument 'cmake_clean_first' from command line to 'False'
[0.938s] Level 5:colcon.colcon_core.verb:set package 'submarine_sim' build argument 'cmake_force_configure' from command line to 'False'
[0.938s] Level 5:colcon.colcon_core.verb:set package 'submarine_sim' build argument 'ament_cmake_args' from command line to 'None'
[0.938s] Level 5:colcon.colcon_core.verb:set package 'submarine_sim' build argument 'catkin_cmake_args' from command line to 'None'
[0.938s] Level 5:colcon.colcon_core.verb:set package 'submarine_sim' build argument 'catkin_skip_building_tests' from command line to 'False'
[0.938s] DEBUG:colcon.colcon_core.verb:Building package 'submarine_sim' with the following arguments: {'ament_cmake_args': None, 'build_base': '/home/xavier/ros2_ws/build/submarine_sim', 'catkin_cmake_args': None, 'catkin_skip_building_tests': False, 'cmake_args': None, 'cmake_clean_cache': False, 'cmake_clean_first': False, 'cmake_force_configure': False, 'cmake_target': None, 'cmake_target_skip_unavailable': False, 'install_base': '/home/xavier/ros2_ws/install/submarine_sim', 'merge_install': False, 'path': '/home/xavier/ros2_ws/src/submarine_sim', 'symlink_install': True, 'test_result_base': None}
[0.939s] INFO:colcon.colcon_core.executor:Executing jobs using 'parallel' executor
[0.942s] DEBUG:colcon.colcon_parallel_executor.executor.parallel:run_until_complete
[0.943s] INFO:colcon.colcon_ros.task.ament_python.build:Building ROS package in '/home/xavier/ros2_ws/src/submarine_sim' with build type 'ament_python'
[0.943s] Level 1:colcon.colcon_core.shell:create_environment_hook('submarine_sim', 'ament_prefix_path')
[0.963s] INFO:colcon.colcon_core.plugin_system:Skipping extension 'colcon_core.shell.bat': Not used on non-Windows systems
[0.963s] INFO:colcon.colcon_core.shell:Creating environment hook '/home/xavier/ros2_ws/install/submarine_sim/share/submarine_sim/hook/ament_prefix_path.ps1'
[0.967s] INFO:colcon.colcon_core.shell:Creating environment descriptor '/home/xavier/ros2_ws/install/submarine_sim/share/submarine_sim/hook/ament_prefix_path.dsv'
[0.972s] INFO:colcon.colcon_core.shell:Creating environment hook '/home/xavier/ros2_ws/install/submarine_sim/share/submarine_sim/hook/ament_prefix_path.sh'
[0.976s] INFO:colcon.colcon_core.shell:Skip shell extension 'powershell' for command environment: Not usable outside of PowerShell
[0.977s] DEBUG:colcon.colcon_core.shell:Skip shell extension 'dsv' for command environment
[1.807s] WARNING:colcon.colcon_ros.task.ament_python.build:Package 'submarine_sim' doesn't explicitly install a marker in the package index (colcon-ros currently does it implicitly but that fallback will be removed in the future)
[1.808s] INFO:colcon.colcon_core.task.python.build:Building Python package in '/home/xavier/ros2_ws/src/submarine_sim'
[1.808s] INFO:colcon.colcon_core.shell:Skip shell extension 'powershell' for command environment: Not usable outside of PowerShell
[1.808s] DEBUG:colcon.colcon_core.shell:Skip shell extension 'dsv' for command environment
[3.012s] DEBUG:colcon.colcon_core.event_handler.log_command:Invoking command in '/home/xavier/ros2_ws/build/submarine_sim': PYTHONPATH=/home/xavier/ros2_ws/build/submarine_sim/prefix_override:/usr/lib/python3/dist-packages/colcon_core/task/python/colcon_distutils_commands:/home/xavier/ros2_ws/install/submarine_sim/lib/python3.10/site-packages:${PYTHONPATH} /usr/bin/python3 -W ignore:setup.py install is deprecated -W ignore:easy_install command is deprecated setup.py develop --editable --build-directory /home/xavier/ros2_ws/build/submarine_sim/build --no-deps symlink_data
[4.354s] Level 1:colcon.colcon_core.shell:create_environment_hook('submarine_sim', 'pythonpath_develop')
[4.355s] INFO:colcon.colcon_core.shell:Creating environment hook '/home/xavier/ros2_ws/build/submarine_sim/share/submarine_sim/hook/pythonpath_develop.ps1'
[4.355s] INFO:colcon.colcon_core.shell:Creating environment descriptor '/home/xavier/ros2_ws/build/submarine_sim/share/submarine_sim/hook/pythonpath_develop.dsv'
[4.356s] INFO:colcon.colcon_core.shell:Creating environment hook '/home/xavier/ros2_ws/build/submarine_sim/share/submarine_sim/hook/pythonpath_develop.sh'
[4.357s] DEBUG:colcon.colcon_core.event_handler.log_command:Invoked command in '/home/xavier/ros2_ws/build/submarine_sim' returned '0': PYTHONPATH=/home/xavier/ros2_ws/build/submarine_sim/prefix_override:/usr/lib/python3/dist-packages/colcon_core/task/python/colcon_distutils_commands:/home/xavier/ros2_ws/install/submarine_sim/lib/python3.10/site-packages:${PYTHONPATH} /usr/bin/python3 -W ignore:setup.py install is deprecated -W ignore:easy_install command is deprecated setup.py develop --editable --build-directory /home/xavier/ros2_ws/build/submarine_sim/build --no-deps symlink_data
[4.369s] Level 1:colcon.colcon_core.environment:checking '/home/xavier/ros2_ws/install/submarine_sim' for CMake module files
[4.369s] Level 1:colcon.colcon_core.environment:checking '/home/xavier/ros2_ws/install/submarine_sim' for CMake config files
[4.370s] Level 1:colcon.colcon_core.environment:checking '/home/xavier/ros2_ws/install/submarine_sim/lib'
[4.370s] Level 1:colcon.colcon_core.environment:checking '/home/xavier/ros2_ws/install/submarine_sim/bin'
[4.371s] Level 1:colcon.colcon_core.environment:checking '/home/xavier/ros2_ws/install/submarine_sim/lib/pkgconfig/submarine_sim.pc'
[4.372s] Level 1:colcon.colcon_core.environment:checking '/home/xavier/ros2_ws/install/submarine_sim/lib/python3.10/site-packages'
[4.372s] Level 1:colcon.colcon_core.shell:create_environment_hook('submarine_sim', 'pythonpath')
[4.373s] INFO:colcon.colcon_core.shell:Creating environment hook '/home/xavier/ros2_ws/install/submarine_sim/share/submarine_sim/hook/pythonpath.ps1'
[4.375s] INFO:colcon.colcon_core.shell:Creating environment descriptor '/home/xavier/ros2_ws/install/submarine_sim/share/submarine_sim/hook/pythonpath.dsv'
[4.375s] INFO:colcon.colcon_core.shell:Creating environment hook '/home/xavier/ros2_ws/install/submarine_sim/share/submarine_sim/hook/pythonpath.sh'
[4.376s] Level 1:colcon.colcon_core.environment:checking '/home/xavier/ros2_ws/install/submarine_sim/bin'
[4.376s] Level 1:colcon.colcon_core.environment:create_environment_scripts_only(submarine_sim)
[4.377s] INFO:colcon.colcon_core.shell:Creating package script '/home/xavier/ros2_ws/install/submarine_sim/share/submarine_sim/package.ps1'
[4.378s] INFO:colcon.colcon_core.shell:Creating package descriptor '/home/xavier/ros2_ws/install/submarine_sim/share/submarine_sim/package.dsv'
[4.381s] INFO:colcon.colcon_core.shell:Creating package script '/home/xavier/ros2_ws/install/submarine_sim/share/submarine_sim/package.sh'
[4.384s] INFO:colcon.colcon_core.shell:Creating package script '/home/xavier/ros2_ws/install/submarine_sim/share/submarine_sim/package.bash'
[4.385s] INFO:colcon.colcon_core.shell:Creating package script '/home/xavier/ros2_ws/install/submarine_sim/share/submarine_sim/package.zsh'
[4.389s] Level 1:colcon.colcon_core.environment:create_file_with_runtime_dependencies(/home/xavier/ros2_ws/install/submarine_sim/share/colcon-core/packages/submarine_sim)
[4.394s] DEBUG:colcon.colcon_parallel_executor.executor.parallel:closing loop
[4.394s] DEBUG:colcon.colcon_parallel_executor.executor.parallel:loop closed
[4.394s] DEBUG:colcon.colcon_parallel_executor.executor.parallel:run_until_complete finished with '0'
[4.394s] DEBUG:colcon.colcon_core.event_reactor:joining thread
[4.416s] INFO:colcon.colcon_core.plugin_system:Skipping extension 'colcon_notification.desktop_notification.terminal_notifier': Not used on non-Darwin systems
[4.417s] INFO:colcon.colcon_core.plugin_system:Skipping extension 'colcon_notification.desktop_notification.win32': Not used on non-Windows systems
[4.417s] INFO:colcon.colcon_notification.desktop_notification:Sending desktop notification using 'notify2'
[4.457s] DEBUG:colcon.colcon_core.event_reactor:joined thread
[4.457s] INFO:colcon.colcon_core.shell:Creating prefix script '/home/xavier/ros2_ws/install/local_setup.ps1'
[4.460s] INFO:colcon.colcon_core.shell:Creating prefix util module '/home/xavier/ros2_ws/install/_local_setup_util_ps1.py'
[4.469s] INFO:colcon.colcon_core.shell:Creating prefix chain script '/home/xavier/ros2_ws/install/setup.ps1'
[4.475s] INFO:colcon.colcon_core.shell:Creating prefix script '/home/xavier/ros2_ws/install/local_setup.sh'
[4.477s] INFO:colcon.colcon_core.shell:Creating prefix util module '/home/xavier/ros2_ws/install/_local_setup_util_sh.py'
[4.478s] INFO:colcon.colcon_core.shell:Creating prefix chain script '/home/xavier/ros2_ws/install/setup.sh'
[4.483s] INFO:colcon.colcon_core.shell:Creating prefix script '/home/xavier/ros2_ws/install/local_setup.bash'
[4.484s] INFO:colcon.colcon_core.shell:Creating prefix chain script '/home/xavier/ros2_ws/install/setup.bash'
[4.486s] INFO:colcon.colcon_core.shell:Creating prefix script '/home/xavier/ros2_ws/install/local_setup.zsh'
[4.487s] INFO:colcon.colcon_core.shell:Creating prefix chain script '/home/xavier/ros2_ws/install/setup.zsh'
