[0.060s] Invoking command in '/home/nautilus/NautilusSW/nautilus_ws/build/nautilus_controls': CMAKE_PREFIX_PATH=${CMAKE_PREFIX_PATH}:/opt/ros/humble /usr/bin/cmake --build /home/nautilus/NautilusSW/nautilus_ws/build/nautilus_controls -- -j6 -l6
[0.243s] Built target ament_cmake_python_copy_nautilus_controls
[0.689s] running egg_info
[0.723s] writing nautilus_controls.egg-info/PKG-INFO
[0.723s] writing dependency_links to nautilus_controls.egg-info/dependency_links.txt
[0.724s] writing top-level names to nautilus_controls.egg-info/top_level.txt
[0.827s] reading manifest file 'nautilus_controls.egg-info/SOURCES.txt'
[0.831s] writing manifest file 'nautilus_controls.egg-info/SOURCES.txt'
[0.919s] Built target ament_cmake_python_build_nautilus_controls_egg
[0.943s] Invoked command in '/home/nautilus/NautilusSW/nautilus_ws/build/nautilus_controls' returned '0': CMAKE_PREFIX_PATH=${CMAKE_PREFIX_PATH}:/opt/ros/humble /usr/bin/cmake --build /home/nautilus/NautilusSW/nautilus_ws/build/nautilus_controls -- -j6 -l6
[0.965s] Invoking command in '/home/nautilus/NautilusSW/nautilus_ws/build/nautilus_controls': CMAKE_PREFIX_PATH=${CMAKE_PREFIX_PATH}:/opt/ros/humble /usr/bin/cmake --install /home/nautilus/NautilusSW/nautilus_ws/build/nautilus_controls
[0.980s] -- Install configuration: ""
[0.980s] -- Up-to-date: /home/nautilus/NautilusSW/nautilus_ws/install/nautilus_controls/share/nautilus_controls/environment/pythonpath.sh
[0.980s] -- Up-to-date: /home/nautilus/NautilusSW/nautilus_ws/install/nautilus_controls/share/nautilus_controls/environment/pythonpath.dsv
[0.981s] -- Up-to-date: /home/nautilus/NautilusSW/nautilus_ws/install/nautilus_controls/local/lib/python3.10/dist-packages/nautilus_controls-0.0.0-py3.10.egg-info
[0.981s] -- Installing: /home/nautilus/NautilusSW/nautilus_ws/install/nautilus_controls/local/lib/python3.10/dist-packages/nautilus_controls-0.0.0-py3.10.egg-info/SOURCES.txt
[0.981s] -- Installing: /home/nautilus/NautilusSW/nautilus_ws/install/nautilus_controls/local/lib/python3.10/dist-packages/nautilus_controls-0.0.0-py3.10.egg-info/PKG-INFO
[0.981s] -- Installing: /home/nautilus/NautilusSW/nautilus_ws/install/nautilus_controls/local/lib/python3.10/dist-packages/nautilus_controls-0.0.0-py3.10.egg-info/dependency_links.txt
[0.981s] -- Installing: /home/nautilus/NautilusSW/nautilus_ws/install/nautilus_controls/local/lib/python3.10/dist-packages/nautilus_controls-0.0.0-py3.10.egg-info/top_level.txt
[0.981s] -- Up-to-date: /home/nautilus/NautilusSW/nautilus_ws/install/nautilus_controls/local/lib/python3.10/dist-packages/nautilus_controls
[0.982s] -- Up-to-date: /home/nautilus/NautilusSW/nautilus_ws/install/nautilus_controls/local/lib/python3.10/dist-packages/nautilus_controls/vision_controller.py
[0.982s] -- Up-to-date: /home/nautilus/NautilusSW/nautilus_ws/install/nautilus_controls/local/lib/python3.10/dist-packages/nautilus_controls/pid_node.py
[0.982s] -- Up-to-date: /home/nautilus/NautilusSW/nautilus_ws/install/nautilus_controls/local/lib/python3.10/dist-packages/nautilus_controls/cube_interface.py
[0.983s] -- Up-to-date: /home/nautilus/NautilusSW/nautilus_ws/install/nautilus_controls/local/lib/python3.10/dist-packages/nautilus_controls/auv_pymavlink.py
[0.983s] -- Up-to-date: /home/nautilus/NautilusSW/nautilus_ws/install/nautilus_controls/local/lib/python3.10/dist-packages/nautilus_controls/__init__.py
[1.051s] Listing '/home/nautilus/NautilusSW/nautilus_ws/install/nautilus_controls/local/lib/python3.10/dist-packages/nautilus_controls'...
[1.063s] -- Up-to-date: /home/nautilus/NautilusSW/nautilus_ws/install/nautilus_controls/lib/nautilus_controls/cube_interface
[1.064s] -- Up-to-date: /home/nautilus/NautilusSW/nautilus_ws/install/nautilus_controls/lib/nautilus_controls/vision_controller
[1.064s] -- Up-to-date: /home/nautilus/NautilusSW/nautilus_ws/install/nautilus_controls/lib/nautilus_controls/pid_node
[1.064s] -- Up-to-date: /home/nautilus/NautilusSW/nautilus_ws/install/nautilus_controls/share/nautilus_controls/launch
[1.064s] -- Up-to-date: /home/nautilus/NautilusSW/nautilus_ws/install/nautilus_controls/share/nautilus_controls/launch/vision_controller.launch.py
[1.064s] -- Up-to-date: /home/nautilus/NautilusSW/nautilus_ws/install/nautilus_controls/share/nautilus_controls/nautilus_controls
[1.065s] -- Up-to-date: /home/nautilus/NautilusSW/nautilus_ws/install/nautilus_controls/share/nautilus_controls/nautilus_controls/vision_controller.py
[1.065s] -- Up-to-date: /home/nautilus/NautilusSW/nautilus_ws/install/nautilus_controls/share/nautilus_controls/nautilus_controls/pid_node.py
[1.065s] -- Up-to-date: /home/nautilus/NautilusSW/nautilus_ws/install/nautilus_controls/share/nautilus_controls/nautilus_controls/cube_interface.py
[1.065s] -- Up-to-date: /home/nautilus/NautilusSW/nautilus_ws/install/nautilus_controls/share/nautilus_controls/nautilus_controls/auv_pymavlink.py
[1.065s] -- Up-to-date: /home/nautilus/NautilusSW/nautilus_ws/install/nautilus_controls/share/nautilus_controls/nautilus_controls/__init__.py
[1.066s] -- Up-to-date: /home/nautilus/NautilusSW/nautilus_ws/install/nautilus_controls/share/nautilus_controls/package.xml
[1.066s] -- Up-to-date: /home/nautilus/NautilusSW/nautilus_ws/install/nautilus_controls/share/ament_index/resource_index/package_run_dependencies/nautilus_controls
[1.066s] -- Up-to-date: /home/nautilus/NautilusSW/nautilus_ws/install/nautilus_controls/share/ament_index/resource_index/parent_prefix_path/nautilus_controls
[1.066s] -- Up-to-date: /home/nautilus/NautilusSW/nautilus_ws/install/nautilus_controls/share/nautilus_controls/environment/ament_prefix_path.sh
[1.066s] -- Up-to-date: /home/nautilus/NautilusSW/nautilus_ws/install/nautilus_controls/share/nautilus_controls/environment/ament_prefix_path.dsv
[1.066s] -- Up-to-date: /home/nautilus/NautilusSW/nautilus_ws/install/nautilus_controls/share/nautilus_controls/environment/path.sh
[1.067s] -- Up-to-date: /home/nautilus/NautilusSW/nautilus_ws/install/nautilus_controls/share/nautilus_controls/environment/path.dsv
[1.067s] -- Up-to-date: /home/nautilus/NautilusSW/nautilus_ws/install/nautilus_controls/share/nautilus_controls/local_setup.bash
[1.067s] -- Up-to-date: /home/nautilus/NautilusSW/nautilus_ws/install/nautilus_controls/share/nautilus_controls/local_setup.sh
[1.067s] -- Up-to-date: /home/nautilus/NautilusSW/nautilus_ws/install/nautilus_controls/share/nautilus_controls/local_setup.zsh
[1.067s] -- Up-to-date: /home/nautilus/NautilusSW/nautilus_ws/install/nautilus_controls/share/nautilus_controls/local_setup.dsv
[1.067s] -- Installing: /home/nautilus/NautilusSW/nautilus_ws/install/nautilus_controls/share/nautilus_controls/package.dsv
[1.067s] -- Up-to-date: /home/nautilus/NautilusSW/nautilus_ws/install/nautilus_controls/share/ament_index/resource_index/packages/nautilus_controls
[1.068s] -- Up-to-date: /home/nautilus/NautilusSW/nautilus_ws/install/nautilus_controls/share/nautilus_controls/cmake/nautilus_controlsConfig.cmake
[1.068s] -- Up-to-date: /home/nautilus/NautilusSW/nautilus_ws/install/nautilus_controls/share/nautilus_controls/cmake/nautilus_controlsConfig-version.cmake
[1.068s] -- Up-to-date: /home/nautilus/NautilusSW/nautilus_ws/install/nautilus_controls/share/nautilus_controls/package.xml
[1.072s] Invoked command in '/home/nautilus/NautilusSW/nautilus_ws/build/nautilus_controls' returned '0': CMAKE_PREFIX_PATH=${CMAKE_PREFIX_PATH}:/opt/ros/humble /usr/bin/cmake --install /home/nautilus/NautilusSW/nautilus_ws/build/nautilus_controls
