[0.008s] Invoking command in '/home/devs/NautilusSW/nautilus_ws/build/nautilus_sensors': AMENT_PREFIX_PATH=/home/devs/NautilusSW/nautilus_ws/install/nautilus_bringup:${AMENT_PREFIX_PATH} CMAKE_PREFIX_PATH=/home/devs/NautilusSW/nautilus_ws/install/nautilus_bringup:/opt/ros/humble PYTHONPATH=/home/devs/NautilusSW/nautilus_ws/install/nautilus_bringup/local/lib/python3.10/dist-packages:${PYTHONPATH} /usr/bin/cmake /home/devs/NautilusSW/nautilus_ws/src/nautilus_sensors -DCMAKE_INSTALL_PREFIX=/home/devs/NautilusSW/nautilus_ws/install/nautilus_sensors
[0.065s] -- The C compiler identification is GNU 11.4.0
[0.117s] -- The CXX compiler identification is GNU 11.4.0
[0.130s] -- Detecting C compiler ABI info
[0.187s] -- Detecting C compiler ABI info - done
[0.191s] -- Check for working C compiler: /usr/lib/ccache/cc - skipped
[0.192s] -- Detecting C compile features
[0.192s] -- Detecting C compile features - done
[0.194s] -- Detecting CXX compiler ABI info
[0.256s] -- Detecting CXX compiler ABI info - done
[0.260s] -- Check for working CXX compiler: /usr/lib/ccache/c++ - skipped
[0.260s] -- Detecting CXX compile features
[0.262s] -- Detecting CXX compile features - done
[0.264s] -- Found ament_cmake: 1.3.12 (/opt/ros/humble/share/ament_cmake/cmake)
[0.543s] -- Found Python3: /usr/bin/python3 (found version "3.10.12") found components: Interpreter 
[0.604s] -- Found rclpy: 3.3.17 (/opt/ros/humble/share/rclpy/cmake)
[0.766s] -- Configuring done
[0.766s] -- Generating done
[0.770s] -- Build files have been written to: /home/devs/NautilusSW/nautilus_ws/build/nautilus_sensors
[0.772s] Invoked command in '/home/devs/NautilusSW/nautilus_ws/build/nautilus_sensors' returned '0': AMENT_PREFIX_PATH=/home/devs/NautilusSW/nautilus_ws/install/nautilus_bringup:${AMENT_PREFIX_PATH} CMAKE_PREFIX_PATH=/home/devs/NautilusSW/nautilus_ws/install/nautilus_bringup:/opt/ros/humble PYTHONPATH=/home/devs/NautilusSW/nautilus_ws/install/nautilus_bringup/local/lib/python3.10/dist-packages:${PYTHONPATH} /usr/bin/cmake /home/devs/NautilusSW/nautilus_ws/src/nautilus_sensors -DCMAKE_INSTALL_PREFIX=/home/devs/NautilusSW/nautilus_ws/install/nautilus_sensors
[0.775s] Invoking command in '/home/devs/NautilusSW/nautilus_ws/build/nautilus_sensors': AMENT_PREFIX_PATH=/home/devs/NautilusSW/nautilus_ws/install/nautilus_bringup:${AMENT_PREFIX_PATH} CMAKE_PREFIX_PATH=/home/devs/NautilusSW/nautilus_ws/install/nautilus_bringup:/opt/ros/humble PYTHONPATH=/home/devs/NautilusSW/nautilus_ws/install/nautilus_bringup/local/lib/python3.10/dist-packages:${PYTHONPATH} /usr/bin/cmake --build /home/devs/NautilusSW/nautilus_ws/build/nautilus_sensors -- -j4 -l4
[0.835s] Built target ament_cmake_python_copy_DVL
[0.878s] Built target ament_cmake_python_copy_vision
[0.998s] running egg_info
[1.005s] creating DVL.egg-info
[1.005s] writing DVL.egg-info/PKG-INFO
[1.005s] writing dependency_links to DVL.egg-info/dependency_links.txt
[1.006s] writing top-level names to DVL.egg-info/top_level.txt
[1.006s] writing manifest file 'DVL.egg-info/SOURCES.txt'
[1.028s] running egg_info
[1.032s] reading manifest file 'DVL.egg-info/SOURCES.txt'
[1.033s] writing manifest file 'DVL.egg-info/SOURCES.txt'
[1.038s] creating vision.egg-info
[1.039s] writing vision.egg-info/PKG-INFO
[1.039s] writing dependency_links to vision.egg-info/dependency_links.txt
[1.039s] writing top-level names to vision.egg-info/top_level.txt
[1.040s] writing manifest file 'vision.egg-info/SOURCES.txt'
[1.058s] Built target ament_cmake_python_build_DVL_egg
[1.066s] reading manifest file 'vision.egg-info/SOURCES.txt'
[1.067s] writing manifest file 'vision.egg-info/SOURCES.txt'
[1.092s] Built target ament_cmake_python_build_vision_egg
[1.102s] Invoked command in '/home/devs/NautilusSW/nautilus_ws/build/nautilus_sensors' returned '0': AMENT_PREFIX_PATH=/home/devs/NautilusSW/nautilus_ws/install/nautilus_bringup:${AMENT_PREFIX_PATH} CMAKE_PREFIX_PATH=/home/devs/NautilusSW/nautilus_ws/install/nautilus_bringup:/opt/ros/humble PYTHONPATH=/home/devs/NautilusSW/nautilus_ws/install/nautilus_bringup/local/lib/python3.10/dist-packages:${PYTHONPATH} /usr/bin/cmake --build /home/devs/NautilusSW/nautilus_ws/build/nautilus_sensors -- -j4 -l4
[1.104s] Invoking command in '/home/devs/NautilusSW/nautilus_ws/build/nautilus_sensors': AMENT_PREFIX_PATH=/home/devs/NautilusSW/nautilus_ws/install/nautilus_bringup:${AMENT_PREFIX_PATH} CMAKE_PREFIX_PATH=/home/devs/NautilusSW/nautilus_ws/install/nautilus_bringup:/opt/ros/humble PYTHONPATH=/home/devs/NautilusSW/nautilus_ws/install/nautilus_bringup/local/lib/python3.10/dist-packages:${PYTHONPATH} /usr/bin/cmake --install /home/devs/NautilusSW/nautilus_ws/build/nautilus_sensors
[1.110s] -- Install configuration: ""
[1.111s] -- Installing: /home/devs/NautilusSW/nautilus_ws/install/nautilus_sensors/share/nautilus_sensors/environment/pythonpath.sh
[1.111s] -- Installing: /home/devs/NautilusSW/nautilus_ws/install/nautilus_sensors/share/nautilus_sensors/environment/pythonpath.dsv
[1.111s] -- Installing: /home/devs/NautilusSW/nautilus_ws/install/nautilus_sensors/local/lib/python3.10/dist-packages/DVL-0.0.0-py3.10.egg-info
[1.111s] -- Installing: /home/devs/NautilusSW/nautilus_ws/install/nautilus_sensors/local/lib/python3.10/dist-packages/DVL-0.0.0-py3.10.egg-info/top_level.txt
[1.111s] -- Installing: /home/devs/NautilusSW/nautilus_ws/install/nautilus_sensors/local/lib/python3.10/dist-packages/DVL-0.0.0-py3.10.egg-info/dependency_links.txt
[1.111s] -- Installing: /home/devs/NautilusSW/nautilus_ws/install/nautilus_sensors/local/lib/python3.10/dist-packages/DVL-0.0.0-py3.10.egg-info/PKG-INFO
[1.111s] -- Installing: /home/devs/NautilusSW/nautilus_ws/install/nautilus_sensors/local/lib/python3.10/dist-packages/DVL-0.0.0-py3.10.egg-info/SOURCES.txt
[1.112s] -- Installing: /home/devs/NautilusSW/nautilus_ws/install/nautilus_sensors/local/lib/python3.10/dist-packages/DVL
[1.112s] -- Installing: /home/devs/NautilusSW/nautilus_ws/install/nautilus_sensors/local/lib/python3.10/dist-packages/DVL/README.md
[1.112s] -- Installing: /home/devs/NautilusSW/nautilus_ws/install/nautilus_sensors/local/lib/python3.10/dist-packages/DVL/__init__.py
[1.112s] -- Installing: /home/devs/NautilusSW/nautilus_ws/install/nautilus_sensors/local/lib/python3.10/dist-packages/DVL/dvl_sensor_node.py
[1.112s] -- Installing: /home/devs/NautilusSW/nautilus_ws/install/nautilus_sensors/local/lib/python3.10/dist-packages/DVL/fake_dvl.py
[1.135s] Listing '/home/devs/NautilusSW/nautilus_ws/install/nautilus_sensors/local/lib/python3.10/dist-packages/DVL'...
[1.135s] Compiling '/home/devs/NautilusSW/nautilus_ws/install/nautilus_sensors/local/lib/python3.10/dist-packages/DVL/__init__.py'...
[1.135s] Compiling '/home/devs/NautilusSW/nautilus_ws/install/nautilus_sensors/local/lib/python3.10/dist-packages/DVL/dvl_sensor_node.py'...
[1.135s] Compiling '/home/devs/NautilusSW/nautilus_ws/install/nautilus_sensors/local/lib/python3.10/dist-packages/DVL/fake_dvl.py'...
[1.138s] -- Installing: /home/devs/NautilusSW/nautilus_ws/install/nautilus_sensors/local/lib/python3.10/dist-packages/vision-0.0.0-py3.10.egg-info
[1.138s] -- Installing: /home/devs/NautilusSW/nautilus_ws/install/nautilus_sensors/local/lib/python3.10/dist-packages/vision-0.0.0-py3.10.egg-info/top_level.txt
[1.139s] -- Installing: /home/devs/NautilusSW/nautilus_ws/install/nautilus_sensors/local/lib/python3.10/dist-packages/vision-0.0.0-py3.10.egg-info/dependency_links.txt
[1.139s] -- Installing: /home/devs/NautilusSW/nautilus_ws/install/nautilus_sensors/local/lib/python3.10/dist-packages/vision-0.0.0-py3.10.egg-info/PKG-INFO
[1.139s] -- Installing: /home/devs/NautilusSW/nautilus_ws/install/nautilus_sensors/local/lib/python3.10/dist-packages/vision-0.0.0-py3.10.egg-info/SOURCES.txt
[1.139s] -- Installing: /home/devs/NautilusSW/nautilus_ws/install/nautilus_sensors/local/lib/python3.10/dist-packages/vision
[1.139s] -- Installing: /home/devs/NautilusSW/nautilus_ws/install/nautilus_sensors/local/lib/python3.10/dist-packages/vision/save_stream_depthRGB.py
[1.139s] -- Installing: /home/devs/NautilusSW/nautilus_ws/install/nautilus_sensors/local/lib/python3.10/dist-packages/vision/__init__.py
[1.140s] -- Installing: /home/devs/NautilusSW/nautilus_ws/install/nautilus_sensors/local/lib/python3.10/dist-packages/vision/stream_pure.py
[1.140s] -- Installing: /home/devs/NautilusSW/nautilus_ws/install/nautilus_sensors/local/lib/python3.10/dist-packages/vision/yolo_models
[1.140s] -- Installing: /home/devs/NautilusSW/nautilus_ws/install/nautilus_sensors/local/lib/python3.10/dist-packages/vision/yolo_models/best.pt
[1.143s] -- Installing: /home/devs/NautilusSW/nautilus_ws/install/nautilus_sensors/local/lib/python3.10/dist-packages/vision/yolo_models/model_sim.pt
[1.147s] -- Installing: /home/devs/NautilusSW/nautilus_ws/install/nautilus_sensors/local/lib/python3.10/dist-packages/vision/yolo_vision.py
[1.171s] Listing '/home/devs/NautilusSW/nautilus_ws/install/nautilus_sensors/local/lib/python3.10/dist-packages/vision'...
[1.171s] Compiling '/home/devs/NautilusSW/nautilus_ws/install/nautilus_sensors/local/lib/python3.10/dist-packages/vision/__init__.py'...
[1.171s] Compiling '/home/devs/NautilusSW/nautilus_ws/install/nautilus_sensors/local/lib/python3.10/dist-packages/vision/save_stream_depthRGB.py'...
[1.171s] Compiling '/home/devs/NautilusSW/nautilus_ws/install/nautilus_sensors/local/lib/python3.10/dist-packages/vision/stream_pure.py'...
[1.171s] Listing '/home/devs/NautilusSW/nautilus_ws/install/nautilus_sensors/local/lib/python3.10/dist-packages/vision/yolo_models'...
[1.171s] Compiling '/home/devs/NautilusSW/nautilus_ws/install/nautilus_sensors/local/lib/python3.10/dist-packages/vision/yolo_vision.py'...
[1.174s] -- Installing: /home/devs/NautilusSW/nautilus_ws/install/nautilus_sensors/lib/nautilus_sensors/fake_dvl
[1.174s] -- Installing: /home/devs/NautilusSW/nautilus_ws/install/nautilus_sensors/lib/nautilus_sensors/dvl_sensor_node
[1.174s] -- Installing: /home/devs/NautilusSW/nautilus_ws/install/nautilus_sensors/lib/nautilus_sensors/yolo_vision
[1.174s] -- Installing: /home/devs/NautilusSW/nautilus_ws/install/nautilus_sensors/share/nautilus_sensors/DVl
[1.175s] -- Installing: /home/devs/NautilusSW/nautilus_ws/install/nautilus_sensors/share/nautilus_sensors/DVl/README.md
[1.175s] -- Installing: /home/devs/NautilusSW/nautilus_ws/install/nautilus_sensors/share/nautilus_sensors/DVl/__init__.py
[1.175s] -- Installing: /home/devs/NautilusSW/nautilus_ws/install/nautilus_sensors/share/nautilus_sensors/DVl/dvl_sensor_node.py
[1.175s] -- Installing: /home/devs/NautilusSW/nautilus_ws/install/nautilus_sensors/share/nautilus_sensors/DVl/fake_dvl.py
[1.175s] -- Installing: /home/devs/NautilusSW/nautilus_ws/install/nautilus_sensors/share/nautilus_sensors/vision
[1.175s] -- Installing: /home/devs/NautilusSW/nautilus_ws/install/nautilus_sensors/share/nautilus_sensors/vision/save_stream_depthRGB.py
[1.175s] -- Installing: /home/devs/NautilusSW/nautilus_ws/install/nautilus_sensors/share/nautilus_sensors/vision/__init__.py
[1.175s] -- Installing: /home/devs/NautilusSW/nautilus_ws/install/nautilus_sensors/share/nautilus_sensors/vision/stream_pure.py
[1.175s] -- Installing: /home/devs/NautilusSW/nautilus_ws/install/nautilus_sensors/share/nautilus_sensors/vision/yolo_models
[1.175s] -- Installing: /home/devs/NautilusSW/nautilus_ws/install/nautilus_sensors/share/nautilus_sensors/vision/yolo_models/best.pt
[1.179s] -- Installing: /home/devs/NautilusSW/nautilus_ws/install/nautilus_sensors/share/nautilus_sensors/vision/yolo_models/model_sim.pt
[1.183s] -- Installing: /home/devs/NautilusSW/nautilus_ws/install/nautilus_sensors/share/nautilus_sensors/vision/yolo_vision.py
[1.183s] -- Installing: /home/devs/NautilusSW/nautilus_ws/install/nautilus_sensors/share/nautilus_sensors/package.xml
[1.183s] -- Installing: /home/devs/NautilusSW/nautilus_ws/install/nautilus_sensors/share/ament_index/resource_index/package_run_dependencies/nautilus_sensors
[1.183s] -- Installing: /home/devs/NautilusSW/nautilus_ws/install/nautilus_sensors/share/ament_index/resource_index/parent_prefix_path/nautilus_sensors
[1.183s] -- Installing: /home/devs/NautilusSW/nautilus_ws/install/nautilus_sensors/share/nautilus_sensors/environment/ament_prefix_path.sh
[1.183s] -- Installing: /home/devs/NautilusSW/nautilus_ws/install/nautilus_sensors/share/nautilus_sensors/environment/ament_prefix_path.dsv
[1.183s] -- Installing: /home/devs/NautilusSW/nautilus_ws/install/nautilus_sensors/share/nautilus_sensors/environment/path.sh
[1.183s] -- Installing: /home/devs/NautilusSW/nautilus_ws/install/nautilus_sensors/share/nautilus_sensors/environment/path.dsv
[1.183s] -- Installing: /home/devs/NautilusSW/nautilus_ws/install/nautilus_sensors/share/nautilus_sensors/local_setup.bash
[1.183s] -- Installing: /home/devs/NautilusSW/nautilus_ws/install/nautilus_sensors/share/nautilus_sensors/local_setup.sh
[1.183s] -- Installing: /home/devs/NautilusSW/nautilus_ws/install/nautilus_sensors/share/nautilus_sensors/local_setup.zsh
[1.184s] -- Installing: /home/devs/NautilusSW/nautilus_ws/install/nautilus_sensors/share/nautilus_sensors/local_setup.dsv
[1.184s] -- Installing: /home/devs/NautilusSW/nautilus_ws/install/nautilus_sensors/share/nautilus_sensors/package.dsv
[1.184s] -- Installing: /home/devs/NautilusSW/nautilus_ws/install/nautilus_sensors/share/ament_index/resource_index/packages/nautilus_sensors
[1.184s] -- Installing: /home/devs/NautilusSW/nautilus_ws/install/nautilus_sensors/share/nautilus_sensors/cmake/nautilus_sensorsConfig.cmake
[1.184s] -- Installing: /home/devs/NautilusSW/nautilus_ws/install/nautilus_sensors/share/nautilus_sensors/cmake/nautilus_sensorsConfig-version.cmake
[1.184s] -- Up-to-date: /home/devs/NautilusSW/nautilus_ws/install/nautilus_sensors/share/nautilus_sensors/package.xml
[1.187s] Invoked command in '/home/devs/NautilusSW/nautilus_ws/build/nautilus_sensors' returned '0': AMENT_PREFIX_PATH=/home/devs/NautilusSW/nautilus_ws/install/nautilus_bringup:${AMENT_PREFIX_PATH} CMAKE_PREFIX_PATH=/home/devs/NautilusSW/nautilus_ws/install/nautilus_bringup:/opt/ros/humble PYTHONPATH=/home/devs/NautilusSW/nautilus_ws/install/nautilus_bringup/local/lib/python3.10/dist-packages:${PYTHONPATH} /usr/bin/cmake --install /home/devs/NautilusSW/nautilus_ws/build/nautilus_sensors
