[0.429s] Invoking command in '/home/devs/NautilusSW/nautilus_ws/src/mavlink_bridge': PYTHONPATH=/home/devs/NautilusSW/nautilus_ws/build/mavlink_bridge/prefix_override:/usr/lib/python3/dist-packages/colcon_core/task/python/colcon_distutils_commands:/home/devs/NautilusSW/nautilus_ws/install/mavlink_bridge/lib/python3.10/site-packages:${PYTHONPATH} /usr/bin/python3 -W ignore:setup.py install is deprecated -W ignore:easy_install command is deprecated setup.py egg_info --egg-base ../../build/mavlink_bridge build --build-base /home/devs/NautilusSW/nautilus_ws/build/mavlink_bridge/build install --record /home/devs/NautilusSW/nautilus_ws/build/mavlink_bridge/install.log --single-version-externally-managed install_data
[0.574s] running egg_info
[0.579s] writing ../../build/mavlink_bridge/mavlink_bridge.egg-info/PKG-INFO
[0.579s] writing dependency_links to ../../build/mavlink_bridge/mavlink_bridge.egg-info/dependency_links.txt
[0.580s] writing entry points to ../../build/mavlink_bridge/mavlink_bridge.egg-info/entry_points.txt
[0.581s] writing requirements to ../../build/mavlink_bridge/mavlink_bridge.egg-info/requires.txt
[0.581s] writing top-level names to ../../build/mavlink_bridge/mavlink_bridge.egg-info/top_level.txt
[0.599s] reading manifest file '../../build/mavlink_bridge/mavlink_bridge.egg-info/SOURCES.txt'
[0.599s] writing manifest file '../../build/mavlink_bridge/mavlink_bridge.egg-info/SOURCES.txt'
[0.600s] running build
[0.600s] running build_py
[0.600s] copying mavlink_bridge/mavlink_telemetry_bridge.py -> /home/devs/NautilusSW/nautilus_ws/build/mavlink_bridge/build/lib/mavlink_bridge
[0.601s] copying mavlink_bridge/__init__.py -> /home/devs/NautilusSW/nautilus_ws/build/mavlink_bridge/build/lib/mavlink_bridge
[0.601s] copying telemetry_bridge/mavlink_telemetry_bridge.py -> /home/devs/NautilusSW/nautilus_ws/build/mavlink_bridge/build/lib/telemetry_bridge
[0.601s] copying telemetry_bridge/__init__.py -> /home/devs/NautilusSW/nautilus_ws/build/mavlink_bridge/build/lib/telemetry_bridge
[0.601s] running install
[0.604s] running install_lib
[0.612s] running install_data
[0.612s] copying resource/mavlink_bridge -> /home/devs/NautilusSW/nautilus_ws/install/mavlink_bridge/share/ament_index/resource_index/packages
[0.612s] copying package.xml -> /home/devs/NautilusSW/nautilus_ws/install/mavlink_bridge/share/mavlink_bridge
[0.613s] running install_egg_info
[0.622s] removing '/home/devs/NautilusSW/nautilus_ws/install/mavlink_bridge/lib/python3.10/site-packages/mavlink_bridge-0.0.0-py3.10.egg-info' (and everything under it)
[0.622s] Copying ../../build/mavlink_bridge/mavlink_bridge.egg-info to /home/devs/NautilusSW/nautilus_ws/install/mavlink_bridge/lib/python3.10/site-packages/mavlink_bridge-0.0.0-py3.10.egg-info
[0.623s] running install_scripts
[0.640s] Installing mavlink_telemetry_bridge script to /home/devs/NautilusSW/nautilus_ws/install/mavlink_bridge/lib/mavlink_bridge
[0.640s] writing list of installed files to '/home/devs/NautilusSW/nautilus_ws/build/mavlink_bridge/install.log'
[0.657s] Invoked command in '/home/devs/NautilusSW/nautilus_ws/src/mavlink_bridge' returned '0': PYTHONPATH=/home/devs/NautilusSW/nautilus_ws/build/mavlink_bridge/prefix_override:/usr/lib/python3/dist-packages/colcon_core/task/python/colcon_distutils_commands:/home/devs/NautilusSW/nautilus_ws/install/mavlink_bridge/lib/python3.10/site-packages:${PYTHONPATH} /usr/bin/python3 -W ignore:setup.py install is deprecated -W ignore:easy_install command is deprecated setup.py egg_info --egg-base ../../build/mavlink_bridge build --build-base /home/devs/NautilusSW/nautilus_ws/build/mavlink_bridge/build install --record /home/devs/NautilusSW/nautilus_ws/build/mavlink_bridge/install.log --single-version-externally-managed install_data
