[0.417s] DEBUG:colcon:Command line arguments: ['/usr/bin/colcon', 'build']
[0.417s] DEBUG:colcon:Parsed command line arguments: Namespace(log_base=None, log_level=None, verb_name='build', build_base='build', install_base='install', merge_install=False, symlink_install=False, test_result_base=None, continue_on_error=False, executor='parallel', parallel_workers=4, event_handlers=None, ignore_user_meta=False, metas=['./colcon.meta'], base_paths=['.'], packages_ignore=None, packages_ignore_regex=None, paths=None, packages_up_to=None, packages_up_to_regex=None, packages_above=None, packages_above_and_dependencies=None, packages_above_depth=None, packages_select_by_dep=None, packages_skip_by_dep=None, packages_skip_up_to=None, packages_select_build_failed=False, packages_skip_build_finished=False, packages_select_test_failures=False, packages_skip_test_passed=False, packages_select=None, packages_skip=None, packages_select_regex=None, packages_skip_regex=None, packages_start=None, packages_end=None, allow_overriding=[], cmake_args=None, cmake_target=None, cmake_target_skip_unavailable=False, cmake_clean_cache=False, cmake_clean_first=False, cmake_force_configure=False, ament_cmake_args=None, catkin_cmake_args=None, catkin_skip_building_tests=False, mixin_files=None, mixin=None, verb_parser=<colcon_mixin.mixin.mixin_argument.MixinArgumentDecorator object at 0x7b4382c6afb0>, verb_extension=<colcon_core.verb.build.BuildVerb object at 0x7b4382c6a5f0>, main=<bound method BuildVerb.main of <colcon_core.verb.build.BuildVerb object at 0x7b4382c6a5f0>>, mixin_verb=('build',))
[0.504s] Level 1:colcon.colcon_core.package_discovery:discover_packages(colcon_meta) check parameters
[0.504s] Level 1:colcon.colcon_core.package_discovery:discover_packages(recursive) check parameters
[0.504s] Level 1:colcon.colcon_core.package_discovery:discover_packages(ignore) check parameters
[0.504s] Level 1:colcon.colcon_core.package_discovery:discover_packages(path) check parameters
[0.504s] Level 1:colcon.colcon_core.package_discovery:discover_packages(colcon_meta) discover
[0.504s] Level 1:colcon.colcon_core.package_discovery:discover_packages(recursive) discover
[0.504s] INFO:colcon.colcon_core.package_discovery:Crawling recursively for packages in '/home/devs/NautilusSW/nautilus_ws'
[0.504s] Level 1:colcon.colcon_core.package_identification:_identify(.) by extensions ['ignore', 'ignore_ament_install']
[0.504s] Level 1:colcon.colcon_core.package_identification:_identify(.) by extension 'ignore'
[0.504s] Level 1:colcon.colcon_core.package_identification:_identify(.) by extension 'ignore_ament_install'
[0.504s] Level 1:colcon.colcon_core.package_identification:_identify(.) by extensions ['colcon_pkg']
[0.504s] Level 1:colcon.colcon_core.package_identification:_identify(.) by extension 'colcon_pkg'
[0.504s] Level 1:colcon.colcon_core.package_identification:_identify(.) by extensions ['colcon_meta']
[0.504s] Level 1:colcon.colcon_core.package_identification:_identify(.) by extension 'colcon_meta'
[0.504s] Level 1:colcon.colcon_core.package_identification:_identify(.) by extensions ['ros']
[0.504s] Level 1:colcon.colcon_core.package_identification:_identify(.) by extension 'ros'
[0.524s] Level 1:colcon.colcon_core.package_identification:_identify(.) by extensions ['cmake', 'python']
[0.524s] Level 1:colcon.colcon_core.package_identification:_identify(.) by extension 'cmake'
[0.524s] Level 1:colcon.colcon_core.package_identification:_identify(.) by extension 'python'
[0.524s] Level 1:colcon.colcon_core.package_identification:_identify(.) by extensions ['python_setup_py']
[0.524s] Level 1:colcon.colcon_core.package_identification:_identify(.) by extension 'python_setup_py'
[0.525s] Level 1:colcon.colcon_core.package_identification:_identify(build) by extensions ['ignore', 'ignore_ament_install']
[0.525s] Level 1:colcon.colcon_core.package_identification:_identify(build) by extension 'ignore'
[0.525s] Level 1:colcon.colcon_core.package_identification:_identify(build) ignored
[0.525s] Level 1:colcon.colcon_core.package_identification:_identify(install) by extensions ['ignore', 'ignore_ament_install']
[0.525s] Level 1:colcon.colcon_core.package_identification:_identify(install) by extension 'ignore'
[0.525s] Level 1:colcon.colcon_core.package_identification:_identify(install) ignored
[0.525s] Level 1:colcon.colcon_core.package_identification:_identify(log) by extensions ['ignore', 'ignore_ament_install']
[0.525s] Level 1:colcon.colcon_core.package_identification:_identify(log) by extension 'ignore'
[0.525s] Level 1:colcon.colcon_core.package_identification:_identify(log) ignored
[0.525s] Level 1:colcon.colcon_core.package_identification:_identify(src) by extensions ['ignore', 'ignore_ament_install']
[0.525s] Level 1:colcon.colcon_core.package_identification:_identify(src) by extension 'ignore'
[0.525s] Level 1:colcon.colcon_core.package_identification:_identify(src) by extension 'ignore_ament_install'
[0.525s] Level 1:colcon.colcon_core.package_identification:_identify(src) by extensions ['colcon_pkg']
[0.525s] Level 1:colcon.colcon_core.package_identification:_identify(src) by extension 'colcon_pkg'
[0.525s] Level 1:colcon.colcon_core.package_identification:_identify(src) by extensions ['colcon_meta']
[0.525s] Level 1:colcon.colcon_core.package_identification:_identify(src) by extension 'colcon_meta'
[0.525s] Level 1:colcon.colcon_core.package_identification:_identify(src) by extensions ['ros']
[0.525s] Level 1:colcon.colcon_core.package_identification:_identify(src) by extension 'ros'
[0.525s] Level 1:colcon.colcon_core.package_identification:_identify(src) by extensions ['cmake', 'python']
[0.525s] Level 1:colcon.colcon_core.package_identification:_identify(src) by extension 'cmake'
[0.525s] Level 1:colcon.colcon_core.package_identification:_identify(src) by extension 'python'
[0.525s] Level 1:colcon.colcon_core.package_identification:_identify(src) by extensions ['python_setup_py']
[0.525s] Level 1:colcon.colcon_core.package_identification:_identify(src) by extension 'python_setup_py'
[0.525s] Level 1:colcon.colcon_core.package_identification:_identify(src/mavlink_bridge) by extensions ['ignore', 'ignore_ament_install']
[0.525s] Level 1:colcon.colcon_core.package_identification:_identify(src/mavlink_bridge) by extension 'ignore'
[0.525s] Level 1:colcon.colcon_core.package_identification:_identify(src/mavlink_bridge) by extension 'ignore_ament_install'
[0.525s] Level 1:colcon.colcon_core.package_identification:_identify(src/mavlink_bridge) by extensions ['colcon_pkg']
[0.525s] Level 1:colcon.colcon_core.package_identification:_identify(src/mavlink_bridge) by extension 'colcon_pkg'
[0.525s] Level 1:colcon.colcon_core.package_identification:_identify(src/mavlink_bridge) by extensions ['colcon_meta']
[0.525s] Level 1:colcon.colcon_core.package_identification:_identify(src/mavlink_bridge) by extension 'colcon_meta'
[0.525s] Level 1:colcon.colcon_core.package_identification:_identify(src/mavlink_bridge) by extensions ['ros']
[0.525s] Level 1:colcon.colcon_core.package_identification:_identify(src/mavlink_bridge) by extension 'ros'
[0.530s] DEBUG:colcon.colcon_core.package_identification:Package 'src/mavlink_bridge' with type 'ros.ament_python' and name 'mavlink_bridge'
[0.530s] Level 1:colcon.colcon_core.package_identification:_identify(src/nautilus_bringup) by extensions ['ignore', 'ignore_ament_install']
[0.530s] Level 1:colcon.colcon_core.package_identification:_identify(src/nautilus_bringup) by extension 'ignore'
[0.530s] Level 1:colcon.colcon_core.package_identification:_identify(src/nautilus_bringup) by extension 'ignore_ament_install'
[0.530s] Level 1:colcon.colcon_core.package_identification:_identify(src/nautilus_bringup) by extensions ['colcon_pkg']
[0.530s] Level 1:colcon.colcon_core.package_identification:_identify(src/nautilus_bringup) by extension 'colcon_pkg'
[0.530s] Level 1:colcon.colcon_core.package_identification:_identify(src/nautilus_bringup) by extensions ['colcon_meta']
[0.530s] Level 1:colcon.colcon_core.package_identification:_identify(src/nautilus_bringup) by extension 'colcon_meta'
[0.530s] Level 1:colcon.colcon_core.package_identification:_identify(src/nautilus_bringup) by extensions ['ros']
[0.530s] Level 1:colcon.colcon_core.package_identification:_identify(src/nautilus_bringup) by extension 'ros'
[0.531s] DEBUG:colcon.colcon_core.package_identification:Package 'src/nautilus_bringup' with type 'ros.ament_cmake' and name 'nautilus_bringup'
[0.531s] Level 1:colcon.colcon_core.package_discovery:discover_packages(recursive) using defaults
[0.531s] Level 1:colcon.colcon_core.package_discovery:discover_packages(ignore) discover
[0.531s] Level 1:colcon.colcon_core.package_discovery:discover_packages(ignore) using defaults
[0.531s] Level 1:colcon.colcon_core.package_discovery:discover_packages(path) discover
[0.531s] Level 1:colcon.colcon_core.package_discovery:discover_packages(path) using defaults
[0.568s] Level 1:colcon.colcon_core.package_discovery:discover_packages(prefix_path) check parameters
[0.568s] Level 1:colcon.colcon_core.package_discovery:discover_packages(prefix_path) discover
[0.573s] DEBUG:colcon.colcon_installed_package_information.package_discovery:Found 292 installed packages in /opt/ros/humble
[0.574s] Level 1:colcon.colcon_core.package_discovery:discover_packages(prefix_path) using defaults
[0.601s] Level 5:colcon.colcon_core.verb:set package 'mavlink_bridge' build argument 'cmake_args' from command line to 'None'
[0.601s] Level 5:colcon.colcon_core.verb:set package 'mavlink_bridge' build argument 'cmake_target' from command line to 'None'
[0.601s] Level 5:colcon.colcon_core.verb:set package 'mavlink_bridge' build argument 'cmake_target_skip_unavailable' from command line to 'False'
[0.601s] Level 5:colcon.colcon_core.verb:set package 'mavlink_bridge' build argument 'cmake_clean_cache' from command line to 'False'
[0.601s] Level 5:colcon.colcon_core.verb:set package 'mavlink_bridge' build argument 'cmake_clean_first' from command line to 'False'
[0.601s] Level 5:colcon.colcon_core.verb:set package 'mavlink_bridge' build argument 'cmake_force_configure' from command line to 'False'
[0.601s] Level 5:colcon.colcon_core.verb:set package 'mavlink_bridge' build argument 'ament_cmake_args' from command line to 'None'
[0.601s] Level 5:colcon.colcon_core.verb:set package 'mavlink_bridge' build argument 'catkin_cmake_args' from command line to 'None'
[0.601s] Level 5:colcon.colcon_core.verb:set package 'mavlink_bridge' build argument 'catkin_skip_building_tests' from command line to 'False'
[0.601s] DEBUG:colcon.colcon_core.verb:Building package 'mavlink_bridge' with the following arguments: {'ament_cmake_args': None, 'build_base': '/home/devs/NautilusSW/nautilus_ws/build/mavlink_bridge', 'catkin_cmake_args': None, 'catkin_skip_building_tests': False, 'cmake_args': None, 'cmake_clean_cache': False, 'cmake_clean_first': False, 'cmake_force_configure': False, 'cmake_target': None, 'cmake_target_skip_unavailable': False, 'install_base': '/home/devs/NautilusSW/nautilus_ws/install/mavlink_bridge', 'merge_install': False, 'path': '/home/devs/NautilusSW/nautilus_ws/src/mavlink_bridge', 'symlink_install': False, 'test_result_base': None}
[0.601s] Level 5:colcon.colcon_core.verb:set package 'nautilus_bringup' build argument 'cmake_args' from command line to 'None'
[0.601s] Level 5:colcon.colcon_core.verb:set package 'nautilus_bringup' build argument 'cmake_target' from command line to 'None'
[0.601s] Level 5:colcon.colcon_core.verb:set package 'nautilus_bringup' build argument 'cmake_target_skip_unavailable' from command line to 'False'
[0.601s] Level 5:colcon.colcon_core.verb:set package 'nautilus_bringup' build argument 'cmake_clean_cache' from command line to 'False'
[0.601s] Level 5:colcon.colcon_core.verb:set package 'nautilus_bringup' build argument 'cmake_clean_first' from command line to 'False'
[0.601s] Level 5:colcon.colcon_core.verb:set package 'nautilus_bringup' build argument 'cmake_force_configure' from command line to 'False'
[0.601s] Level 5:colcon.colcon_core.verb:set package 'nautilus_bringup' build argument 'ament_cmake_args' from command line to 'None'
[0.601s] Level 5:colcon.colcon_core.verb:set package 'nautilus_bringup' build argument 'catkin_cmake_args' from command line to 'None'
[0.601s] Level 5:colcon.colcon_core.verb:set package 'nautilus_bringup' build argument 'catkin_skip_building_tests' from command line to 'False'
[0.601s] DEBUG:colcon.colcon_core.verb:Building package 'nautilus_bringup' with the following arguments: {'ament_cmake_args': None, 'build_base': '/home/devs/NautilusSW/nautilus_ws/build/nautilus_bringup', 'catkin_cmake_args': None, 'catkin_skip_building_tests': False, 'cmake_args': None, 'cmake_clean_cache': False, 'cmake_clean_first': False, 'cmake_force_configure': False, 'cmake_target': None, 'cmake_target_skip_unavailable': False, 'install_base': '/home/devs/NautilusSW/nautilus_ws/install/nautilus_bringup', 'merge_install': False, 'path': '/home/devs/NautilusSW/nautilus_ws/src/nautilus_bringup', 'symlink_install': False, 'test_result_base': None}
[0.601s] INFO:colcon.colcon_core.executor:Executing jobs using 'parallel' executor
[0.603s] DEBUG:colcon.colcon_parallel_executor.executor.parallel:run_until_complete
[0.603s] INFO:colcon.colcon_ros.task.ament_python.build:Building ROS package in '/home/devs/NautilusSW/nautilus_ws/src/mavlink_bridge' with build type 'ament_python'
[0.603s] Level 1:colcon.colcon_core.shell:create_environment_hook('mavlink_bridge', 'ament_prefix_path')
[0.612s] INFO:colcon.colcon_core.plugin_system:Skipping extension 'colcon_core.shell.bat': Not used on non-Windows systems
[0.612s] INFO:colcon.colcon_core.shell:Creating environment hook '/home/devs/NautilusSW/nautilus_ws/install/mavlink_bridge/share/mavlink_bridge/hook/ament_prefix_path.ps1'
[0.615s] INFO:colcon.colcon_core.shell:Creating environment descriptor '/home/devs/NautilusSW/nautilus_ws/install/mavlink_bridge/share/mavlink_bridge/hook/ament_prefix_path.dsv'
[0.616s] INFO:colcon.colcon_core.shell:Creating environment hook '/home/devs/NautilusSW/nautilus_ws/install/mavlink_bridge/share/mavlink_bridge/hook/ament_prefix_path.sh'
[0.617s] INFO:colcon.colcon_core.shell:Skip shell extension 'powershell' for command environment: Not usable outside of PowerShell
[0.617s] DEBUG:colcon.colcon_core.shell:Skip shell extension 'dsv' for command environment
[0.761s] INFO:colcon.colcon_core.task.python.build:Building Python package in '/home/devs/NautilusSW/nautilus_ws/src/mavlink_bridge'
[0.762s] INFO:colcon.colcon_core.shell:Skip shell extension 'powershell' for command environment: Not usable outside of PowerShell
[0.762s] DEBUG:colcon.colcon_core.shell:Skip shell extension 'dsv' for command environment
[1.265s] DEBUG:colcon.colcon_core.event_handler.log_command:Invoking command in '/home/devs/NautilusSW/nautilus_ws/src/mavlink_bridge': PYTHONPATH=/home/devs/NautilusSW/nautilus_ws/build/mavlink_bridge/prefix_override:/usr/lib/python3/dist-packages/colcon_core/task/python/colcon_distutils_commands:/home/devs/NautilusSW/nautilus_ws/install/mavlink_bridge/lib/python3.10/site-packages:${PYTHONPATH} /usr/bin/python3 -W ignore:setup.py install is deprecated -W ignore:easy_install command is deprecated setup.py egg_info --egg-base ../../build/mavlink_bridge build --build-base /home/devs/NautilusSW/nautilus_ws/build/mavlink_bridge/build install --record /home/devs/NautilusSW/nautilus_ws/build/mavlink_bridge/install.log --single-version-externally-managed install_data
[1.509s] DEBUG:colcon.colcon_core.event_handler.log_command:Invoked command in '/home/devs/NautilusSW/nautilus_ws/src/mavlink_bridge' returned '0': PYTHONPATH=/home/devs/NautilusSW/nautilus_ws/build/mavlink_bridge/prefix_override:/usr/lib/python3/dist-packages/colcon_core/task/python/colcon_distutils_commands:/home/devs/NautilusSW/nautilus_ws/install/mavlink_bridge/lib/python3.10/site-packages:${PYTHONPATH} /usr/bin/python3 -W ignore:setup.py install is deprecated -W ignore:easy_install command is deprecated setup.py egg_info --egg-base ../../build/mavlink_bridge build --build-base /home/devs/NautilusSW/nautilus_ws/build/mavlink_bridge/build install --record /home/devs/NautilusSW/nautilus_ws/build/mavlink_bridge/install.log --single-version-externally-managed install_data
[1.518s] Level 1:colcon.colcon_core.environment:checking '/home/devs/NautilusSW/nautilus_ws/install/mavlink_bridge' for CMake module files
[1.518s] Level 1:colcon.colcon_core.environment:checking '/home/devs/NautilusSW/nautilus_ws/install/mavlink_bridge' for CMake config files
[1.519s] Level 1:colcon.colcon_core.environment:checking '/home/devs/NautilusSW/nautilus_ws/install/mavlink_bridge/lib'
[1.520s] Level 1:colcon.colcon_core.environment:checking '/home/devs/NautilusSW/nautilus_ws/install/mavlink_bridge/bin'
[1.520s] Level 1:colcon.colcon_core.environment:checking '/home/devs/NautilusSW/nautilus_ws/install/mavlink_bridge/lib/pkgconfig/mavlink_bridge.pc'
[1.520s] Level 1:colcon.colcon_core.environment:checking '/home/devs/NautilusSW/nautilus_ws/install/mavlink_bridge/lib/python3.10/site-packages'
[1.520s] Level 1:colcon.colcon_core.shell:create_environment_hook('mavlink_bridge', 'pythonpath')
[1.520s] INFO:colcon.colcon_core.shell:Creating environment hook '/home/devs/NautilusSW/nautilus_ws/install/mavlink_bridge/share/mavlink_bridge/hook/pythonpath.ps1'
[1.520s] INFO:colcon.colcon_core.shell:Creating environment descriptor '/home/devs/NautilusSW/nautilus_ws/install/mavlink_bridge/share/mavlink_bridge/hook/pythonpath.dsv'
[1.521s] INFO:colcon.colcon_core.shell:Creating environment hook '/home/devs/NautilusSW/nautilus_ws/install/mavlink_bridge/share/mavlink_bridge/hook/pythonpath.sh'
[1.522s] Level 1:colcon.colcon_core.environment:checking '/home/devs/NautilusSW/nautilus_ws/install/mavlink_bridge/bin'
[1.522s] Level 1:colcon.colcon_core.environment:create_environment_scripts_only(mavlink_bridge)
[1.522s] INFO:colcon.colcon_core.shell:Creating package script '/home/devs/NautilusSW/nautilus_ws/install/mavlink_bridge/share/mavlink_bridge/package.ps1'
[1.523s] INFO:colcon.colcon_core.shell:Creating package descriptor '/home/devs/NautilusSW/nautilus_ws/install/mavlink_bridge/share/mavlink_bridge/package.dsv'
[1.523s] INFO:colcon.colcon_core.shell:Creating package script '/home/devs/NautilusSW/nautilus_ws/install/mavlink_bridge/share/mavlink_bridge/package.sh'
[1.524s] INFO:colcon.colcon_core.shell:Creating package script '/home/devs/NautilusSW/nautilus_ws/install/mavlink_bridge/share/mavlink_bridge/package.bash'
[1.526s] INFO:colcon.colcon_core.shell:Creating package script '/home/devs/NautilusSW/nautilus_ws/install/mavlink_bridge/share/mavlink_bridge/package.zsh'
[1.527s] Level 1:colcon.colcon_core.environment:create_file_with_runtime_dependencies(/home/devs/NautilusSW/nautilus_ws/install/mavlink_bridge/share/colcon-core/packages/mavlink_bridge)
[1.528s] INFO:colcon.colcon_ros.task.ament_cmake.build:Building ROS package in '/home/devs/NautilusSW/nautilus_ws/src/nautilus_bringup' with build type 'ament_cmake'
[1.528s] INFO:colcon.colcon_cmake.task.cmake.build:Building CMake package in '/home/devs/NautilusSW/nautilus_ws/src/nautilus_bringup'
[1.528s] INFO:colcon.colcon_core.shell:Skip shell extension 'powershell' for command environment: Not usable outside of PowerShell
[1.528s] DEBUG:colcon.colcon_core.shell:Skip shell extension 'dsv' for command environment
[1.540s] DEBUG:colcon.colcon_core.event_handler.log_command:Invoking command in '/home/devs/NautilusSW/nautilus_ws/build/nautilus_bringup': AMENT_PREFIX_PATH=/home/devs/NautilusSW/nautilus_ws/install/mavlink_bridge:${AMENT_PREFIX_PATH} CMAKE_PREFIX_PATH=/opt/ros/humble PYTHONPATH=/home/devs/NautilusSW/nautilus_ws/install/mavlink_bridge/lib/python3.10/site-packages:${PYTHONPATH} /usr/bin/cmake --build /home/devs/NautilusSW/nautilus_ws/build/nautilus_bringup -- -j4 -l4
[1.635s] DEBUG:colcon.colcon_core.event_handler.log_command:Invoked command in '/home/devs/NautilusSW/nautilus_ws/build/nautilus_bringup' returned '0': AMENT_PREFIX_PATH=/home/devs/NautilusSW/nautilus_ws/install/mavlink_bridge:${AMENT_PREFIX_PATH} CMAKE_PREFIX_PATH=/opt/ros/humble PYTHONPATH=/home/devs/NautilusSW/nautilus_ws/install/mavlink_bridge/lib/python3.10/site-packages:${PYTHONPATH} /usr/bin/cmake --build /home/devs/NautilusSW/nautilus_ws/build/nautilus_bringup -- -j4 -l4
[1.647s] DEBUG:colcon.colcon_core.event_handler.log_command:Invoking command in '/home/devs/NautilusSW/nautilus_ws/build/nautilus_bringup': AMENT_PREFIX_PATH=/home/devs/NautilusSW/nautilus_ws/install/mavlink_bridge:${AMENT_PREFIX_PATH} CMAKE_PREFIX_PATH=/opt/ros/humble PYTHONPATH=/home/devs/NautilusSW/nautilus_ws/install/mavlink_bridge/lib/python3.10/site-packages:${PYTHONPATH} /usr/bin/cmake --install /home/devs/NautilusSW/nautilus_ws/build/nautilus_bringup
[1.672s] Level 1:colcon.colcon_core.environment:create_environment_scripts_only(nautilus_bringup)
[1.672s] Level 1:colcon.colcon_core.environment:checking '/home/devs/NautilusSW/nautilus_ws/install/nautilus_bringup' for CMake module files
[1.672s] DEBUG:colcon.colcon_core.event_handler.log_command:Invoked command in '/home/devs/NautilusSW/nautilus_ws/build/nautilus_bringup' returned '0': AMENT_PREFIX_PATH=/home/devs/NautilusSW/nautilus_ws/install/mavlink_bridge:${AMENT_PREFIX_PATH} CMAKE_PREFIX_PATH=/opt/ros/humble PYTHONPATH=/home/devs/NautilusSW/nautilus_ws/install/mavlink_bridge/lib/python3.10/site-packages:${PYTHONPATH} /usr/bin/cmake --install /home/devs/NautilusSW/nautilus_ws/build/nautilus_bringup
[1.673s] Level 1:colcon.colcon_core.environment:checking '/home/devs/NautilusSW/nautilus_ws/install/nautilus_bringup' for CMake config files
[1.674s] Level 1:colcon.colcon_core.shell:create_environment_hook('nautilus_bringup', 'cmake_prefix_path')
[1.674s] INFO:colcon.colcon_core.shell:Creating environment hook '/home/devs/NautilusSW/nautilus_ws/install/nautilus_bringup/share/nautilus_bringup/hook/cmake_prefix_path.ps1'
[1.674s] INFO:colcon.colcon_core.shell:Creating environment descriptor '/home/devs/NautilusSW/nautilus_ws/install/nautilus_bringup/share/nautilus_bringup/hook/cmake_prefix_path.dsv'
[1.675s] INFO:colcon.colcon_core.shell:Creating environment hook '/home/devs/NautilusSW/nautilus_ws/install/nautilus_bringup/share/nautilus_bringup/hook/cmake_prefix_path.sh'
[1.675s] Level 1:colcon.colcon_core.environment:checking '/home/devs/NautilusSW/nautilus_ws/install/nautilus_bringup/lib'
[1.675s] Level 1:colcon.colcon_core.environment:checking '/home/devs/NautilusSW/nautilus_ws/install/nautilus_bringup/bin'
[1.676s] Level 1:colcon.colcon_core.environment:checking '/home/devs/NautilusSW/nautilus_ws/install/nautilus_bringup/lib/pkgconfig/nautilus_bringup.pc'
[1.676s] Level 1:colcon.colcon_core.environment:checking '/home/devs/NautilusSW/nautilus_ws/install/nautilus_bringup/lib/python3.10/site-packages'
[1.676s] Level 1:colcon.colcon_core.environment:checking '/home/devs/NautilusSW/nautilus_ws/install/nautilus_bringup/bin'
[1.676s] INFO:colcon.colcon_core.shell:Creating package script '/home/devs/NautilusSW/nautilus_ws/install/nautilus_bringup/share/nautilus_bringup/package.ps1'
[1.676s] INFO:colcon.colcon_core.shell:Creating package descriptor '/home/devs/NautilusSW/nautilus_ws/install/nautilus_bringup/share/nautilus_bringup/package.dsv'
[1.677s] INFO:colcon.colcon_core.shell:Creating package script '/home/devs/NautilusSW/nautilus_ws/install/nautilus_bringup/share/nautilus_bringup/package.sh'
[1.677s] INFO:colcon.colcon_core.shell:Creating package script '/home/devs/NautilusSW/nautilus_ws/install/nautilus_bringup/share/nautilus_bringup/package.bash'
[1.678s] INFO:colcon.colcon_core.shell:Creating package script '/home/devs/NautilusSW/nautilus_ws/install/nautilus_bringup/share/nautilus_bringup/package.zsh'
[1.678s] Level 1:colcon.colcon_core.environment:create_file_with_runtime_dependencies(/home/devs/NautilusSW/nautilus_ws/install/nautilus_bringup/share/colcon-core/packages/nautilus_bringup)
[1.679s] Level 1:colcon.colcon_core.environment:create_environment_scripts_only(nautilus_bringup)
[1.679s] Level 1:colcon.colcon_core.environment:checking '/home/devs/NautilusSW/nautilus_ws/install/nautilus_bringup' for CMake module files
[1.679s] Level 1:colcon.colcon_core.environment:checking '/home/devs/NautilusSW/nautilus_ws/install/nautilus_bringup' for CMake config files
[1.679s] Level 1:colcon.colcon_core.shell:create_environment_hook('nautilus_bringup', 'cmake_prefix_path')
[1.679s] INFO:colcon.colcon_core.shell:Creating environment hook '/home/devs/NautilusSW/nautilus_ws/install/nautilus_bringup/share/nautilus_bringup/hook/cmake_prefix_path.ps1'
[1.680s] INFO:colcon.colcon_core.shell:Creating environment descriptor '/home/devs/NautilusSW/nautilus_ws/install/nautilus_bringup/share/nautilus_bringup/hook/cmake_prefix_path.dsv'
[1.680s] INFO:colcon.colcon_core.shell:Creating environment hook '/home/devs/NautilusSW/nautilus_ws/install/nautilus_bringup/share/nautilus_bringup/hook/cmake_prefix_path.sh'
[1.681s] Level 1:colcon.colcon_core.environment:checking '/home/devs/NautilusSW/nautilus_ws/install/nautilus_bringup/lib'
[1.681s] Level 1:colcon.colcon_core.environment:checking '/home/devs/NautilusSW/nautilus_ws/install/nautilus_bringup/bin'
[1.681s] Level 1:colcon.colcon_core.environment:checking '/home/devs/NautilusSW/nautilus_ws/install/nautilus_bringup/lib/pkgconfig/nautilus_bringup.pc'
[1.681s] Level 1:colcon.colcon_core.environment:checking '/home/devs/NautilusSW/nautilus_ws/install/nautilus_bringup/lib/python3.10/site-packages'
[1.681s] Level 1:colcon.colcon_core.environment:checking '/home/devs/NautilusSW/nautilus_ws/install/nautilus_bringup/bin'
[1.681s] INFO:colcon.colcon_core.shell:Creating package script '/home/devs/NautilusSW/nautilus_ws/install/nautilus_bringup/share/nautilus_bringup/package.ps1'
[1.682s] INFO:colcon.colcon_core.shell:Creating package descriptor '/home/devs/NautilusSW/nautilus_ws/install/nautilus_bringup/share/nautilus_bringup/package.dsv'
[1.682s] INFO:colcon.colcon_core.shell:Creating package script '/home/devs/NautilusSW/nautilus_ws/install/nautilus_bringup/share/nautilus_bringup/package.sh'
[1.682s] INFO:colcon.colcon_core.shell:Creating package script '/home/devs/NautilusSW/nautilus_ws/install/nautilus_bringup/share/nautilus_bringup/package.bash'
[1.683s] INFO:colcon.colcon_core.shell:Creating package script '/home/devs/NautilusSW/nautilus_ws/install/nautilus_bringup/share/nautilus_bringup/package.zsh'
[1.683s] Level 1:colcon.colcon_core.environment:create_file_with_runtime_dependencies(/home/devs/NautilusSW/nautilus_ws/install/nautilus_bringup/share/colcon-core/packages/nautilus_bringup)
[1.684s] DEBUG:colcon.colcon_parallel_executor.executor.parallel:closing loop
[1.684s] DEBUG:colcon.colcon_parallel_executor.executor.parallel:loop closed
[1.685s] DEBUG:colcon.colcon_parallel_executor.executor.parallel:run_until_complete finished with '0'
[1.685s] DEBUG:colcon.colcon_core.event_reactor:joining thread
[1.690s] INFO:colcon.colcon_core.plugin_system:Skipping extension 'colcon_notification.desktop_notification.terminal_notifier': Not used on non-Darwin systems
[1.690s] INFO:colcon.colcon_core.plugin_system:Skipping extension 'colcon_notification.desktop_notification.win32': Not used on non-Windows systems
[1.690s] INFO:colcon.colcon_notification.desktop_notification:Sending desktop notification using 'notify2'
[1.711s] DEBUG:colcon.colcon_core.event_reactor:joined thread
[1.711s] INFO:colcon.colcon_core.shell:Creating prefix script '/home/devs/NautilusSW/nautilus_ws/install/local_setup.ps1'
[1.712s] INFO:colcon.colcon_core.shell:Creating prefix util module '/home/devs/NautilusSW/nautilus_ws/install/_local_setup_util_ps1.py'
[1.714s] INFO:colcon.colcon_core.shell:Creating prefix chain script '/home/devs/NautilusSW/nautilus_ws/install/setup.ps1'
[1.716s] INFO:colcon.colcon_core.shell:Creating prefix script '/home/devs/NautilusSW/nautilus_ws/install/local_setup.sh'
[1.717s] INFO:colcon.colcon_core.shell:Creating prefix util module '/home/devs/NautilusSW/nautilus_ws/install/_local_setup_util_sh.py'
[1.717s] INFO:colcon.colcon_core.shell:Creating prefix chain script '/home/devs/NautilusSW/nautilus_ws/install/setup.sh'
[1.719s] INFO:colcon.colcon_core.shell:Creating prefix script '/home/devs/NautilusSW/nautilus_ws/install/local_setup.bash'
[1.719s] INFO:colcon.colcon_core.shell:Creating prefix chain script '/home/devs/NautilusSW/nautilus_ws/install/setup.bash'
[1.721s] INFO:colcon.colcon_core.shell:Creating prefix script '/home/devs/NautilusSW/nautilus_ws/install/local_setup.zsh'
[1.721s] INFO:colcon.colcon_core.shell:Creating prefix chain script '/home/devs/NautilusSW/nautilus_ws/install/setup.zsh'
