running egg_info
writing ../../build/submarine_sim/submarine_sim.egg-info/PKG-INFO
writing dependency_links to ../../build/submarine_sim/submarine_sim.egg-info/dependency_links.txt
writing entry points to ../../build/submarine_sim/submarine_sim.egg-info/entry_points.txt
writing requirements to ../../build/submarine_sim/submarine_sim.egg-info/requires.txt
writing top-level names to ../../build/submarine_sim/submarine_sim.egg-info/top_level.txt
reading manifest file '../../build/submarine_sim/submarine_sim.egg-info/SOURCES.txt'
writing manifest file '../../build/submarine_sim/submarine_sim.egg-info/SOURCES.txt'
running build
running build_py
copying submarine_sim/gui_sensor_display.py -> /home/xavier/ros2_ws/build/submarine_sim/build/lib/submarine_sim
running install
running install_lib
copying /home/xavier/ros2_ws/build/submarine_sim/build/lib/submarine_sim/gui_sensor_display.py -> /home/xavier/ros2_ws/install/submarine_sim/lib/python3.10/site-packages/submarine_sim
byte-compiling /home/xavier/ros2_ws/install/submarine_sim/lib/python3.10/site-packages/submarine_sim/gui_sensor_display.py to gui_sensor_display.cpython-310.pyc
running install_data
running install_egg_info
removing '/home/xavier/ros2_ws/install/submarine_sim/lib/python3.10/site-packages/submarine_sim-0.0.0-py3.10.egg-info' (and everything under it)
Copying ../../build/submarine_sim/submarine_sim.egg-info to /home/xavier/ros2_ws/install/submarine_sim/lib/python3.10/site-packages/submarine_sim-0.0.0-py3.10.egg-info
running install_scripts
Installing gui_sensor_display script to /home/xavier/ros2_ws/install/submarine_sim/lib/submarine_sim
Installing sensor_publisher script to /home/xavier/ros2_ws/install/submarine_sim/lib/submarine_sim
writing list of installed files to '/home/xavier/ros2_ws/build/submarine_sim/install.log'
