[1.244s] Invoking command in '/home/xavier/ros2_ws/src/submarine_sim': PYTHONPATH=/home/xavier/ros2_ws/build/submarine_sim/prefix_override:/usr/lib/python3/dist-packages/colcon_core/task/python/colcon_distutils_commands:/home/xavier/ros2_ws/install/submarine_sim/lib/python3.10/site-packages:${PYTHONPATH} /usr/bin/python3 -W ignore:setup.py install is deprecated -W ignore:easy_install command is deprecated setup.py egg_info --egg-base ../../build/submarine_sim build --build-base /home/xavier/ros2_ws/build/submarine_sim/build install --record /home/xavier/ros2_ws/build/submarine_sim/install.log --single-version-externally-managed install_data
[1.614s] running egg_info
[1.616s] writing ../../build/submarine_sim/submarine_sim.egg-info/PKG-INFO
[1.616s] writing dependency_links to ../../build/submarine_sim/submarine_sim.egg-info/dependency_links.txt
[1.616s] writing entry points to ../../build/submarine_sim/submarine_sim.egg-info/entry_points.txt
[1.616s] writing requirements to ../../build/submarine_sim/submarine_sim.egg-info/requires.txt
[1.618s] writing top-level names to ../../build/submarine_sim/submarine_sim.egg-info/top_level.txt
[1.620s] reading manifest file '../../build/submarine_sim/submarine_sim.egg-info/SOURCES.txt'
[1.623s] writing manifest file '../../build/submarine_sim/submarine_sim.egg-info/SOURCES.txt'
[1.624s] running build
[1.624s] running build_py
[1.625s] copying submarine_sim/gui_sensor_display.py -> /home/xavier/ros2_ws/build/submarine_sim/build/lib/submarine_sim
[1.625s] running install
[1.626s] running install_lib
[1.627s] copying /home/xavier/ros2_ws/build/submarine_sim/build/lib/submarine_sim/gui_sensor_display.py -> /home/xavier/ros2_ws/install/submarine_sim/lib/python3.10/site-packages/submarine_sim
[1.629s] byte-compiling /home/xavier/ros2_ws/install/submarine_sim/lib/python3.10/site-packages/submarine_sim/gui_sensor_display.py to gui_sensor_display.cpython-310.pyc
[1.632s] running install_data
[1.633s] running install_egg_info
[1.636s] removing '/home/xavier/ros2_ws/install/submarine_sim/lib/python3.10/site-packages/submarine_sim-0.0.0-py3.10.egg-info' (and everything under it)
[1.636s] Copying ../../build/submarine_sim/submarine_sim.egg-info to /home/xavier/ros2_ws/install/submarine_sim/lib/python3.10/site-packages/submarine_sim-0.0.0-py3.10.egg-info
[1.637s] running install_scripts
[1.665s] Installing gui_sensor_display script to /home/xavier/ros2_ws/install/submarine_sim/lib/submarine_sim
[1.669s] Installing sensor_publisher script to /home/xavier/ros2_ws/install/submarine_sim/lib/submarine_sim
[1.669s] writing list of installed files to '/home/xavier/ros2_ws/build/submarine_sim/install.log'
[1.703s] Invoked command in '/home/xavier/ros2_ws/src/submarine_sim' returned '0': PYTHONPATH=/home/xavier/ros2_ws/build/submarine_sim/prefix_override:/usr/lib/python3/dist-packages/colcon_core/task/python/colcon_distutils_commands:/home/xavier/ros2_ws/install/submarine_sim/lib/python3.10/site-packages:${PYTHONPATH} /usr/bin/python3 -W ignore:setup.py install is deprecated -W ignore:easy_install command is deprecated setup.py egg_info --egg-base ../../build/submarine_sim build --build-base /home/xavier/ros2_ws/build/submarine_sim/build install --record /home/xavier/ros2_ws/build/submarine_sim/install.log --single-version-externally-managed install_data
