[0.016s] Invoking command in '/home/nautilus/NautilusSW/nautilus_ws/build/nautilus_controls': CMAKE_PREFIX_PATH=/opt/ros/humble /usr/bin/cmake /home/nautilus/NautilusSW/nautilus_ws/src/nautilus_controls -DCMAKE_INSTALL_PREFIX=/home/nautilus/NautilusSW/nautilus_ws/install/nautilus_controls
[0.622s] -- The C compiler identification is GNU 11.4.0
[1.038s] -- The CXX compiler identification is GNU 11.4.0
[1.072s] -- Detecting C compiler ABI info
[1.205s] -- Detecting C compiler ABI info - done
[1.225s] -- Check for working C compiler: /usr/bin/cc - skipped
[1.228s] -- Detecting C compile features
[1.229s] -- Detecting C compile features - done
[1.241s] -- Detecting CXX compiler ABI info
[1.398s] -- Detecting CXX compiler ABI info - done
[1.424s] -- Check for working CXX compiler: /usr/bin/c++ - skipped
[1.426s] -- Detecting CXX compile features
[1.427s] -- Detecting CXX compile features - done
[1.434s] -- Found ament_cmake: 1.3.14 (/opt/ros/humble/share/ament_cmake/cmake)
[2.193s] -- Found Python3: /usr/bin/python3 (found version "3.10.12") found components: Interpreter 
[2.446s] -- Found rclpy: 3.3.21 (/opt/ros/humble/share/rclpy/cmake)
[2.755s] -- Configuring done
[2.770s] -- Generating done
[2.779s] -- Build files have been written to: /home/nautilus/NautilusSW/nautilus_ws/build/nautilus_controls
[2.796s] Invoked command in '/home/nautilus/NautilusSW/nautilus_ws/build/nautilus_controls' returned '0': CMAKE_PREFIX_PATH=/opt/ros/humble /usr/bin/cmake /home/nautilus/NautilusSW/nautilus_ws/src/nautilus_controls -DCMAKE_INSTALL_PREFIX=/home/nautilus/NautilusSW/nautilus_ws/install/nautilus_controls
[2.802s] Invoking command in '/home/nautilus/NautilusSW/nautilus_ws/build/nautilus_controls': CMAKE_PREFIX_PATH=/opt/ros/humble /usr/bin/cmake --build /home/nautilus/NautilusSW/nautilus_ws/build/nautilus_controls -- -j6 -l6
[2.910s] Built target ament_cmake_python_copy_nautilus_controls
[3.334s] running egg_info
[3.366s] creating nautilus_controls.egg-info
[3.366s] writing nautilus_controls.egg-info/PKG-INFO
[3.367s] writing dependency_links to nautilus_controls.egg-info/dependency_links.txt
[3.367s] writing top-level names to nautilus_controls.egg-info/top_level.txt
[3.368s] writing manifest file 'nautilus_controls.egg-info/SOURCES.txt'
[3.463s] reading manifest file 'nautilus_controls.egg-info/SOURCES.txt'
[3.464s] writing manifest file 'nautilus_controls.egg-info/SOURCES.txt'
[3.537s] Built target ament_cmake_python_build_nautilus_controls_egg
[3.560s] Invoked command in '/home/nautilus/NautilusSW/nautilus_ws/build/nautilus_controls' returned '0': CMAKE_PREFIX_PATH=/opt/ros/humble /usr/bin/cmake --build /home/nautilus/NautilusSW/nautilus_ws/build/nautilus_controls -- -j6 -l6
[3.582s] Invoking command in '/home/nautilus/NautilusSW/nautilus_ws/build/nautilus_controls': CMAKE_PREFIX_PATH=/opt/ros/humble /usr/bin/cmake --install /home/nautilus/NautilusSW/nautilus_ws/build/nautilus_controls
[3.596s] -- Install configuration: ""
[3.596s] -- Installing: /home/nautilus/NautilusSW/nautilus_ws/install/nautilus_controls/share/nautilus_controls/environment/pythonpath.sh
[3.597s] -- Installing: /home/nautilus/NautilusSW/nautilus_ws/install/nautilus_controls/share/nautilus_controls/environment/pythonpath.dsv
[3.597s] -- Installing: /home/nautilus/NautilusSW/nautilus_ws/install/nautilus_controls/local/lib/python3.10/dist-packages/nautilus_controls-0.0.0-py3.10.egg-info
[3.598s] -- Installing: /home/nautilus/NautilusSW/nautilus_ws/install/nautilus_controls/local/lib/python3.10/dist-packages/nautilus_controls-0.0.0-py3.10.egg-info/SOURCES.txt
[3.598s] -- Installing: /home/nautilus/NautilusSW/nautilus_ws/install/nautilus_controls/local/lib/python3.10/dist-packages/nautilus_controls-0.0.0-py3.10.egg-info/PKG-INFO
[3.598s] -- Installing: /home/nautilus/NautilusSW/nautilus_ws/install/nautilus_controls/local/lib/python3.10/dist-packages/nautilus_controls-0.0.0-py3.10.egg-info/dependency_links.txt
[3.598s] -- Installing: /home/nautilus/NautilusSW/nautilus_ws/install/nautilus_controls/local/lib/python3.10/dist-packages/nautilus_controls-0.0.0-py3.10.egg-info/top_level.txt
[3.599s] -- Installing: /home/nautilus/NautilusSW/nautilus_ws/install/nautilus_controls/local/lib/python3.10/dist-packages/nautilus_controls
[3.599s] -- Installing: /home/nautilus/NautilusSW/nautilus_ws/install/nautilus_controls/local/lib/python3.10/dist-packages/nautilus_controls/vision_controller.py
[3.599s] -- Installing: /home/nautilus/NautilusSW/nautilus_ws/install/nautilus_controls/local/lib/python3.10/dist-packages/nautilus_controls/pid_node.py
[3.599s] -- Installing: /home/nautilus/NautilusSW/nautilus_ws/install/nautilus_controls/local/lib/python3.10/dist-packages/nautilus_controls/cube_interface.py
[3.599s] -- Installing: /home/nautilus/NautilusSW/nautilus_ws/install/nautilus_controls/local/lib/python3.10/dist-packages/nautilus_controls/auv_pymavlink.py
[3.600s] -- Installing: /home/nautilus/NautilusSW/nautilus_ws/install/nautilus_controls/local/lib/python3.10/dist-packages/nautilus_controls/__init__.py
[3.692s] Listing '/home/nautilus/NautilusSW/nautilus_ws/install/nautilus_controls/local/lib/python3.10/dist-packages/nautilus_controls'...
[3.692s] Compiling '/home/nautilus/NautilusSW/nautilus_ws/install/nautilus_controls/local/lib/python3.10/dist-packages/nautilus_controls/__init__.py'...
[3.692s] Compiling '/home/nautilus/NautilusSW/nautilus_ws/install/nautilus_controls/local/lib/python3.10/dist-packages/nautilus_controls/auv_pymavlink.py'...
[3.692s] Compiling '/home/nautilus/NautilusSW/nautilus_ws/install/nautilus_controls/local/lib/python3.10/dist-packages/nautilus_controls/cube_interface.py'...
[3.692s] Compiling '/home/nautilus/NautilusSW/nautilus_ws/install/nautilus_controls/local/lib/python3.10/dist-packages/nautilus_controls/pid_node.py'...
[3.692s] Compiling '/home/nautilus/NautilusSW/nautilus_ws/install/nautilus_controls/local/lib/python3.10/dist-packages/nautilus_controls/vision_controller.py'...
[3.703s] -- Installing: /home/nautilus/NautilusSW/nautilus_ws/install/nautilus_controls/lib/nautilus_controls/cube_interface
[3.704s] -- Installing: /home/nautilus/NautilusSW/nautilus_ws/install/nautilus_controls/lib/nautilus_controls/vision_controller
[3.704s] -- Installing: /home/nautilus/NautilusSW/nautilus_ws/install/nautilus_controls/lib/nautilus_controls/pid_node
[3.704s] -- Installing: /home/nautilus/NautilusSW/nautilus_ws/install/nautilus_controls/share/nautilus_controls/launch
[3.705s] -- Installing: /home/nautilus/NautilusSW/nautilus_ws/install/nautilus_controls/share/nautilus_controls/launch/vision_controller.launch.py
[3.705s] -- Installing: /home/nautilus/NautilusSW/nautilus_ws/install/nautilus_controls/share/nautilus_controls/nautilus_controls
[3.705s] -- Installing: /home/nautilus/NautilusSW/nautilus_ws/install/nautilus_controls/share/nautilus_controls/nautilus_controls/vision_controller.py
[3.705s] -- Installing: /home/nautilus/NautilusSW/nautilus_ws/install/nautilus_controls/share/nautilus_controls/nautilus_controls/pid_node.py
[3.706s] -- Installing: /home/nautilus/NautilusSW/nautilus_ws/install/nautilus_controls/share/nautilus_controls/nautilus_controls/cube_interface.py
[3.706s] -- Installing: /home/nautilus/NautilusSW/nautilus_ws/install/nautilus_controls/share/nautilus_controls/nautilus_controls/auv_pymavlink.py
[3.706s] -- Installing: /home/nautilus/NautilusSW/nautilus_ws/install/nautilus_controls/share/nautilus_controls/nautilus_controls/__init__.py
[3.706s] -- Installing: /home/nautilus/NautilusSW/nautilus_ws/install/nautilus_controls/share/nautilus_controls/package.xml
[3.706s] -- Installing: /home/nautilus/NautilusSW/nautilus_ws/install/nautilus_controls/share/ament_index/resource_index/package_run_dependencies/nautilus_controls
[3.706s] -- Installing: /home/nautilus/NautilusSW/nautilus_ws/install/nautilus_controls/share/ament_index/resource_index/parent_prefix_path/nautilus_controls
[3.707s] -- Installing: /home/nautilus/NautilusSW/nautilus_ws/install/nautilus_controls/share/nautilus_controls/environment/ament_prefix_path.sh
[3.707s] -- Installing: /home/nautilus/NautilusSW/nautilus_ws/install/nautilus_controls/share/nautilus_controls/environment/ament_prefix_path.dsv
[3.707s] -- Installing: /home/nautilus/NautilusSW/nautilus_ws/install/nautilus_controls/share/nautilus_controls/environment/path.sh
[3.708s] -- Installing: /home/nautilus/NautilusSW/nautilus_ws/install/nautilus_controls/share/nautilus_controls/environment/path.dsv
[3.708s] -- Installing: /home/nautilus/NautilusSW/nautilus_ws/install/nautilus_controls/share/nautilus_controls/local_setup.bash
[3.708s] -- Installing: /home/nautilus/NautilusSW/nautilus_ws/install/nautilus_controls/share/nautilus_controls/local_setup.sh
[3.708s] -- Installing: /home/nautilus/NautilusSW/nautilus_ws/install/nautilus_controls/share/nautilus_controls/local_setup.zsh
[3.709s] -- Installing: /home/nautilus/NautilusSW/nautilus_ws/install/nautilus_controls/share/nautilus_controls/local_setup.dsv
[3.709s] -- Installing: /home/nautilus/NautilusSW/nautilus_ws/install/nautilus_controls/share/nautilus_controls/package.dsv
[3.710s] -- Installing: /home/nautilus/NautilusSW/nautilus_ws/install/nautilus_controls/share/ament_index/resource_index/packages/nautilus_controls
[3.710s] -- Installing: /home/nautilus/NautilusSW/nautilus_ws/install/nautilus_controls/share/nautilus_controls/cmake/nautilus_controlsConfig.cmake
[3.710s] -- Installing: /home/nautilus/NautilusSW/nautilus_ws/install/nautilus_controls/share/nautilus_controls/cmake/nautilus_controlsConfig-version.cmake
[3.711s] -- Up-to-date: /home/nautilus/NautilusSW/nautilus_ws/install/nautilus_controls/share/nautilus_controls/package.xml
[3.715s] Invoked command in '/home/nautilus/NautilusSW/nautilus_ws/build/nautilus_controls' returned '0': CMAKE_PREFIX_PATH=/opt/ros/humble /usr/bin/cmake --install /home/nautilus/NautilusSW/nautilus_ws/build/nautilus_controls
