[0.009s] Invoking command in '/home/devs/NautilusSW/nautilus_ws/build/nautilus_mission': AMENT_PREFIX_PATH=/home/devs/NautilusSW/nautilus_ws/install/nautilus_sensors:/home/devs/NautilusSW/nautilus_ws/install/nautilus_bringup:${AMENT_PREFIX_PATH} CMAKE_PREFIX_PATH=/home/devs/NautilusSW/nautilus_ws/install/nautilus_sensors:/home/devs/NautilusSW/nautilus_ws/install/nautilus_bringup:/opt/ros/humble PYTHONPATH=/home/devs/NautilusSW/nautilus_ws/install/nautilus_sensors/local/lib/python3.10/dist-packages:/home/devs/NautilusSW/nautilus_ws/install/nautilus_bringup/local/lib/python3.10/dist-packages:${PYTHONPATH} /usr/bin/cmake /home/devs/NautilusSW/nautilus_ws/src/nautilus_mission -DCMAKE_INSTALL_PREFIX=/home/devs/NautilusSW/nautilus_ws/install/nautilus_mission
[0.062s] -- The C compiler identification is GNU 11.4.0
[0.114s] -- The CXX compiler identification is GNU 11.4.0
[0.125s] -- Detecting C compiler ABI info
[0.182s] -- Detecting C compiler ABI info - done
[0.187s] -- Check for working C compiler: /usr/lib/ccache/cc - skipped
[0.187s] -- Detecting C compile features
[0.188s] -- Detecting C compile features - done
[0.190s] -- Detecting CXX compiler ABI info
[0.259s] -- Detecting CXX compiler ABI info - done
[0.265s] -- Check for working CXX compiler: /usr/lib/ccache/c++ - skipped
[0.265s] -- Detecting CXX compile features
[0.265s] -- Detecting CXX compile features - done
[0.265s] -- Found ament_cmake: 1.3.12 (/opt/ros/humble/share/ament_cmake/cmake)
[0.522s] -- Found Python3: /usr/bin/python3 (found version "3.10.12") found components: Interpreter 
[0.637s] -- Found ament_lint_auto: 0.12.14 (/opt/ros/humble/share/ament_lint_auto/cmake)
[0.709s] -- Configuring done
[0.711s] -- Generating done
[0.712s] -- Build files have been written to: /home/devs/NautilusSW/nautilus_ws/build/nautilus_mission
[0.717s] Invoked command in '/home/devs/NautilusSW/nautilus_ws/build/nautilus_mission' returned '0': AMENT_PREFIX_PATH=/home/devs/NautilusSW/nautilus_ws/install/nautilus_sensors:/home/devs/NautilusSW/nautilus_ws/install/nautilus_bringup:${AMENT_PREFIX_PATH} CMAKE_PREFIX_PATH=/home/devs/NautilusSW/nautilus_ws/install/nautilus_sensors:/home/devs/NautilusSW/nautilus_ws/install/nautilus_bringup:/opt/ros/humble PYTHONPATH=/home/devs/NautilusSW/nautilus_ws/install/nautilus_sensors/local/lib/python3.10/dist-packages:/home/devs/NautilusSW/nautilus_ws/install/nautilus_bringup/local/lib/python3.10/dist-packages:${PYTHONPATH} /usr/bin/cmake /home/devs/NautilusSW/nautilus_ws/src/nautilus_mission -DCMAKE_INSTALL_PREFIX=/home/devs/NautilusSW/nautilus_ws/install/nautilus_mission
[0.718s] Invoking command in '/home/devs/NautilusSW/nautilus_ws/build/nautilus_mission': AMENT_PREFIX_PATH=/home/devs/NautilusSW/nautilus_ws/install/nautilus_sensors:/home/devs/NautilusSW/nautilus_ws/install/nautilus_bringup:${AMENT_PREFIX_PATH} CMAKE_PREFIX_PATH=/home/devs/NautilusSW/nautilus_ws/install/nautilus_sensors:/home/devs/NautilusSW/nautilus_ws/install/nautilus_bringup:/opt/ros/humble PYTHONPATH=/home/devs/NautilusSW/nautilus_ws/install/nautilus_sensors/local/lib/python3.10/dist-packages:/home/devs/NautilusSW/nautilus_ws/install/nautilus_bringup/local/lib/python3.10/dist-packages:${PYTHONPATH} /usr/bin/cmake --build /home/devs/NautilusSW/nautilus_ws/build/nautilus_mission -- -j4 -l4
[0.776s] Built target ament_cmake_python_copy_nautilus_mission
[0.924s] running egg_info
[0.932s] creating nautilus_mission.egg-info
[0.932s] writing nautilus_mission.egg-info/PKG-INFO
[0.933s] writing dependency_links to nautilus_mission.egg-info/dependency_links.txt
[0.933s] writing top-level names to nautilus_mission.egg-info/top_level.txt
[0.933s] writing manifest file 'nautilus_mission.egg-info/SOURCES.txt'
[0.963s] reading manifest file 'nautilus_mission.egg-info/SOURCES.txt'
[0.964s] writing manifest file 'nautilus_mission.egg-info/SOURCES.txt'
[0.988s] Built target ament_cmake_python_build_nautilus_mission_egg
[0.998s] Invoked command in '/home/devs/NautilusSW/nautilus_ws/build/nautilus_mission' returned '0': AMENT_PREFIX_PATH=/home/devs/NautilusSW/nautilus_ws/install/nautilus_sensors:/home/devs/NautilusSW/nautilus_ws/install/nautilus_bringup:${AMENT_PREFIX_PATH} CMAKE_PREFIX_PATH=/home/devs/NautilusSW/nautilus_ws/install/nautilus_sensors:/home/devs/NautilusSW/nautilus_ws/install/nautilus_bringup:/opt/ros/humble PYTHONPATH=/home/devs/NautilusSW/nautilus_ws/install/nautilus_sensors/local/lib/python3.10/dist-packages:/home/devs/NautilusSW/nautilus_ws/install/nautilus_bringup/local/lib/python3.10/dist-packages:${PYTHONPATH} /usr/bin/cmake --build /home/devs/NautilusSW/nautilus_ws/build/nautilus_mission -- -j4 -l4
[1.000s] Invoking command in '/home/devs/NautilusSW/nautilus_ws/build/nautilus_mission': AMENT_PREFIX_PATH=/home/devs/NautilusSW/nautilus_ws/install/nautilus_sensors:/home/devs/NautilusSW/nautilus_ws/install/nautilus_bringup:${AMENT_PREFIX_PATH} CMAKE_PREFIX_PATH=/home/devs/NautilusSW/nautilus_ws/install/nautilus_sensors:/home/devs/NautilusSW/nautilus_ws/install/nautilus_bringup:/opt/ros/humble PYTHONPATH=/home/devs/NautilusSW/nautilus_ws/install/nautilus_sensors/local/lib/python3.10/dist-packages:/home/devs/NautilusSW/nautilus_ws/install/nautilus_bringup/local/lib/python3.10/dist-packages:${PYTHONPATH} /usr/bin/cmake --install /home/devs/NautilusSW/nautilus_ws/build/nautilus_mission
[1.007s] -- Install configuration: ""
[1.007s] -- Installing: /home/devs/NautilusSW/nautilus_ws/install/nautilus_mission/share/nautilus_mission/launch
[1.007s] -- Installing: /home/devs/NautilusSW/nautilus_ws/install/nautilus_mission/share/nautilus_mission/launch/mission.launch.py
[1.008s] -- Installing: /home/devs/NautilusSW/nautilus_ws/install/nautilus_mission/lib/nautilus_mission/test_mission
[1.008s] -- Installing: /home/devs/NautilusSW/nautilus_ws/install/nautilus_mission/share/nautilus_mission/environment/pythonpath.sh
[1.008s] -- Installing: /home/devs/NautilusSW/nautilus_ws/install/nautilus_mission/share/nautilus_mission/environment/pythonpath.dsv
[1.008s] -- Installing: /home/devs/NautilusSW/nautilus_ws/install/nautilus_mission/local/lib/python3.10/dist-packages/nautilus_mission-0.0.0-py3.10.egg-info
[1.009s] -- Installing: /home/devs/NautilusSW/nautilus_ws/install/nautilus_mission/local/lib/python3.10/dist-packages/nautilus_mission-0.0.0-py3.10.egg-info/top_level.txt
[1.009s] -- Installing: /home/devs/NautilusSW/nautilus_ws/install/nautilus_mission/local/lib/python3.10/dist-packages/nautilus_mission-0.0.0-py3.10.egg-info/dependency_links.txt
[1.009s] -- Installing: /home/devs/NautilusSW/nautilus_ws/install/nautilus_mission/local/lib/python3.10/dist-packages/nautilus_mission-0.0.0-py3.10.egg-info/PKG-INFO
[1.009s] -- Installing: /home/devs/NautilusSW/nautilus_ws/install/nautilus_mission/local/lib/python3.10/dist-packages/nautilus_mission-0.0.0-py3.10.egg-info/SOURCES.txt
[1.009s] -- Installing: /home/devs/NautilusSW/nautilus_ws/install/nautilus_mission/local/lib/python3.10/dist-packages/nautilus_mission
[1.009s] -- Installing: /home/devs/NautilusSW/nautilus_ws/install/nautilus_mission/local/lib/python3.10/dist-packages/nautilus_mission/test_mission.py
[1.010s] -- Installing: /home/devs/NautilusSW/nautilus_ws/install/nautilus_mission/local/lib/python3.10/dist-packages/nautilus_mission/auv_pymavlink.py
[1.011s] -- Installing: /home/devs/NautilusSW/nautilus_ws/install/nautilus_mission/local/lib/python3.10/dist-packages/nautilus_mission/__init__.py
[1.040s] Listing '/home/devs/NautilusSW/nautilus_ws/install/nautilus_mission/local/lib/python3.10/dist-packages/nautilus_mission'...
[1.040s] Compiling '/home/devs/NautilusSW/nautilus_ws/install/nautilus_mission/local/lib/python3.10/dist-packages/nautilus_mission/__init__.py'...
[1.040s] Compiling '/home/devs/NautilusSW/nautilus_ws/install/nautilus_mission/local/lib/python3.10/dist-packages/nautilus_mission/auv_pymavlink.py'...
[1.040s] Compiling '/home/devs/NautilusSW/nautilus_ws/install/nautilus_mission/local/lib/python3.10/dist-packages/nautilus_mission/test_mission.py'...
[1.040s] -- Installing: /home/devs/NautilusSW/nautilus_ws/install/nautilus_mission/share/ament_index/resource_index/package_run_dependencies/nautilus_mission
[1.040s] -- Installing: /home/devs/NautilusSW/nautilus_ws/install/nautilus_mission/share/ament_index/resource_index/parent_prefix_path/nautilus_mission
[1.040s] -- Installing: /home/devs/NautilusSW/nautilus_ws/install/nautilus_mission/share/nautilus_mission/environment/ament_prefix_path.sh
[1.041s] -- Installing: /home/devs/NautilusSW/nautilus_ws/install/nautilus_mission/share/nautilus_mission/environment/ament_prefix_path.dsv
[1.041s] -- Installing: /home/devs/NautilusSW/nautilus_ws/install/nautilus_mission/share/nautilus_mission/environment/path.sh
[1.041s] -- Installing: /home/devs/NautilusSW/nautilus_ws/install/nautilus_mission/share/nautilus_mission/environment/path.dsv
[1.041s] -- Installing: /home/devs/NautilusSW/nautilus_ws/install/nautilus_mission/share/nautilus_mission/local_setup.bash
[1.041s] -- Installing: /home/devs/NautilusSW/nautilus_ws/install/nautilus_mission/share/nautilus_mission/local_setup.sh
[1.041s] -- Installing: /home/devs/NautilusSW/nautilus_ws/install/nautilus_mission/share/nautilus_mission/local_setup.zsh
[1.041s] -- Installing: /home/devs/NautilusSW/nautilus_ws/install/nautilus_mission/share/nautilus_mission/local_setup.dsv
[1.041s] -- Installing: /home/devs/NautilusSW/nautilus_ws/install/nautilus_mission/share/nautilus_mission/package.dsv
[1.041s] -- Installing: /home/devs/NautilusSW/nautilus_ws/install/nautilus_mission/share/ament_index/resource_index/packages/nautilus_mission
[1.041s] -- Installing: /home/devs/NautilusSW/nautilus_ws/install/nautilus_mission/share/nautilus_mission/cmake/nautilus_missionConfig.cmake
[1.041s] -- Installing: /home/devs/NautilusSW/nautilus_ws/install/nautilus_mission/share/nautilus_mission/cmake/nautilus_missionConfig-version.cmake
[1.041s] -- Installing: /home/devs/NautilusSW/nautilus_ws/install/nautilus_mission/share/nautilus_mission/package.xml
[1.043s] Invoked command in '/home/devs/NautilusSW/nautilus_ws/build/nautilus_mission' returned '0': AMENT_PREFIX_PATH=/home/devs/NautilusSW/nautilus_ws/install/nautilus_sensors:/home/devs/NautilusSW/nautilus_ws/install/nautilus_bringup:${AMENT_PREFIX_PATH} CMAKE_PREFIX_PATH=/home/devs/NautilusSW/nautilus_ws/install/nautilus_sensors:/home/devs/NautilusSW/nautilus_ws/install/nautilus_bringup:/opt/ros/humble PYTHONPATH=/home/devs/NautilusSW/nautilus_ws/install/nautilus_sensors/local/lib/python3.10/dist-packages:/home/devs/NautilusSW/nautilus_ws/install/nautilus_bringup/local/lib/python3.10/dist-packages:${PYTHONPATH} /usr/bin/cmake --install /home/devs/NautilusSW/nautilus_ws/build/nautilus_mission
