[0.819s] Invoking command in '/home/devs/NautilusSW/UTILES/ros2_ws/src/submarine_sim': PS1=\[\e]0;\u@\h: \w\a\]${debian_chroot:+($debian_chroot)}\[\033[01;32m\]\u@\h\[\033[00m\]:\[\033[01;34m\]\w\[\033[00m\]\$ PYTHONPATH=/home/devs/NautilusSW/build/submarine_sim/prefix_override:/usr/lib/python3/dist-packages/colcon_core/task/python/colcon_distutils_commands:/home/devs/NautilusSW/install/submarine_sim/lib/python3.10/site-packages:${PYTHONPATH} /usr/bin/python3 -W ignore:setup.py install is deprecated -W ignore:easy_install command is deprecated setup.py egg_info --egg-base ../../../../build/submarine_sim build --build-base /home/devs/NautilusSW/build/submarine_sim/build install --record /home/devs/NautilusSW/build/submarine_sim/install.log --single-version-externally-managed install_data
[0.924s] /home/devs/.local/lib/python3.10/site-packages/setuptools/_distutils/dist.py:289: UserWarning: Unknown distribution option: 'tests_require'
[0.924s]   warnings.warn(msg)
[0.972s] running egg_info
[0.981s] creating ../../../../build/submarine_sim/submarine_sim.egg-info
[0.981s] writing ../../../../build/submarine_sim/submarine_sim.egg-info/PKG-INFO
[0.981s] writing dependency_links to ../../../../build/submarine_sim/submarine_sim.egg-info/dependency_links.txt
[0.982s] writing entry points to ../../../../build/submarine_sim/submarine_sim.egg-info/entry_points.txt
[0.982s] writing requirements to ../../../../build/submarine_sim/submarine_sim.egg-info/requires.txt
[0.982s] writing top-level names to ../../../../build/submarine_sim/submarine_sim.egg-info/top_level.txt
[0.982s] writing manifest file '../../../../build/submarine_sim/submarine_sim.egg-info/SOURCES.txt'
[0.999s] reading manifest file '../../../../build/submarine_sim/submarine_sim.egg-info/SOURCES.txt'
[1.000s] writing manifest file '../../../../build/submarine_sim/submarine_sim.egg-info/SOURCES.txt'
[1.000s] running build
[1.000s] running build_py
[1.001s] creating /home/devs/NautilusSW/build/submarine_sim/build/lib/submarine_sim
[1.001s] copying submarine_sim/gui_sensor_display.py -> /home/devs/NautilusSW/build/submarine_sim/build/lib/submarine_sim
[1.001s] copying submarine_sim/sensor_publisher.py -> /home/devs/NautilusSW/build/submarine_sim/build/lib/submarine_sim
[1.001s] copying submarine_sim/__init__.py -> /home/devs/NautilusSW/build/submarine_sim/build/lib/submarine_sim
[1.002s] running install
[1.004s] running install_lib
[1.013s] creating /home/devs/NautilusSW/install/submarine_sim/lib/python3.10/site-packages/submarine_sim
[1.013s] copying /home/devs/NautilusSW/build/submarine_sim/build/lib/submarine_sim/gui_sensor_display.py -> /home/devs/NautilusSW/install/submarine_sim/lib/python3.10/site-packages/submarine_sim
[1.014s] copying /home/devs/NautilusSW/build/submarine_sim/build/lib/submarine_sim/sensor_publisher.py -> /home/devs/NautilusSW/install/submarine_sim/lib/python3.10/site-packages/submarine_sim
[1.014s] copying /home/devs/NautilusSW/build/submarine_sim/build/lib/submarine_sim/__init__.py -> /home/devs/NautilusSW/install/submarine_sim/lib/python3.10/site-packages/submarine_sim
[1.014s] byte-compiling /home/devs/NautilusSW/install/submarine_sim/lib/python3.10/site-packages/submarine_sim/gui_sensor_display.py to gui_sensor_display.cpython-310.pyc
[1.018s] byte-compiling /home/devs/NautilusSW/install/submarine_sim/lib/python3.10/site-packages/submarine_sim/sensor_publisher.py to sensor_publisher.cpython-310.pyc
[1.018s] byte-compiling /home/devs/NautilusSW/install/submarine_sim/lib/python3.10/site-packages/submarine_sim/__init__.py to __init__.cpython-310.pyc
[1.018s] running install_data
[1.018s] copying package.xml -> /home/devs/NautilusSW/install/submarine_sim/share/submarine_sim
[1.018s] running install_egg_info
[1.028s] Copying ../../../../build/submarine_sim/submarine_sim.egg-info to /home/devs/NautilusSW/install/submarine_sim/lib/python3.10/site-packages/submarine_sim-0.0.0-py3.10.egg-info
[1.028s] running install_scripts
[1.047s] Installing gui_sensor_display script to /home/devs/NautilusSW/install/submarine_sim/lib/submarine_sim
[1.047s] Installing sensor_publisher script to /home/devs/NautilusSW/install/submarine_sim/lib/submarine_sim
[1.047s] writing list of installed files to '/home/devs/NautilusSW/build/submarine_sim/install.log'
[1.064s] Invoked command in '/home/devs/NautilusSW/UTILES/ros2_ws/src/submarine_sim' returned '0': PS1=\[\e]0;\u@\h: \w\a\]${debian_chroot:+($debian_chroot)}\[\033[01;32m\]\u@\h\[\033[00m\]:\[\033[01;34m\]\w\[\033[00m\]\$ PYTHONPATH=/home/devs/NautilusSW/build/submarine_sim/prefix_override:/usr/lib/python3/dist-packages/colcon_core/task/python/colcon_distutils_commands:/home/devs/NautilusSW/install/submarine_sim/lib/python3.10/site-packages:${PYTHONPATH} /usr/bin/python3 -W ignore:setup.py install is deprecated -W ignore:easy_install command is deprecated setup.py egg_info --egg-base ../../../../build/submarine_sim build --build-base /home/devs/NautilusSW/build/submarine_sim/build install --record /home/devs/NautilusSW/build/submarine_sim/install.log --single-version-externally-managed install_data
