[0.013s] Invoking command in '/home/devs/NautilusSW/nautilus_ws/build/nautilus_mission': CMAKE_PREFIX_PATH=/home/devs/NautilusSW/nautilus_ws/install/nautilus_sensors:/home/devs/NautilusSW/nautilus_ws/install/nautilus_bringup:/home/devs/ardu_ws/install/test_ros_gz_bridge:/home/devs/ardu_ws/install/ros_ign:/home/devs/ardu_ws/install/ros_ign_gazebo_demos:/home/devs/ardu_ws/install/ros_gz:/home/devs/ardu_ws/install/ros_gz_sim_demos:/home/devs/ardu_ws/install/ardupilot_gz_bringup:/home/devs/ardu_ws/install/sdformat_urdf:/home/devs/ardu_ws/install/sdformat_test_files:/home/devs/ardu_ws/install/ros_ign_interfaces:/home/devs/ardu_ws/install/ros_ign_image:/home/devs/ardu_ws/install/ros_ign_gazebo:/home/devs/ardu_ws/install/ros_ign_bridge:/home/devs/ardu_ws/install/ros_gz_sim:/home/devs/ardu_ws/install/ros_gz_image:/home/devs/ardu_ws/install/ros_gz_bridge:/home/devs/ardu_ws/install/ros_gz_interfaces:/home/devs/ardu_ws/install/ardupilot_sitl:/home/devs/ardu_ws/install/micro_ros_agent:/home/devs/ardu_ws/install/ardupilot_sitl_models:/home/devs/ardu_ws/install/ardupilot_msgs:/home/devs/ardu_ws/install/ardupilot_gz_gazebo:/home/devs/ardu_ws/install/ardupilot_gz_description:/home/devs/ardu_ws/install/ardupilot_gz_application:/home/devs/ardu_ws/install/ardupilot_gazebo:/home/devs/NautilusSW/nautilus_ws/install/nautilus_mission:/home/devs/ardu_ws/install/ardupilot_dds_tests:/opt/ros/humble /usr/bin/cmake --build /home/devs/NautilusSW/nautilus_ws/build/nautilus_mission -- -j4 -l4
[0.070s] Built target ament_cmake_python_copy_nautilus_mission
[0.220s] running egg_info
[0.233s] writing nautilus_mission.egg-info/PKG-INFO
[0.233s] writing dependency_links to nautilus_mission.egg-info/dependency_links.txt
[0.233s] writing top-level names to nautilus_mission.egg-info/top_level.txt
[0.261s] reading manifest file 'nautilus_mission.egg-info/SOURCES.txt'
[0.262s] writing manifest file 'nautilus_mission.egg-info/SOURCES.txt'
[0.287s] Built target ament_cmake_python_build_nautilus_mission_egg
[0.299s] Invoked command in '/home/devs/NautilusSW/nautilus_ws/build/nautilus_mission' returned '0': CMAKE_PREFIX_PATH=/home/devs/NautilusSW/nautilus_ws/install/nautilus_sensors:/home/devs/NautilusSW/nautilus_ws/install/nautilus_bringup:/home/devs/ardu_ws/install/test_ros_gz_bridge:/home/devs/ardu_ws/install/ros_ign:/home/devs/ardu_ws/install/ros_ign_gazebo_demos:/home/devs/ardu_ws/install/ros_gz:/home/devs/ardu_ws/install/ros_gz_sim_demos:/home/devs/ardu_ws/install/ardupilot_gz_bringup:/home/devs/ardu_ws/install/sdformat_urdf:/home/devs/ardu_ws/install/sdformat_test_files:/home/devs/ardu_ws/install/ros_ign_interfaces:/home/devs/ardu_ws/install/ros_ign_image:/home/devs/ardu_ws/install/ros_ign_gazebo:/home/devs/ardu_ws/install/ros_ign_bridge:/home/devs/ardu_ws/install/ros_gz_sim:/home/devs/ardu_ws/install/ros_gz_image:/home/devs/ardu_ws/install/ros_gz_bridge:/home/devs/ardu_ws/install/ros_gz_interfaces:/home/devs/ardu_ws/install/ardupilot_sitl:/home/devs/ardu_ws/install/micro_ros_agent:/home/devs/ardu_ws/install/ardupilot_sitl_models:/home/devs/ardu_ws/install/ardupilot_msgs:/home/devs/ardu_ws/install/ardupilot_gz_gazebo:/home/devs/ardu_ws/install/ardupilot_gz_description:/home/devs/ardu_ws/install/ardupilot_gz_application:/home/devs/ardu_ws/install/ardupilot_gazebo:/home/devs/NautilusSW/nautilus_ws/install/nautilus_mission:/home/devs/ardu_ws/install/ardupilot_dds_tests:/opt/ros/humble /usr/bin/cmake --build /home/devs/NautilusSW/nautilus_ws/build/nautilus_mission -- -j4 -l4
[0.301s] Invoking command in '/home/devs/NautilusSW/nautilus_ws/build/nautilus_mission': CMAKE_PREFIX_PATH=/home/devs/NautilusSW/nautilus_ws/install/nautilus_sensors:/home/devs/NautilusSW/nautilus_ws/install/nautilus_bringup:/home/devs/ardu_ws/install/test_ros_gz_bridge:/home/devs/ardu_ws/install/ros_ign:/home/devs/ardu_ws/install/ros_ign_gazebo_demos:/home/devs/ardu_ws/install/ros_gz:/home/devs/ardu_ws/install/ros_gz_sim_demos:/home/devs/ardu_ws/install/ardupilot_gz_bringup:/home/devs/ardu_ws/install/sdformat_urdf:/home/devs/ardu_ws/install/sdformat_test_files:/home/devs/ardu_ws/install/ros_ign_interfaces:/home/devs/ardu_ws/install/ros_ign_image:/home/devs/ardu_ws/install/ros_ign_gazebo:/home/devs/ardu_ws/install/ros_ign_bridge:/home/devs/ardu_ws/install/ros_gz_sim:/home/devs/ardu_ws/install/ros_gz_image:/home/devs/ardu_ws/install/ros_gz_bridge:/home/devs/ardu_ws/install/ros_gz_interfaces:/home/devs/ardu_ws/install/ardupilot_sitl:/home/devs/ardu_ws/install/micro_ros_agent:/home/devs/ardu_ws/install/ardupilot_sitl_models:/home/devs/ardu_ws/install/ardupilot_msgs:/home/devs/ardu_ws/install/ardupilot_gz_gazebo:/home/devs/ardu_ws/install/ardupilot_gz_description:/home/devs/ardu_ws/install/ardupilot_gz_application:/home/devs/ardu_ws/install/ardupilot_gazebo:/home/devs/NautilusSW/nautilus_ws/install/nautilus_mission:/home/devs/ardu_ws/install/ardupilot_dds_tests:/opt/ros/humble /usr/bin/cmake --install /home/devs/NautilusSW/nautilus_ws/build/nautilus_mission
[0.310s] -- Install configuration: ""
[0.310s] -- Up-to-date: /home/devs/NautilusSW/nautilus_ws/install/nautilus_mission/share/nautilus_mission/launch
[0.310s] -- Up-to-date: /home/devs/NautilusSW/nautilus_ws/install/nautilus_mission/share/nautilus_mission/launch/mission.launch.py
[0.310s] -- Up-to-date: /home/devs/NautilusSW/nautilus_ws/install/nautilus_mission/lib/nautilus_mission/test_mission
[0.310s] -- Up-to-date: /home/devs/NautilusSW/nautilus_ws/install/nautilus_mission/share/nautilus_mission/environment/pythonpath.sh
[0.310s] -- Up-to-date: /home/devs/NautilusSW/nautilus_ws/install/nautilus_mission/share/nautilus_mission/environment/pythonpath.dsv
[0.310s] -- Up-to-date: /home/devs/NautilusSW/nautilus_ws/install/nautilus_mission/local/lib/python3.10/dist-packages/nautilus_mission-0.0.0-py3.10.egg-info
[0.310s] -- Installing: /home/devs/NautilusSW/nautilus_ws/install/nautilus_mission/local/lib/python3.10/dist-packages/nautilus_mission-0.0.0-py3.10.egg-info/top_level.txt
[0.310s] -- Installing: /home/devs/NautilusSW/nautilus_ws/install/nautilus_mission/local/lib/python3.10/dist-packages/nautilus_mission-0.0.0-py3.10.egg-info/dependency_links.txt
[0.310s] -- Installing: /home/devs/NautilusSW/nautilus_ws/install/nautilus_mission/local/lib/python3.10/dist-packages/nautilus_mission-0.0.0-py3.10.egg-info/PKG-INFO
[0.310s] -- Installing: /home/devs/NautilusSW/nautilus_ws/install/nautilus_mission/local/lib/python3.10/dist-packages/nautilus_mission-0.0.0-py3.10.egg-info/SOURCES.txt
[0.310s] -- Up-to-date: /home/devs/NautilusSW/nautilus_ws/install/nautilus_mission/local/lib/python3.10/dist-packages/nautilus_mission
[0.310s] -- Up-to-date: /home/devs/NautilusSW/nautilus_ws/install/nautilus_mission/local/lib/python3.10/dist-packages/nautilus_mission/test_mission.py
[0.310s] -- Up-to-date: /home/devs/NautilusSW/nautilus_ws/install/nautilus_mission/local/lib/python3.10/dist-packages/nautilus_mission/auv_pymavlink.py
[0.310s] -- Up-to-date: /home/devs/NautilusSW/nautilus_ws/install/nautilus_mission/local/lib/python3.10/dist-packages/nautilus_mission/__init__.py
[0.338s] Listing '/home/devs/NautilusSW/nautilus_ws/install/nautilus_mission/local/lib/python3.10/dist-packages/nautilus_mission'...
[0.342s] -- Up-to-date: /home/devs/NautilusSW/nautilus_ws/install/nautilus_mission/share/ament_index/resource_index/package_run_dependencies/nautilus_mission
[0.342s] -- Up-to-date: /home/devs/NautilusSW/nautilus_ws/install/nautilus_mission/share/ament_index/resource_index/parent_prefix_path/nautilus_mission
[0.342s] -- Up-to-date: /home/devs/NautilusSW/nautilus_ws/install/nautilus_mission/share/nautilus_mission/environment/ament_prefix_path.sh
[0.342s] -- Up-to-date: /home/devs/NautilusSW/nautilus_ws/install/nautilus_mission/share/nautilus_mission/environment/ament_prefix_path.dsv
[0.342s] -- Up-to-date: /home/devs/NautilusSW/nautilus_ws/install/nautilus_mission/share/nautilus_mission/environment/path.sh
[0.342s] -- Up-to-date: /home/devs/NautilusSW/nautilus_ws/install/nautilus_mission/share/nautilus_mission/environment/path.dsv
[0.342s] -- Up-to-date: /home/devs/NautilusSW/nautilus_ws/install/nautilus_mission/share/nautilus_mission/local_setup.bash
[0.342s] -- Up-to-date: /home/devs/NautilusSW/nautilus_ws/install/nautilus_mission/share/nautilus_mission/local_setup.sh
[0.342s] -- Up-to-date: /home/devs/NautilusSW/nautilus_ws/install/nautilus_mission/share/nautilus_mission/local_setup.zsh
[0.342s] -- Up-to-date: /home/devs/NautilusSW/nautilus_ws/install/nautilus_mission/share/nautilus_mission/local_setup.dsv
[0.342s] -- Installing: /home/devs/NautilusSW/nautilus_ws/install/nautilus_mission/share/nautilus_mission/package.dsv
[0.342s] -- Up-to-date: /home/devs/NautilusSW/nautilus_ws/install/nautilus_mission/share/ament_index/resource_index/packages/nautilus_mission
[0.342s] -- Up-to-date: /home/devs/NautilusSW/nautilus_ws/install/nautilus_mission/share/nautilus_mission/cmake/nautilus_missionConfig.cmake
[0.343s] -- Up-to-date: /home/devs/NautilusSW/nautilus_ws/install/nautilus_mission/share/nautilus_mission/cmake/nautilus_missionConfig-version.cmake
[0.343s] -- Up-to-date: /home/devs/NautilusSW/nautilus_ws/install/nautilus_mission/share/nautilus_mission/package.xml
[0.346s] Invoked command in '/home/devs/NautilusSW/nautilus_ws/build/nautilus_mission' returned '0': CMAKE_PREFIX_PATH=/home/devs/NautilusSW/nautilus_ws/install/nautilus_sensors:/home/devs/NautilusSW/nautilus_ws/install/nautilus_bringup:/home/devs/ardu_ws/install/test_ros_gz_bridge:/home/devs/ardu_ws/install/ros_ign:/home/devs/ardu_ws/install/ros_ign_gazebo_demos:/home/devs/ardu_ws/install/ros_gz:/home/devs/ardu_ws/install/ros_gz_sim_demos:/home/devs/ardu_ws/install/ardupilot_gz_bringup:/home/devs/ardu_ws/install/sdformat_urdf:/home/devs/ardu_ws/install/sdformat_test_files:/home/devs/ardu_ws/install/ros_ign_interfaces:/home/devs/ardu_ws/install/ros_ign_image:/home/devs/ardu_ws/install/ros_ign_gazebo:/home/devs/ardu_ws/install/ros_ign_bridge:/home/devs/ardu_ws/install/ros_gz_sim:/home/devs/ardu_ws/install/ros_gz_image:/home/devs/ardu_ws/install/ros_gz_bridge:/home/devs/ardu_ws/install/ros_gz_interfaces:/home/devs/ardu_ws/install/ardupilot_sitl:/home/devs/ardu_ws/install/micro_ros_agent:/home/devs/ardu_ws/install/ardupilot_sitl_models:/home/devs/ardu_ws/install/ardupilot_msgs:/home/devs/ardu_ws/install/ardupilot_gz_gazebo:/home/devs/ardu_ws/install/ardupilot_gz_description:/home/devs/ardu_ws/install/ardupilot_gz_application:/home/devs/ardu_ws/install/ardupilot_gazebo:/home/devs/NautilusSW/nautilus_ws/install/nautilus_mission:/home/devs/ardu_ws/install/ardupilot_dds_tests:/opt/ros/humble /usr/bin/cmake --install /home/devs/NautilusSW/nautilus_ws/build/nautilus_mission
