[0.503s] DEBUG:colcon:Command line arguments: ['/usr/bin/colcon', 'build']
[0.503s] DEBUG:colcon:Parsed command line arguments: Namespace(log_base=None, log_level=None, verb_name='build', build_base='build', install_base='install', merge_install=False, symlink_install=False, test_result_base=None, continue_on_error=False, executor='parallel', parallel_workers=4, event_handlers=None, ignore_user_meta=False, metas=['./colcon.meta'], base_paths=['.'], packages_ignore=None, packages_ignore_regex=None, paths=None, packages_up_to=None, packages_up_to_regex=None, packages_above=None, packages_above_and_dependencies=None, packages_above_depth=None, packages_select_by_dep=None, packages_skip_by_dep=None, packages_skip_up_to=None, packages_select_build_failed=False, packages_skip_build_finished=False, packages_select_test_failures=False, packages_skip_test_passed=False, packages_select=None, packages_skip=None, packages_select_regex=None, packages_skip_regex=None, packages_start=None, packages_end=None, allow_overriding=[], cmake_args=None, cmake_target=None, cmake_target_skip_unavailable=False, cmake_clean_cache=False, cmake_clean_first=False, cmake_force_configure=False, ament_cmake_args=None, catkin_cmake_args=None, catkin_skip_building_tests=False, mixin_files=None, mixin=None, verb_parser=<colcon_mixin.mixin.mixin_argument.MixinArgumentDecorator object at 0x7fb2c4e6f310>, verb_extension=<colcon_core.verb.build.BuildVerb object at 0x7fb2c4e6e9e0>, main=<bound method BuildVerb.main of <colcon_core.verb.build.BuildVerb object at 0x7fb2c4e6e9e0>>, mixin_verb=('build',))
[0.541s] Level 1:colcon.colcon_core.package_discovery:discover_packages(colcon_meta) check parameters
[0.541s] Level 1:colcon.colcon_core.package_discovery:discover_packages(recursive) check parameters
[0.541s] Level 1:colcon.colcon_core.package_discovery:discover_packages(ignore) check parameters
[0.541s] Level 1:colcon.colcon_core.package_discovery:discover_packages(path) check parameters
[0.541s] Level 1:colcon.colcon_core.package_discovery:discover_packages(colcon_meta) discover
[0.541s] Level 1:colcon.colcon_core.package_discovery:discover_packages(recursive) discover
[0.541s] INFO:colcon.colcon_core.package_discovery:Crawling recursively for packages in '/home/devs/NautilusSW/nautilus_ws'
[0.541s] Level 1:colcon.colcon_core.package_identification:_identify(.) by extensions ['ignore', 'ignore_ament_install']
[0.541s] Level 1:colcon.colcon_core.package_identification:_identify(.) by extension 'ignore'
[0.541s] Level 1:colcon.colcon_core.package_identification:_identify(.) by extension 'ignore_ament_install'
[0.541s] Level 1:colcon.colcon_core.package_identification:_identify(.) by extensions ['colcon_pkg']
[0.541s] Level 1:colcon.colcon_core.package_identification:_identify(.) by extension 'colcon_pkg'
[0.541s] Level 1:colcon.colcon_core.package_identification:_identify(.) by extensions ['colcon_meta']
[0.541s] Level 1:colcon.colcon_core.package_identification:_identify(.) by extension 'colcon_meta'
[0.541s] Level 1:colcon.colcon_core.package_identification:_identify(.) by extensions ['ros']
[0.541s] Level 1:colcon.colcon_core.package_identification:_identify(.) by extension 'ros'
[0.555s] Level 1:colcon.colcon_core.package_identification:_identify(.) by extensions ['cmake', 'python']
[0.555s] Level 1:colcon.colcon_core.package_identification:_identify(.) by extension 'cmake'
[0.555s] Level 1:colcon.colcon_core.package_identification:_identify(.) by extension 'python'
[0.555s] Level 1:colcon.colcon_core.package_identification:_identify(.) by extensions ['python_setup_py']
[0.555s] Level 1:colcon.colcon_core.package_identification:_identify(.) by extension 'python_setup_py'
[0.555s] Level 1:colcon.colcon_core.package_identification:_identify(build) by extensions ['ignore', 'ignore_ament_install']
[0.555s] Level 1:colcon.colcon_core.package_identification:_identify(build) by extension 'ignore'
[0.555s] Level 1:colcon.colcon_core.package_identification:_identify(build) ignored
[0.555s] Level 1:colcon.colcon_core.package_identification:_identify(install) by extensions ['ignore', 'ignore_ament_install']
[0.555s] Level 1:colcon.colcon_core.package_identification:_identify(install) by extension 'ignore'
[0.555s] Level 1:colcon.colcon_core.package_identification:_identify(install) ignored
[0.555s] Level 1:colcon.colcon_core.package_identification:_identify(log) by extensions ['ignore', 'ignore_ament_install']
[0.555s] Level 1:colcon.colcon_core.package_identification:_identify(log) by extension 'ignore'
[0.555s] Level 1:colcon.colcon_core.package_identification:_identify(log) ignored
[0.556s] Level 1:colcon.colcon_core.package_identification:_identify(src) by extensions ['ignore', 'ignore_ament_install']
[0.556s] Level 1:colcon.colcon_core.package_identification:_identify(src) by extension 'ignore'
[0.556s] Level 1:colcon.colcon_core.package_identification:_identify(src) by extension 'ignore_ament_install'
[0.556s] Level 1:colcon.colcon_core.package_identification:_identify(src) by extensions ['colcon_pkg']
[0.556s] Level 1:colcon.colcon_core.package_identification:_identify(src) by extension 'colcon_pkg'
[0.556s] Level 1:colcon.colcon_core.package_identification:_identify(src) by extensions ['colcon_meta']
[0.556s] Level 1:colcon.colcon_core.package_identification:_identify(src) by extension 'colcon_meta'
[0.556s] Level 1:colcon.colcon_core.package_identification:_identify(src) by extensions ['ros']
[0.556s] Level 1:colcon.colcon_core.package_identification:_identify(src) by extension 'ros'
[0.556s] Level 1:colcon.colcon_core.package_identification:_identify(src) by extensions ['cmake', 'python']
[0.556s] Level 1:colcon.colcon_core.package_identification:_identify(src) by extension 'cmake'
[0.556s] Level 1:colcon.colcon_core.package_identification:_identify(src) by extension 'python'
[0.556s] Level 1:colcon.colcon_core.package_identification:_identify(src) by extensions ['python_setup_py']
[0.556s] Level 1:colcon.colcon_core.package_identification:_identify(src) by extension 'python_setup_py'
[0.557s] Level 1:colcon.colcon_core.package_identification:_identify(src/nautilus_bringup) by extensions ['ignore', 'ignore_ament_install']
[0.557s] Level 1:colcon.colcon_core.package_identification:_identify(src/nautilus_bringup) by extension 'ignore'
[0.557s] Level 1:colcon.colcon_core.package_identification:_identify(src/nautilus_bringup) by extension 'ignore_ament_install'
[0.557s] Level 1:colcon.colcon_core.package_identification:_identify(src/nautilus_bringup) by extensions ['colcon_pkg']
[0.557s] Level 1:colcon.colcon_core.package_identification:_identify(src/nautilus_bringup) by extension 'colcon_pkg'
[0.557s] Level 1:colcon.colcon_core.package_identification:_identify(src/nautilus_bringup) by extensions ['colcon_meta']
[0.557s] Level 1:colcon.colcon_core.package_identification:_identify(src/nautilus_bringup) by extension 'colcon_meta'
[0.557s] Level 1:colcon.colcon_core.package_identification:_identify(src/nautilus_bringup) by extensions ['ros']
[0.557s] Level 1:colcon.colcon_core.package_identification:_identify(src/nautilus_bringup) by extension 'ros'
[0.559s] DEBUG:colcon.colcon_core.package_identification:Package 'src/nautilus_bringup' with type 'ros.ament_cmake' and name 'nautilus_bringup'
[0.560s] Level 1:colcon.colcon_core.package_identification:_identify(src/nautilus_mission) by extensions ['ignore', 'ignore_ament_install']
[0.560s] Level 1:colcon.colcon_core.package_identification:_identify(src/nautilus_mission) by extension 'ignore'
[0.560s] Level 1:colcon.colcon_core.package_identification:_identify(src/nautilus_mission) by extension 'ignore_ament_install'
[0.560s] Level 1:colcon.colcon_core.package_identification:_identify(src/nautilus_mission) by extensions ['colcon_pkg']
[0.561s] Level 1:colcon.colcon_core.package_identification:_identify(src/nautilus_mission) by extension 'colcon_pkg'
[0.561s] Level 1:colcon.colcon_core.package_identification:_identify(src/nautilus_mission) by extensions ['colcon_meta']
[0.561s] Level 1:colcon.colcon_core.package_identification:_identify(src/nautilus_mission) by extension 'colcon_meta'
[0.561s] Level 1:colcon.colcon_core.package_identification:_identify(src/nautilus_mission) by extensions ['ros']
[0.561s] Level 1:colcon.colcon_core.package_identification:_identify(src/nautilus_mission) by extension 'ros'
[0.562s] DEBUG:colcon.colcon_core.package_identification:Package 'src/nautilus_mission' with type 'ros.ament_cmake' and name 'nautilus_mission'
[0.562s] Level 1:colcon.colcon_core.package_identification:_identify(src/nautilus_sensors) by extensions ['ignore', 'ignore_ament_install']
[0.562s] Level 1:colcon.colcon_core.package_identification:_identify(src/nautilus_sensors) by extension 'ignore'
[0.562s] Level 1:colcon.colcon_core.package_identification:_identify(src/nautilus_sensors) by extension 'ignore_ament_install'
[0.562s] Level 1:colcon.colcon_core.package_identification:_identify(src/nautilus_sensors) by extensions ['colcon_pkg']
[0.562s] Level 1:colcon.colcon_core.package_identification:_identify(src/nautilus_sensors) by extension 'colcon_pkg'
[0.562s] Level 1:colcon.colcon_core.package_identification:_identify(src/nautilus_sensors) by extensions ['colcon_meta']
[0.562s] Level 1:colcon.colcon_core.package_identification:_identify(src/nautilus_sensors) by extension 'colcon_meta'
[0.563s] Level 1:colcon.colcon_core.package_identification:_identify(src/nautilus_sensors) by extensions ['ros']
[0.563s] Level 1:colcon.colcon_core.package_identification:_identify(src/nautilus_sensors) by extension 'ros'
[0.563s] DEBUG:colcon.colcon_core.package_identification:Package 'src/nautilus_sensors' with type 'ros.ament_cmake' and name 'nautilus_sensors'
[0.563s] Level 1:colcon.colcon_core.package_discovery:discover_packages(recursive) using defaults
[0.563s] Level 1:colcon.colcon_core.package_discovery:discover_packages(ignore) discover
[0.563s] Level 1:colcon.colcon_core.package_discovery:discover_packages(ignore) using defaults
[0.563s] Level 1:colcon.colcon_core.package_discovery:discover_packages(path) discover
[0.563s] Level 1:colcon.colcon_core.package_discovery:discover_packages(path) using defaults
[0.601s] Level 1:colcon.colcon_core.package_discovery:discover_packages(prefix_path) check parameters
[0.601s] Level 1:colcon.colcon_core.package_discovery:discover_packages(prefix_path) discover
[0.607s] DEBUG:colcon.colcon_installed_package_information.package_discovery:Found 292 installed packages in /opt/ros/humble
[0.608s] Level 1:colcon.colcon_core.package_discovery:discover_packages(prefix_path) using defaults
[0.738s] Level 5:colcon.colcon_core.verb:set package 'nautilus_bringup' build argument 'cmake_args' from command line to 'None'
[0.738s] Level 5:colcon.colcon_core.verb:set package 'nautilus_bringup' build argument 'cmake_target' from command line to 'None'
[0.738s] Level 5:colcon.colcon_core.verb:set package 'nautilus_bringup' build argument 'cmake_target_skip_unavailable' from command line to 'False'
[0.738s] Level 5:colcon.colcon_core.verb:set package 'nautilus_bringup' build argument 'cmake_clean_cache' from command line to 'False'
[0.738s] Level 5:colcon.colcon_core.verb:set package 'nautilus_bringup' build argument 'cmake_clean_first' from command line to 'False'
[0.738s] Level 5:colcon.colcon_core.verb:set package 'nautilus_bringup' build argument 'cmake_force_configure' from command line to 'False'
[0.738s] Level 5:colcon.colcon_core.verb:set package 'nautilus_bringup' build argument 'ament_cmake_args' from command line to 'None'
[0.738s] Level 5:colcon.colcon_core.verb:set package 'nautilus_bringup' build argument 'catkin_cmake_args' from command line to 'None'
[0.738s] Level 5:colcon.colcon_core.verb:set package 'nautilus_bringup' build argument 'catkin_skip_building_tests' from command line to 'False'
[0.738s] DEBUG:colcon.colcon_core.verb:Building package 'nautilus_bringup' with the following arguments: {'ament_cmake_args': None, 'build_base': '/home/devs/NautilusSW/nautilus_ws/build/nautilus_bringup', 'catkin_cmake_args': None, 'catkin_skip_building_tests': False, 'cmake_args': None, 'cmake_clean_cache': False, 'cmake_clean_first': False, 'cmake_force_configure': False, 'cmake_target': None, 'cmake_target_skip_unavailable': False, 'install_base': '/home/devs/NautilusSW/nautilus_ws/install/nautilus_bringup', 'merge_install': False, 'path': '/home/devs/NautilusSW/nautilus_ws/src/nautilus_bringup', 'symlink_install': False, 'test_result_base': None}
[0.739s] Level 5:colcon.colcon_core.verb:set package 'nautilus_sensors' build argument 'cmake_args' from command line to 'None'
[0.739s] Level 5:colcon.colcon_core.verb:set package 'nautilus_sensors' build argument 'cmake_target' from command line to 'None'
[0.739s] Level 5:colcon.colcon_core.verb:set package 'nautilus_sensors' build argument 'cmake_target_skip_unavailable' from command line to 'False'
[0.739s] Level 5:colcon.colcon_core.verb:set package 'nautilus_sensors' build argument 'cmake_clean_cache' from command line to 'False'
[0.739s] Level 5:colcon.colcon_core.verb:set package 'nautilus_sensors' build argument 'cmake_clean_first' from command line to 'False'
[0.739s] Level 5:colcon.colcon_core.verb:set package 'nautilus_sensors' build argument 'cmake_force_configure' from command line to 'False'
[0.739s] Level 5:colcon.colcon_core.verb:set package 'nautilus_sensors' build argument 'ament_cmake_args' from command line to 'None'
[0.739s] Level 5:colcon.colcon_core.verb:set package 'nautilus_sensors' build argument 'catkin_cmake_args' from command line to 'None'
[0.739s] Level 5:colcon.colcon_core.verb:set package 'nautilus_sensors' build argument 'catkin_skip_building_tests' from command line to 'False'
[0.739s] DEBUG:colcon.colcon_core.verb:Building package 'nautilus_sensors' with the following arguments: {'ament_cmake_args': None, 'build_base': '/home/devs/NautilusSW/nautilus_ws/build/nautilus_sensors', 'catkin_cmake_args': None, 'catkin_skip_building_tests': False, 'cmake_args': None, 'cmake_clean_cache': False, 'cmake_clean_first': False, 'cmake_force_configure': False, 'cmake_target': None, 'cmake_target_skip_unavailable': False, 'install_base': '/home/devs/NautilusSW/nautilus_ws/install/nautilus_sensors', 'merge_install': False, 'path': '/home/devs/NautilusSW/nautilus_ws/src/nautilus_sensors', 'symlink_install': False, 'test_result_base': None}
[0.739s] Level 5:colcon.colcon_core.verb:set package 'nautilus_mission' build argument 'cmake_args' from command line to 'None'
[0.739s] Level 5:colcon.colcon_core.verb:set package 'nautilus_mission' build argument 'cmake_target' from command line to 'None'
[0.739s] Level 5:colcon.colcon_core.verb:set package 'nautilus_mission' build argument 'cmake_target_skip_unavailable' from command line to 'False'
[0.739s] Level 5:colcon.colcon_core.verb:set package 'nautilus_mission' build argument 'cmake_clean_cache' from command line to 'False'
[0.739s] Level 5:colcon.colcon_core.verb:set package 'nautilus_mission' build argument 'cmake_clean_first' from command line to 'False'
[0.739s] Level 5:colcon.colcon_core.verb:set package 'nautilus_mission' build argument 'cmake_force_configure' from command line to 'False'
[0.739s] Level 5:colcon.colcon_core.verb:set package 'nautilus_mission' build argument 'ament_cmake_args' from command line to 'None'
[0.739s] Level 5:colcon.colcon_core.verb:set package 'nautilus_mission' build argument 'catkin_cmake_args' from command line to 'None'
[0.739s] Level 5:colcon.colcon_core.verb:set package 'nautilus_mission' build argument 'catkin_skip_building_tests' from command line to 'False'
[0.739s] DEBUG:colcon.colcon_core.verb:Building package 'nautilus_mission' with the following arguments: {'ament_cmake_args': None, 'build_base': '/home/devs/NautilusSW/nautilus_ws/build/nautilus_mission', 'catkin_cmake_args': None, 'catkin_skip_building_tests': False, 'cmake_args': None, 'cmake_clean_cache': False, 'cmake_clean_first': False, 'cmake_force_configure': False, 'cmake_target': None, 'cmake_target_skip_unavailable': False, 'install_base': '/home/devs/NautilusSW/nautilus_ws/install/nautilus_mission', 'merge_install': False, 'path': '/home/devs/NautilusSW/nautilus_ws/src/nautilus_mission', 'symlink_install': False, 'test_result_base': None}
[0.739s] INFO:colcon.colcon_core.executor:Executing jobs using 'parallel' executor
[0.741s] DEBUG:colcon.colcon_parallel_executor.executor.parallel:run_until_complete
[0.741s] INFO:colcon.colcon_ros.task.ament_cmake.build:Building ROS package in '/home/devs/NautilusSW/nautilus_ws/src/nautilus_bringup' with build type 'ament_cmake'
[0.741s] INFO:colcon.colcon_cmake.task.cmake.build:Building CMake package in '/home/devs/NautilusSW/nautilus_ws/src/nautilus_bringup'
[0.748s] INFO:colcon.colcon_core.plugin_system:Skipping extension 'colcon_core.shell.bat': Not used on non-Windows systems
[0.749s] INFO:colcon.colcon_core.shell:Skip shell extension 'powershell' for command environment: Not usable outside of PowerShell
[0.749s] DEBUG:colcon.colcon_core.shell:Skip shell extension 'dsv' for command environment
[0.757s] DEBUG:colcon.colcon_core.event_handler.log_command:Invoking command in '/home/devs/NautilusSW/nautilus_ws/build/nautilus_bringup': CMAKE_PREFIX_PATH=/opt/ros/humble /usr/bin/cmake /home/devs/NautilusSW/nautilus_ws/src/nautilus_bringup -DCMAKE_INSTALL_PREFIX=/home/devs/NautilusSW/nautilus_ws/install/nautilus_bringup
[1.551s] DEBUG:colcon.colcon_core.event_handler.log_command:Invoked command in '/home/devs/NautilusSW/nautilus_ws/build/nautilus_bringup' returned '0': CMAKE_PREFIX_PATH=/opt/ros/humble /usr/bin/cmake /home/devs/NautilusSW/nautilus_ws/src/nautilus_bringup -DCMAKE_INSTALL_PREFIX=/home/devs/NautilusSW/nautilus_ws/install/nautilus_bringup
[1.552s] DEBUG:colcon.colcon_core.event_handler.log_command:Invoking command in '/home/devs/NautilusSW/nautilus_ws/build/nautilus_bringup': CMAKE_PREFIX_PATH=/opt/ros/humble /usr/bin/cmake --build /home/devs/NautilusSW/nautilus_ws/build/nautilus_bringup -- -j4 -l4
[1.859s] DEBUG:colcon.colcon_core.event_handler.log_command:Invoked command in '/home/devs/NautilusSW/nautilus_ws/build/nautilus_bringup' returned '0': CMAKE_PREFIX_PATH=/opt/ros/humble /usr/bin/cmake --build /home/devs/NautilusSW/nautilus_ws/build/nautilus_bringup -- -j4 -l4
[1.870s] DEBUG:colcon.colcon_core.event_handler.log_command:Invoking command in '/home/devs/NautilusSW/nautilus_ws/build/nautilus_bringup': CMAKE_PREFIX_PATH=/opt/ros/humble /usr/bin/cmake --install /home/devs/NautilusSW/nautilus_ws/build/nautilus_bringup
[2.228s] Level 1:colcon.colcon_core.environment:create_environment_scripts_only(nautilus_bringup)
[2.229s] DEBUG:colcon.colcon_core.event_handler.log_command:Invoked command in '/home/devs/NautilusSW/nautilus_ws/build/nautilus_bringup' returned '0': CMAKE_PREFIX_PATH=/opt/ros/humble /usr/bin/cmake --install /home/devs/NautilusSW/nautilus_ws/build/nautilus_bringup
[2.240s] Level 1:colcon.colcon_core.environment:checking '/home/devs/NautilusSW/nautilus_ws/install/nautilus_bringup' for CMake module files
[2.240s] Level 1:colcon.colcon_core.environment:checking '/home/devs/NautilusSW/nautilus_ws/install/nautilus_bringup' for CMake config files
[2.241s] Level 1:colcon.colcon_core.shell:create_environment_hook('nautilus_bringup', 'cmake_prefix_path')
[2.241s] INFO:colcon.colcon_core.shell:Creating environment hook '/home/devs/NautilusSW/nautilus_ws/install/nautilus_bringup/share/nautilus_bringup/hook/cmake_prefix_path.ps1'
[2.241s] INFO:colcon.colcon_core.shell:Creating environment descriptor '/home/devs/NautilusSW/nautilus_ws/install/nautilus_bringup/share/nautilus_bringup/hook/cmake_prefix_path.dsv'
[2.242s] INFO:colcon.colcon_core.shell:Creating environment hook '/home/devs/NautilusSW/nautilus_ws/install/nautilus_bringup/share/nautilus_bringup/hook/cmake_prefix_path.sh'
[2.243s] Level 1:colcon.colcon_core.environment:checking '/home/devs/NautilusSW/nautilus_ws/install/nautilus_bringup/bin'
[2.243s] Level 1:colcon.colcon_core.environment:checking '/home/devs/NautilusSW/nautilus_ws/install/nautilus_bringup/lib/pkgconfig/nautilus_bringup.pc'
[2.243s] Level 1:colcon.colcon_core.environment:checking '/home/devs/NautilusSW/nautilus_ws/install/nautilus_bringup/lib/python3.10/site-packages'
[2.243s] Level 1:colcon.colcon_core.environment:checking '/home/devs/NautilusSW/nautilus_ws/install/nautilus_bringup/bin'
[2.243s] INFO:colcon.colcon_core.shell:Creating package script '/home/devs/NautilusSW/nautilus_ws/install/nautilus_bringup/share/nautilus_bringup/package.ps1'
[2.244s] INFO:colcon.colcon_core.shell:Creating package descriptor '/home/devs/NautilusSW/nautilus_ws/install/nautilus_bringup/share/nautilus_bringup/package.dsv'
[2.244s] INFO:colcon.colcon_core.shell:Creating package script '/home/devs/NautilusSW/nautilus_ws/install/nautilus_bringup/share/nautilus_bringup/package.sh'
[2.245s] INFO:colcon.colcon_core.shell:Creating package script '/home/devs/NautilusSW/nautilus_ws/install/nautilus_bringup/share/nautilus_bringup/package.bash'
[2.245s] INFO:colcon.colcon_core.shell:Creating package script '/home/devs/NautilusSW/nautilus_ws/install/nautilus_bringup/share/nautilus_bringup/package.zsh'
[2.246s] Level 1:colcon.colcon_core.environment:create_file_with_runtime_dependencies(/home/devs/NautilusSW/nautilus_ws/install/nautilus_bringup/share/colcon-core/packages/nautilus_bringup)
[2.246s] Level 1:colcon.colcon_core.environment:create_environment_scripts_only(nautilus_bringup)
[2.246s] Level 1:colcon.colcon_core.environment:checking '/home/devs/NautilusSW/nautilus_ws/install/nautilus_bringup' for CMake module files
[2.247s] Level 1:colcon.colcon_core.environment:checking '/home/devs/NautilusSW/nautilus_ws/install/nautilus_bringup' for CMake config files
[2.247s] Level 1:colcon.colcon_core.shell:create_environment_hook('nautilus_bringup', 'cmake_prefix_path')
[2.247s] INFO:colcon.colcon_core.shell:Creating environment hook '/home/devs/NautilusSW/nautilus_ws/install/nautilus_bringup/share/nautilus_bringup/hook/cmake_prefix_path.ps1'
[2.248s] INFO:colcon.colcon_core.shell:Creating environment descriptor '/home/devs/NautilusSW/nautilus_ws/install/nautilus_bringup/share/nautilus_bringup/hook/cmake_prefix_path.dsv'
[2.249s] INFO:colcon.colcon_core.shell:Creating environment hook '/home/devs/NautilusSW/nautilus_ws/install/nautilus_bringup/share/nautilus_bringup/hook/cmake_prefix_path.sh'
[2.249s] Level 1:colcon.colcon_core.environment:checking '/home/devs/NautilusSW/nautilus_ws/install/nautilus_bringup/bin'
[2.249s] Level 1:colcon.colcon_core.environment:checking '/home/devs/NautilusSW/nautilus_ws/install/nautilus_bringup/lib/pkgconfig/nautilus_bringup.pc'
[2.249s] Level 1:colcon.colcon_core.environment:checking '/home/devs/NautilusSW/nautilus_ws/install/nautilus_bringup/lib/python3.10/site-packages'
[2.250s] Level 1:colcon.colcon_core.environment:checking '/home/devs/NautilusSW/nautilus_ws/install/nautilus_bringup/bin'
[2.250s] INFO:colcon.colcon_core.shell:Creating package script '/home/devs/NautilusSW/nautilus_ws/install/nautilus_bringup/share/nautilus_bringup/package.ps1'
[2.250s] INFO:colcon.colcon_core.shell:Creating package descriptor '/home/devs/NautilusSW/nautilus_ws/install/nautilus_bringup/share/nautilus_bringup/package.dsv'
[2.251s] INFO:colcon.colcon_core.shell:Creating package script '/home/devs/NautilusSW/nautilus_ws/install/nautilus_bringup/share/nautilus_bringup/package.sh'
[2.251s] INFO:colcon.colcon_core.shell:Creating package script '/home/devs/NautilusSW/nautilus_ws/install/nautilus_bringup/share/nautilus_bringup/package.bash'
[2.252s] INFO:colcon.colcon_core.shell:Creating package script '/home/devs/NautilusSW/nautilus_ws/install/nautilus_bringup/share/nautilus_bringup/package.zsh'
[2.252s] Level 1:colcon.colcon_core.environment:create_file_with_runtime_dependencies(/home/devs/NautilusSW/nautilus_ws/install/nautilus_bringup/share/colcon-core/packages/nautilus_bringup)
[2.253s] INFO:colcon.colcon_ros.task.ament_cmake.build:Building ROS package in '/home/devs/NautilusSW/nautilus_ws/src/nautilus_sensors' with build type 'ament_cmake'
[2.253s] INFO:colcon.colcon_cmake.task.cmake.build:Building CMake package in '/home/devs/NautilusSW/nautilus_ws/src/nautilus_sensors'
[2.253s] INFO:colcon.colcon_core.shell:Skip shell extension 'powershell' for command environment: Not usable outside of PowerShell
[2.253s] DEBUG:colcon.colcon_core.shell:Skip shell extension 'dsv' for command environment
[2.263s] DEBUG:colcon.colcon_core.event_handler.log_command:Invoking command in '/home/devs/NautilusSW/nautilus_ws/build/nautilus_sensors': AMENT_PREFIX_PATH=/home/devs/NautilusSW/nautilus_ws/install/nautilus_bringup:${AMENT_PREFIX_PATH} CMAKE_PREFIX_PATH=/home/devs/NautilusSW/nautilus_ws/install/nautilus_bringup:/opt/ros/humble PYTHONPATH=/home/devs/NautilusSW/nautilus_ws/install/nautilus_bringup/local/lib/python3.10/dist-packages:${PYTHONPATH} /usr/bin/cmake /home/devs/NautilusSW/nautilus_ws/src/nautilus_sensors -DCMAKE_INSTALL_PREFIX=/home/devs/NautilusSW/nautilus_ws/install/nautilus_sensors
[3.027s] DEBUG:colcon.colcon_core.event_handler.log_command:Invoked command in '/home/devs/NautilusSW/nautilus_ws/build/nautilus_sensors' returned '0': AMENT_PREFIX_PATH=/home/devs/NautilusSW/nautilus_ws/install/nautilus_bringup:${AMENT_PREFIX_PATH} CMAKE_PREFIX_PATH=/home/devs/NautilusSW/nautilus_ws/install/nautilus_bringup:/opt/ros/humble PYTHONPATH=/home/devs/NautilusSW/nautilus_ws/install/nautilus_bringup/local/lib/python3.10/dist-packages:${PYTHONPATH} /usr/bin/cmake /home/devs/NautilusSW/nautilus_ws/src/nautilus_sensors -DCMAKE_INSTALL_PREFIX=/home/devs/NautilusSW/nautilus_ws/install/nautilus_sensors
[3.029s] DEBUG:colcon.colcon_core.event_handler.log_command:Invoking command in '/home/devs/NautilusSW/nautilus_ws/build/nautilus_sensors': AMENT_PREFIX_PATH=/home/devs/NautilusSW/nautilus_ws/install/nautilus_bringup:${AMENT_PREFIX_PATH} CMAKE_PREFIX_PATH=/home/devs/NautilusSW/nautilus_ws/install/nautilus_bringup:/opt/ros/humble PYTHONPATH=/home/devs/NautilusSW/nautilus_ws/install/nautilus_bringup/local/lib/python3.10/dist-packages:${PYTHONPATH} /usr/bin/cmake --build /home/devs/NautilusSW/nautilus_ws/build/nautilus_sensors -- -j4 -l4
[3.357s] DEBUG:colcon.colcon_core.event_handler.log_command:Invoked command in '/home/devs/NautilusSW/nautilus_ws/build/nautilus_sensors' returned '0': AMENT_PREFIX_PATH=/home/devs/NautilusSW/nautilus_ws/install/nautilus_bringup:${AMENT_PREFIX_PATH} CMAKE_PREFIX_PATH=/home/devs/NautilusSW/nautilus_ws/install/nautilus_bringup:/opt/ros/humble PYTHONPATH=/home/devs/NautilusSW/nautilus_ws/install/nautilus_bringup/local/lib/python3.10/dist-packages:${PYTHONPATH} /usr/bin/cmake --build /home/devs/NautilusSW/nautilus_ws/build/nautilus_sensors -- -j4 -l4
[3.358s] DEBUG:colcon.colcon_core.event_handler.log_command:Invoking command in '/home/devs/NautilusSW/nautilus_ws/build/nautilus_sensors': AMENT_PREFIX_PATH=/home/devs/NautilusSW/nautilus_ws/install/nautilus_bringup:${AMENT_PREFIX_PATH} CMAKE_PREFIX_PATH=/home/devs/NautilusSW/nautilus_ws/install/nautilus_bringup:/opt/ros/humble PYTHONPATH=/home/devs/NautilusSW/nautilus_ws/install/nautilus_bringup/local/lib/python3.10/dist-packages:${PYTHONPATH} /usr/bin/cmake --install /home/devs/NautilusSW/nautilus_ws/build/nautilus_sensors
[3.441s] Level 1:colcon.colcon_core.environment:create_environment_scripts_only(nautilus_sensors)
[3.441s] Level 1:colcon.colcon_core.environment:checking '/home/devs/NautilusSW/nautilus_ws/install/nautilus_sensors' for CMake module files
[3.441s] DEBUG:colcon.colcon_core.event_handler.log_command:Invoked command in '/home/devs/NautilusSW/nautilus_ws/build/nautilus_sensors' returned '0': AMENT_PREFIX_PATH=/home/devs/NautilusSW/nautilus_ws/install/nautilus_bringup:${AMENT_PREFIX_PATH} CMAKE_PREFIX_PATH=/home/devs/NautilusSW/nautilus_ws/install/nautilus_bringup:/opt/ros/humble PYTHONPATH=/home/devs/NautilusSW/nautilus_ws/install/nautilus_bringup/local/lib/python3.10/dist-packages:${PYTHONPATH} /usr/bin/cmake --install /home/devs/NautilusSW/nautilus_ws/build/nautilus_sensors
[3.442s] Level 1:colcon.colcon_core.environment:checking '/home/devs/NautilusSW/nautilus_ws/install/nautilus_sensors' for CMake config files
[3.442s] Level 1:colcon.colcon_core.shell:create_environment_hook('nautilus_sensors', 'cmake_prefix_path')
[3.442s] INFO:colcon.colcon_core.shell:Creating environment hook '/home/devs/NautilusSW/nautilus_ws/install/nautilus_sensors/share/nautilus_sensors/hook/cmake_prefix_path.ps1'
[3.442s] INFO:colcon.colcon_core.shell:Creating environment descriptor '/home/devs/NautilusSW/nautilus_ws/install/nautilus_sensors/share/nautilus_sensors/hook/cmake_prefix_path.dsv'
[3.443s] INFO:colcon.colcon_core.shell:Creating environment hook '/home/devs/NautilusSW/nautilus_ws/install/nautilus_sensors/share/nautilus_sensors/hook/cmake_prefix_path.sh'
[3.443s] Level 1:colcon.colcon_core.environment:checking '/home/devs/NautilusSW/nautilus_ws/install/nautilus_sensors/lib'
[3.443s] Level 1:colcon.colcon_core.environment:checking '/home/devs/NautilusSW/nautilus_ws/install/nautilus_sensors/bin'
[3.443s] Level 1:colcon.colcon_core.environment:checking '/home/devs/NautilusSW/nautilus_ws/install/nautilus_sensors/lib/pkgconfig/nautilus_sensors.pc'
[3.443s] Level 1:colcon.colcon_core.environment:checking '/home/devs/NautilusSW/nautilus_ws/install/nautilus_sensors/lib/python3.10/site-packages'
[3.443s] Level 1:colcon.colcon_core.environment:checking '/home/devs/NautilusSW/nautilus_ws/install/nautilus_sensors/bin'
[3.444s] INFO:colcon.colcon_core.shell:Creating package script '/home/devs/NautilusSW/nautilus_ws/install/nautilus_sensors/share/nautilus_sensors/package.ps1'
[3.444s] INFO:colcon.colcon_core.shell:Creating package descriptor '/home/devs/NautilusSW/nautilus_ws/install/nautilus_sensors/share/nautilus_sensors/package.dsv'
[3.444s] INFO:colcon.colcon_core.shell:Creating package script '/home/devs/NautilusSW/nautilus_ws/install/nautilus_sensors/share/nautilus_sensors/package.sh'
[3.445s] INFO:colcon.colcon_core.shell:Creating package script '/home/devs/NautilusSW/nautilus_ws/install/nautilus_sensors/share/nautilus_sensors/package.bash'
[3.445s] INFO:colcon.colcon_core.shell:Creating package script '/home/devs/NautilusSW/nautilus_ws/install/nautilus_sensors/share/nautilus_sensors/package.zsh'
[3.445s] Level 1:colcon.colcon_core.environment:create_file_with_runtime_dependencies(/home/devs/NautilusSW/nautilus_ws/install/nautilus_sensors/share/colcon-core/packages/nautilus_sensors)
[3.445s] Level 1:colcon.colcon_core.environment:create_environment_scripts_only(nautilus_sensors)
[3.445s] Level 1:colcon.colcon_core.environment:checking '/home/devs/NautilusSW/nautilus_ws/install/nautilus_sensors' for CMake module files
[3.446s] Level 1:colcon.colcon_core.environment:checking '/home/devs/NautilusSW/nautilus_ws/install/nautilus_sensors' for CMake config files
[3.446s] Level 1:colcon.colcon_core.shell:create_environment_hook('nautilus_sensors', 'cmake_prefix_path')
[3.446s] INFO:colcon.colcon_core.shell:Creating environment hook '/home/devs/NautilusSW/nautilus_ws/install/nautilus_sensors/share/nautilus_sensors/hook/cmake_prefix_path.ps1'
[3.446s] INFO:colcon.colcon_core.shell:Creating environment descriptor '/home/devs/NautilusSW/nautilus_ws/install/nautilus_sensors/share/nautilus_sensors/hook/cmake_prefix_path.dsv'
[3.447s] INFO:colcon.colcon_core.shell:Creating environment hook '/home/devs/NautilusSW/nautilus_ws/install/nautilus_sensors/share/nautilus_sensors/hook/cmake_prefix_path.sh'
[3.447s] Level 1:colcon.colcon_core.environment:checking '/home/devs/NautilusSW/nautilus_ws/install/nautilus_sensors/lib'
[3.448s] Level 1:colcon.colcon_core.environment:checking '/home/devs/NautilusSW/nautilus_ws/install/nautilus_sensors/bin'
[3.448s] Level 1:colcon.colcon_core.environment:checking '/home/devs/NautilusSW/nautilus_ws/install/nautilus_sensors/lib/pkgconfig/nautilus_sensors.pc'
[3.448s] Level 1:colcon.colcon_core.environment:checking '/home/devs/NautilusSW/nautilus_ws/install/nautilus_sensors/lib/python3.10/site-packages'
[3.448s] Level 1:colcon.colcon_core.environment:checking '/home/devs/NautilusSW/nautilus_ws/install/nautilus_sensors/bin'
[3.448s] INFO:colcon.colcon_core.shell:Creating package script '/home/devs/NautilusSW/nautilus_ws/install/nautilus_sensors/share/nautilus_sensors/package.ps1'
[3.449s] INFO:colcon.colcon_core.shell:Creating package descriptor '/home/devs/NautilusSW/nautilus_ws/install/nautilus_sensors/share/nautilus_sensors/package.dsv'
[3.449s] INFO:colcon.colcon_core.shell:Creating package script '/home/devs/NautilusSW/nautilus_ws/install/nautilus_sensors/share/nautilus_sensors/package.sh'
[3.450s] INFO:colcon.colcon_core.shell:Creating package script '/home/devs/NautilusSW/nautilus_ws/install/nautilus_sensors/share/nautilus_sensors/package.bash'
[3.450s] INFO:colcon.colcon_core.shell:Creating package script '/home/devs/NautilusSW/nautilus_ws/install/nautilus_sensors/share/nautilus_sensors/package.zsh'
[3.450s] Level 1:colcon.colcon_core.environment:create_file_with_runtime_dependencies(/home/devs/NautilusSW/nautilus_ws/install/nautilus_sensors/share/colcon-core/packages/nautilus_sensors)
[3.451s] INFO:colcon.colcon_ros.task.ament_cmake.build:Building ROS package in '/home/devs/NautilusSW/nautilus_ws/src/nautilus_mission' with build type 'ament_cmake'
[3.451s] INFO:colcon.colcon_cmake.task.cmake.build:Building CMake package in '/home/devs/NautilusSW/nautilus_ws/src/nautilus_mission'
[3.452s] INFO:colcon.colcon_core.shell:Skip shell extension 'powershell' for command environment: Not usable outside of PowerShell
[3.452s] DEBUG:colcon.colcon_core.shell:Skip shell extension 'dsv' for command environment
[3.461s] DEBUG:colcon.colcon_core.event_handler.log_command:Invoking command in '/home/devs/NautilusSW/nautilus_ws/build/nautilus_mission': AMENT_PREFIX_PATH=/home/devs/NautilusSW/nautilus_ws/install/nautilus_sensors:/home/devs/NautilusSW/nautilus_ws/install/nautilus_bringup:${AMENT_PREFIX_PATH} CMAKE_PREFIX_PATH=/home/devs/NautilusSW/nautilus_ws/install/nautilus_sensors:/home/devs/NautilusSW/nautilus_ws/install/nautilus_bringup:/opt/ros/humble PYTHONPATH=/home/devs/NautilusSW/nautilus_ws/install/nautilus_sensors/local/lib/python3.10/dist-packages:/home/devs/NautilusSW/nautilus_ws/install/nautilus_bringup/local/lib/python3.10/dist-packages:${PYTHONPATH} /usr/bin/cmake /home/devs/NautilusSW/nautilus_ws/src/nautilus_mission -DCMAKE_INSTALL_PREFIX=/home/devs/NautilusSW/nautilus_ws/install/nautilus_mission
[4.169s] DEBUG:colcon.colcon_core.event_handler.log_command:Invoked command in '/home/devs/NautilusSW/nautilus_ws/build/nautilus_mission' returned '0': AMENT_PREFIX_PATH=/home/devs/NautilusSW/nautilus_ws/install/nautilus_sensors:/home/devs/NautilusSW/nautilus_ws/install/nautilus_bringup:${AMENT_PREFIX_PATH} CMAKE_PREFIX_PATH=/home/devs/NautilusSW/nautilus_ws/install/nautilus_sensors:/home/devs/NautilusSW/nautilus_ws/install/nautilus_bringup:/opt/ros/humble PYTHONPATH=/home/devs/NautilusSW/nautilus_ws/install/nautilus_sensors/local/lib/python3.10/dist-packages:/home/devs/NautilusSW/nautilus_ws/install/nautilus_bringup/local/lib/python3.10/dist-packages:${PYTHONPATH} /usr/bin/cmake /home/devs/NautilusSW/nautilus_ws/src/nautilus_mission -DCMAKE_INSTALL_PREFIX=/home/devs/NautilusSW/nautilus_ws/install/nautilus_mission
[4.170s] DEBUG:colcon.colcon_core.event_handler.log_command:Invoking command in '/home/devs/NautilusSW/nautilus_ws/build/nautilus_mission': AMENT_PREFIX_PATH=/home/devs/NautilusSW/nautilus_ws/install/nautilus_sensors:/home/devs/NautilusSW/nautilus_ws/install/nautilus_bringup:${AMENT_PREFIX_PATH} CMAKE_PREFIX_PATH=/home/devs/NautilusSW/nautilus_ws/install/nautilus_sensors:/home/devs/NautilusSW/nautilus_ws/install/nautilus_bringup:/opt/ros/humble PYTHONPATH=/home/devs/NautilusSW/nautilus_ws/install/nautilus_sensors/local/lib/python3.10/dist-packages:/home/devs/NautilusSW/nautilus_ws/install/nautilus_bringup/local/lib/python3.10/dist-packages:${PYTHONPATH} /usr/bin/cmake --build /home/devs/NautilusSW/nautilus_ws/build/nautilus_mission -- -j4 -l4
[4.450s] DEBUG:colcon.colcon_core.event_handler.log_command:Invoked command in '/home/devs/NautilusSW/nautilus_ws/build/nautilus_mission' returned '0': AMENT_PREFIX_PATH=/home/devs/NautilusSW/nautilus_ws/install/nautilus_sensors:/home/devs/NautilusSW/nautilus_ws/install/nautilus_bringup:${AMENT_PREFIX_PATH} CMAKE_PREFIX_PATH=/home/devs/NautilusSW/nautilus_ws/install/nautilus_sensors:/home/devs/NautilusSW/nautilus_ws/install/nautilus_bringup:/opt/ros/humble PYTHONPATH=/home/devs/NautilusSW/nautilus_ws/install/nautilus_sensors/local/lib/python3.10/dist-packages:/home/devs/NautilusSW/nautilus_ws/install/nautilus_bringup/local/lib/python3.10/dist-packages:${PYTHONPATH} /usr/bin/cmake --build /home/devs/NautilusSW/nautilus_ws/build/nautilus_mission -- -j4 -l4
[4.453s] DEBUG:colcon.colcon_core.event_handler.log_command:Invoking command in '/home/devs/NautilusSW/nautilus_ws/build/nautilus_mission': AMENT_PREFIX_PATH=/home/devs/NautilusSW/nautilus_ws/install/nautilus_sensors:/home/devs/NautilusSW/nautilus_ws/install/nautilus_bringup:${AMENT_PREFIX_PATH} CMAKE_PREFIX_PATH=/home/devs/NautilusSW/nautilus_ws/install/nautilus_sensors:/home/devs/NautilusSW/nautilus_ws/install/nautilus_bringup:/opt/ros/humble PYTHONPATH=/home/devs/NautilusSW/nautilus_ws/install/nautilus_sensors/local/lib/python3.10/dist-packages:/home/devs/NautilusSW/nautilus_ws/install/nautilus_bringup/local/lib/python3.10/dist-packages:${PYTHONPATH} /usr/bin/cmake --install /home/devs/NautilusSW/nautilus_ws/build/nautilus_mission
[4.495s] Level 1:colcon.colcon_core.environment:create_environment_scripts_only(nautilus_mission)
[4.495s] Level 1:colcon.colcon_core.environment:checking '/home/devs/NautilusSW/nautilus_ws/install/nautilus_mission' for CMake module files
[4.496s] DEBUG:colcon.colcon_core.event_handler.log_command:Invoked command in '/home/devs/NautilusSW/nautilus_ws/build/nautilus_mission' returned '0': AMENT_PREFIX_PATH=/home/devs/NautilusSW/nautilus_ws/install/nautilus_sensors:/home/devs/NautilusSW/nautilus_ws/install/nautilus_bringup:${AMENT_PREFIX_PATH} CMAKE_PREFIX_PATH=/home/devs/NautilusSW/nautilus_ws/install/nautilus_sensors:/home/devs/NautilusSW/nautilus_ws/install/nautilus_bringup:/opt/ros/humble PYTHONPATH=/home/devs/NautilusSW/nautilus_ws/install/nautilus_sensors/local/lib/python3.10/dist-packages:/home/devs/NautilusSW/nautilus_ws/install/nautilus_bringup/local/lib/python3.10/dist-packages:${PYTHONPATH} /usr/bin/cmake --install /home/devs/NautilusSW/nautilus_ws/build/nautilus_mission
[4.496s] Level 1:colcon.colcon_core.environment:checking '/home/devs/NautilusSW/nautilus_ws/install/nautilus_mission' for CMake config files
[4.496s] Level 1:colcon.colcon_core.shell:create_environment_hook('nautilus_mission', 'cmake_prefix_path')
[4.496s] INFO:colcon.colcon_core.shell:Creating environment hook '/home/devs/NautilusSW/nautilus_ws/install/nautilus_mission/share/nautilus_mission/hook/cmake_prefix_path.ps1'
[4.497s] INFO:colcon.colcon_core.shell:Creating environment descriptor '/home/devs/NautilusSW/nautilus_ws/install/nautilus_mission/share/nautilus_mission/hook/cmake_prefix_path.dsv'
[4.497s] INFO:colcon.colcon_core.shell:Creating environment hook '/home/devs/NautilusSW/nautilus_ws/install/nautilus_mission/share/nautilus_mission/hook/cmake_prefix_path.sh'
[4.497s] Level 1:colcon.colcon_core.environment:checking '/home/devs/NautilusSW/nautilus_ws/install/nautilus_mission/lib'
[4.497s] Level 1:colcon.colcon_core.environment:checking '/home/devs/NautilusSW/nautilus_ws/install/nautilus_mission/bin'
[4.497s] Level 1:colcon.colcon_core.environment:checking '/home/devs/NautilusSW/nautilus_ws/install/nautilus_mission/lib/pkgconfig/nautilus_mission.pc'
[4.497s] Level 1:colcon.colcon_core.environment:checking '/home/devs/NautilusSW/nautilus_ws/install/nautilus_mission/lib/python3.10/site-packages'
[4.498s] Level 1:colcon.colcon_core.environment:checking '/home/devs/NautilusSW/nautilus_ws/install/nautilus_mission/bin'
[4.498s] INFO:colcon.colcon_core.shell:Creating package script '/home/devs/NautilusSW/nautilus_ws/install/nautilus_mission/share/nautilus_mission/package.ps1'
[4.498s] INFO:colcon.colcon_core.shell:Creating package descriptor '/home/devs/NautilusSW/nautilus_ws/install/nautilus_mission/share/nautilus_mission/package.dsv'
[4.499s] INFO:colcon.colcon_core.shell:Creating package script '/home/devs/NautilusSW/nautilus_ws/install/nautilus_mission/share/nautilus_mission/package.sh'
[4.499s] INFO:colcon.colcon_core.shell:Creating package script '/home/devs/NautilusSW/nautilus_ws/install/nautilus_mission/share/nautilus_mission/package.bash'
[4.499s] INFO:colcon.colcon_core.shell:Creating package script '/home/devs/NautilusSW/nautilus_ws/install/nautilus_mission/share/nautilus_mission/package.zsh'
[4.499s] Level 1:colcon.colcon_core.environment:create_file_with_runtime_dependencies(/home/devs/NautilusSW/nautilus_ws/install/nautilus_mission/share/colcon-core/packages/nautilus_mission)
[4.500s] Level 1:colcon.colcon_core.environment:create_environment_scripts_only(nautilus_mission)
[4.500s] Level 1:colcon.colcon_core.environment:checking '/home/devs/NautilusSW/nautilus_ws/install/nautilus_mission' for CMake module files
[4.500s] Level 1:colcon.colcon_core.environment:checking '/home/devs/NautilusSW/nautilus_ws/install/nautilus_mission' for CMake config files
[4.500s] Level 1:colcon.colcon_core.shell:create_environment_hook('nautilus_mission', 'cmake_prefix_path')
[4.500s] INFO:colcon.colcon_core.shell:Creating environment hook '/home/devs/NautilusSW/nautilus_ws/install/nautilus_mission/share/nautilus_mission/hook/cmake_prefix_path.ps1'
[4.500s] INFO:colcon.colcon_core.shell:Creating environment descriptor '/home/devs/NautilusSW/nautilus_ws/install/nautilus_mission/share/nautilus_mission/hook/cmake_prefix_path.dsv'
[4.501s] INFO:colcon.colcon_core.shell:Creating environment hook '/home/devs/NautilusSW/nautilus_ws/install/nautilus_mission/share/nautilus_mission/hook/cmake_prefix_path.sh'
[4.501s] Level 1:colcon.colcon_core.environment:checking '/home/devs/NautilusSW/nautilus_ws/install/nautilus_mission/lib'
[4.502s] Level 1:colcon.colcon_core.environment:checking '/home/devs/NautilusSW/nautilus_ws/install/nautilus_mission/bin'
[4.502s] Level 1:colcon.colcon_core.environment:checking '/home/devs/NautilusSW/nautilus_ws/install/nautilus_mission/lib/pkgconfig/nautilus_mission.pc'
[4.502s] Level 1:colcon.colcon_core.environment:checking '/home/devs/NautilusSW/nautilus_ws/install/nautilus_mission/lib/python3.10/site-packages'
[4.502s] Level 1:colcon.colcon_core.environment:checking '/home/devs/NautilusSW/nautilus_ws/install/nautilus_mission/bin'
[4.502s] INFO:colcon.colcon_core.shell:Creating package script '/home/devs/NautilusSW/nautilus_ws/install/nautilus_mission/share/nautilus_mission/package.ps1'
[4.502s] INFO:colcon.colcon_core.shell:Creating package descriptor '/home/devs/NautilusSW/nautilus_ws/install/nautilus_mission/share/nautilus_mission/package.dsv'
[4.503s] INFO:colcon.colcon_core.shell:Creating package script '/home/devs/NautilusSW/nautilus_ws/install/nautilus_mission/share/nautilus_mission/package.sh'
[4.503s] INFO:colcon.colcon_core.shell:Creating package script '/home/devs/NautilusSW/nautilus_ws/install/nautilus_mission/share/nautilus_mission/package.bash'
[4.504s] INFO:colcon.colcon_core.shell:Creating package script '/home/devs/NautilusSW/nautilus_ws/install/nautilus_mission/share/nautilus_mission/package.zsh'
[4.504s] Level 1:colcon.colcon_core.environment:create_file_with_runtime_dependencies(/home/devs/NautilusSW/nautilus_ws/install/nautilus_mission/share/colcon-core/packages/nautilus_mission)
[4.505s] DEBUG:colcon.colcon_parallel_executor.executor.parallel:closing loop
[4.506s] DEBUG:colcon.colcon_parallel_executor.executor.parallel:loop closed
[4.506s] DEBUG:colcon.colcon_parallel_executor.executor.parallel:run_until_complete finished with '0'
[4.506s] DEBUG:colcon.colcon_core.event_reactor:joining thread
[4.510s] INFO:colcon.colcon_core.plugin_system:Skipping extension 'colcon_notification.desktop_notification.terminal_notifier': Not used on non-Darwin systems
[4.510s] INFO:colcon.colcon_core.plugin_system:Skipping extension 'colcon_notification.desktop_notification.win32': Not used on non-Windows systems
[4.510s] INFO:colcon.colcon_notification.desktop_notification:Sending desktop notification using 'notify2'
[4.524s] DEBUG:colcon.colcon_core.event_reactor:joined thread
[4.524s] INFO:colcon.colcon_core.shell:Creating prefix script '/home/devs/NautilusSW/nautilus_ws/install/local_setup.ps1'
[4.525s] INFO:colcon.colcon_core.shell:Creating prefix util module '/home/devs/NautilusSW/nautilus_ws/install/_local_setup_util_ps1.py'
[4.526s] INFO:colcon.colcon_core.shell:Creating prefix chain script '/home/devs/NautilusSW/nautilus_ws/install/setup.ps1'
[4.526s] INFO:colcon.colcon_core.shell:Creating prefix script '/home/devs/NautilusSW/nautilus_ws/install/local_setup.sh'
[4.526s] INFO:colcon.colcon_core.shell:Creating prefix util module '/home/devs/NautilusSW/nautilus_ws/install/_local_setup_util_sh.py'
[4.527s] INFO:colcon.colcon_core.shell:Creating prefix chain script '/home/devs/NautilusSW/nautilus_ws/install/setup.sh'
[4.527s] INFO:colcon.colcon_core.shell:Creating prefix script '/home/devs/NautilusSW/nautilus_ws/install/local_setup.bash'
[4.527s] INFO:colcon.colcon_core.shell:Creating prefix chain script '/home/devs/NautilusSW/nautilus_ws/install/setup.bash'
[4.528s] INFO:colcon.colcon_core.shell:Creating prefix script '/home/devs/NautilusSW/nautilus_ws/install/local_setup.zsh'
[4.528s] INFO:colcon.colcon_core.shell:Creating prefix chain script '/home/devs/NautilusSW/nautilus_ws/install/setup.zsh'
