[0.011s] Invoking command in '/home/devs/NautilusSW/nautilus_ws/build/nautilus_sensors': CMAKE_PREFIX_PATH=/home/devs/NautilusSW/nautilus_ws/install/nautilus_bringup:/home/devs/ardu_ws/install/test_ros_gz_bridge:/home/devs/ardu_ws/install/ros_ign:/home/devs/ardu_ws/install/ros_ign_gazebo_demos:/home/devs/ardu_ws/install/ros_gz:/home/devs/ardu_ws/install/ros_gz_sim_demos:/home/devs/ardu_ws/install/ardupilot_gz_bringup:/home/devs/ardu_ws/install/sdformat_urdf:/home/devs/ardu_ws/install/sdformat_test_files:/home/devs/ardu_ws/install/ros_ign_interfaces:/home/devs/ardu_ws/install/ros_ign_image:/home/devs/ardu_ws/install/ros_ign_gazebo:/home/devs/ardu_ws/install/ros_ign_bridge:/home/devs/ardu_ws/install/ros_gz_sim:/home/devs/ardu_ws/install/ros_gz_image:/home/devs/ardu_ws/install/ros_gz_bridge:/home/devs/ardu_ws/install/ros_gz_interfaces:/home/devs/ardu_ws/install/ardupilot_sitl:/home/devs/ardu_ws/install/micro_ros_agent:/home/devs/ardu_ws/install/ardupilot_sitl_models:/home/devs/ardu_ws/install/ardupilot_msgs:/home/devs/ardu_ws/install/ardupilot_gz_gazebo:/home/devs/ardu_ws/install/ardupilot_gz_description:/home/devs/ardu_ws/install/ardupilot_gz_application:/home/devs/ardu_ws/install/ardupilot_gazebo:/home/devs/NautilusSW/nautilus_ws/install/nautilus_mission:/home/devs/NautilusSW/nautilus_ws/install/nautilus_sensors:/home/devs/ardu_ws/install/ardupilot_dds_tests:/opt/ros/humble /usr/bin/cmake --build /home/devs/NautilusSW/nautilus_ws/build/nautilus_sensors -- -j4 -l4
[0.071s] Built target ament_cmake_python_copy_DVL
[0.082s] Built target ament_cmake_python_copy_vision
[0.210s] running egg_info
[0.220s] writing DVL.egg-info/PKG-INFO
[0.220s] running egg_info
[0.221s] writing dependency_links to DVL.egg-info/dependency_links.txt
[0.221s] writing top-level names to DVL.egg-info/top_level.txt
[0.231s] writing vision.egg-info/PKG-INFO
[0.231s] writing dependency_links to vision.egg-info/dependency_links.txt
[0.232s] writing top-level names to vision.egg-info/top_level.txt
[0.248s] reading manifest file 'DVL.egg-info/SOURCES.txt'
[0.248s] writing manifest file 'DVL.egg-info/SOURCES.txt'
[0.258s] reading manifest file 'vision.egg-info/SOURCES.txt'
[0.259s] writing manifest file 'vision.egg-info/SOURCES.txt'
[0.273s] Built target ament_cmake_python_build_DVL_egg
[0.287s] Built target ament_cmake_python_build_vision_egg
[0.299s] Invoked command in '/home/devs/NautilusSW/nautilus_ws/build/nautilus_sensors' returned '0': CMAKE_PREFIX_PATH=/home/devs/NautilusSW/nautilus_ws/install/nautilus_bringup:/home/devs/ardu_ws/install/test_ros_gz_bridge:/home/devs/ardu_ws/install/ros_ign:/home/devs/ardu_ws/install/ros_ign_gazebo_demos:/home/devs/ardu_ws/install/ros_gz:/home/devs/ardu_ws/install/ros_gz_sim_demos:/home/devs/ardu_ws/install/ardupilot_gz_bringup:/home/devs/ardu_ws/install/sdformat_urdf:/home/devs/ardu_ws/install/sdformat_test_files:/home/devs/ardu_ws/install/ros_ign_interfaces:/home/devs/ardu_ws/install/ros_ign_image:/home/devs/ardu_ws/install/ros_ign_gazebo:/home/devs/ardu_ws/install/ros_ign_bridge:/home/devs/ardu_ws/install/ros_gz_sim:/home/devs/ardu_ws/install/ros_gz_image:/home/devs/ardu_ws/install/ros_gz_bridge:/home/devs/ardu_ws/install/ros_gz_interfaces:/home/devs/ardu_ws/install/ardupilot_sitl:/home/devs/ardu_ws/install/micro_ros_agent:/home/devs/ardu_ws/install/ardupilot_sitl_models:/home/devs/ardu_ws/install/ardupilot_msgs:/home/devs/ardu_ws/install/ardupilot_gz_gazebo:/home/devs/ardu_ws/install/ardupilot_gz_description:/home/devs/ardu_ws/install/ardupilot_gz_application:/home/devs/ardu_ws/install/ardupilot_gazebo:/home/devs/NautilusSW/nautilus_ws/install/nautilus_mission:/home/devs/NautilusSW/nautilus_ws/install/nautilus_sensors:/home/devs/ardu_ws/install/ardupilot_dds_tests:/opt/ros/humble /usr/bin/cmake --build /home/devs/NautilusSW/nautilus_ws/build/nautilus_sensors -- -j4 -l4
[0.301s] Invoking command in '/home/devs/NautilusSW/nautilus_ws/build/nautilus_sensors': CMAKE_PREFIX_PATH=/home/devs/NautilusSW/nautilus_ws/install/nautilus_bringup:/home/devs/ardu_ws/install/test_ros_gz_bridge:/home/devs/ardu_ws/install/ros_ign:/home/devs/ardu_ws/install/ros_ign_gazebo_demos:/home/devs/ardu_ws/install/ros_gz:/home/devs/ardu_ws/install/ros_gz_sim_demos:/home/devs/ardu_ws/install/ardupilot_gz_bringup:/home/devs/ardu_ws/install/sdformat_urdf:/home/devs/ardu_ws/install/sdformat_test_files:/home/devs/ardu_ws/install/ros_ign_interfaces:/home/devs/ardu_ws/install/ros_ign_image:/home/devs/ardu_ws/install/ros_ign_gazebo:/home/devs/ardu_ws/install/ros_ign_bridge:/home/devs/ardu_ws/install/ros_gz_sim:/home/devs/ardu_ws/install/ros_gz_image:/home/devs/ardu_ws/install/ros_gz_bridge:/home/devs/ardu_ws/install/ros_gz_interfaces:/home/devs/ardu_ws/install/ardupilot_sitl:/home/devs/ardu_ws/install/micro_ros_agent:/home/devs/ardu_ws/install/ardupilot_sitl_models:/home/devs/ardu_ws/install/ardupilot_msgs:/home/devs/ardu_ws/install/ardupilot_gz_gazebo:/home/devs/ardu_ws/install/ardupilot_gz_description:/home/devs/ardu_ws/install/ardupilot_gz_application:/home/devs/ardu_ws/install/ardupilot_gazebo:/home/devs/NautilusSW/nautilus_ws/install/nautilus_mission:/home/devs/NautilusSW/nautilus_ws/install/nautilus_sensors:/home/devs/ardu_ws/install/ardupilot_dds_tests:/opt/ros/humble /usr/bin/cmake --install /home/devs/NautilusSW/nautilus_ws/build/nautilus_sensors
[0.308s] -- Install configuration: ""
[0.309s] -- Up-to-date: /home/devs/NautilusSW/nautilus_ws/install/nautilus_sensors/share/nautilus_sensors/environment/pythonpath.sh
[0.309s] -- Up-to-date: /home/devs/NautilusSW/nautilus_ws/install/nautilus_sensors/share/nautilus_sensors/environment/pythonpath.dsv
[0.309s] -- Up-to-date: /home/devs/NautilusSW/nautilus_ws/install/nautilus_sensors/local/lib/python3.10/dist-packages/DVL-0.0.0-py3.10.egg-info
[0.309s] -- Installing: /home/devs/NautilusSW/nautilus_ws/install/nautilus_sensors/local/lib/python3.10/dist-packages/DVL-0.0.0-py3.10.egg-info/top_level.txt
[0.309s] -- Installing: /home/devs/NautilusSW/nautilus_ws/install/nautilus_sensors/local/lib/python3.10/dist-packages/DVL-0.0.0-py3.10.egg-info/dependency_links.txt
[0.309s] -- Installing: /home/devs/NautilusSW/nautilus_ws/install/nautilus_sensors/local/lib/python3.10/dist-packages/DVL-0.0.0-py3.10.egg-info/PKG-INFO
[0.309s] -- Installing: /home/devs/NautilusSW/nautilus_ws/install/nautilus_sensors/local/lib/python3.10/dist-packages/DVL-0.0.0-py3.10.egg-info/SOURCES.txt
[0.309s] -- Up-to-date: /home/devs/NautilusSW/nautilus_ws/install/nautilus_sensors/local/lib/python3.10/dist-packages/DVL
[0.309s] -- Up-to-date: /home/devs/NautilusSW/nautilus_ws/install/nautilus_sensors/local/lib/python3.10/dist-packages/DVL/README.md
[0.309s] -- Up-to-date: /home/devs/NautilusSW/nautilus_ws/install/nautilus_sensors/local/lib/python3.10/dist-packages/DVL/__init__.py
[0.309s] -- Up-to-date: /home/devs/NautilusSW/nautilus_ws/install/nautilus_sensors/local/lib/python3.10/dist-packages/DVL/dvl_sensor_node.py
[0.309s] -- Up-to-date: /home/devs/NautilusSW/nautilus_ws/install/nautilus_sensors/local/lib/python3.10/dist-packages/DVL/fake_dvl.py
[0.333s] Listing '/home/devs/NautilusSW/nautilus_ws/install/nautilus_sensors/local/lib/python3.10/dist-packages/DVL'...
[0.337s] -- Up-to-date: /home/devs/NautilusSW/nautilus_ws/install/nautilus_sensors/local/lib/python3.10/dist-packages/vision-0.0.0-py3.10.egg-info
[0.337s] -- Installing: /home/devs/NautilusSW/nautilus_ws/install/nautilus_sensors/local/lib/python3.10/dist-packages/vision-0.0.0-py3.10.egg-info/top_level.txt
[0.337s] -- Installing: /home/devs/NautilusSW/nautilus_ws/install/nautilus_sensors/local/lib/python3.10/dist-packages/vision-0.0.0-py3.10.egg-info/dependency_links.txt
[0.337s] -- Installing: /home/devs/NautilusSW/nautilus_ws/install/nautilus_sensors/local/lib/python3.10/dist-packages/vision-0.0.0-py3.10.egg-info/PKG-INFO
[0.337s] -- Installing: /home/devs/NautilusSW/nautilus_ws/install/nautilus_sensors/local/lib/python3.10/dist-packages/vision-0.0.0-py3.10.egg-info/SOURCES.txt
[0.337s] -- Up-to-date: /home/devs/NautilusSW/nautilus_ws/install/nautilus_sensors/local/lib/python3.10/dist-packages/vision
[0.337s] -- Up-to-date: /home/devs/NautilusSW/nautilus_ws/install/nautilus_sensors/local/lib/python3.10/dist-packages/vision/save_stream_depthRGB.py
[0.337s] -- Up-to-date: /home/devs/NautilusSW/nautilus_ws/install/nautilus_sensors/local/lib/python3.10/dist-packages/vision/__init__.py
[0.337s] -- Up-to-date: /home/devs/NautilusSW/nautilus_ws/install/nautilus_sensors/local/lib/python3.10/dist-packages/vision/stream_pure.py
[0.337s] -- Up-to-date: /home/devs/NautilusSW/nautilus_ws/install/nautilus_sensors/local/lib/python3.10/dist-packages/vision/yolo_models
[0.337s] -- Up-to-date: /home/devs/NautilusSW/nautilus_ws/install/nautilus_sensors/local/lib/python3.10/dist-packages/vision/yolo_models/best.pt
[0.337s] -- Up-to-date: /home/devs/NautilusSW/nautilus_ws/install/nautilus_sensors/local/lib/python3.10/dist-packages/vision/yolo_models/model_sim.pt
[0.337s] -- Up-to-date: /home/devs/NautilusSW/nautilus_ws/install/nautilus_sensors/local/lib/python3.10/dist-packages/vision/yolo_vision.py
[0.361s] Listing '/home/devs/NautilusSW/nautilus_ws/install/nautilus_sensors/local/lib/python3.10/dist-packages/vision'...
[0.361s] Listing '/home/devs/NautilusSW/nautilus_ws/install/nautilus_sensors/local/lib/python3.10/dist-packages/vision/yolo_models'...
[0.365s] -- Up-to-date: /home/devs/NautilusSW/nautilus_ws/install/nautilus_sensors/lib/nautilus_sensors/fake_dvl
[0.365s] -- Up-to-date: /home/devs/NautilusSW/nautilus_ws/install/nautilus_sensors/lib/nautilus_sensors/dvl_sensor_node
[0.365s] -- Up-to-date: /home/devs/NautilusSW/nautilus_ws/install/nautilus_sensors/lib/nautilus_sensors/yolo_vision
[0.365s] -- Up-to-date: /home/devs/NautilusSW/nautilus_ws/install/nautilus_sensors/share/nautilus_sensors/DVl
[0.365s] -- Up-to-date: /home/devs/NautilusSW/nautilus_ws/install/nautilus_sensors/share/nautilus_sensors/DVl/README.md
[0.365s] -- Up-to-date: /home/devs/NautilusSW/nautilus_ws/install/nautilus_sensors/share/nautilus_sensors/DVl/__init__.py
[0.365s] -- Up-to-date: /home/devs/NautilusSW/nautilus_ws/install/nautilus_sensors/share/nautilus_sensors/DVl/dvl_sensor_node.py
[0.365s] -- Up-to-date: /home/devs/NautilusSW/nautilus_ws/install/nautilus_sensors/share/nautilus_sensors/DVl/fake_dvl.py
[0.365s] -- Up-to-date: /home/devs/NautilusSW/nautilus_ws/install/nautilus_sensors/share/nautilus_sensors/vision
[0.366s] -- Up-to-date: /home/devs/NautilusSW/nautilus_ws/install/nautilus_sensors/share/nautilus_sensors/vision/save_stream_depthRGB.py
[0.366s] -- Up-to-date: /home/devs/NautilusSW/nautilus_ws/install/nautilus_sensors/share/nautilus_sensors/vision/__init__.py
[0.366s] -- Up-to-date: /home/devs/NautilusSW/nautilus_ws/install/nautilus_sensors/share/nautilus_sensors/vision/stream_pure.py
[0.366s] -- Up-to-date: /home/devs/NautilusSW/nautilus_ws/install/nautilus_sensors/share/nautilus_sensors/vision/yolo_models
[0.366s] -- Up-to-date: /home/devs/NautilusSW/nautilus_ws/install/nautilus_sensors/share/nautilus_sensors/vision/yolo_models/best.pt
[0.366s] -- Up-to-date: /home/devs/NautilusSW/nautilus_ws/install/nautilus_sensors/share/nautilus_sensors/vision/yolo_models/model_sim.pt
[0.366s] -- Up-to-date: /home/devs/NautilusSW/nautilus_ws/install/nautilus_sensors/share/nautilus_sensors/vision/yolo_vision.py
[0.366s] -- Up-to-date: /home/devs/NautilusSW/nautilus_ws/install/nautilus_sensors/share/nautilus_sensors/package.xml
[0.366s] -- Up-to-date: /home/devs/NautilusSW/nautilus_ws/install/nautilus_sensors/share/ament_index/resource_index/package_run_dependencies/nautilus_sensors
[0.366s] -- Up-to-date: /home/devs/NautilusSW/nautilus_ws/install/nautilus_sensors/share/ament_index/resource_index/parent_prefix_path/nautilus_sensors
[0.366s] -- Up-to-date: /home/devs/NautilusSW/nautilus_ws/install/nautilus_sensors/share/nautilus_sensors/environment/ament_prefix_path.sh
[0.366s] -- Up-to-date: /home/devs/NautilusSW/nautilus_ws/install/nautilus_sensors/share/nautilus_sensors/environment/ament_prefix_path.dsv
[0.366s] -- Up-to-date: /home/devs/NautilusSW/nautilus_ws/install/nautilus_sensors/share/nautilus_sensors/environment/path.sh
[0.366s] -- Up-to-date: /home/devs/NautilusSW/nautilus_ws/install/nautilus_sensors/share/nautilus_sensors/environment/path.dsv
[0.366s] -- Up-to-date: /home/devs/NautilusSW/nautilus_ws/install/nautilus_sensors/share/nautilus_sensors/local_setup.bash
[0.366s] -- Up-to-date: /home/devs/NautilusSW/nautilus_ws/install/nautilus_sensors/share/nautilus_sensors/local_setup.sh
[0.366s] -- Up-to-date: /home/devs/NautilusSW/nautilus_ws/install/nautilus_sensors/share/nautilus_sensors/local_setup.zsh
[0.366s] -- Up-to-date: /home/devs/NautilusSW/nautilus_ws/install/nautilus_sensors/share/nautilus_sensors/local_setup.dsv
[0.366s] -- Up-to-date: /home/devs/NautilusSW/nautilus_ws/install/nautilus_sensors/share/nautilus_sensors/package.dsv
[0.367s] -- Up-to-date: /home/devs/NautilusSW/nautilus_ws/install/nautilus_sensors/share/ament_index/resource_index/packages/nautilus_sensors
[0.367s] -- Up-to-date: /home/devs/NautilusSW/nautilus_ws/install/nautilus_sensors/share/nautilus_sensors/cmake/nautilus_sensorsConfig.cmake
[0.367s] -- Up-to-date: /home/devs/NautilusSW/nautilus_ws/install/nautilus_sensors/share/nautilus_sensors/cmake/nautilus_sensorsConfig-version.cmake
[0.367s] -- Up-to-date: /home/devs/NautilusSW/nautilus_ws/install/nautilus_sensors/share/nautilus_sensors/package.xml
[0.368s] Invoked command in '/home/devs/NautilusSW/nautilus_ws/build/nautilus_sensors' returned '0': CMAKE_PREFIX_PATH=/home/devs/NautilusSW/nautilus_ws/install/nautilus_bringup:/home/devs/ardu_ws/install/test_ros_gz_bridge:/home/devs/ardu_ws/install/ros_ign:/home/devs/ardu_ws/install/ros_ign_gazebo_demos:/home/devs/ardu_ws/install/ros_gz:/home/devs/ardu_ws/install/ros_gz_sim_demos:/home/devs/ardu_ws/install/ardupilot_gz_bringup:/home/devs/ardu_ws/install/sdformat_urdf:/home/devs/ardu_ws/install/sdformat_test_files:/home/devs/ardu_ws/install/ros_ign_interfaces:/home/devs/ardu_ws/install/ros_ign_image:/home/devs/ardu_ws/install/ros_ign_gazebo:/home/devs/ardu_ws/install/ros_ign_bridge:/home/devs/ardu_ws/install/ros_gz_sim:/home/devs/ardu_ws/install/ros_gz_image:/home/devs/ardu_ws/install/ros_gz_bridge:/home/devs/ardu_ws/install/ros_gz_interfaces:/home/devs/ardu_ws/install/ardupilot_sitl:/home/devs/ardu_ws/install/micro_ros_agent:/home/devs/ardu_ws/install/ardupilot_sitl_models:/home/devs/ardu_ws/install/ardupilot_msgs:/home/devs/ardu_ws/install/ardupilot_gz_gazebo:/home/devs/ardu_ws/install/ardupilot_gz_description:/home/devs/ardu_ws/install/ardupilot_gz_application:/home/devs/ardu_ws/install/ardupilot_gazebo:/home/devs/NautilusSW/nautilus_ws/install/nautilus_mission:/home/devs/NautilusSW/nautilus_ws/install/nautilus_sensors:/home/devs/ardu_ws/install/ardupilot_dds_tests:/opt/ros/humble /usr/bin/cmake --install /home/devs/NautilusSW/nautilus_ws/build/nautilus_sensors
