[2.283s] Invoking command in '/home/xavier/ros2_ws/build/submarine_sim': PYTHONPATH=/home/xavier/ros2_ws/build/submarine_sim/prefix_override:/usr/lib/python3/dist-packages/colcon_core/task/python/colcon_distutils_commands:/home/xavier/ros2_ws/install/submarine_sim/lib/python3.10/site-packages:${PYTHONPATH} /usr/bin/python3 -W ignore:setup.py install is deprecated -W ignore:easy_install command is deprecated setup.py develop --uninstall --editable --build-directory /home/xavier/ros2_ws/build/submarine_sim/build
[3.340s] running develop
[3.708s] Removing /home/xavier/ros2_ws/install/submarine_sim/lib/python3.10/site-packages/submarine-sim.egg-link (link to .)
[3.772s] Invoked command in '/home/xavier/ros2_ws/build/submarine_sim' returned '0': PYTHONPATH=/home/xavier/ros2_ws/build/submarine_sim/prefix_override:/usr/lib/python3/dist-packages/colcon_core/task/python/colcon_distutils_commands:/home/xavier/ros2_ws/install/submarine_sim/lib/python3.10/site-packages:${PYTHONPATH} /usr/bin/python3 -W ignore:setup.py install is deprecated -W ignore:easy_install command is deprecated setup.py develop --uninstall --editable --build-directory /home/xavier/ros2_ws/build/submarine_sim/build
[3.780s] Invoking command in '/home/xavier/ros2_ws/src/submarine_sim': PYTHONPATH=/home/xavier/ros2_ws/build/submarine_sim/prefix_override:/usr/lib/python3/dist-packages/colcon_core/task/python/colcon_distutils_commands:/home/xavier/ros2_ws/install/submarine_sim/lib/python3.10/site-packages:${PYTHONPATH} /usr/bin/python3 -W ignore:setup.py install is deprecated -W ignore:easy_install command is deprecated setup.py egg_info --egg-base ../../build/submarine_sim build --build-base /home/xavier/ros2_ws/build/submarine_sim/build install --record /home/xavier/ros2_ws/build/submarine_sim/install.log --single-version-externally-managed install_data --force
[4.623s] running egg_info
[4.626s] writing ../../build/submarine_sim/submarine_sim.egg-info/PKG-INFO
[4.631s] writing dependency_links to ../../build/submarine_sim/submarine_sim.egg-info/dependency_links.txt
[4.631s] writing entry points to ../../build/submarine_sim/submarine_sim.egg-info/entry_points.txt
[4.631s] writing requirements to ../../build/submarine_sim/submarine_sim.egg-info/requires.txt
[4.632s] writing top-level names to ../../build/submarine_sim/submarine_sim.egg-info/top_level.txt
[4.641s] reading manifest file '../../build/submarine_sim/submarine_sim.egg-info/SOURCES.txt'
[4.643s] writing manifest file '../../build/submarine_sim/submarine_sim.egg-info/SOURCES.txt'
[4.643s] running build
[4.643s] running build_py
[4.643s] creating /home/xavier/ros2_ws/build/submarine_sim/build
[4.644s] creating /home/xavier/ros2_ws/build/submarine_sim/build/lib
[4.644s] creating /home/xavier/ros2_ws/build/submarine_sim/build/lib/submarine_sim
[4.645s] copying submarine_sim/gui_sensor_display.py -> /home/xavier/ros2_ws/build/submarine_sim/build/lib/submarine_sim
[4.647s] copying submarine_sim/sensor_publisher.py -> /home/xavier/ros2_ws/build/submarine_sim/build/lib/submarine_sim
[4.648s] copying submarine_sim/__init__.py -> /home/xavier/ros2_ws/build/submarine_sim/build/lib/submarine_sim
[4.649s] running install
[4.649s] running install_lib
[4.653s] creating /home/xavier/ros2_ws/install/submarine_sim/lib/python3.10/site-packages/submarine_sim
[4.654s] copying /home/xavier/ros2_ws/build/submarine_sim/build/lib/submarine_sim/gui_sensor_display.py -> /home/xavier/ros2_ws/install/submarine_sim/lib/python3.10/site-packages/submarine_sim
[4.654s] copying /home/xavier/ros2_ws/build/submarine_sim/build/lib/submarine_sim/sensor_publisher.py -> /home/xavier/ros2_ws/install/submarine_sim/lib/python3.10/site-packages/submarine_sim
[4.654s] copying /home/xavier/ros2_ws/build/submarine_sim/build/lib/submarine_sim/__init__.py -> /home/xavier/ros2_ws/install/submarine_sim/lib/python3.10/site-packages/submarine_sim
[4.660s] byte-compiling /home/xavier/ros2_ws/install/submarine_sim/lib/python3.10/site-packages/submarine_sim/gui_sensor_display.py to gui_sensor_display.cpython-310.pyc
[4.663s] byte-compiling /home/xavier/ros2_ws/install/submarine_sim/lib/python3.10/site-packages/submarine_sim/sensor_publisher.py to sensor_publisher.cpython-310.pyc
[4.665s] byte-compiling /home/xavier/ros2_ws/install/submarine_sim/lib/python3.10/site-packages/submarine_sim/__init__.py to __init__.cpython-310.pyc
[4.670s] running install_data
[4.670s] copying package.xml -> /home/xavier/ros2_ws/install/submarine_sim/share/submarine_sim
[4.673s] running install_egg_info
[4.676s] Copying ../../build/submarine_sim/submarine_sim.egg-info to /home/xavier/ros2_ws/install/submarine_sim/lib/python3.10/site-packages/submarine_sim-0.0.0-py3.10.egg-info
[4.680s] running install_scripts
[4.737s] Installing gui_sensor_display script to /home/xavier/ros2_ws/install/submarine_sim/lib/submarine_sim
[4.738s] Installing sensor_publisher script to /home/xavier/ros2_ws/install/submarine_sim/lib/submarine_sim
[4.739s] writing list of installed files to '/home/xavier/ros2_ws/build/submarine_sim/install.log'
[4.774s] Invoked command in '/home/xavier/ros2_ws/src/submarine_sim' returned '0': PYTHONPATH=/home/xavier/ros2_ws/build/submarine_sim/prefix_override:/usr/lib/python3/dist-packages/colcon_core/task/python/colcon_distutils_commands:/home/xavier/ros2_ws/install/submarine_sim/lib/python3.10/site-packages:${PYTHONPATH} /usr/bin/python3 -W ignore:setup.py install is deprecated -W ignore:easy_install command is deprecated setup.py egg_info --egg-base ../../build/submarine_sim build --build-base /home/xavier/ros2_ws/build/submarine_sim/build install --record /home/xavier/ros2_ws/build/submarine_sim/install.log --single-version-externally-managed install_data --force
