[0.124s] DEBUG:colcon:Command line arguments: ['/usr/bin/colcon', 'build', '--packages-select', 'mavlink_bridge']
[0.124s] DEBUG:colcon:Parsed command line arguments: Namespace(log_base=None, log_level=None, verb_name='build', build_base='build', install_base='install', merge_install=False, symlink_install=False, test_result_base=None, continue_on_error=False, executor='parallel', parallel_workers=4, event_handlers=None, ignore_user_meta=False, metas=['./colcon.meta'], base_paths=['.'], packages_ignore=None, packages_ignore_regex=None, paths=None, packages_up_to=None, packages_up_to_regex=None, packages_above=None, packages_above_and_dependencies=None, packages_above_depth=None, packages_select_by_dep=None, packages_skip_by_dep=None, packages_skip_up_to=None, packages_select_build_failed=False, packages_skip_build_finished=False, packages_select_test_failures=False, packages_skip_test_passed=False, packages_select=['mavlink_bridge'], packages_skip=None, packages_select_regex=None, packages_skip_regex=None, packages_start=None, packages_end=None, allow_overriding=[], cmake_args=None, cmake_target=None, cmake_target_skip_unavailable=False, cmake_clean_cache=False, cmake_clean_first=False, cmake_force_configure=False, ament_cmake_args=None, catkin_cmake_args=None, catkin_skip_building_tests=False, mixin_files=None, mixin=None, verb_parser=<colcon_mixin.mixin.mixin_argument.MixinArgumentDecorator object at 0x782d5ff5f1c0>, verb_extension=<colcon_core.verb.build.BuildVerb object at 0x782d5ff5e800>, main=<bound method BuildVerb.main of <colcon_core.verb.build.BuildVerb object at 0x782d5ff5e800>>, mixin_verb=('build',))
[0.163s] Level 1:colcon.colcon_core.package_discovery:discover_packages(colcon_meta) check parameters
[0.164s] Level 1:colcon.colcon_core.package_discovery:discover_packages(recursive) check parameters
[0.164s] Level 1:colcon.colcon_core.package_discovery:discover_packages(ignore) check parameters
[0.164s] Level 1:colcon.colcon_core.package_discovery:discover_packages(path) check parameters
[0.164s] Level 1:colcon.colcon_core.package_discovery:discover_packages(colcon_meta) discover
[0.164s] Level 1:colcon.colcon_core.package_discovery:discover_packages(recursive) discover
[0.164s] INFO:colcon.colcon_core.package_discovery:Crawling recursively for packages in '/home/devs/NautilusSW/nautilus_ws'
[0.164s] Level 1:colcon.colcon_core.package_identification:_identify(.) by extensions ['ignore', 'ignore_ament_install']
[0.164s] Level 1:colcon.colcon_core.package_identification:_identify(.) by extension 'ignore'
[0.164s] Level 1:colcon.colcon_core.package_identification:_identify(.) by extension 'ignore_ament_install'
[0.164s] Level 1:colcon.colcon_core.package_identification:_identify(.) by extensions ['colcon_pkg']
[0.164s] Level 1:colcon.colcon_core.package_identification:_identify(.) by extension 'colcon_pkg'
[0.164s] Level 1:colcon.colcon_core.package_identification:_identify(.) by extensions ['colcon_meta']
[0.164s] Level 1:colcon.colcon_core.package_identification:_identify(.) by extension 'colcon_meta'
[0.164s] Level 1:colcon.colcon_core.package_identification:_identify(.) by extensions ['ros']
[0.164s] Level 1:colcon.colcon_core.package_identification:_identify(.) by extension 'ros'
[0.180s] Level 1:colcon.colcon_core.package_identification:_identify(.) by extensions ['cmake', 'python']
[0.180s] Level 1:colcon.colcon_core.package_identification:_identify(.) by extension 'cmake'
[0.180s] Level 1:colcon.colcon_core.package_identification:_identify(.) by extension 'python'
[0.180s] Level 1:colcon.colcon_core.package_identification:_identify(.) by extensions ['python_setup_py']
[0.180s] Level 1:colcon.colcon_core.package_identification:_identify(.) by extension 'python_setup_py'
[0.180s] Level 1:colcon.colcon_core.package_identification:_identify(build) by extensions ['ignore', 'ignore_ament_install']
[0.180s] Level 1:colcon.colcon_core.package_identification:_identify(build) by extension 'ignore'
[0.180s] Level 1:colcon.colcon_core.package_identification:_identify(build) ignored
[0.181s] Level 1:colcon.colcon_core.package_identification:_identify(install) by extensions ['ignore', 'ignore_ament_install']
[0.181s] Level 1:colcon.colcon_core.package_identification:_identify(install) by extension 'ignore'
[0.181s] Level 1:colcon.colcon_core.package_identification:_identify(install) ignored
[0.181s] Level 1:colcon.colcon_core.package_identification:_identify(log) by extensions ['ignore', 'ignore_ament_install']
[0.181s] Level 1:colcon.colcon_core.package_identification:_identify(log) by extension 'ignore'
[0.181s] Level 1:colcon.colcon_core.package_identification:_identify(log) ignored
[0.181s] Level 1:colcon.colcon_core.package_identification:_identify(sim_artifacts) by extensions ['ignore', 'ignore_ament_install']
[0.181s] Level 1:colcon.colcon_core.package_identification:_identify(sim_artifacts) by extension 'ignore'
[0.181s] Level 1:colcon.colcon_core.package_identification:_identify(sim_artifacts) by extension 'ignore_ament_install'
[0.182s] Level 1:colcon.colcon_core.package_identification:_identify(sim_artifacts) by extensions ['colcon_pkg']
[0.182s] Level 1:colcon.colcon_core.package_identification:_identify(sim_artifacts) by extension 'colcon_pkg'
[0.182s] Level 1:colcon.colcon_core.package_identification:_identify(sim_artifacts) by extensions ['colcon_meta']
[0.182s] Level 1:colcon.colcon_core.package_identification:_identify(sim_artifacts) by extension 'colcon_meta'
[0.182s] Level 1:colcon.colcon_core.package_identification:_identify(sim_artifacts) by extensions ['ros']
[0.182s] Level 1:colcon.colcon_core.package_identification:_identify(sim_artifacts) by extension 'ros'
[0.182s] Level 1:colcon.colcon_core.package_identification:_identify(sim_artifacts) by extensions ['cmake', 'python']
[0.182s] Level 1:colcon.colcon_core.package_identification:_identify(sim_artifacts) by extension 'cmake'
[0.182s] Level 1:colcon.colcon_core.package_identification:_identify(sim_artifacts) by extension 'python'
[0.182s] Level 1:colcon.colcon_core.package_identification:_identify(sim_artifacts) by extensions ['python_setup_py']
[0.182s] Level 1:colcon.colcon_core.package_identification:_identify(sim_artifacts) by extension 'python_setup_py'
[0.182s] Level 1:colcon.colcon_core.package_identification:_identify(sim_artifacts/logs) by extensions ['ignore', 'ignore_ament_install']
[0.182s] Level 1:colcon.colcon_core.package_identification:_identify(sim_artifacts/logs) by extension 'ignore'
[0.182s] Level 1:colcon.colcon_core.package_identification:_identify(sim_artifacts/logs) by extension 'ignore_ament_install'
[0.182s] Level 1:colcon.colcon_core.package_identification:_identify(sim_artifacts/logs) by extensions ['colcon_pkg']
[0.182s] Level 1:colcon.colcon_core.package_identification:_identify(sim_artifacts/logs) by extension 'colcon_pkg'
[0.182s] Level 1:colcon.colcon_core.package_identification:_identify(sim_artifacts/logs) by extensions ['colcon_meta']
[0.182s] Level 1:colcon.colcon_core.package_identification:_identify(sim_artifacts/logs) by extension 'colcon_meta'
[0.183s] Level 1:colcon.colcon_core.package_identification:_identify(sim_artifacts/logs) by extensions ['ros']
[0.183s] Level 1:colcon.colcon_core.package_identification:_identify(sim_artifacts/logs) by extension 'ros'
[0.183s] Level 1:colcon.colcon_core.package_identification:_identify(sim_artifacts/logs) by extensions ['cmake', 'python']
[0.183s] Level 1:colcon.colcon_core.package_identification:_identify(sim_artifacts/logs) by extension 'cmake'
[0.183s] Level 1:colcon.colcon_core.package_identification:_identify(sim_artifacts/logs) by extension 'python'
[0.183s] Level 1:colcon.colcon_core.package_identification:_identify(sim_artifacts/logs) by extensions ['python_setup_py']
[0.183s] Level 1:colcon.colcon_core.package_identification:_identify(sim_artifacts/logs) by extension 'python_setup_py'
[0.183s] Level 1:colcon.colcon_core.package_identification:_identify(src) by extensions ['ignore', 'ignore_ament_install']
[0.183s] Level 1:colcon.colcon_core.package_identification:_identify(src) by extension 'ignore'
[0.183s] Level 1:colcon.colcon_core.package_identification:_identify(src) by extension 'ignore_ament_install'
[0.183s] Level 1:colcon.colcon_core.package_identification:_identify(src) by extensions ['colcon_pkg']
[0.183s] Level 1:colcon.colcon_core.package_identification:_identify(src) by extension 'colcon_pkg'
[0.183s] Level 1:colcon.colcon_core.package_identification:_identify(src) by extensions ['colcon_meta']
[0.183s] Level 1:colcon.colcon_core.package_identification:_identify(src) by extension 'colcon_meta'
[0.183s] Level 1:colcon.colcon_core.package_identification:_identify(src) by extensions ['ros']
[0.183s] Level 1:colcon.colcon_core.package_identification:_identify(src) by extension 'ros'
[0.184s] Level 1:colcon.colcon_core.package_identification:_identify(src) by extensions ['cmake', 'python']
[0.184s] Level 1:colcon.colcon_core.package_identification:_identify(src) by extension 'cmake'
[0.184s] Level 1:colcon.colcon_core.package_identification:_identify(src) by extension 'python'
[0.184s] Level 1:colcon.colcon_core.package_identification:_identify(src) by extensions ['python_setup_py']
[0.184s] Level 1:colcon.colcon_core.package_identification:_identify(src) by extension 'python_setup_py'
[0.184s] Level 1:colcon.colcon_core.package_identification:_identify(src/mavlink_bridge) by extensions ['ignore', 'ignore_ament_install']
[0.184s] Level 1:colcon.colcon_core.package_identification:_identify(src/mavlink_bridge) by extension 'ignore'
[0.184s] Level 1:colcon.colcon_core.package_identification:_identify(src/mavlink_bridge) by extension 'ignore_ament_install'
[0.184s] Level 1:colcon.colcon_core.package_identification:_identify(src/mavlink_bridge) by extensions ['colcon_pkg']
[0.184s] Level 1:colcon.colcon_core.package_identification:_identify(src/mavlink_bridge) by extension 'colcon_pkg'
[0.184s] Level 1:colcon.colcon_core.package_identification:_identify(src/mavlink_bridge) by extensions ['colcon_meta']
[0.184s] Level 1:colcon.colcon_core.package_identification:_identify(src/mavlink_bridge) by extension 'colcon_meta'
[0.184s] Level 1:colcon.colcon_core.package_identification:_identify(src/mavlink_bridge) by extensions ['ros']
[0.184s] Level 1:colcon.colcon_core.package_identification:_identify(src/mavlink_bridge) by extension 'ros'
[0.187s] DEBUG:colcon.colcon_core.package_identification:Package 'src/mavlink_bridge' with type 'ros.ament_python' and name 'mavlink_bridge'
[0.187s] Level 1:colcon.colcon_core.package_identification:_identify(src/nautilus_bringup) by extensions ['ignore', 'ignore_ament_install']
[0.187s] Level 1:colcon.colcon_core.package_identification:_identify(src/nautilus_bringup) by extension 'ignore'
[0.187s] Level 1:colcon.colcon_core.package_identification:_identify(src/nautilus_bringup) by extension 'ignore_ament_install'
[0.187s] Level 1:colcon.colcon_core.package_identification:_identify(src/nautilus_bringup) by extensions ['colcon_pkg']
[0.187s] Level 1:colcon.colcon_core.package_identification:_identify(src/nautilus_bringup) by extension 'colcon_pkg'
[0.187s] Level 1:colcon.colcon_core.package_identification:_identify(src/nautilus_bringup) by extensions ['colcon_meta']
[0.187s] Level 1:colcon.colcon_core.package_identification:_identify(src/nautilus_bringup) by extension 'colcon_meta'
[0.187s] Level 1:colcon.colcon_core.package_identification:_identify(src/nautilus_bringup) by extensions ['ros']
[0.187s] Level 1:colcon.colcon_core.package_identification:_identify(src/nautilus_bringup) by extension 'ros'
[0.188s] DEBUG:colcon.colcon_core.package_identification:Package 'src/nautilus_bringup' with type 'ros.ament_cmake' and name 'nautilus_bringup'
[0.188s] Level 1:colcon.colcon_core.package_discovery:discover_packages(recursive) using defaults
[0.188s] Level 1:colcon.colcon_core.package_discovery:discover_packages(ignore) discover
[0.188s] Level 1:colcon.colcon_core.package_discovery:discover_packages(ignore) using defaults
[0.188s] Level 1:colcon.colcon_core.package_discovery:discover_packages(path) discover
[0.188s] Level 1:colcon.colcon_core.package_discovery:discover_packages(path) using defaults
[0.216s] INFO:colcon.colcon_core.package_selection:Skipping not selected package 'nautilus_bringup' in 'src/nautilus_bringup'
[0.217s] Level 1:colcon.colcon_core.package_discovery:discover_packages(prefix_path) check parameters
[0.217s] Level 1:colcon.colcon_core.package_discovery:discover_packages(prefix_path) discover
[0.219s] DEBUG:colcon.colcon_installed_package_information.package_discovery:Found 292 installed packages in /opt/ros/humble
[0.220s] Level 1:colcon.colcon_core.package_discovery:discover_packages(prefix_path) using defaults
[0.255s] Level 5:colcon.colcon_core.verb:set package 'mavlink_bridge' build argument 'cmake_args' from command line to 'None'
[0.255s] Level 5:colcon.colcon_core.verb:set package 'mavlink_bridge' build argument 'cmake_target' from command line to 'None'
[0.256s] Level 5:colcon.colcon_core.verb:set package 'mavlink_bridge' build argument 'cmake_target_skip_unavailable' from command line to 'False'
[0.256s] Level 5:colcon.colcon_core.verb:set package 'mavlink_bridge' build argument 'cmake_clean_cache' from command line to 'False'
[0.256s] Level 5:colcon.colcon_core.verb:set package 'mavlink_bridge' build argument 'cmake_clean_first' from command line to 'False'
[0.256s] Level 5:colcon.colcon_core.verb:set package 'mavlink_bridge' build argument 'cmake_force_configure' from command line to 'False'
[0.256s] Level 5:colcon.colcon_core.verb:set package 'mavlink_bridge' build argument 'ament_cmake_args' from command line to 'None'
[0.256s] Level 5:colcon.colcon_core.verb:set package 'mavlink_bridge' build argument 'catkin_cmake_args' from command line to 'None'
[0.256s] Level 5:colcon.colcon_core.verb:set package 'mavlink_bridge' build argument 'catkin_skip_building_tests' from command line to 'False'
[0.257s] DEBUG:colcon.colcon_core.verb:Building package 'mavlink_bridge' with the following arguments: {'ament_cmake_args': None, 'build_base': '/home/devs/NautilusSW/nautilus_ws/build/mavlink_bridge', 'catkin_cmake_args': None, 'catkin_skip_building_tests': False, 'cmake_args': None, 'cmake_clean_cache': False, 'cmake_clean_first': False, 'cmake_force_configure': False, 'cmake_target': None, 'cmake_target_skip_unavailable': False, 'install_base': '/home/devs/NautilusSW/nautilus_ws/install/mavlink_bridge', 'merge_install': False, 'path': '/home/devs/NautilusSW/nautilus_ws/src/mavlink_bridge', 'symlink_install': False, 'test_result_base': None}
[0.257s] INFO:colcon.colcon_core.executor:Executing jobs using 'parallel' executor
[0.260s] DEBUG:colcon.colcon_parallel_executor.executor.parallel:run_until_complete
[0.260s] INFO:colcon.colcon_ros.task.ament_python.build:Building ROS package in '/home/devs/NautilusSW/nautilus_ws/src/mavlink_bridge' with build type 'ament_python'
[0.261s] Level 1:colcon.colcon_core.shell:create_environment_hook('mavlink_bridge', 'ament_prefix_path')
[0.263s] INFO:colcon.colcon_core.plugin_system:Skipping extension 'colcon_core.shell.bat': Not used on non-Windows systems
[0.263s] INFO:colcon.colcon_core.shell:Creating environment hook '/home/devs/NautilusSW/nautilus_ws/install/mavlink_bridge/share/mavlink_bridge/hook/ament_prefix_path.ps1'
[0.264s] INFO:colcon.colcon_core.shell:Creating environment descriptor '/home/devs/NautilusSW/nautilus_ws/install/mavlink_bridge/share/mavlink_bridge/hook/ament_prefix_path.dsv'
[0.264s] INFO:colcon.colcon_core.shell:Creating environment hook '/home/devs/NautilusSW/nautilus_ws/install/mavlink_bridge/share/mavlink_bridge/hook/ament_prefix_path.sh'
[0.265s] INFO:colcon.colcon_core.shell:Skip shell extension 'powershell' for command environment: Not usable outside of PowerShell
[0.265s] DEBUG:colcon.colcon_core.shell:Skip shell extension 'dsv' for command environment
[0.524s] INFO:colcon.colcon_core.task.python.build:Building Python package in '/home/devs/NautilusSW/nautilus_ws/src/mavlink_bridge'
[0.524s] INFO:colcon.colcon_core.shell:Skip shell extension 'powershell' for command environment: Not usable outside of PowerShell
[0.524s] DEBUG:colcon.colcon_core.shell:Skip shell extension 'dsv' for command environment
[1.066s] DEBUG:colcon.colcon_core.event_handler.log_command:Invoking command in '/home/devs/NautilusSW/nautilus_ws/src/mavlink_bridge': PYTHONPATH=/home/devs/NautilusSW/nautilus_ws/build/mavlink_bridge/prefix_override:/usr/lib/python3/dist-packages/colcon_core/task/python/colcon_distutils_commands:/home/devs/NautilusSW/nautilus_ws/install/mavlink_bridge/lib/python3.10/site-packages:${PYTHONPATH} /usr/bin/python3 -W ignore:setup.py install is deprecated -W ignore:easy_install command is deprecated setup.py egg_info --egg-base ../../build/mavlink_bridge build --build-base /home/devs/NautilusSW/nautilus_ws/build/mavlink_bridge/build install --record /home/devs/NautilusSW/nautilus_ws/build/mavlink_bridge/install.log --single-version-externally-managed install_data
[1.546s] DEBUG:colcon.colcon_core.event_handler.log_command:Invoked command in '/home/devs/NautilusSW/nautilus_ws/src/mavlink_bridge' returned '0': PYTHONPATH=/home/devs/NautilusSW/nautilus_ws/build/mavlink_bridge/prefix_override:/usr/lib/python3/dist-packages/colcon_core/task/python/colcon_distutils_commands:/home/devs/NautilusSW/nautilus_ws/install/mavlink_bridge/lib/python3.10/site-packages:${PYTHONPATH} /usr/bin/python3 -W ignore:setup.py install is deprecated -W ignore:easy_install command is deprecated setup.py egg_info --egg-base ../../build/mavlink_bridge build --build-base /home/devs/NautilusSW/nautilus_ws/build/mavlink_bridge/build install --record /home/devs/NautilusSW/nautilus_ws/build/mavlink_bridge/install.log --single-version-externally-managed install_data
[1.548s] Level 1:colcon.colcon_core.environment:checking '/home/devs/NautilusSW/nautilus_ws/install/mavlink_bridge' for CMake module files
[1.548s] Level 1:colcon.colcon_core.environment:checking '/home/devs/NautilusSW/nautilus_ws/install/mavlink_bridge' for CMake config files
[1.549s] Level 1:colcon.colcon_core.environment:checking '/home/devs/NautilusSW/nautilus_ws/install/mavlink_bridge/lib'
[1.549s] Level 1:colcon.colcon_core.environment:checking '/home/devs/NautilusSW/nautilus_ws/install/mavlink_bridge/bin'
[1.549s] Level 1:colcon.colcon_core.environment:checking '/home/devs/NautilusSW/nautilus_ws/install/mavlink_bridge/lib/pkgconfig/mavlink_bridge.pc'
[1.549s] Level 1:colcon.colcon_core.environment:checking '/home/devs/NautilusSW/nautilus_ws/install/mavlink_bridge/lib/python3.10/site-packages'
[1.549s] Level 1:colcon.colcon_core.shell:create_environment_hook('mavlink_bridge', 'pythonpath')
[1.550s] INFO:colcon.colcon_core.shell:Creating environment hook '/home/devs/NautilusSW/nautilus_ws/install/mavlink_bridge/share/mavlink_bridge/hook/pythonpath.ps1'
[1.550s] INFO:colcon.colcon_core.shell:Creating environment descriptor '/home/devs/NautilusSW/nautilus_ws/install/mavlink_bridge/share/mavlink_bridge/hook/pythonpath.dsv'
[1.551s] INFO:colcon.colcon_core.shell:Creating environment hook '/home/devs/NautilusSW/nautilus_ws/install/mavlink_bridge/share/mavlink_bridge/hook/pythonpath.sh'
[1.554s] Level 1:colcon.colcon_core.environment:checking '/home/devs/NautilusSW/nautilus_ws/install/mavlink_bridge/bin'
[1.554s] Level 1:colcon.colcon_core.environment:create_environment_scripts_only(mavlink_bridge)
[1.555s] INFO:colcon.colcon_core.shell:Creating package script '/home/devs/NautilusSW/nautilus_ws/install/mavlink_bridge/share/mavlink_bridge/package.ps1'
[1.556s] INFO:colcon.colcon_core.shell:Creating package descriptor '/home/devs/NautilusSW/nautilus_ws/install/mavlink_bridge/share/mavlink_bridge/package.dsv'
[1.556s] INFO:colcon.colcon_core.shell:Creating package script '/home/devs/NautilusSW/nautilus_ws/install/mavlink_bridge/share/mavlink_bridge/package.sh'
[1.558s] INFO:colcon.colcon_core.shell:Creating package script '/home/devs/NautilusSW/nautilus_ws/install/mavlink_bridge/share/mavlink_bridge/package.bash'
[1.559s] INFO:colcon.colcon_core.shell:Creating package script '/home/devs/NautilusSW/nautilus_ws/install/mavlink_bridge/share/mavlink_bridge/package.zsh'
[1.560s] Level 1:colcon.colcon_core.environment:create_file_with_runtime_dependencies(/home/devs/NautilusSW/nautilus_ws/install/mavlink_bridge/share/colcon-core/packages/mavlink_bridge)
[1.560s] DEBUG:colcon.colcon_parallel_executor.executor.parallel:closing loop
[1.561s] DEBUG:colcon.colcon_parallel_executor.executor.parallel:loop closed
[1.561s] DEBUG:colcon.colcon_parallel_executor.executor.parallel:run_until_complete finished with '0'
[1.561s] DEBUG:colcon.colcon_core.event_reactor:joining thread
[1.568s] INFO:colcon.colcon_core.plugin_system:Skipping extension 'colcon_notification.desktop_notification.terminal_notifier': Not used on non-Darwin systems
[1.568s] INFO:colcon.colcon_core.plugin_system:Skipping extension 'colcon_notification.desktop_notification.win32': Not used on non-Windows systems
[1.568s] INFO:colcon.colcon_notification.desktop_notification:Sending desktop notification using 'notify2'
[1.587s] DEBUG:colcon.colcon_core.event_reactor:joined thread
[1.588s] INFO:colcon.colcon_core.shell:Creating prefix script '/home/devs/NautilusSW/nautilus_ws/install/local_setup.ps1'
[1.589s] INFO:colcon.colcon_core.shell:Creating prefix util module '/home/devs/NautilusSW/nautilus_ws/install/_local_setup_util_ps1.py'
[1.591s] INFO:colcon.colcon_core.shell:Creating prefix chain script '/home/devs/NautilusSW/nautilus_ws/install/setup.ps1'
[1.592s] INFO:colcon.colcon_core.shell:Creating prefix script '/home/devs/NautilusSW/nautilus_ws/install/local_setup.sh'
[1.592s] INFO:colcon.colcon_core.shell:Creating prefix util module '/home/devs/NautilusSW/nautilus_ws/install/_local_setup_util_sh.py'
[1.593s] INFO:colcon.colcon_core.shell:Creating prefix chain script '/home/devs/NautilusSW/nautilus_ws/install/setup.sh'
[1.594s] INFO:colcon.colcon_core.shell:Creating prefix script '/home/devs/NautilusSW/nautilus_ws/install/local_setup.bash'
[1.595s] INFO:colcon.colcon_core.shell:Creating prefix chain script '/home/devs/NautilusSW/nautilus_ws/install/setup.bash'
[1.595s] INFO:colcon.colcon_core.shell:Creating prefix script '/home/devs/NautilusSW/nautilus_ws/install/local_setup.zsh'
[1.596s] INFO:colcon.colcon_core.shell:Creating prefix chain script '/home/devs/NautilusSW/nautilus_ws/install/setup.zsh'
