[0.360s] DEBUG:colcon:Command line arguments: ['/usr/bin/colcon', 'build', '--symlink-install']
[0.360s] DEBUG:colcon:Parsed command line arguments: Namespace(log_base=None, log_level=None, verb_name='build', build_base='build', install_base='install', merge_install=False, symlink_install=True, test_result_base=None, continue_on_error=False, executor='parallel', parallel_workers=2, event_handlers=None, ignore_user_meta=False, metas=['./colcon.meta'], base_paths=['.'], packages_ignore=None, packages_ignore_regex=None, paths=None, packages_up_to=None, packages_up_to_regex=None, packages_above=None, packages_above_and_dependencies=None, packages_above_depth=None, packages_select_by_dep=None, packages_skip_by_dep=None, packages_skip_up_to=None, packages_select_build_failed=False, packages_skip_build_finished=False, packages_select_test_failures=False, packages_skip_test_passed=False, packages_select=None, packages_skip=None, packages_select_regex=None, packages_skip_regex=None, packages_start=None, packages_end=None, allow_overriding=[], cmake_args=None, cmake_target=None, cmake_target_skip_unavailable=False, cmake_clean_cache=False, cmake_clean_first=False, cmake_force_configure=False, ament_cmake_args=None, catkin_cmake_args=None, catkin_skip_building_tests=False, mixin_files=None, mixin=None, verb_parser=<colcon_mixin.mixin.mixin_argument.MixinArgumentDecorator object at 0x726929bf0af0>, verb_extension=<colcon_core.verb.build.BuildVerb object at 0x726929d35ab0>, main=<bound method BuildVerb.main of <colcon_core.verb.build.BuildVerb object at 0x726929d35ab0>>, mixin_verb=('build',))
[0.740s] Level 1:colcon.colcon_core.package_discovery:discover_packages(colcon_meta) check parameters
[0.740s] Level 1:colcon.colcon_core.package_discovery:discover_packages(recursive) check parameters
[0.740s] Level 1:colcon.colcon_core.package_discovery:discover_packages(ignore) check parameters
[0.740s] Level 1:colcon.colcon_core.package_discovery:discover_packages(path) check parameters
[0.740s] Level 1:colcon.colcon_core.package_discovery:discover_packages(colcon_meta) discover
[0.740s] Level 1:colcon.colcon_core.package_discovery:discover_packages(recursive) discover
[0.740s] INFO:colcon.colcon_core.package_discovery:Crawling recursively for packages in '/home/xavier/Documents/GitHub/NautilusSW/UTILES/ros2_ws'
[0.740s] Level 1:colcon.colcon_core.package_identification:_identify(.) by extensions ['ignore', 'ignore_ament_install']
[0.741s] Level 1:colcon.colcon_core.package_identification:_identify(.) by extension 'ignore'
[0.741s] Level 1:colcon.colcon_core.package_identification:_identify(.) by extension 'ignore_ament_install'
[0.741s] Level 1:colcon.colcon_core.package_identification:_identify(.) by extensions ['colcon_pkg']
[0.741s] Level 1:colcon.colcon_core.package_identification:_identify(.) by extension 'colcon_pkg'
[0.741s] Level 1:colcon.colcon_core.package_identification:_identify(.) by extensions ['colcon_meta']
[0.741s] Level 1:colcon.colcon_core.package_identification:_identify(.) by extension 'colcon_meta'
[0.741s] Level 1:colcon.colcon_core.package_identification:_identify(.) by extensions ['ros']
[0.741s] Level 1:colcon.colcon_core.package_identification:_identify(.) by extension 'ros'
[0.762s] Level 1:colcon.colcon_core.package_identification:_identify(.) by extensions ['cmake', 'python']
[0.762s] Level 1:colcon.colcon_core.package_identification:_identify(.) by extension 'cmake'
[0.762s] Level 1:colcon.colcon_core.package_identification:_identify(.) by extension 'python'
[0.762s] Level 1:colcon.colcon_core.package_identification:_identify(.) by extensions ['python_setup_py']
[0.762s] Level 1:colcon.colcon_core.package_identification:_identify(.) by extension 'python_setup_py'
[0.762s] Level 1:colcon.colcon_core.package_identification:_identify(build) by extensions ['ignore', 'ignore_ament_install']
[0.762s] Level 1:colcon.colcon_core.package_identification:_identify(build) by extension 'ignore'
[0.762s] Level 1:colcon.colcon_core.package_identification:_identify(build) ignored
[0.762s] Level 1:colcon.colcon_core.package_identification:_identify(install) by extensions ['ignore', 'ignore_ament_install']
[0.763s] Level 1:colcon.colcon_core.package_identification:_identify(install) by extension 'ignore'
[0.763s] Level 1:colcon.colcon_core.package_identification:_identify(install) ignored
[0.763s] Level 1:colcon.colcon_core.package_identification:_identify(log) by extensions ['ignore', 'ignore_ament_install']
[0.763s] Level 1:colcon.colcon_core.package_identification:_identify(log) by extension 'ignore'
[0.763s] Level 1:colcon.colcon_core.package_identification:_identify(log) ignored
[0.764s] Level 1:colcon.colcon_core.package_identification:_identify(src) by extensions ['ignore', 'ignore_ament_install']
[0.764s] Level 1:colcon.colcon_core.package_identification:_identify(src) by extension 'ignore'
[0.764s] Level 1:colcon.colcon_core.package_identification:_identify(src) by extension 'ignore_ament_install'
[0.764s] Level 1:colcon.colcon_core.package_identification:_identify(src) by extensions ['colcon_pkg']
[0.764s] Level 1:colcon.colcon_core.package_identification:_identify(src) by extension 'colcon_pkg'
[0.764s] Level 1:colcon.colcon_core.package_identification:_identify(src) by extensions ['colcon_meta']
[0.764s] Level 1:colcon.colcon_core.package_identification:_identify(src) by extension 'colcon_meta'
[0.764s] Level 1:colcon.colcon_core.package_identification:_identify(src) by extensions ['ros']
[0.764s] Level 1:colcon.colcon_core.package_identification:_identify(src) by extension 'ros'
[0.764s] Level 1:colcon.colcon_core.package_identification:_identify(src) by extensions ['cmake', 'python']
[0.765s] Level 1:colcon.colcon_core.package_identification:_identify(src) by extension 'cmake'
[0.765s] Level 1:colcon.colcon_core.package_identification:_identify(src) by extension 'python'
[0.765s] Level 1:colcon.colcon_core.package_identification:_identify(src) by extensions ['python_setup_py']
[0.765s] Level 1:colcon.colcon_core.package_identification:_identify(src) by extension 'python_setup_py'
[0.765s] Level 1:colcon.colcon_core.package_identification:_identify(src/submarine_sim) by extensions ['ignore', 'ignore_ament_install']
[0.765s] Level 1:colcon.colcon_core.package_identification:_identify(src/submarine_sim) by extension 'ignore'
[0.766s] Level 1:colcon.colcon_core.package_identification:_identify(src/submarine_sim) by extension 'ignore_ament_install'
[0.766s] Level 1:colcon.colcon_core.package_identification:_identify(src/submarine_sim) by extensions ['colcon_pkg']
[0.766s] Level 1:colcon.colcon_core.package_identification:_identify(src/submarine_sim) by extension 'colcon_pkg'
[0.766s] Level 1:colcon.colcon_core.package_identification:_identify(src/submarine_sim) by extensions ['colcon_meta']
[0.766s] Level 1:colcon.colcon_core.package_identification:_identify(src/submarine_sim) by extension 'colcon_meta'
[0.766s] Level 1:colcon.colcon_core.package_identification:_identify(src/submarine_sim) by extensions ['ros']
[0.766s] Level 1:colcon.colcon_core.package_identification:_identify(src/submarine_sim) by extension 'ros'
[0.777s] DEBUG:colcon.colcon_core.package_identification:Package 'src/submarine_sim' with type 'ros.ament_python' and name 'submarine_sim'
[0.777s] Level 1:colcon.colcon_core.package_discovery:discover_packages(recursive) using defaults
[0.777s] Level 1:colcon.colcon_core.package_discovery:discover_packages(ignore) discover
[0.777s] Level 1:colcon.colcon_core.package_discovery:discover_packages(ignore) using defaults
[0.778s] Level 1:colcon.colcon_core.package_discovery:discover_packages(path) discover
[0.778s] Level 1:colcon.colcon_core.package_discovery:discover_packages(path) using defaults
[0.837s] Level 1:colcon.colcon_core.package_discovery:discover_packages(prefix_path) check parameters
[0.838s] Level 1:colcon.colcon_core.package_discovery:discover_packages(prefix_path) discover
[0.847s] Level 1:colcon.colcon_core.package_discovery:discover_packages(prefix_path) using defaults
[0.853s] Level 5:colcon.colcon_core.verb:set package 'submarine_sim' build argument 'cmake_args' from command line to 'None'
[0.853s] Level 5:colcon.colcon_core.verb:set package 'submarine_sim' build argument 'cmake_target' from command line to 'None'
[0.853s] Level 5:colcon.colcon_core.verb:set package 'submarine_sim' build argument 'cmake_target_skip_unavailable' from command line to 'False'
[0.853s] Level 5:colcon.colcon_core.verb:set package 'submarine_sim' build argument 'cmake_clean_cache' from command line to 'False'
[0.853s] Level 5:colcon.colcon_core.verb:set package 'submarine_sim' build argument 'cmake_clean_first' from command line to 'False'
[0.853s] Level 5:colcon.colcon_core.verb:set package 'submarine_sim' build argument 'cmake_force_configure' from command line to 'False'
[0.854s] Level 5:colcon.colcon_core.verb:set package 'submarine_sim' build argument 'ament_cmake_args' from command line to 'None'
[0.854s] Level 5:colcon.colcon_core.verb:set package 'submarine_sim' build argument 'catkin_cmake_args' from command line to 'None'
[0.854s] Level 5:colcon.colcon_core.verb:set package 'submarine_sim' build argument 'catkin_skip_building_tests' from command line to 'False'
[0.854s] DEBUG:colcon.colcon_core.verb:Building package 'submarine_sim' with the following arguments: {'ament_cmake_args': None, 'build_base': '/home/xavier/Documents/GitHub/NautilusSW/UTILES/ros2_ws/build/submarine_sim', 'catkin_cmake_args': None, 'catkin_skip_building_tests': False, 'cmake_args': None, 'cmake_clean_cache': False, 'cmake_clean_first': False, 'cmake_force_configure': False, 'cmake_target': None, 'cmake_target_skip_unavailable': False, 'install_base': '/home/xavier/Documents/GitHub/NautilusSW/UTILES/ros2_ws/install/submarine_sim', 'merge_install': False, 'path': '/home/xavier/Documents/GitHub/NautilusSW/UTILES/ros2_ws/src/submarine_sim', 'symlink_install': True, 'test_result_base': None}
[0.854s] INFO:colcon.colcon_core.executor:Executing jobs using 'parallel' executor
[0.856s] DEBUG:colcon.colcon_parallel_executor.executor.parallel:run_until_complete
[0.857s] INFO:colcon.colcon_ros.task.ament_python.build:Building ROS package in '/home/xavier/Documents/GitHub/NautilusSW/UTILES/ros2_ws/src/submarine_sim' with build type 'ament_python'
[0.858s] Level 1:colcon.colcon_core.shell:create_environment_hook('submarine_sim', 'ament_prefix_path')
[0.873s] INFO:colcon.colcon_core.plugin_system:Skipping extension 'colcon_core.shell.bat': Not used on non-Windows systems
[0.874s] INFO:colcon.colcon_core.shell:Creating environment hook '/home/xavier/Documents/GitHub/NautilusSW/UTILES/ros2_ws/install/submarine_sim/share/submarine_sim/hook/ament_prefix_path.ps1'
[0.882s] INFO:colcon.colcon_core.shell:Creating environment descriptor '/home/xavier/Documents/GitHub/NautilusSW/UTILES/ros2_ws/install/submarine_sim/share/submarine_sim/hook/ament_prefix_path.dsv'
[0.887s] INFO:colcon.colcon_core.shell:Creating environment hook '/home/xavier/Documents/GitHub/NautilusSW/UTILES/ros2_ws/install/submarine_sim/share/submarine_sim/hook/ament_prefix_path.sh'
[0.894s] INFO:colcon.colcon_core.shell:Skip shell extension 'powershell' for command environment: Not usable outside of PowerShell
[0.894s] DEBUG:colcon.colcon_core.shell:Skip shell extension 'dsv' for command environment
[1.344s] WARNING:colcon.colcon_ros.task.ament_python.build:Package 'submarine_sim' doesn't explicitly install a marker in the package index (colcon-ros currently does it implicitly but that fallback will be removed in the future)
[1.348s] INFO:colcon.colcon_core.task.python.build:Building Python package in '/home/xavier/Documents/GitHub/NautilusSW/UTILES/ros2_ws/src/submarine_sim'
[1.348s] INFO:colcon.colcon_core.shell:Skip shell extension 'powershell' for command environment: Not usable outside of PowerShell
[1.348s] DEBUG:colcon.colcon_core.shell:Skip shell extension 'dsv' for command environment
[2.187s] DEBUG:colcon.colcon_core.event_handler.log_command:Invoking command in '/home/xavier/Documents/GitHub/NautilusSW/UTILES/ros2_ws/build/submarine_sim': PYTHONPATH=/home/xavier/Documents/GitHub/NautilusSW/UTILES/ros2_ws/build/submarine_sim/prefix_override:/usr/lib/python3/dist-packages/colcon_core/task/python/colcon_distutils_commands:/home/xavier/Documents/GitHub/NautilusSW/UTILES/ros2_ws/install/submarine_sim/lib/python3.10/site-packages: /usr/bin/python3 -W ignore:setup.py install is deprecated -W ignore:easy_install command is deprecated setup.py develop --editable --build-directory /home/xavier/Documents/GitHub/NautilusSW/UTILES/ros2_ws/build/submarine_sim/build --no-deps symlink_data
[2.774s] Level 1:colcon.colcon_core.shell:create_environment_hook('submarine_sim', 'pythonpath_develop')
[2.775s] INFO:colcon.colcon_core.shell:Creating environment hook '/home/xavier/Documents/GitHub/NautilusSW/UTILES/ros2_ws/build/submarine_sim/share/submarine_sim/hook/pythonpath_develop.ps1'
[2.774s] DEBUG:colcon.colcon_core.event_handler.log_command:Invoked command in '/home/xavier/Documents/GitHub/NautilusSW/UTILES/ros2_ws/build/submarine_sim' returned '0': PYTHONPATH=/home/xavier/Documents/GitHub/NautilusSW/UTILES/ros2_ws/build/submarine_sim/prefix_override:/usr/lib/python3/dist-packages/colcon_core/task/python/colcon_distutils_commands:/home/xavier/Documents/GitHub/NautilusSW/UTILES/ros2_ws/install/submarine_sim/lib/python3.10/site-packages: /usr/bin/python3 -W ignore:setup.py install is deprecated -W ignore:easy_install command is deprecated setup.py develop --editable --build-directory /home/xavier/Documents/GitHub/NautilusSW/UTILES/ros2_ws/build/submarine_sim/build --no-deps symlink_data
[2.779s] INFO:colcon.colcon_core.shell:Creating environment descriptor '/home/xavier/Documents/GitHub/NautilusSW/UTILES/ros2_ws/build/submarine_sim/share/submarine_sim/hook/pythonpath_develop.dsv'
[2.780s] INFO:colcon.colcon_core.shell:Creating environment hook '/home/xavier/Documents/GitHub/NautilusSW/UTILES/ros2_ws/build/submarine_sim/share/submarine_sim/hook/pythonpath_develop.sh'
[2.795s] Level 1:colcon.colcon_core.environment:checking '/home/xavier/Documents/GitHub/NautilusSW/UTILES/ros2_ws/install/submarine_sim' for CMake module files
[2.797s] Level 1:colcon.colcon_core.environment:checking '/home/xavier/Documents/GitHub/NautilusSW/UTILES/ros2_ws/install/submarine_sim' for CMake config files
[2.798s] Level 1:colcon.colcon_core.environment:checking '/home/xavier/Documents/GitHub/NautilusSW/UTILES/ros2_ws/install/submarine_sim/lib'
[2.798s] Level 1:colcon.colcon_core.environment:checking '/home/xavier/Documents/GitHub/NautilusSW/UTILES/ros2_ws/install/submarine_sim/bin'
[2.798s] Level 1:colcon.colcon_core.environment:checking '/home/xavier/Documents/GitHub/NautilusSW/UTILES/ros2_ws/install/submarine_sim/lib/pkgconfig/submarine_sim.pc'
[2.798s] Level 1:colcon.colcon_core.environment:checking '/home/xavier/Documents/GitHub/NautilusSW/UTILES/ros2_ws/install/submarine_sim/lib/python3.10/site-packages'
[2.798s] Level 1:colcon.colcon_core.shell:create_environment_hook('submarine_sim', 'pythonpath')
[2.799s] INFO:colcon.colcon_core.shell:Creating environment hook '/home/xavier/Documents/GitHub/NautilusSW/UTILES/ros2_ws/install/submarine_sim/share/submarine_sim/hook/pythonpath.ps1'
[2.799s] INFO:colcon.colcon_core.shell:Creating environment descriptor '/home/xavier/Documents/GitHub/NautilusSW/UTILES/ros2_ws/install/submarine_sim/share/submarine_sim/hook/pythonpath.dsv'
[2.800s] INFO:colcon.colcon_core.shell:Creating environment hook '/home/xavier/Documents/GitHub/NautilusSW/UTILES/ros2_ws/install/submarine_sim/share/submarine_sim/hook/pythonpath.sh'
[2.802s] Level 1:colcon.colcon_core.environment:checking '/home/xavier/Documents/GitHub/NautilusSW/UTILES/ros2_ws/install/submarine_sim/bin'
[2.802s] Level 1:colcon.colcon_core.environment:create_environment_scripts_only(submarine_sim)
[2.803s] INFO:colcon.colcon_core.shell:Creating package script '/home/xavier/Documents/GitHub/NautilusSW/UTILES/ros2_ws/install/submarine_sim/share/submarine_sim/package.ps1'
[2.804s] INFO:colcon.colcon_core.shell:Creating package descriptor '/home/xavier/Documents/GitHub/NautilusSW/UTILES/ros2_ws/install/submarine_sim/share/submarine_sim/package.dsv'
[2.806s] INFO:colcon.colcon_core.shell:Creating package script '/home/xavier/Documents/GitHub/NautilusSW/UTILES/ros2_ws/install/submarine_sim/share/submarine_sim/package.sh'
[2.807s] INFO:colcon.colcon_core.shell:Creating package script '/home/xavier/Documents/GitHub/NautilusSW/UTILES/ros2_ws/install/submarine_sim/share/submarine_sim/package.bash'
[2.816s] INFO:colcon.colcon_core.shell:Creating package script '/home/xavier/Documents/GitHub/NautilusSW/UTILES/ros2_ws/install/submarine_sim/share/submarine_sim/package.zsh'
[2.819s] Level 1:colcon.colcon_core.environment:create_file_with_runtime_dependencies(/home/xavier/Documents/GitHub/NautilusSW/UTILES/ros2_ws/install/submarine_sim/share/colcon-core/packages/submarine_sim)
[2.819s] DEBUG:colcon.colcon_parallel_executor.executor.parallel:closing loop
[2.820s] DEBUG:colcon.colcon_parallel_executor.executor.parallel:loop closed
[2.820s] DEBUG:colcon.colcon_parallel_executor.executor.parallel:run_until_complete finished with '0'
[2.820s] DEBUG:colcon.colcon_core.event_reactor:joining thread
[2.829s] INFO:colcon.colcon_core.plugin_system:Skipping extension 'colcon_notification.desktop_notification.terminal_notifier': Not used on non-Darwin systems
[2.829s] INFO:colcon.colcon_core.plugin_system:Skipping extension 'colcon_notification.desktop_notification.win32': Not used on non-Windows systems
[2.829s] INFO:colcon.colcon_notification.desktop_notification:Sending desktop notification using 'notify2'
[2.889s] DEBUG:colcon.colcon_core.event_reactor:joined thread
[2.890s] INFO:colcon.colcon_core.shell:Creating prefix script '/home/xavier/Documents/GitHub/NautilusSW/UTILES/ros2_ws/install/local_setup.ps1'
[2.892s] INFO:colcon.colcon_core.shell:Creating prefix util module '/home/xavier/Documents/GitHub/NautilusSW/UTILES/ros2_ws/install/_local_setup_util_ps1.py'
[2.896s] INFO:colcon.colcon_core.shell:Creating prefix chain script '/home/xavier/Documents/GitHub/NautilusSW/UTILES/ros2_ws/install/setup.ps1'
[2.898s] INFO:colcon.colcon_core.shell:Creating prefix script '/home/xavier/Documents/GitHub/NautilusSW/UTILES/ros2_ws/install/local_setup.sh'
[2.900s] INFO:colcon.colcon_core.shell:Creating prefix util module '/home/xavier/Documents/GitHub/NautilusSW/UTILES/ros2_ws/install/_local_setup_util_sh.py'
[2.901s] INFO:colcon.colcon_core.shell:Creating prefix chain script '/home/xavier/Documents/GitHub/NautilusSW/UTILES/ros2_ws/install/setup.sh'
[2.904s] INFO:colcon.colcon_core.shell:Creating prefix script '/home/xavier/Documents/GitHub/NautilusSW/UTILES/ros2_ws/install/local_setup.bash'
[2.908s] INFO:colcon.colcon_core.shell:Creating prefix chain script '/home/xavier/Documents/GitHub/NautilusSW/UTILES/ros2_ws/install/setup.bash'
[2.911s] INFO:colcon.colcon_core.shell:Creating prefix script '/home/xavier/Documents/GitHub/NautilusSW/UTILES/ros2_ws/install/local_setup.zsh'
[2.915s] INFO:colcon.colcon_core.shell:Creating prefix chain script '/home/xavier/Documents/GitHub/NautilusSW/UTILES/ros2_ws/install/setup.zsh'
