/home/devs/.local/lib/python3.10/site-packages/setuptools/_distutils/dist.py:289: UserWarning: Unknown distribution option: 'tests_require'
  warnings.warn(msg)
running egg_info
writing ../../../../build/submarine_sim/submarine_sim.egg-info/PKG-INFO
writing dependency_links to ../../../../build/submarine_sim/submarine_sim.egg-info/dependency_links.txt
writing entry points to ../../../../build/submarine_sim/submarine_sim.egg-info/entry_points.txt
writing requirements to ../../../../build/submarine_sim/submarine_sim.egg-info/requires.txt
writing top-level names to ../../../../build/submarine_sim/submarine_sim.egg-info/top_level.txt
reading manifest file '../../../../build/submarine_sim/submarine_sim.egg-info/SOURCES.txt'
writing manifest file '../../../../build/submarine_sim/submarine_sim.egg-info/SOURCES.txt'
running build
running build_py
copying submarine_sim/gui_sensor_display.py -> /home/devs/NautilusSW/build/submarine_sim/build/lib/submarine_sim
copying submarine_sim/sensor_publisher.py -> /home/devs/NautilusSW/build/submarine_sim/build/lib/submarine_sim
copying submarine_sim/__init__.py -> /home/devs/NautilusSW/build/submarine_sim/build/lib/submarine_sim
running install
running install_lib
running install_data
copying package.xml -> /home/devs/NautilusSW/install/submarine_sim/share/submarine_sim
running install_egg_info
removing '/home/devs/NautilusSW/install/submarine_sim/lib/python3.10/site-packages/submarine_sim-0.0.0-py3.10.egg-info' (and everything under it)
Copying ../../../../build/submarine_sim/submarine_sim.egg-info to /home/devs/NautilusSW/install/submarine_sim/lib/python3.10/site-packages/submarine_sim-0.0.0-py3.10.egg-info
running install_scripts
Installing gui_sensor_display script to /home/devs/NautilusSW/install/submarine_sim/lib/submarine_sim
Installing sensor_publisher script to /home/devs/NautilusSW/install/submarine_sim/lib/submarine_sim
writing list of installed files to '/home/devs/NautilusSW/build/submarine_sim/install.log'
