[1.070s] Invoking command in '/home/xavier/Documents/GitHub/NautilusSW/UTILES/ros2_ws/src/submarine_sim': PYTHONPATH=/home/xavier/Documents/GitHub/NautilusSW/UTILES/ros2_ws/build/submarine_sim/prefix_override:/usr/lib/python3/dist-packages/colcon_core/task/python/colcon_distutils_commands:/home/xavier/Documents/GitHub/NautilusSW/UTILES/ros2_ws/install/submarine_sim/lib/python3.10/site-packages: /usr/bin/python3 -W ignore:setup.py install is deprecated -W ignore:easy_install command is deprecated setup.py egg_info --egg-base ../../build/submarine_sim build --build-base /home/xavier/Documents/GitHub/NautilusSW/UTILES/ros2_ws/build/submarine_sim/build install --record /home/xavier/Documents/GitHub/NautilusSW/UTILES/ros2_ws/build/submarine_sim/install.log --single-version-externally-managed install_data
[1.329s] running egg_info
[1.330s] creating ../../build/submarine_sim/submarine_sim.egg-info
[1.333s] writing ../../build/submarine_sim/submarine_sim.egg-info/PKG-INFO
[1.333s] writing dependency_links to ../../build/submarine_sim/submarine_sim.egg-info/dependency_links.txt
[1.333s] writing entry points to ../../build/submarine_sim/submarine_sim.egg-info/entry_points.txt
[1.333s] writing requirements to ../../build/submarine_sim/submarine_sim.egg-info/requires.txt
[1.334s] writing top-level names to ../../build/submarine_sim/submarine_sim.egg-info/top_level.txt
[1.334s] writing manifest file '../../build/submarine_sim/submarine_sim.egg-info/SOURCES.txt'
[1.335s] reading manifest file '../../build/submarine_sim/submarine_sim.egg-info/SOURCES.txt'
[1.336s] writing manifest file '../../build/submarine_sim/submarine_sim.egg-info/SOURCES.txt'
[1.336s] running build
[1.336s] running build_py
[1.336s] creating /home/xavier/Documents/GitHub/NautilusSW/UTILES/ros2_ws/build/submarine_sim/build
[1.337s] creating /home/xavier/Documents/GitHub/NautilusSW/UTILES/ros2_ws/build/submarine_sim/build/lib
[1.337s] creating /home/xavier/Documents/GitHub/NautilusSW/UTILES/ros2_ws/build/submarine_sim/build/lib/submarine_sim
[1.337s] copying submarine_sim/gui_sensor_display.py -> /home/xavier/Documents/GitHub/NautilusSW/UTILES/ros2_ws/build/submarine_sim/build/lib/submarine_sim
[1.337s] copying submarine_sim/sensor_publisher.py -> /home/xavier/Documents/GitHub/NautilusSW/UTILES/ros2_ws/build/submarine_sim/build/lib/submarine_sim
[1.337s] copying submarine_sim/__init__.py -> /home/xavier/Documents/GitHub/NautilusSW/UTILES/ros2_ws/build/submarine_sim/build/lib/submarine_sim
[1.337s] running install
[1.338s] running install_lib
[1.338s] creating /home/xavier/Documents/GitHub/NautilusSW/UTILES/ros2_ws/install/submarine_sim/lib/python3.10/site-packages/submarine_sim
[1.338s] copying /home/xavier/Documents/GitHub/NautilusSW/UTILES/ros2_ws/build/submarine_sim/build/lib/submarine_sim/gui_sensor_display.py -> /home/xavier/Documents/GitHub/NautilusSW/UTILES/ros2_ws/install/submarine_sim/lib/python3.10/site-packages/submarine_sim
[1.339s] copying /home/xavier/Documents/GitHub/NautilusSW/UTILES/ros2_ws/build/submarine_sim/build/lib/submarine_sim/sensor_publisher.py -> /home/xavier/Documents/GitHub/NautilusSW/UTILES/ros2_ws/install/submarine_sim/lib/python3.10/site-packages/submarine_sim
[1.339s] copying /home/xavier/Documents/GitHub/NautilusSW/UTILES/ros2_ws/build/submarine_sim/build/lib/submarine_sim/__init__.py -> /home/xavier/Documents/GitHub/NautilusSW/UTILES/ros2_ws/install/submarine_sim/lib/python3.10/site-packages/submarine_sim
[1.339s] byte-compiling /home/xavier/Documents/GitHub/NautilusSW/UTILES/ros2_ws/install/submarine_sim/lib/python3.10/site-packages/submarine_sim/gui_sensor_display.py to gui_sensor_display.cpython-310.pyc
[1.340s] byte-compiling /home/xavier/Documents/GitHub/NautilusSW/UTILES/ros2_ws/install/submarine_sim/lib/python3.10/site-packages/submarine_sim/sensor_publisher.py to sensor_publisher.cpython-310.pyc
[1.341s] byte-compiling /home/xavier/Documents/GitHub/NautilusSW/UTILES/ros2_ws/install/submarine_sim/lib/python3.10/site-packages/submarine_sim/__init__.py to __init__.cpython-310.pyc
[1.341s] running install_data
[1.341s] copying package.xml -> /home/xavier/Documents/GitHub/NautilusSW/UTILES/ros2_ws/install/submarine_sim/share/submarine_sim
[1.342s] running install_egg_info
[1.343s] Copying ../../build/submarine_sim/submarine_sim.egg-info to /home/xavier/Documents/GitHub/NautilusSW/UTILES/ros2_ws/install/submarine_sim/lib/python3.10/site-packages/submarine_sim-0.0.0-py3.10.egg-info
[1.344s] running install_scripts
[1.382s] Installing gui_sensor_display script to /home/xavier/Documents/GitHub/NautilusSW/UTILES/ros2_ws/install/submarine_sim/lib/submarine_sim
[1.382s] Installing sensor_publisher script to /home/xavier/Documents/GitHub/NautilusSW/UTILES/ros2_ws/install/submarine_sim/lib/submarine_sim
[1.383s] writing list of installed files to '/home/xavier/Documents/GitHub/NautilusSW/UTILES/ros2_ws/build/submarine_sim/install.log'
[1.430s] Invoked command in '/home/xavier/Documents/GitHub/NautilusSW/UTILES/ros2_ws/src/submarine_sim' returned '0': PYTHONPATH=/home/xavier/Documents/GitHub/NautilusSW/UTILES/ros2_ws/build/submarine_sim/prefix_override:/usr/lib/python3/dist-packages/colcon_core/task/python/colcon_distutils_commands:/home/xavier/Documents/GitHub/NautilusSW/UTILES/ros2_ws/install/submarine_sim/lib/python3.10/site-packages: /usr/bin/python3 -W ignore:setup.py install is deprecated -W ignore:easy_install command is deprecated setup.py egg_info --egg-base ../../build/submarine_sim build --build-base /home/xavier/Documents/GitHub/NautilusSW/UTILES/ros2_ws/build/submarine_sim/build install --record /home/xavier/Documents/GitHub/NautilusSW/UTILES/ros2_ws/build/submarine_sim/install.log --single-version-externally-managed install_data
