[0.532s] Invoking command in '/home/devs/NautilusSW/nautilus_ws/src/mavlink_bridge': PS1=\[\e]0;\u@\h: \w\a\]${debian_chroot:+($debian_chroot)}\[\033[01;32m\]\u@\h\[\033[00m\]:\[\033[01;34m\]\w\[\033[00m\]\$ PYTHONPATH=/home/devs/NautilusSW/build/mavlink_bridge/prefix_override:/usr/lib/python3/dist-packages/colcon_core/task/python/colcon_distutils_commands:/home/devs/NautilusSW/install/mavlink_bridge/lib/python3.10/site-packages:${PYTHONPATH} /usr/bin/python3 -W ignore:setup.py install is deprecated -W ignore:easy_install command is deprecated setup.py egg_info --egg-base ../../../build/mavlink_bridge build --build-base /home/devs/NautilusSW/build/mavlink_bridge/build install --record /home/devs/NautilusSW/build/mavlink_bridge/install.log --single-version-externally-managed install_data
[0.676s] running egg_info
[0.681s] writing ../../../build/mavlink_bridge/mavlink_bridge.egg-info/PKG-INFO
[0.682s] writing dependency_links to ../../../build/mavlink_bridge/mavlink_bridge.egg-info/dependency_links.txt
[0.682s] writing entry points to ../../../build/mavlink_bridge/mavlink_bridge.egg-info/entry_points.txt
[0.683s] writing requirements to ../../../build/mavlink_bridge/mavlink_bridge.egg-info/requires.txt
[0.683s] writing top-level names to ../../../build/mavlink_bridge/mavlink_bridge.egg-info/top_level.txt
[0.704s] reading manifest file '../../../build/mavlink_bridge/mavlink_bridge.egg-info/SOURCES.txt'
[0.705s] writing manifest file '../../../build/mavlink_bridge/mavlink_bridge.egg-info/SOURCES.txt'
[0.705s] running build
[0.705s] running build_py
[0.706s] copying mavlink_bridge/mavlink_telemetry_bridge.py -> /home/devs/NautilusSW/build/mavlink_bridge/build/lib/mavlink_bridge
[0.706s] copying mavlink_bridge/__init__.py -> /home/devs/NautilusSW/build/mavlink_bridge/build/lib/mavlink_bridge
[0.706s] copying telemetry_bridge/mavlink_telemetry_bridge.py -> /home/devs/NautilusSW/build/mavlink_bridge/build/lib/telemetry_bridge
[0.706s] copying telemetry_bridge/__init__.py -> /home/devs/NautilusSW/build/mavlink_bridge/build/lib/telemetry_bridge
[0.706s] running install
[0.709s] running install_lib
[0.718s] running install_data
[0.718s] copying resource/mavlink_bridge -> /home/devs/NautilusSW/install/mavlink_bridge/share/ament_index/resource_index/packages
[0.718s] copying package.xml -> /home/devs/NautilusSW/install/mavlink_bridge/share/mavlink_bridge
[0.719s] running install_egg_info
[0.730s] removing '/home/devs/NautilusSW/install/mavlink_bridge/lib/python3.10/site-packages/mavlink_bridge-0.0.0-py3.10.egg-info' (and everything under it)
[0.747s] Copying ../../../build/mavlink_bridge/mavlink_bridge.egg-info to /home/devs/NautilusSW/install/mavlink_bridge/lib/python3.10/site-packages/mavlink_bridge-0.0.0-py3.10.egg-info
[0.747s] running install_scripts
[0.749s] Installing mavlink_telemetry_bridge script to /home/devs/NautilusSW/install/mavlink_bridge/lib/mavlink_bridge
[0.750s] writing list of installed files to '/home/devs/NautilusSW/build/mavlink_bridge/install.log'
[0.777s] Invoked command in '/home/devs/NautilusSW/nautilus_ws/src/mavlink_bridge' returned '0': PS1=\[\e]0;\u@\h: \w\a\]${debian_chroot:+($debian_chroot)}\[\033[01;32m\]\u@\h\[\033[00m\]:\[\033[01;34m\]\w\[\033[00m\]\$ PYTHONPATH=/home/devs/NautilusSW/build/mavlink_bridge/prefix_override:/usr/lib/python3/dist-packages/colcon_core/task/python/colcon_distutils_commands:/home/devs/NautilusSW/install/mavlink_bridge/lib/python3.10/site-packages:${PYTHONPATH} /usr/bin/python3 -W ignore:setup.py install is deprecated -W ignore:easy_install command is deprecated setup.py egg_info --egg-base ../../../build/mavlink_bridge build --build-base /home/devs/NautilusSW/build/mavlink_bridge/build install --record /home/devs/NautilusSW/build/mavlink_bridge/install.log --single-version-externally-managed install_data
