[0.377s] Invoking command in '/home/devs/NautilusSW/nautilus_ws/src/mavlink_bridge': PYTHONPATH=/home/devs/NautilusSW/nautilus_ws/build/mavlink_bridge/prefix_override:/usr/lib/python3/dist-packages/colcon_core/task/python/colcon_distutils_commands:/home/devs/NautilusSW/nautilus_ws/install/mavlink_bridge/lib/python3.10/site-packages:${PYTHONPATH} /usr/bin/python3 -W ignore:setup.py install is deprecated -W ignore:easy_install command is deprecated setup.py egg_info --egg-base ../../build/mavlink_bridge build --build-base /home/devs/NautilusSW/nautilus_ws/build/mavlink_bridge/build install --record /home/devs/NautilusSW/nautilus_ws/build/mavlink_bridge/install.log --single-version-externally-managed install_data
[0.517s] running egg_info
[0.525s] writing ../../build/mavlink_bridge/mavlink_bridge.egg-info/PKG-INFO
[0.525s] writing dependency_links to ../../build/mavlink_bridge/mavlink_bridge.egg-info/dependency_links.txt
[0.525s] writing entry points to ../../build/mavlink_bridge/mavlink_bridge.egg-info/entry_points.txt
[0.525s] writing requirements to ../../build/mavlink_bridge/mavlink_bridge.egg-info/requires.txt
[0.526s] writing top-level names to ../../build/mavlink_bridge/mavlink_bridge.egg-info/top_level.txt
[0.542s] reading manifest file '../../build/mavlink_bridge/mavlink_bridge.egg-info/SOURCES.txt'
[0.543s] writing manifest file '../../build/mavlink_bridge/mavlink_bridge.egg-info/SOURCES.txt'
[0.544s] running build
[0.544s] running build_py
[0.544s] copying mavlink_bridge/mavlink_telemetry_bridge.py -> /home/devs/NautilusSW/nautilus_ws/build/mavlink_bridge/build/lib/mavlink_bridge
[0.544s] copying mavlink_bridge/__init__.py -> /home/devs/NautilusSW/nautilus_ws/build/mavlink_bridge/build/lib/mavlink_bridge
[0.544s] copying telemetry_bridge/mavlink_telemetry_bridge.py -> /home/devs/NautilusSW/nautilus_ws/build/mavlink_bridge/build/lib/telemetry_bridge
[0.544s] copying telemetry_bridge/__init__.py -> /home/devs/NautilusSW/nautilus_ws/build/mavlink_bridge/build/lib/telemetry_bridge
[0.547s] running install
[0.548s] running install_lib
[0.556s] running install_data
[0.556s] copying resource/mavlink_bridge -> /home/devs/NautilusSW/nautilus_ws/install/mavlink_bridge/share/ament_index/resource_index/packages
[0.557s] copying package.xml -> /home/devs/NautilusSW/nautilus_ws/install/mavlink_bridge/share/mavlink_bridge
[0.557s] running install_egg_info
[0.566s] removing '/home/devs/NautilusSW/nautilus_ws/install/mavlink_bridge/lib/python3.10/site-packages/mavlink_bridge-0.0.0-py3.10.egg-info' (and everything under it)
[0.566s] Copying ../../build/mavlink_bridge/mavlink_bridge.egg-info to /home/devs/NautilusSW/nautilus_ws/install/mavlink_bridge/lib/python3.10/site-packages/mavlink_bridge-0.0.0-py3.10.egg-info
[0.567s] running install_scripts
[0.584s] Installing mavlink_telemetry_bridge script to /home/devs/NautilusSW/nautilus_ws/install/mavlink_bridge/lib/mavlink_bridge
[0.584s] writing list of installed files to '/home/devs/NautilusSW/nautilus_ws/build/mavlink_bridge/install.log'
[0.599s] Invoked command in '/home/devs/NautilusSW/nautilus_ws/src/mavlink_bridge' returned '0': PYTHONPATH=/home/devs/NautilusSW/nautilus_ws/build/mavlink_bridge/prefix_override:/usr/lib/python3/dist-packages/colcon_core/task/python/colcon_distutils_commands:/home/devs/NautilusSW/nautilus_ws/install/mavlink_bridge/lib/python3.10/site-packages:${PYTHONPATH} /usr/bin/python3 -W ignore:setup.py install is deprecated -W ignore:easy_install command is deprecated setup.py egg_info --egg-base ../../build/mavlink_bridge build --build-base /home/devs/NautilusSW/nautilus_ws/build/mavlink_bridge/build install --record /home/devs/NautilusSW/nautilus_ws/build/mavlink_bridge/install.log --single-version-externally-managed install_data
