[18.231s] Invoking command in '/home/devs/NautilusSW/nautilus_ws/src/mavlink_bridge': PYTHONPATH=/home/devs/NautilusSW/nautilus_ws/build/mavlink_bridge/prefix_override:/usr/lib/python3/dist-packages/colcon_core/task/python/colcon_distutils_commands:/home/devs/NautilusSW/nautilus_ws/install/mavlink_bridge/lib/python3.10/site-packages:${PYTHONPATH} VIRTUAL_ENV_PROMPT=(nautilus_venv) /usr/bin/python3 -W ignore:setup.py install is deprecated -W ignore:easy_install command is deprecated setup.py egg_info --egg-base ../../build/mavlink_bridge build --build-base /home/devs/NautilusSW/nautilus_ws/build/mavlink_bridge/build install --record /home/devs/NautilusSW/nautilus_ws/build/mavlink_bridge/install.log --single-version-externally-managed install_data
[24.313s] running egg_info
[24.859s] writing ../../build/mavlink_bridge/mavlink_bridge.egg-info/PKG-INFO
[24.884s] writing dependency_links to ../../build/mavlink_bridge/mavlink_bridge.egg-info/dependency_links.txt
[24.890s] writing entry points to ../../build/mavlink_bridge/mavlink_bridge.egg-info/entry_points.txt
[24.902s] writing requirements to ../../build/mavlink_bridge/mavlink_bridge.egg-info/requires.txt
[24.906s] writing top-level names to ../../build/mavlink_bridge/mavlink_bridge.egg-info/top_level.txt
[25.930s] reading manifest file '../../build/mavlink_bridge/mavlink_bridge.egg-info/SOURCES.txt'
[25.948s] writing manifest file '../../build/mavlink_bridge/mavlink_bridge.egg-info/SOURCES.txt'
[25.952s] running build
[25.952s] running build_py
[25.977s] copying telemetry_bridge/mavlink_telemetry_bridge.py -> /home/devs/NautilusSW/nautilus_ws/build/mavlink_bridge/build/lib/telemetry_bridge
[25.977s] copying telemetry_bridge/__init__.py -> /home/devs/NautilusSW/nautilus_ws/build/mavlink_bridge/build/lib/telemetry_bridge
[25.993s] running install
[26.070s] running install_lib
[26.421s] running install_data
[26.436s] copying resource/mavlink_bridge -> /home/devs/NautilusSW/nautilus_ws/install/mavlink_bridge/share/ament_index/resource_index/packages
[26.440s] copying package.xml -> /home/devs/NautilusSW/nautilus_ws/install/mavlink_bridge/share/mavlink_bridge
[26.443s] running install_egg_info
[27.182s] removing '/home/devs/NautilusSW/nautilus_ws/install/mavlink_bridge/lib/python3.10/site-packages/mavlink_bridge-0.0.1-py3.10.egg-info' (and everything under it)
[27.192s] Copying ../../build/mavlink_bridge/mavlink_bridge.egg-info to /home/devs/NautilusSW/nautilus_ws/install/mavlink_bridge/lib/python3.10/site-packages/mavlink_bridge-0.0.1-py3.10.egg-info
[27.198s] running install_scripts
[28.703s] Installing mavlink_telemetry_bridge script to /home/devs/NautilusSW/nautilus_ws/install/mavlink_bridge/bin
[28.713s] writing list of installed files to '/home/devs/NautilusSW/nautilus_ws/build/mavlink_bridge/install.log'
[29.646s] Invoked command in '/home/devs/NautilusSW/nautilus_ws/src/mavlink_bridge' returned '0': PYTHONPATH=/home/devs/NautilusSW/nautilus_ws/build/mavlink_bridge/prefix_override:/usr/lib/python3/dist-packages/colcon_core/task/python/colcon_distutils_commands:/home/devs/NautilusSW/nautilus_ws/install/mavlink_bridge/lib/python3.10/site-packages:${PYTHONPATH} VIRTUAL_ENV_PROMPT=(nautilus_venv) /usr/bin/python3 -W ignore:setup.py install is deprecated -W ignore:easy_install command is deprecated setup.py egg_info --egg-base ../../build/mavlink_bridge build --build-base /home/devs/NautilusSW/nautilus_ws/build/mavlink_bridge/build install --record /home/devs/NautilusSW/nautilus_ws/build/mavlink_bridge/install.log --single-version-externally-managed install_data
