[0.228s] [34mcolcon[0m [1;30mDEBUG[0m [32mCommand line arguments: ['/usr/bin/colcon', 'build'][0m
[0.228s] [34mcolcon[0m [1;30mDEBUG[0m [32mParsed command line arguments: Namespace(log_base=None, log_level=None, verb_name='build', build_base='build', install_base='install', merge_install=False, symlink_install=False, test_result_base=None, continue_on_error=False, executor='parallel', parallel_workers=6, event_handlers=None, ignore_user_meta=False, metas=['./colcon.meta'], base_paths=['.'], packages_ignore=None, packages_ignore_regex=None, paths=None, packages_up_to=None, packages_up_to_regex=None, packages_above=None, packages_above_and_dependencies=None, packages_above_depth=None, packages_select_by_dep=None, packages_skip_by_dep=None, packages_skip_up_to=None, packages_select_build_failed=False, packages_skip_build_finished=False, packages_select_test_failures=False, packages_skip_test_passed=False, packages_select=None, packages_skip=None, packages_select_regex=None, packages_skip_regex=None, packages_start=None, packages_end=None, allow_overriding=[], cmake_args=None, cmake_target=None, cmake_target_skip_unavailable=False, cmake_clean_cache=False, cmake_clean_first=False, cmake_force_configure=False, ament_cmake_args=None, catkin_cmake_args=None, catkin_skip_building_tests=False, mixin_files=None, mixin=None, verb_parser=<colcon_mixin.mixin.mixin_argument.MixinArgumentDecorator object at 0xffff98941c60>, verb_extension=<colcon_core.verb.build.BuildVerb object at 0xffff989416f0>, main=<bound method BuildVerb.main of <colcon_core.verb.build.BuildVerb object at 0xffff989416f0>>, mixin_verb=('build',))[0m
[0.307s] [34mcolcon.colcon_core.package_discovery[0m [1;30mLevel 1[0m discover_packages(colcon_meta) check parameters
[0.307s] [34mcolcon.colcon_core.package_discovery[0m [1;30mLevel 1[0m discover_packages(recursive) check parameters
[0.307s] [34mcolcon.colcon_core.package_discovery[0m [1;30mLevel 1[0m discover_packages(ignore) check parameters
[0.307s] [34mcolcon.colcon_core.package_discovery[0m [1;30mLevel 1[0m discover_packages(path) check parameters
[0.307s] [34mcolcon.colcon_core.package_discovery[0m [1;30mLevel 1[0m discover_packages(colcon_meta) discover
[0.308s] [34mcolcon.colcon_core.package_discovery[0m [1;30mLevel 1[0m discover_packages(recursive) discover
[0.308s] [34mcolcon.colcon_core.package_discovery[0m [1;30mINFO[0m Crawling recursively for packages in '/home/nautilus/NautilusSW/nautilus_ws'
[0.308s] [34mcolcon.colcon_core.package_identification[0m [1;30mLevel 1[0m _identify(.) by extensions ['ignore', 'ignore_ament_install']
[0.308s] [34mcolcon.colcon_core.package_identification[0m [1;30mLevel 1[0m _identify(.) by extension 'ignore'
[0.308s] [34mcolcon.colcon_core.package_identification[0m [1;30mLevel 1[0m _identify(.) by extension 'ignore_ament_install'
[0.308s] [34mcolcon.colcon_core.package_identification[0m [1;30mLevel 1[0m _identify(.) by extensions ['colcon_pkg']
[0.308s] [34mcolcon.colcon_core.package_identification[0m [1;30mLevel 1[0m _identify(.) by extension 'colcon_pkg'
[0.308s] [34mcolcon.colcon_core.package_identification[0m [1;30mLevel 1[0m _identify(.) by extensions ['colcon_meta']
[0.309s] [34mcolcon.colcon_core.package_identification[0m [1;30mLevel 1[0m _identify(.) by extension 'colcon_meta'
[0.309s] [34mcolcon.colcon_core.package_identification[0m [1;30mLevel 1[0m _identify(.) by extensions ['ros']
[0.309s] [34mcolcon.colcon_core.package_identification[0m [1;30mLevel 1[0m _identify(.) by extension 'ros'
[0.335s] [34mcolcon.colcon_core.package_identification[0m [1;30mLevel 1[0m _identify(.) by extensions ['cmake', 'python']
[0.335s] [34mcolcon.colcon_core.package_identification[0m [1;30mLevel 1[0m _identify(.) by extension 'cmake'
[0.335s] [34mcolcon.colcon_core.package_identification[0m [1;30mLevel 1[0m _identify(.) by extension 'python'
[0.335s] [34mcolcon.colcon_core.package_identification[0m [1;30mLevel 1[0m _identify(.) by extensions ['python_setup_py']
[0.335s] [34mcolcon.colcon_core.package_identification[0m [1;30mLevel 1[0m _identify(.) by extension 'python_setup_py'
[0.335s] [34mcolcon.colcon_core.package_identification[0m [1;30mLevel 1[0m _identify(build) by extensions ['ignore', 'ignore_ament_install']
[0.336s] [34mcolcon.colcon_core.package_identification[0m [1;30mLevel 1[0m _identify(build) by extension 'ignore'
[0.336s] [34mcolcon.colcon_core.package_identification[0m [1;30mLevel 1[0m _identify(build) ignored
[0.336s] [34mcolcon.colcon_core.package_identification[0m [1;30mLevel 1[0m _identify(install) by extensions ['ignore', 'ignore_ament_install']
[0.336s] [34mcolcon.colcon_core.package_identification[0m [1;30mLevel 1[0m _identify(install) by extension 'ignore'
[0.336s] [34mcolcon.colcon_core.package_identification[0m [1;30mLevel 1[0m _identify(install) ignored
[0.336s] [34mcolcon.colcon_core.package_identification[0m [1;30mLevel 1[0m _identify(log) by extensions ['ignore', 'ignore_ament_install']
[0.337s] [34mcolcon.colcon_core.package_identification[0m [1;30mLevel 1[0m _identify(log) by extension 'ignore'
[0.337s] [34mcolcon.colcon_core.package_identification[0m [1;30mLevel 1[0m _identify(log) ignored
[0.337s] [34mcolcon.colcon_core.package_identification[0m [1;30mLevel 1[0m _identify(src) by extensions ['ignore', 'ignore_ament_install']
[0.337s] [34mcolcon.colcon_core.package_identification[0m [1;30mLevel 1[0m _identify(src) by extension 'ignore'
[0.337s] [34mcolcon.colcon_core.package_identification[0m [1;30mLevel 1[0m _identify(src) by extension 'ignore_ament_install'
[0.337s] [34mcolcon.colcon_core.package_identification[0m [1;30mLevel 1[0m _identify(src) by extensions ['colcon_pkg']
[0.337s] [34mcolcon.colcon_core.package_identification[0m [1;30mLevel 1[0m _identify(src) by extension 'colcon_pkg'
[0.337s] [34mcolcon.colcon_core.package_identification[0m [1;30mLevel 1[0m _identify(src) by extensions ['colcon_meta']
[0.337s] [34mcolcon.colcon_core.package_identification[0m [1;30mLevel 1[0m _identify(src) by extension 'colcon_meta'
[0.338s] [34mcolcon.colcon_core.package_identification[0m [1;30mLevel 1[0m _identify(src) by extensions ['ros']
[0.338s] [34mcolcon.colcon_core.package_identification[0m [1;30mLevel 1[0m _identify(src) by extension 'ros'
[0.338s] [34mcolcon.colcon_core.package_identification[0m [1;30mLevel 1[0m _identify(src) by extensions ['cmake', 'python']
[0.338s] [34mcolcon.colcon_core.package_identification[0m [1;30mLevel 1[0m _identify(src) by extension 'cmake'
[0.338s] [34mcolcon.colcon_core.package_identification[0m [1;30mLevel 1[0m _identify(src) by extension 'python'
[0.338s] [34mcolcon.colcon_core.package_identification[0m [1;30mLevel 1[0m _identify(src) by extensions ['python_setup_py']
[0.338s] [34mcolcon.colcon_core.package_identification[0m [1;30mLevel 1[0m _identify(src) by extension 'python_setup_py'
[0.338s] [34mcolcon.colcon_core.package_identification[0m [1;30mLevel 1[0m _identify(src/nautilus_bringup) by extensions ['ignore', 'ignore_ament_install']
[0.338s] [34mcolcon.colcon_core.package_identification[0m [1;30mLevel 1[0m _identify(src/nautilus_bringup) by extension 'ignore'
[0.338s] [34mcolcon.colcon_core.package_identification[0m [1;30mLevel 1[0m _identify(src/nautilus_bringup) by extension 'ignore_ament_install'
[0.339s] [34mcolcon.colcon_core.package_identification[0m [1;30mLevel 1[0m _identify(src/nautilus_bringup) by extensions ['colcon_pkg']
[0.339s] [34mcolcon.colcon_core.package_identification[0m [1;30mLevel 1[0m _identify(src/nautilus_bringup) by extension 'colcon_pkg'
[0.339s] [34mcolcon.colcon_core.package_identification[0m [1;30mLevel 1[0m _identify(src/nautilus_bringup) by extensions ['colcon_meta']
[0.339s] [34mcolcon.colcon_core.package_identification[0m [1;30mLevel 1[0m _identify(src/nautilus_bringup) by extension 'colcon_meta'
[0.339s] [34mcolcon.colcon_core.package_identification[0m [1;30mLevel 1[0m _identify(src/nautilus_bringup) by extensions ['ros']
[0.339s] [34mcolcon.colcon_core.package_identification[0m [1;30mLevel 1[0m _identify(src/nautilus_bringup) by extension 'ros'
[0.343s] [34mcolcon.colcon_core.package_identification[0m [1;30mDEBUG[0m [32mPackage 'src/nautilus_bringup' with type 'ros.ament_cmake' and name 'nautilus_bringup'[0m
[0.343s] [34mcolcon.colcon_core.package_identification[0m [1;30mLevel 1[0m _identify(src/nautilus_controls) by extensions ['ignore', 'ignore_ament_install']
[0.346s] [34mcolcon.colcon_core.package_identification[0m [1;30mLevel 1[0m _identify(src/nautilus_controls) by extension 'ignore'
[0.346s] [34mcolcon.colcon_core.package_identification[0m [1;30mLevel 1[0m _identify(src/nautilus_controls) by extension 'ignore_ament_install'
[0.346s] [34mcolcon.colcon_core.package_identification[0m [1;30mLevel 1[0m _identify(src/nautilus_controls) by extensions ['colcon_pkg']
[0.346s] [34mcolcon.colcon_core.package_identification[0m [1;30mLevel 1[0m _identify(src/nautilus_controls) by extension 'colcon_pkg'
[0.346s] [34mcolcon.colcon_core.package_identification[0m [1;30mLevel 1[0m _identify(src/nautilus_controls) by extensions ['colcon_meta']
[0.346s] [34mcolcon.colcon_core.package_identification[0m [1;30mLevel 1[0m _identify(src/nautilus_controls) by extension 'colcon_meta'
[0.346s] [34mcolcon.colcon_core.package_identification[0m [1;30mLevel 1[0m _identify(src/nautilus_controls) by extensions ['ros']
[0.346s] [34mcolcon.colcon_core.package_identification[0m [1;30mLevel 1[0m _identify(src/nautilus_controls) by extension 'ros'
[0.348s] [34mcolcon.colcon_core.package_identification[0m [1;30mDEBUG[0m [32mPackage 'src/nautilus_controls' with type 'ros.ament_cmake' and name 'nautilus_controls'[0m
[0.348s] [34mcolcon.colcon_core.package_identification[0m [1;30mLevel 1[0m _identify(src/nautilus_mission) by extensions ['ignore', 'ignore_ament_install']
[0.348s] [34mcolcon.colcon_core.package_identification[0m [1;30mLevel 1[0m _identify(src/nautilus_mission) by extension 'ignore'
[0.348s] [34mcolcon.colcon_core.package_identification[0m [1;30mLevel 1[0m _identify(src/nautilus_mission) by extension 'ignore_ament_install'
[0.348s] [34mcolcon.colcon_core.package_identification[0m [1;30mLevel 1[0m _identify(src/nautilus_mission) by extensions ['colcon_pkg']
[0.348s] [34mcolcon.colcon_core.package_identification[0m [1;30mLevel 1[0m _identify(src/nautilus_mission) by extension 'colcon_pkg'
[0.348s] [34mcolcon.colcon_core.package_identification[0m [1;30mLevel 1[0m _identify(src/nautilus_mission) by extensions ['colcon_meta']
[0.348s] [34mcolcon.colcon_core.package_identification[0m [1;30mLevel 1[0m _identify(src/nautilus_mission) by extension 'colcon_meta'
[0.348s] [34mcolcon.colcon_core.package_identification[0m [1;30mLevel 1[0m _identify(src/nautilus_mission) by extensions ['ros']
[0.349s] [34mcolcon.colcon_core.package_identification[0m [1;30mLevel 1[0m _identify(src/nautilus_mission) by extension 'ros'
[0.350s] [34mcolcon.colcon_core.package_identification[0m [1;30mDEBUG[0m [32mPackage 'src/nautilus_mission' with type 'ros.ament_cmake' and name 'nautilus_mission'[0m
[0.350s] [34mcolcon.colcon_core.package_identification[0m [1;30mLevel 1[0m _identify(src/nautilus_sensors) by extensions ['ignore', 'ignore_ament_install']
[0.350s] [34mcolcon.colcon_core.package_identification[0m [1;30mLevel 1[0m _identify(src/nautilus_sensors) by extension 'ignore'
[0.350s] [34mcolcon.colcon_core.package_identification[0m [1;30mLevel 1[0m _identify(src/nautilus_sensors) by extension 'ignore_ament_install'
[0.350s] [34mcolcon.colcon_core.package_identification[0m [1;30mLevel 1[0m _identify(src/nautilus_sensors) by extensions ['colcon_pkg']
[0.350s] [34mcolcon.colcon_core.package_identification[0m [1;30mLevel 1[0m _identify(src/nautilus_sensors) by extension 'colcon_pkg'
[0.350s] [34mcolcon.colcon_core.package_identification[0m [1;30mLevel 1[0m _identify(src/nautilus_sensors) by extensions ['colcon_meta']
[0.350s] [34mcolcon.colcon_core.package_identification[0m [1;30mLevel 1[0m _identify(src/nautilus_sensors) by extension 'colcon_meta'
[0.350s] [34mcolcon.colcon_core.package_identification[0m [1;30mLevel 1[0m _identify(src/nautilus_sensors) by extensions ['ros']
[0.351s] [34mcolcon.colcon_core.package_identification[0m [1;30mLevel 1[0m _identify(src/nautilus_sensors) by extension 'ros'
[0.352s] [34mcolcon.colcon_core.package_identification[0m [1;30mDEBUG[0m [32mPackage 'src/nautilus_sensors' with type 'ros.ament_cmake' and name 'nautilus_sensors'[0m
[0.352s] [34mcolcon.colcon_core.package_discovery[0m [1;30mLevel 1[0m discover_packages(recursive) using defaults
[0.352s] [34mcolcon.colcon_core.package_discovery[0m [1;30mLevel 1[0m discover_packages(ignore) discover
[0.352s] [34mcolcon.colcon_core.package_discovery[0m [1;30mLevel 1[0m discover_packages(ignore) using defaults
[0.352s] [34mcolcon.colcon_core.package_discovery[0m [1;30mLevel 1[0m discover_packages(path) discover
[0.352s] [34mcolcon.colcon_core.package_discovery[0m [1;30mLevel 1[0m discover_packages(path) using defaults
[0.381s] [34mcolcon.colcon_core.package_discovery[0m [1;30mLevel 1[0m discover_packages(prefix_path) check parameters
[0.381s] [34mcolcon.colcon_core.package_discovery[0m [1;30mLevel 1[0m discover_packages(prefix_path) discover
[0.384s] [34mcolcon.colcon_installed_package_information.package_discovery[0m [1;30mDEBUG[0m [32mFound 4 installed packages in /home/nautilus/NautilusSW/nautilus_ws/install[0m
[0.387s] [34mcolcon.colcon_installed_package_information.package_discovery[0m [1;30mDEBUG[0m [32mFound 273 installed packages in /opt/ros/humble[0m
[0.389s] [34mcolcon.colcon_core.package_discovery[0m [1;30mLevel 1[0m discover_packages(prefix_path) using defaults
[0.455s] [34mcolcon.colcon_core.verb[0m [1;30mLevel 5[0m set package 'nautilus_bringup' build argument 'cmake_args' from command line to 'None'
[0.455s] [34mcolcon.colcon_core.verb[0m [1;30mLevel 5[0m set package 'nautilus_bringup' build argument 'cmake_target' from command line to 'None'
[0.455s] [34mcolcon.colcon_core.verb[0m [1;30mLevel 5[0m set package 'nautilus_bringup' build argument 'cmake_target_skip_unavailable' from command line to 'False'
[0.455s] [34mcolcon.colcon_core.verb[0m [1;30mLevel 5[0m set package 'nautilus_bringup' build argument 'cmake_clean_cache' from command line to 'False'
[0.456s] [34mcolcon.colcon_core.verb[0m [1;30mLevel 5[0m set package 'nautilus_bringup' build argument 'cmake_clean_first' from command line to 'False'
[0.456s] [34mcolcon.colcon_core.verb[0m [1;30mLevel 5[0m set package 'nautilus_bringup' build argument 'cmake_force_configure' from command line to 'False'
[0.456s] [34mcolcon.colcon_core.verb[0m [1;30mLevel 5[0m set package 'nautilus_bringup' build argument 'ament_cmake_args' from command line to 'None'
[0.456s] [34mcolcon.colcon_core.verb[0m [1;30mLevel 5[0m set package 'nautilus_bringup' build argument 'catkin_cmake_args' from command line to 'None'
[0.456s] [34mcolcon.colcon_core.verb[0m [1;30mLevel 5[0m set package 'nautilus_bringup' build argument 'catkin_skip_building_tests' from command line to 'False'
[0.456s] [34mcolcon.colcon_core.verb[0m [1;30mDEBUG[0m [32mBuilding package 'nautilus_bringup' with the following arguments: {'ament_cmake_args': None, 'build_base': '/home/nautilus/NautilusSW/nautilus_ws/build/nautilus_bringup', 'catkin_cmake_args': None, 'catkin_skip_building_tests': False, 'cmake_args': None, 'cmake_clean_cache': False, 'cmake_clean_first': False, 'cmake_force_configure': False, 'cmake_target': None, 'cmake_target_skip_unavailable': False, 'install_base': '/home/nautilus/NautilusSW/nautilus_ws/install/nautilus_bringup', 'merge_install': False, 'path': '/home/nautilus/NautilusSW/nautilus_ws/src/nautilus_bringup', 'symlink_install': False, 'test_result_base': None}[0m
[0.456s] [34mcolcon.colcon_core.verb[0m [1;30mLevel 5[0m set package 'nautilus_controls' build argument 'cmake_args' from command line to 'None'
[0.456s] [34mcolcon.colcon_core.verb[0m [1;30mLevel 5[0m set package 'nautilus_controls' build argument 'cmake_target' from command line to 'None'
[0.457s] [34mcolcon.colcon_core.verb[0m [1;30mLevel 5[0m set package 'nautilus_controls' build argument 'cmake_target_skip_unavailable' from command line to 'False'
[0.457s] [34mcolcon.colcon_core.verb[0m [1;30mLevel 5[0m set package 'nautilus_controls' build argument 'cmake_clean_cache' from command line to 'False'
[0.457s] [34mcolcon.colcon_core.verb[0m [1;30mLevel 5[0m set package 'nautilus_controls' build argument 'cmake_clean_first' from command line to 'False'
[0.457s] [34mcolcon.colcon_core.verb[0m [1;30mLevel 5[0m set package 'nautilus_controls' build argument 'cmake_force_configure' from command line to 'False'
[0.457s] [34mcolcon.colcon_core.verb[0m [1;30mLevel 5[0m set package 'nautilus_controls' build argument 'ament_cmake_args' from command line to 'None'
[0.457s] [34mcolcon.colcon_core.verb[0m [1;30mLevel 5[0m set package 'nautilus_controls' build argument 'catkin_cmake_args' from command line to 'None'
[0.457s] [34mcolcon.colcon_core.verb[0m [1;30mLevel 5[0m set package 'nautilus_controls' build argument 'catkin_skip_building_tests' from command line to 'False'
[0.457s] [34mcolcon.colcon_core.verb[0m [1;30mDEBUG[0m [32mBuilding package 'nautilus_controls' with the following arguments: {'ament_cmake_args': None, 'build_base': '/home/nautilus/NautilusSW/nautilus_ws/build/nautilus_controls', 'catkin_cmake_args': None, 'catkin_skip_building_tests': False, 'cmake_args': None, 'cmake_clean_cache': False, 'cmake_clean_first': False, 'cmake_force_configure': False, 'cmake_target': None, 'cmake_target_skip_unavailable': False, 'install_base': '/home/nautilus/NautilusSW/nautilus_ws/install/nautilus_controls', 'merge_install': False, 'path': '/home/nautilus/NautilusSW/nautilus_ws/src/nautilus_controls', 'symlink_install': False, 'test_result_base': None}[0m
[0.457s] [34mcolcon.colcon_core.verb[0m [1;30mLevel 5[0m set package 'nautilus_mission' build argument 'cmake_args' from command line to 'None'
[0.457s] [34mcolcon.colcon_core.verb[0m [1;30mLevel 5[0m set package 'nautilus_mission' build argument 'cmake_target' from command line to 'None'
[0.457s] [34mcolcon.colcon_core.verb[0m [1;30mLevel 5[0m set package 'nautilus_mission' build argument 'cmake_target_skip_unavailable' from command line to 'False'
[0.458s] [34mcolcon.colcon_core.verb[0m [1;30mLevel 5[0m set package 'nautilus_mission' build argument 'cmake_clean_cache' from command line to 'False'
[0.458s] [34mcolcon.colcon_core.verb[0m [1;30mLevel 5[0m set package 'nautilus_mission' build argument 'cmake_clean_first' from command line to 'False'
[0.458s] [34mcolcon.colcon_core.verb[0m [1;30mLevel 5[0m set package 'nautilus_mission' build argument 'cmake_force_configure' from command line to 'False'
[0.458s] [34mcolcon.colcon_core.verb[0m [1;30mLevel 5[0m set package 'nautilus_mission' build argument 'ament_cmake_args' from command line to 'None'
[0.458s] [34mcolcon.colcon_core.verb[0m [1;30mLevel 5[0m set package 'nautilus_mission' build argument 'catkin_cmake_args' from command line to 'None'
[0.458s] [34mcolcon.colcon_core.verb[0m [1;30mLevel 5[0m set package 'nautilus_mission' build argument 'catkin_skip_building_tests' from command line to 'False'
[0.458s] [34mcolcon.colcon_core.verb[0m [1;30mDEBUG[0m [32mBuilding package 'nautilus_mission' with the following arguments: {'ament_cmake_args': None, 'build_base': '/home/nautilus/NautilusSW/nautilus_ws/build/nautilus_mission', 'catkin_cmake_args': None, 'catkin_skip_building_tests': False, 'cmake_args': None, 'cmake_clean_cache': False, 'cmake_clean_first': False, 'cmake_force_configure': False, 'cmake_target': None, 'cmake_target_skip_unavailable': False, 'install_base': '/home/nautilus/NautilusSW/nautilus_ws/install/nautilus_mission', 'merge_install': False, 'path': '/home/nautilus/NautilusSW/nautilus_ws/src/nautilus_mission', 'symlink_install': False, 'test_result_base': None}[0m
[0.458s] [34mcolcon.colcon_core.verb[0m [1;30mLevel 5[0m set package 'nautilus_sensors' build argument 'cmake_args' from command line to 'None'
[0.458s] [34mcolcon.colcon_core.verb[0m [1;30mLevel 5[0m set package 'nautilus_sensors' build argument 'cmake_target' from command line to 'None'
[0.458s] [34mcolcon.colcon_core.verb[0m [1;30mLevel 5[0m set package 'nautilus_sensors' build argument 'cmake_target_skip_unavailable' from command line to 'False'
[0.458s] [34mcolcon.colcon_core.verb[0m [1;30mLevel 5[0m set package 'nautilus_sensors' build argument 'cmake_clean_cache' from command line to 'False'
[0.458s] [34mcolcon.colcon_core.verb[0m [1;30mLevel 5[0m set package 'nautilus_sensors' build argument 'cmake_clean_first' from command line to 'False'
[0.459s] [34mcolcon.colcon_core.verb[0m [1;30mLevel 5[0m set package 'nautilus_sensors' build argument 'cmake_force_configure' from command line to 'False'
[0.459s] [34mcolcon.colcon_core.verb[0m [1;30mLevel 5[0m set package 'nautilus_sensors' build argument 'ament_cmake_args' from command line to 'None'
[0.459s] [34mcolcon.colcon_core.verb[0m [1;30mLevel 5[0m set package 'nautilus_sensors' build argument 'catkin_cmake_args' from command line to 'None'
[0.459s] [34mcolcon.colcon_core.verb[0m [1;30mLevel 5[0m set package 'nautilus_sensors' build argument 'catkin_skip_building_tests' from command line to 'False'
[0.459s] [34mcolcon.colcon_core.verb[0m [1;30mDEBUG[0m [32mBuilding package 'nautilus_sensors' with the following arguments: {'ament_cmake_args': None, 'build_base': '/home/nautilus/NautilusSW/nautilus_ws/build/nautilus_sensors', 'catkin_cmake_args': None, 'catkin_skip_building_tests': False, 'cmake_args': None, 'cmake_clean_cache': False, 'cmake_clean_first': False, 'cmake_force_configure': False, 'cmake_target': None, 'cmake_target_skip_unavailable': False, 'install_base': '/home/nautilus/NautilusSW/nautilus_ws/install/nautilus_sensors', 'merge_install': False, 'path': '/home/nautilus/NautilusSW/nautilus_ws/src/nautilus_sensors', 'symlink_install': False, 'test_result_base': None}[0m
[0.459s] [34mcolcon.colcon_core.executor[0m [1;30mINFO[0m Executing jobs using 'parallel' executor
[0.461s] [34mcolcon.colcon_parallel_executor.executor.parallel[0m [1;30mDEBUG[0m [32mrun_until_complete[0m
[0.462s] [34mcolcon.colcon_ros.task.ament_cmake.build[0m [1;30mINFO[0m Building ROS package in '/home/nautilus/NautilusSW/nautilus_ws/src/nautilus_bringup' with build type 'ament_cmake'
[0.462s] [34mcolcon.colcon_cmake.task.cmake.build[0m [1;30mINFO[0m Building CMake package in '/home/nautilus/NautilusSW/nautilus_ws/src/nautilus_bringup'
[0.466s] [34mcolcon.colcon_core.plugin_system[0m [1;30mINFO[0m Skipping extension 'colcon_core.shell.bat': Not used on non-Windows systems
[0.466s] [34mcolcon.colcon_core.shell[0m [1;30mINFO[0m Skip shell extension 'powershell' for command environment: Not usable outside of PowerShell
[0.466s] [34mcolcon.colcon_core.shell[0m [1;30mDEBUG[0m [32mSkip shell extension 'dsv' for command environment[0m
[0.473s] [34mcolcon.colcon_ros.task.ament_cmake.build[0m [1;30mINFO[0m Building ROS package in '/home/nautilus/NautilusSW/nautilus_ws/src/nautilus_controls' with build type 'ament_cmake'
[0.473s] [34mcolcon.colcon_cmake.task.cmake.build[0m [1;30mINFO[0m Building CMake package in '/home/nautilus/NautilusSW/nautilus_ws/src/nautilus_controls'
[0.474s] [34mcolcon.colcon_core.shell[0m [1;30mINFO[0m Skip shell extension 'powershell' for command environment: Not usable outside of PowerShell
[0.474s] [34mcolcon.colcon_core.shell[0m [1;30mDEBUG[0m [32mSkip shell extension 'dsv' for command environment[0m
[0.488s] [34mcolcon.colcon_core.event_handler.log_command[0m [1;30mDEBUG[0m [32mInvoking command in '/home/nautilus/NautilusSW/nautilus_ws/build/nautilus_bringup': CMAKE_PREFIX_PATH=${CMAKE_PREFIX_PATH}:/opt/ros/humble /usr/bin/cmake --build /home/nautilus/NautilusSW/nautilus_ws/build/nautilus_bringup -- -j6 -l6[0m
[0.497s] [34mcolcon.colcon_core.event_handler.log_command[0m [1;30mDEBUG[0m [32mInvoking command in '/home/nautilus/NautilusSW/nautilus_ws/build/nautilus_controls': CMAKE_PREFIX_PATH=${CMAKE_PREFIX_PATH}:/opt/ros/humble /usr/bin/cmake --build /home/nautilus/NautilusSW/nautilus_ws/build/nautilus_controls -- -j6 -l6[0m
[1.247s] [34mcolcon.colcon_core.event_handler.log_command[0m [1;30mDEBUG[0m [32mInvoked command in '/home/nautilus/NautilusSW/nautilus_ws/build/nautilus_bringup' returned '0': CMAKE_PREFIX_PATH=${CMAKE_PREFIX_PATH}:/opt/ros/humble /usr/bin/cmake --build /home/nautilus/NautilusSW/nautilus_ws/build/nautilus_bringup -- -j6 -l6[0m
[1.267s] [34mcolcon.colcon_core.event_handler.log_command[0m [1;30mDEBUG[0m [32mInvoking command in '/home/nautilus/NautilusSW/nautilus_ws/build/nautilus_bringup': CMAKE_PREFIX_PATH=${CMAKE_PREFIX_PATH}:/opt/ros/humble /usr/bin/cmake --install /home/nautilus/NautilusSW/nautilus_ws/build/nautilus_bringup[0m
[1.277s] [34mcolcon.colcon_core.event_handler.log_command[0m [1;30mDEBUG[0m [32mInvoked command in '/home/nautilus/NautilusSW/nautilus_ws/build/nautilus_controls' returned '0': CMAKE_PREFIX_PATH=${CMAKE_PREFIX_PATH}:/opt/ros/humble /usr/bin/cmake --build /home/nautilus/NautilusSW/nautilus_ws/build/nautilus_controls -- -j6 -l6[0m
[1.278s] [34mcolcon.colcon_core.event_handler.log_command[0m [1;30mDEBUG[0m [32mInvoking command in '/home/nautilus/NautilusSW/nautilus_ws/build/nautilus_controls': CMAKE_PREFIX_PATH=${CMAKE_PREFIX_PATH}:/opt/ros/humble /usr/bin/cmake --install /home/nautilus/NautilusSW/nautilus_ws/build/nautilus_controls[0m
[1.376s] [34mcolcon.colcon_core.environment[0m [1;30mLevel 1[0m create_environment_scripts_only(nautilus_controls)
[1.379s] [34mcolcon.colcon_core.event_handler.log_command[0m [1;30mDEBUG[0m [32mInvoked command in '/home/nautilus/NautilusSW/nautilus_ws/build/nautilus_controls' returned '0': CMAKE_PREFIX_PATH=${CMAKE_PREFIX_PATH}:/opt/ros/humble /usr/bin/cmake --install /home/nautilus/NautilusSW/nautilus_ws/build/nautilus_controls[0m
[1.382s] [34mcolcon.colcon_core.environment[0m [1;30mLevel 1[0m checking '/home/nautilus/NautilusSW/nautilus_ws/install/nautilus_controls' for CMake module files
[1.384s] [34mcolcon.colcon_core.environment[0m [1;30mLevel 1[0m checking '/home/nautilus/NautilusSW/nautilus_ws/install/nautilus_controls' for CMake config files
[1.385s] [34mcolcon.colcon_core.shell[0m [1;30mLevel 1[0m create_environment_hook('nautilus_controls', 'cmake_prefix_path')
[1.385s] [34mcolcon.colcon_core.shell[0m [1;30mINFO[0m Creating environment hook '/home/nautilus/NautilusSW/nautilus_ws/install/nautilus_controls/share/nautilus_controls/hook/cmake_prefix_path.ps1'
[1.387s] [34mcolcon.colcon_core.shell[0m [1;30mINFO[0m Creating environment descriptor '/home/nautilus/NautilusSW/nautilus_ws/install/nautilus_controls/share/nautilus_controls/hook/cmake_prefix_path.dsv'
[1.388s] [34mcolcon.colcon_core.shell[0m [1;30mINFO[0m Creating environment hook '/home/nautilus/NautilusSW/nautilus_ws/install/nautilus_controls/share/nautilus_controls/hook/cmake_prefix_path.sh'
[1.389s] [34mcolcon.colcon_core.environment[0m [1;30mLevel 1[0m checking '/home/nautilus/NautilusSW/nautilus_ws/install/nautilus_controls/lib'
[1.390s] [34mcolcon.colcon_core.environment[0m [1;30mLevel 1[0m checking '/home/nautilus/NautilusSW/nautilus_ws/install/nautilus_controls/bin'
[1.390s] [34mcolcon.colcon_core.environment[0m [1;30mLevel 1[0m checking '/home/nautilus/NautilusSW/nautilus_ws/install/nautilus_controls/lib/pkgconfig/nautilus_controls.pc'
[1.390s] [34mcolcon.colcon_core.environment[0m [1;30mLevel 1[0m checking '/home/nautilus/NautilusSW/nautilus_ws/install/nautilus_controls/lib/python3.10/site-packages'
[1.391s] [34mcolcon.colcon_core.environment[0m [1;30mLevel 1[0m checking '/home/nautilus/NautilusSW/nautilus_ws/install/nautilus_controls/bin'
[1.392s] [34mcolcon.colcon_core.shell[0m [1;30mINFO[0m Creating package script '/home/nautilus/NautilusSW/nautilus_ws/install/nautilus_controls/share/nautilus_controls/package.ps1'
[1.394s] [34mcolcon.colcon_core.shell[0m [1;30mINFO[0m Creating package descriptor '/home/nautilus/NautilusSW/nautilus_ws/install/nautilus_controls/share/nautilus_controls/package.dsv'
[1.395s] [34mcolcon.colcon_core.shell[0m [1;30mINFO[0m Creating package script '/home/nautilus/NautilusSW/nautilus_ws/install/nautilus_controls/share/nautilus_controls/package.sh'
[1.397s] [34mcolcon.colcon_core.shell[0m [1;30mINFO[0m Creating package script '/home/nautilus/NautilusSW/nautilus_ws/install/nautilus_controls/share/nautilus_controls/package.bash'
[1.398s] [34mcolcon.colcon_core.shell[0m [1;30mINFO[0m Creating package script '/home/nautilus/NautilusSW/nautilus_ws/install/nautilus_controls/share/nautilus_controls/package.zsh'
[1.400s] [34mcolcon.colcon_core.environment[0m [1;30mLevel 1[0m create_file_with_runtime_dependencies(/home/nautilus/NautilusSW/nautilus_ws/install/nautilus_controls/share/colcon-core/packages/nautilus_controls)
[1.401s] [34mcolcon.colcon_core.environment[0m [1;30mLevel 1[0m create_environment_scripts_only(nautilus_controls)
[1.402s] [34mcolcon.colcon_core.environment[0m [1;30mLevel 1[0m checking '/home/nautilus/NautilusSW/nautilus_ws/install/nautilus_controls' for CMake module files
[1.403s] [34mcolcon.colcon_core.environment[0m [1;30mLevel 1[0m checking '/home/nautilus/NautilusSW/nautilus_ws/install/nautilus_controls' for CMake config files
[1.404s] [34mcolcon.colcon_core.shell[0m [1;30mLevel 1[0m create_environment_hook('nautilus_controls', 'cmake_prefix_path')
[1.404s] [34mcolcon.colcon_core.shell[0m [1;30mINFO[0m Creating environment hook '/home/nautilus/NautilusSW/nautilus_ws/install/nautilus_controls/share/nautilus_controls/hook/cmake_prefix_path.ps1'
[1.405s] [34mcolcon.colcon_core.shell[0m [1;30mINFO[0m Creating environment descriptor '/home/nautilus/NautilusSW/nautilus_ws/install/nautilus_controls/share/nautilus_controls/hook/cmake_prefix_path.dsv'
[1.405s] [34mcolcon.colcon_core.shell[0m [1;30mINFO[0m Creating environment hook '/home/nautilus/NautilusSW/nautilus_ws/install/nautilus_controls/share/nautilus_controls/hook/cmake_prefix_path.sh'
[1.407s] [34mcolcon.colcon_core.environment[0m [1;30mLevel 1[0m checking '/home/nautilus/NautilusSW/nautilus_ws/install/nautilus_controls/lib'
[1.407s] [34mcolcon.colcon_core.environment[0m [1;30mLevel 1[0m checking '/home/nautilus/NautilusSW/nautilus_ws/install/nautilus_controls/bin'
[1.407s] [34mcolcon.colcon_core.environment[0m [1;30mLevel 1[0m checking '/home/nautilus/NautilusSW/nautilus_ws/install/nautilus_controls/lib/pkgconfig/nautilus_controls.pc'
[1.408s] [34mcolcon.colcon_core.environment[0m [1;30mLevel 1[0m checking '/home/nautilus/NautilusSW/nautilus_ws/install/nautilus_controls/lib/python3.10/site-packages'
[1.408s] [34mcolcon.colcon_core.environment[0m [1;30mLevel 1[0m checking '/home/nautilus/NautilusSW/nautilus_ws/install/nautilus_controls/bin'
[1.409s] [34mcolcon.colcon_core.shell[0m [1;30mINFO[0m Creating package script '/home/nautilus/NautilusSW/nautilus_ws/install/nautilus_controls/share/nautilus_controls/package.ps1'
[1.410s] [34mcolcon.colcon_core.shell[0m [1;30mINFO[0m Creating package descriptor '/home/nautilus/NautilusSW/nautilus_ws/install/nautilus_controls/share/nautilus_controls/package.dsv'
[1.411s] [34mcolcon.colcon_core.shell[0m [1;30mINFO[0m Creating package script '/home/nautilus/NautilusSW/nautilus_ws/install/nautilus_controls/share/nautilus_controls/package.sh'
[1.412s] [34mcolcon.colcon_core.shell[0m [1;30mINFO[0m Creating package script '/home/nautilus/NautilusSW/nautilus_ws/install/nautilus_controls/share/nautilus_controls/package.bash'
[1.413s] [34mcolcon.colcon_core.shell[0m [1;30mINFO[0m Creating package script '/home/nautilus/NautilusSW/nautilus_ws/install/nautilus_controls/share/nautilus_controls/package.zsh'
[1.414s] [34mcolcon.colcon_core.environment[0m [1;30mLevel 1[0m create_file_with_runtime_dependencies(/home/nautilus/NautilusSW/nautilus_ws/install/nautilus_controls/share/colcon-core/packages/nautilus_controls)
[1.415s] [34mcolcon.colcon_ros.task.ament_cmake.build[0m [1;30mINFO[0m Building ROS package in '/home/nautilus/NautilusSW/nautilus_ws/src/nautilus_mission' with build type 'ament_cmake'
[1.415s] [34mcolcon.colcon_cmake.task.cmake.build[0m [1;30mINFO[0m Building CMake package in '/home/nautilus/NautilusSW/nautilus_ws/src/nautilus_mission'
[1.416s] [34mcolcon.colcon_core.shell[0m [1;30mINFO[0m Skip shell extension 'powershell' for command environment: Not usable outside of PowerShell
[1.416s] [34mcolcon.colcon_core.shell[0m [1;30mDEBUG[0m [32mSkip shell extension 'dsv' for command environment[0m
[1.425s] [34mcolcon.colcon_core.environment[0m [1;30mLevel 1[0m create_environment_scripts_only(nautilus_bringup)
[1.425s] [34mcolcon.colcon_core.environment[0m [1;30mLevel 1[0m checking '/home/nautilus/NautilusSW/nautilus_ws/install/nautilus_bringup' for CMake module files
[1.426s] [34mcolcon.colcon_core.event_handler.log_command[0m [1;30mDEBUG[0m [32mInvoked command in '/home/nautilus/NautilusSW/nautilus_ws/build/nautilus_bringup' returned '0': CMAKE_PREFIX_PATH=${CMAKE_PREFIX_PATH}:/opt/ros/humble /usr/bin/cmake --install /home/nautilus/NautilusSW/nautilus_ws/build/nautilus_bringup[0m
[1.427s] [34mcolcon.colcon_core.environment[0m [1;30mLevel 1[0m checking '/home/nautilus/NautilusSW/nautilus_ws/install/nautilus_bringup' for CMake config files
[1.429s] [34mcolcon.colcon_core.shell[0m [1;30mLevel 1[0m create_environment_hook('nautilus_bringup', 'cmake_prefix_path')
[1.429s] [34mcolcon.colcon_core.shell[0m [1;30mINFO[0m Creating environment hook '/home/nautilus/NautilusSW/nautilus_ws/install/nautilus_bringup/share/nautilus_bringup/hook/cmake_prefix_path.ps1'
[1.431s] [34mcolcon.colcon_core.shell[0m [1;30mINFO[0m Creating environment descriptor '/home/nautilus/NautilusSW/nautilus_ws/install/nautilus_bringup/share/nautilus_bringup/hook/cmake_prefix_path.dsv'
[1.432s] [34mcolcon.colcon_core.shell[0m [1;30mINFO[0m Creating environment hook '/home/nautilus/NautilusSW/nautilus_ws/install/nautilus_bringup/share/nautilus_bringup/hook/cmake_prefix_path.sh'
[1.433s] [34mcolcon.colcon_core.environment[0m [1;30mLevel 1[0m checking '/home/nautilus/NautilusSW/nautilus_ws/install/nautilus_bringup/bin'
[1.433s] [34mcolcon.colcon_core.environment[0m [1;30mLevel 1[0m checking '/home/nautilus/NautilusSW/nautilus_ws/install/nautilus_bringup/lib/pkgconfig/nautilus_bringup.pc'
[1.434s] [34mcolcon.colcon_core.environment[0m [1;30mLevel 1[0m checking '/home/nautilus/NautilusSW/nautilus_ws/install/nautilus_bringup/lib/python3.10/site-packages'
[1.435s] [34mcolcon.colcon_core.environment[0m [1;30mLevel 1[0m checking '/home/nautilus/NautilusSW/nautilus_ws/install/nautilus_bringup/bin'
[1.435s] [34mcolcon.colcon_core.shell[0m [1;30mINFO[0m Creating package script '/home/nautilus/NautilusSW/nautilus_ws/install/nautilus_bringup/share/nautilus_bringup/package.ps1'
[1.437s] [34mcolcon.colcon_core.shell[0m [1;30mINFO[0m Creating package descriptor '/home/nautilus/NautilusSW/nautilus_ws/install/nautilus_bringup/share/nautilus_bringup/package.dsv'
[1.438s] [34mcolcon.colcon_core.shell[0m [1;30mINFO[0m Creating package script '/home/nautilus/NautilusSW/nautilus_ws/install/nautilus_bringup/share/nautilus_bringup/package.sh'
[1.439s] [34mcolcon.colcon_core.shell[0m [1;30mINFO[0m Creating package script '/home/nautilus/NautilusSW/nautilus_ws/install/nautilus_bringup/share/nautilus_bringup/package.bash'
[1.440s] [34mcolcon.colcon_core.shell[0m [1;30mINFO[0m Creating package script '/home/nautilus/NautilusSW/nautilus_ws/install/nautilus_bringup/share/nautilus_bringup/package.zsh'
[1.441s] [34mcolcon.colcon_core.environment[0m [1;30mLevel 1[0m create_file_with_runtime_dependencies(/home/nautilus/NautilusSW/nautilus_ws/install/nautilus_bringup/share/colcon-core/packages/nautilus_bringup)
[1.442s] [34mcolcon.colcon_core.environment[0m [1;30mLevel 1[0m create_environment_scripts_only(nautilus_bringup)
[1.442s] [34mcolcon.colcon_core.environment[0m [1;30mLevel 1[0m checking '/home/nautilus/NautilusSW/nautilus_ws/install/nautilus_bringup' for CMake module files
[1.444s] [34mcolcon.colcon_core.environment[0m [1;30mLevel 1[0m checking '/home/nautilus/NautilusSW/nautilus_ws/install/nautilus_bringup' for CMake config files
[1.445s] [34mcolcon.colcon_core.shell[0m [1;30mLevel 1[0m create_environment_hook('nautilus_bringup', 'cmake_prefix_path')
[1.445s] [34mcolcon.colcon_core.shell[0m [1;30mINFO[0m Creating environment hook '/home/nautilus/NautilusSW/nautilus_ws/install/nautilus_bringup/share/nautilus_bringup/hook/cmake_prefix_path.ps1'
[1.446s] [34mcolcon.colcon_core.shell[0m [1;30mINFO[0m Creating environment descriptor '/home/nautilus/NautilusSW/nautilus_ws/install/nautilus_bringup/share/nautilus_bringup/hook/cmake_prefix_path.dsv'
[1.447s] [34mcolcon.colcon_core.shell[0m [1;30mINFO[0m Creating environment hook '/home/nautilus/NautilusSW/nautilus_ws/install/nautilus_bringup/share/nautilus_bringup/hook/cmake_prefix_path.sh'
[1.448s] [34mcolcon.colcon_core.environment[0m [1;30mLevel 1[0m checking '/home/nautilus/NautilusSW/nautilus_ws/install/nautilus_bringup/bin'
[1.448s] [34mcolcon.colcon_core.environment[0m [1;30mLevel 1[0m checking '/home/nautilus/NautilusSW/nautilus_ws/install/nautilus_bringup/lib/pkgconfig/nautilus_bringup.pc'
[1.448s] [34mcolcon.colcon_core.environment[0m [1;30mLevel 1[0m checking '/home/nautilus/NautilusSW/nautilus_ws/install/nautilus_bringup/lib/python3.10/site-packages'
[1.449s] [34mcolcon.colcon_core.environment[0m [1;30mLevel 1[0m checking '/home/nautilus/NautilusSW/nautilus_ws/install/nautilus_bringup/bin'
[1.449s] [34mcolcon.colcon_core.shell[0m [1;30mINFO[0m Creating package script '/home/nautilus/NautilusSW/nautilus_ws/install/nautilus_bringup/share/nautilus_bringup/package.ps1'
[1.451s] [34mcolcon.colcon_core.shell[0m [1;30mINFO[0m Creating package descriptor '/home/nautilus/NautilusSW/nautilus_ws/install/nautilus_bringup/share/nautilus_bringup/package.dsv'
[1.452s] [34mcolcon.colcon_core.shell[0m [1;30mINFO[0m Creating package script '/home/nautilus/NautilusSW/nautilus_ws/install/nautilus_bringup/share/nautilus_bringup/package.sh'
[1.453s] [34mcolcon.colcon_core.shell[0m [1;30mINFO[0m Creating package script '/home/nautilus/NautilusSW/nautilus_ws/install/nautilus_bringup/share/nautilus_bringup/package.bash'
[1.453s] [34mcolcon.colcon_core.shell[0m [1;30mINFO[0m Creating package script '/home/nautilus/NautilusSW/nautilus_ws/install/nautilus_bringup/share/nautilus_bringup/package.zsh'
[1.502s] [34mcolcon.colcon_core.environment[0m [1;30mLevel 1[0m create_file_with_runtime_dependencies(/home/nautilus/NautilusSW/nautilus_ws/install/nautilus_bringup/share/colcon-core/packages/nautilus_bringup)
[1.505s] [34mcolcon.colcon_ros.task.ament_cmake.build[0m [1;30mINFO[0m Building ROS package in '/home/nautilus/NautilusSW/nautilus_ws/src/nautilus_sensors' with build type 'ament_cmake'
[1.505s] [34mcolcon.colcon_cmake.task.cmake.build[0m [1;30mINFO[0m Building CMake package in '/home/nautilus/NautilusSW/nautilus_ws/src/nautilus_sensors'
[1.506s] [34mcolcon.colcon_core.shell[0m [1;30mINFO[0m Skip shell extension 'powershell' for command environment: Not usable outside of PowerShell
[1.506s] [34mcolcon.colcon_core.shell[0m [1;30mDEBUG[0m [32mSkip shell extension 'dsv' for command environment[0m
[1.522s] [34mcolcon.colcon_core.event_handler.log_command[0m [1;30mDEBUG[0m [32mInvoking command in '/home/nautilus/NautilusSW/nautilus_ws/build/nautilus_mission': CMAKE_PREFIX_PATH=/home/nautilus/NautilusSW/nautilus_ws/install/nautilus_controls:/home/nautilus/NautilusSW/nautilus_ws/install/nautilus_sensors:/home/nautilus/NautilusSW/nautilus_ws/install/nautilus_mission:/home/nautilus/NautilusSW/nautilus_ws/install/nautilus_bringup:/opt/ros/humble /usr/bin/cmake --build /home/nautilus/NautilusSW/nautilus_ws/build/nautilus_mission -- -j6 -l6[0m
[1.527s] [34mcolcon.colcon_core.event_handler.log_command[0m [1;30mDEBUG[0m [32mInvoking command in '/home/nautilus/NautilusSW/nautilus_ws/build/nautilus_sensors': CMAKE_PREFIX_PATH=/home/nautilus/NautilusSW/nautilus_ws/install/nautilus_bringup:/home/nautilus/NautilusSW/nautilus_ws/install/nautilus_sensors:/home/nautilus/NautilusSW/nautilus_ws/install/nautilus_mission:/home/nautilus/NautilusSW/nautilus_ws/install/nautilus_controls:/opt/ros/humble /usr/bin/cmake --build /home/nautilus/NautilusSW/nautilus_ws/build/nautilus_sensors -- -j6 -l6[0m
[2.294s] [34mcolcon.colcon_core.event_handler.log_command[0m [1;30mDEBUG[0m [32mInvoked command in '/home/nautilus/NautilusSW/nautilus_ws/build/nautilus_mission' returned '0': CMAKE_PREFIX_PATH=/home/nautilus/NautilusSW/nautilus_ws/install/nautilus_controls:/home/nautilus/NautilusSW/nautilus_ws/install/nautilus_sensors:/home/nautilus/NautilusSW/nautilus_ws/install/nautilus_mission:/home/nautilus/NautilusSW/nautilus_ws/install/nautilus_bringup:/opt/ros/humble /usr/bin/cmake --build /home/nautilus/NautilusSW/nautilus_ws/build/nautilus_mission -- -j6 -l6[0m
[2.296s] [34mcolcon.colcon_core.event_handler.log_command[0m [1;30mDEBUG[0m [32mInvoking command in '/home/nautilus/NautilusSW/nautilus_ws/build/nautilus_mission': CMAKE_PREFIX_PATH=/home/nautilus/NautilusSW/nautilus_ws/install/nautilus_controls:/home/nautilus/NautilusSW/nautilus_ws/install/nautilus_sensors:/home/nautilus/NautilusSW/nautilus_ws/install/nautilus_mission:/home/nautilus/NautilusSW/nautilus_ws/install/nautilus_bringup:/opt/ros/humble /usr/bin/cmake --install /home/nautilus/NautilusSW/nautilus_ws/build/nautilus_mission[0m
[2.398s] [34mcolcon.colcon_core.environment[0m [1;30mLevel 1[0m create_environment_scripts_only(nautilus_mission)
[2.399s] [34mcolcon.colcon_core.environment[0m [1;30mLevel 1[0m checking '/home/nautilus/NautilusSW/nautilus_ws/install/nautilus_mission' for CMake module files
[2.401s] [34mcolcon.colcon_core.event_handler.log_command[0m [1;30mDEBUG[0m [32mInvoked command in '/home/nautilus/NautilusSW/nautilus_ws/build/nautilus_mission' returned '0': CMAKE_PREFIX_PATH=/home/nautilus/NautilusSW/nautilus_ws/install/nautilus_controls:/home/nautilus/NautilusSW/nautilus_ws/install/nautilus_sensors:/home/nautilus/NautilusSW/nautilus_ws/install/nautilus_mission:/home/nautilus/NautilusSW/nautilus_ws/install/nautilus_bringup:/opt/ros/humble /usr/bin/cmake --install /home/nautilus/NautilusSW/nautilus_ws/build/nautilus_mission[0m
[2.402s] [34mcolcon.colcon_core.environment[0m [1;30mLevel 1[0m checking '/home/nautilus/NautilusSW/nautilus_ws/install/nautilus_mission' for CMake config files
[2.403s] [34mcolcon.colcon_core.shell[0m [1;30mLevel 1[0m create_environment_hook('nautilus_mission', 'cmake_prefix_path')
[2.404s] [34mcolcon.colcon_core.shell[0m [1;30mINFO[0m Creating environment hook '/home/nautilus/NautilusSW/nautilus_ws/install/nautilus_mission/share/nautilus_mission/hook/cmake_prefix_path.ps1'
[2.406s] [34mcolcon.colcon_core.shell[0m [1;30mINFO[0m Creating environment descriptor '/home/nautilus/NautilusSW/nautilus_ws/install/nautilus_mission/share/nautilus_mission/hook/cmake_prefix_path.dsv'
[2.407s] [34mcolcon.colcon_core.shell[0m [1;30mINFO[0m Creating environment hook '/home/nautilus/NautilusSW/nautilus_ws/install/nautilus_mission/share/nautilus_mission/hook/cmake_prefix_path.sh'
[2.409s] [34mcolcon.colcon_core.environment[0m [1;30mLevel 1[0m checking '/home/nautilus/NautilusSW/nautilus_ws/install/nautilus_mission/lib'
[2.409s] [34mcolcon.colcon_core.environment[0m [1;30mLevel 1[0m checking '/home/nautilus/NautilusSW/nautilus_ws/install/nautilus_mission/bin'
[2.410s] [34mcolcon.colcon_core.environment[0m [1;30mLevel 1[0m checking '/home/nautilus/NautilusSW/nautilus_ws/install/nautilus_mission/lib/pkgconfig/nautilus_mission.pc'
[2.410s] [34mcolcon.colcon_core.environment[0m [1;30mLevel 1[0m checking '/home/nautilus/NautilusSW/nautilus_ws/install/nautilus_mission/lib/python3.10/site-packages'
[2.412s] [34mcolcon.colcon_core.environment[0m [1;30mLevel 1[0m checking '/home/nautilus/NautilusSW/nautilus_ws/install/nautilus_mission/bin'
[2.412s] [34mcolcon.colcon_core.shell[0m [1;30mINFO[0m Creating package script '/home/nautilus/NautilusSW/nautilus_ws/install/nautilus_mission/share/nautilus_mission/package.ps1'
[2.414s] [34mcolcon.colcon_core.shell[0m [1;30mINFO[0m Creating package descriptor '/home/nautilus/NautilusSW/nautilus_ws/install/nautilus_mission/share/nautilus_mission/package.dsv'
[2.416s] [34mcolcon.colcon_core.shell[0m [1;30mINFO[0m Creating package script '/home/nautilus/NautilusSW/nautilus_ws/install/nautilus_mission/share/nautilus_mission/package.sh'
[2.417s] [34mcolcon.colcon_core.shell[0m [1;30mINFO[0m Creating package script '/home/nautilus/NautilusSW/nautilus_ws/install/nautilus_mission/share/nautilus_mission/package.bash'
[2.418s] [34mcolcon.colcon_core.shell[0m [1;30mINFO[0m Creating package script '/home/nautilus/NautilusSW/nautilus_ws/install/nautilus_mission/share/nautilus_mission/package.zsh'
[2.419s] [34mcolcon.colcon_core.environment[0m [1;30mLevel 1[0m create_file_with_runtime_dependencies(/home/nautilus/NautilusSW/nautilus_ws/install/nautilus_mission/share/colcon-core/packages/nautilus_mission)
[2.421s] [34mcolcon.colcon_core.environment[0m [1;30mLevel 1[0m create_environment_scripts_only(nautilus_mission)
[2.422s] [34mcolcon.colcon_core.environment[0m [1;30mLevel 1[0m checking '/home/nautilus/NautilusSW/nautilus_ws/install/nautilus_mission' for CMake module files
[2.423s] [34mcolcon.colcon_core.environment[0m [1;30mLevel 1[0m checking '/home/nautilus/NautilusSW/nautilus_ws/install/nautilus_mission' for CMake config files
[2.424s] [34mcolcon.colcon_core.shell[0m [1;30mLevel 1[0m create_environment_hook('nautilus_mission', 'cmake_prefix_path')
[2.425s] [34mcolcon.colcon_core.shell[0m [1;30mINFO[0m Creating environment hook '/home/nautilus/NautilusSW/nautilus_ws/install/nautilus_mission/share/nautilus_mission/hook/cmake_prefix_path.ps1'
[2.426s] [34mcolcon.colcon_core.shell[0m [1;30mINFO[0m Creating environment descriptor '/home/nautilus/NautilusSW/nautilus_ws/install/nautilus_mission/share/nautilus_mission/hook/cmake_prefix_path.dsv'
[2.427s] [34mcolcon.colcon_core.shell[0m [1;30mINFO[0m Creating environment hook '/home/nautilus/NautilusSW/nautilus_ws/install/nautilus_mission/share/nautilus_mission/hook/cmake_prefix_path.sh'
[2.429s] [34mcolcon.colcon_core.environment[0m [1;30mLevel 1[0m checking '/home/nautilus/NautilusSW/nautilus_ws/install/nautilus_mission/lib'
[2.429s] [34mcolcon.colcon_core.environment[0m [1;30mLevel 1[0m checking '/home/nautilus/NautilusSW/nautilus_ws/install/nautilus_mission/bin'
[2.429s] [34mcolcon.colcon_core.environment[0m [1;30mLevel 1[0m checking '/home/nautilus/NautilusSW/nautilus_ws/install/nautilus_mission/lib/pkgconfig/nautilus_mission.pc'
[2.430s] [34mcolcon.colcon_core.environment[0m [1;30mLevel 1[0m checking '/home/nautilus/NautilusSW/nautilus_ws/install/nautilus_mission/lib/python3.10/site-packages'
[2.430s] [34mcolcon.colcon_core.environment[0m [1;30mLevel 1[0m checking '/home/nautilus/NautilusSW/nautilus_ws/install/nautilus_mission/bin'
[2.431s] [34mcolcon.colcon_core.shell[0m [1;30mINFO[0m Creating package script '/home/nautilus/NautilusSW/nautilus_ws/install/nautilus_mission/share/nautilus_mission/package.ps1'
[2.434s] [34mcolcon.colcon_core.shell[0m [1;30mINFO[0m Creating package descriptor '/home/nautilus/NautilusSW/nautilus_ws/install/nautilus_mission/share/nautilus_mission/package.dsv'
[2.436s] [34mcolcon.colcon_core.shell[0m [1;30mINFO[0m Creating package script '/home/nautilus/NautilusSW/nautilus_ws/install/nautilus_mission/share/nautilus_mission/package.sh'
[2.437s] [34mcolcon.colcon_core.shell[0m [1;30mINFO[0m Creating package script '/home/nautilus/NautilusSW/nautilus_ws/install/nautilus_mission/share/nautilus_mission/package.bash'
[2.438s] [34mcolcon.colcon_core.shell[0m [1;30mINFO[0m Creating package script '/home/nautilus/NautilusSW/nautilus_ws/install/nautilus_mission/share/nautilus_mission/package.zsh'
[2.439s] [34mcolcon.colcon_core.environment[0m [1;30mLevel 1[0m create_file_with_runtime_dependencies(/home/nautilus/NautilusSW/nautilus_ws/install/nautilus_mission/share/colcon-core/packages/nautilus_mission)
[2.457s] [34mcolcon.colcon_core.event_handler.log_command[0m [1;30mDEBUG[0m [32mInvoked command in '/home/nautilus/NautilusSW/nautilus_ws/build/nautilus_sensors' returned '0': CMAKE_PREFIX_PATH=/home/nautilus/NautilusSW/nautilus_ws/install/nautilus_bringup:/home/nautilus/NautilusSW/nautilus_ws/install/nautilus_sensors:/home/nautilus/NautilusSW/nautilus_ws/install/nautilus_mission:/home/nautilus/NautilusSW/nautilus_ws/install/nautilus_controls:/opt/ros/humble /usr/bin/cmake --build /home/nautilus/NautilusSW/nautilus_ws/build/nautilus_sensors -- -j6 -l6[0m
[2.462s] [34mcolcon.colcon_core.event_handler.log_command[0m [1;30mDEBUG[0m [32mInvoking command in '/home/nautilus/NautilusSW/nautilus_ws/build/nautilus_sensors': CMAKE_PREFIX_PATH=/home/nautilus/NautilusSW/nautilus_ws/install/nautilus_bringup:/home/nautilus/NautilusSW/nautilus_ws/install/nautilus_sensors:/home/nautilus/NautilusSW/nautilus_ws/install/nautilus_mission:/home/nautilus/NautilusSW/nautilus_ws/install/nautilus_controls:/opt/ros/humble /usr/bin/cmake --install /home/nautilus/NautilusSW/nautilus_ws/build/nautilus_sensors[0m
[2.661s] [34mcolcon.colcon_core.environment[0m [1;30mLevel 1[0m create_environment_scripts_only(nautilus_sensors)
[2.662s] [34mcolcon.colcon_core.environment[0m [1;30mLevel 1[0m checking '/home/nautilus/NautilusSW/nautilus_ws/install/nautilus_sensors' for CMake module files
[2.664s] [34mcolcon.colcon_core.event_handler.log_command[0m [1;30mDEBUG[0m [32mInvoked command in '/home/nautilus/NautilusSW/nautilus_ws/build/nautilus_sensors' returned '0': CMAKE_PREFIX_PATH=/home/nautilus/NautilusSW/nautilus_ws/install/nautilus_bringup:/home/nautilus/NautilusSW/nautilus_ws/install/nautilus_sensors:/home/nautilus/NautilusSW/nautilus_ws/install/nautilus_mission:/home/nautilus/NautilusSW/nautilus_ws/install/nautilus_controls:/opt/ros/humble /usr/bin/cmake --install /home/nautilus/NautilusSW/nautilus_ws/build/nautilus_sensors[0m
[2.665s] [34mcolcon.colcon_core.environment[0m [1;30mLevel 1[0m checking '/home/nautilus/NautilusSW/nautilus_ws/install/nautilus_sensors' for CMake config files
[2.666s] [34mcolcon.colcon_core.shell[0m [1;30mLevel 1[0m create_environment_hook('nautilus_sensors', 'cmake_prefix_path')
[2.667s] [34mcolcon.colcon_core.shell[0m [1;30mINFO[0m Creating environment hook '/home/nautilus/NautilusSW/nautilus_ws/install/nautilus_sensors/share/nautilus_sensors/hook/cmake_prefix_path.ps1'
[2.669s] [34mcolcon.colcon_core.shell[0m [1;30mINFO[0m Creating environment descriptor '/home/nautilus/NautilusSW/nautilus_ws/install/nautilus_sensors/share/nautilus_sensors/hook/cmake_prefix_path.dsv'
[2.670s] [34mcolcon.colcon_core.shell[0m [1;30mINFO[0m Creating environment hook '/home/nautilus/NautilusSW/nautilus_ws/install/nautilus_sensors/share/nautilus_sensors/hook/cmake_prefix_path.sh'
[2.673s] [34mcolcon.colcon_core.environment[0m [1;30mLevel 1[0m checking '/home/nautilus/NautilusSW/nautilus_ws/install/nautilus_sensors/lib'
[2.673s] [34mcolcon.colcon_core.environment[0m [1;30mLevel 1[0m checking '/home/nautilus/NautilusSW/nautilus_ws/install/nautilus_sensors/bin'
[2.674s] [34mcolcon.colcon_core.environment[0m [1;30mLevel 1[0m checking '/home/nautilus/NautilusSW/nautilus_ws/install/nautilus_sensors/lib/pkgconfig/nautilus_sensors.pc'
[2.674s] [34mcolcon.colcon_core.environment[0m [1;30mLevel 1[0m checking '/home/nautilus/NautilusSW/nautilus_ws/install/nautilus_sensors/lib/python3.10/site-packages'
[2.675s] [34mcolcon.colcon_core.environment[0m [1;30mLevel 1[0m checking '/home/nautilus/NautilusSW/nautilus_ws/install/nautilus_sensors/bin'
[2.676s] [34mcolcon.colcon_core.shell[0m [1;30mINFO[0m Creating package script '/home/nautilus/NautilusSW/nautilus_ws/install/nautilus_sensors/share/nautilus_sensors/package.ps1'
[2.677s] [34mcolcon.colcon_core.shell[0m [1;30mINFO[0m Creating package descriptor '/home/nautilus/NautilusSW/nautilus_ws/install/nautilus_sensors/share/nautilus_sensors/package.dsv'
[2.678s] [34mcolcon.colcon_core.shell[0m [1;30mINFO[0m Creating package script '/home/nautilus/NautilusSW/nautilus_ws/install/nautilus_sensors/share/nautilus_sensors/package.sh'
[2.679s] [34mcolcon.colcon_core.shell[0m [1;30mINFO[0m Creating package script '/home/nautilus/NautilusSW/nautilus_ws/install/nautilus_sensors/share/nautilus_sensors/package.bash'
[2.679s] [34mcolcon.colcon_core.shell[0m [1;30mINFO[0m Creating package script '/home/nautilus/NautilusSW/nautilus_ws/install/nautilus_sensors/share/nautilus_sensors/package.zsh'
[2.680s] [34mcolcon.colcon_core.environment[0m [1;30mLevel 1[0m create_file_with_runtime_dependencies(/home/nautilus/NautilusSW/nautilus_ws/install/nautilus_sensors/share/colcon-core/packages/nautilus_sensors)
[2.681s] [34mcolcon.colcon_core.environment[0m [1;30mLevel 1[0m create_environment_scripts_only(nautilus_sensors)
[2.682s] [34mcolcon.colcon_core.environment[0m [1;30mLevel 1[0m checking '/home/nautilus/NautilusSW/nautilus_ws/install/nautilus_sensors' for CMake module files
[2.683s] [34mcolcon.colcon_core.environment[0m [1;30mLevel 1[0m checking '/home/nautilus/NautilusSW/nautilus_ws/install/nautilus_sensors' for CMake config files
[2.684s] [34mcolcon.colcon_core.shell[0m [1;30mLevel 1[0m create_environment_hook('nautilus_sensors', 'cmake_prefix_path')
[2.685s] [34mcolcon.colcon_core.shell[0m [1;30mINFO[0m Creating environment hook '/home/nautilus/NautilusSW/nautilus_ws/install/nautilus_sensors/share/nautilus_sensors/hook/cmake_prefix_path.ps1'
[2.687s] [34mcolcon.colcon_core.shell[0m [1;30mINFO[0m Creating environment descriptor '/home/nautilus/NautilusSW/nautilus_ws/install/nautilus_sensors/share/nautilus_sensors/hook/cmake_prefix_path.dsv'
[2.688s] [34mcolcon.colcon_core.shell[0m [1;30mINFO[0m Creating environment hook '/home/nautilus/NautilusSW/nautilus_ws/install/nautilus_sensors/share/nautilus_sensors/hook/cmake_prefix_path.sh'
[2.691s] [34mcolcon.colcon_core.environment[0m [1;30mLevel 1[0m checking '/home/nautilus/NautilusSW/nautilus_ws/install/nautilus_sensors/lib'
[2.691s] [34mcolcon.colcon_core.environment[0m [1;30mLevel 1[0m checking '/home/nautilus/NautilusSW/nautilus_ws/install/nautilus_sensors/bin'
[2.691s] [34mcolcon.colcon_core.environment[0m [1;30mLevel 1[0m checking '/home/nautilus/NautilusSW/nautilus_ws/install/nautilus_sensors/lib/pkgconfig/nautilus_sensors.pc'
[2.691s] [34mcolcon.colcon_core.environment[0m [1;30mLevel 1[0m checking '/home/nautilus/NautilusSW/nautilus_ws/install/nautilus_sensors/lib/python3.10/site-packages'
[2.692s] [34mcolcon.colcon_core.environment[0m [1;30mLevel 1[0m checking '/home/nautilus/NautilusSW/nautilus_ws/install/nautilus_sensors/bin'
[2.693s] [34mcolcon.colcon_core.shell[0m [1;30mINFO[0m Creating package script '/home/nautilus/NautilusSW/nautilus_ws/install/nautilus_sensors/share/nautilus_sensors/package.ps1'
[2.694s] [34mcolcon.colcon_core.shell[0m [1;30mINFO[0m Creating package descriptor '/home/nautilus/NautilusSW/nautilus_ws/install/nautilus_sensors/share/nautilus_sensors/package.dsv'
[2.695s] [34mcolcon.colcon_core.shell[0m [1;30mINFO[0m Creating package script '/home/nautilus/NautilusSW/nautilus_ws/install/nautilus_sensors/share/nautilus_sensors/package.sh'
[2.696s] [34mcolcon.colcon_core.shell[0m [1;30mINFO[0m Creating package script '/home/nautilus/NautilusSW/nautilus_ws/install/nautilus_sensors/share/nautilus_sensors/package.bash'
[2.697s] [34mcolcon.colcon_core.shell[0m [1;30mINFO[0m Creating package script '/home/nautilus/NautilusSW/nautilus_ws/install/nautilus_sensors/share/nautilus_sensors/package.zsh'
[2.697s] [34mcolcon.colcon_core.environment[0m [1;30mLevel 1[0m create_file_with_runtime_dependencies(/home/nautilus/NautilusSW/nautilus_ws/install/nautilus_sensors/share/colcon-core/packages/nautilus_sensors)
[2.698s] [34mcolcon.colcon_parallel_executor.executor.parallel[0m [1;30mDEBUG[0m [32mclosing loop[0m
[2.699s] [34mcolcon.colcon_parallel_executor.executor.parallel[0m [1;30mDEBUG[0m [32mloop closed[0m
[2.699s] [34mcolcon.colcon_parallel_executor.executor.parallel[0m [1;30mDEBUG[0m [32mrun_until_complete finished with '0'[0m
[2.699s] [34mcolcon.colcon_core.event_reactor[0m [1;30mDEBUG[0m [32mjoining thread[0m
[2.719s] [34mcolcon.colcon_core.plugin_system[0m [1;30mINFO[0m Skipping extension 'colcon_notification.desktop_notification.terminal_notifier': Not used on non-Darwin systems
[2.719s] [34mcolcon.colcon_core.plugin_system[0m [1;30mINFO[0m Skipping extension 'colcon_notification.desktop_notification.win32': Not used on non-Windows systems
[2.720s] [34mcolcon.colcon_notification.desktop_notification[0m [1;30mINFO[0m Sending desktop notification using 'notify2'
[2.768s] [34mcolcon.colcon_core.event_reactor[0m [1;30mDEBUG[0m [32mjoined thread[0m
[2.769s] [34mcolcon.colcon_core.shell[0m [1;30mINFO[0m Creating prefix script '/home/nautilus/NautilusSW/nautilus_ws/install/local_setup.ps1'
[2.772s] [34mcolcon.colcon_core.shell[0m [1;30mINFO[0m Creating prefix util module '/home/nautilus/NautilusSW/nautilus_ws/install/_local_setup_util_ps1.py'
[2.776s] [34mcolcon.colcon_core.shell[0m [1;30mINFO[0m Creating prefix chain script '/home/nautilus/NautilusSW/nautilus_ws/install/setup.ps1'
[2.780s] [34mcolcon.colcon_core.shell[0m [1;30mINFO[0m Creating prefix script '/home/nautilus/NautilusSW/nautilus_ws/install/local_setup.sh'
[2.782s] [34mcolcon.colcon_core.shell[0m [1;30mINFO[0m Creating prefix util module '/home/nautilus/NautilusSW/nautilus_ws/install/_local_setup_util_sh.py'
[2.783s] [34mcolcon.colcon_core.shell[0m [1;30mINFO[0m Creating prefix chain script '/home/nautilus/NautilusSW/nautilus_ws/install/setup.sh'
[2.786s] [34mcolcon.colcon_core.shell[0m [1;30mINFO[0m Creating prefix script '/home/nautilus/NautilusSW/nautilus_ws/install/local_setup.bash'
[2.787s] [34mcolcon.colcon_core.shell[0m [1;30mINFO[0m Creating prefix chain script '/home/nautilus/NautilusSW/nautilus_ws/install/setup.bash'
[2.790s] [34mcolcon.colcon_core.shell[0m [1;30mINFO[0m Creating prefix script '/home/nautilus/NautilusSW/nautilus_ws/install/local_setup.zsh'
[2.791s] [34mcolcon.colcon_core.shell[0m [1;30mINFO[0m Creating prefix chain script '/home/nautilus/NautilusSW/nautilus_ws/install/setup.zsh'
