[1.297s] DEBUG:colcon:Command line arguments: ['/usr/bin/colcon', 'build', '--packages-select', 'nautilus_bringup', 'mavlink_bridge']
[1.297s] DEBUG:colcon:Parsed command line arguments: Namespace(log_base=None, log_level=None, verb_name='build', build_base='build', install_base='install', merge_install=False, symlink_install=False, test_result_base=None, continue_on_error=False, executor='parallel', parallel_workers=4, event_handlers=None, ignore_user_meta=False, metas=['./colcon.meta'], base_paths=['.'], packages_ignore=None, packages_ignore_regex=None, paths=None, packages_up_to=None, packages_up_to_regex=None, packages_above=None, packages_above_and_dependencies=None, packages_above_depth=None, packages_select_by_dep=None, packages_skip_by_dep=None, packages_skip_up_to=None, packages_select_build_failed=False, packages_skip_build_finished=False, packages_select_test_failures=False, packages_skip_test_passed=False, packages_select=['nautilus_bringup', 'mavlink_bridge'], packages_skip=None, packages_select_regex=None, packages_skip_regex=None, packages_start=None, packages_end=None, allow_overriding=[], cmake_args=None, cmake_target=None, cmake_target_skip_unavailable=False, cmake_clean_cache=False, cmake_clean_first=False, cmake_force_configure=False, ament_cmake_args=None, catkin_cmake_args=None, catkin_skip_building_tests=False, mixin_files=None, mixin=None, verb_parser=<colcon_mixin.mixin.mixin_argument.MixinArgumentDecorator object at 0x78c7c530fd90>, verb_extension=<colcon_core.verb.build.BuildVerb object at 0x78c7c530f460>, main=<bound method BuildVerb.main of <colcon_core.verb.build.BuildVerb object at 0x78c7c530f460>>, mixin_verb=('build',))
[1.638s] Level 1:colcon.colcon_core.package_discovery:discover_packages(colcon_meta) check parameters
[1.638s] Level 1:colcon.colcon_core.package_discovery:discover_packages(recursive) check parameters
[1.638s] Level 1:colcon.colcon_core.package_discovery:discover_packages(ignore) check parameters
[1.639s] Level 1:colcon.colcon_core.package_discovery:discover_packages(path) check parameters
[1.639s] Level 1:colcon.colcon_core.package_discovery:discover_packages(colcon_meta) discover
[1.639s] Level 1:colcon.colcon_core.package_discovery:discover_packages(recursive) discover
[1.639s] INFO:colcon.colcon_core.package_discovery:Crawling recursively for packages in '/home/devs/NautilusSW/nautilus_ws'
[1.640s] Level 1:colcon.colcon_core.package_identification:_identify(.) by extensions ['ignore', 'ignore_ament_install']
[1.641s] Level 1:colcon.colcon_core.package_identification:_identify(.) by extension 'ignore'
[1.642s] Level 1:colcon.colcon_core.package_identification:_identify(.) by extension 'ignore_ament_install'
[1.644s] Level 1:colcon.colcon_core.package_identification:_identify(.) by extensions ['colcon_pkg']
[1.647s] Level 1:colcon.colcon_core.package_identification:_identify(.) by extension 'colcon_pkg'
[1.648s] Level 1:colcon.colcon_core.package_identification:_identify(.) by extensions ['colcon_meta']
[1.649s] Level 1:colcon.colcon_core.package_identification:_identify(.) by extension 'colcon_meta'
[1.649s] Level 1:colcon.colcon_core.package_identification:_identify(.) by extensions ['ros']
[1.651s] Level 1:colcon.colcon_core.package_identification:_identify(.) by extension 'ros'
[1.873s] Level 1:colcon.colcon_core.package_identification:_identify(.) by extensions ['cmake', 'python']
[1.878s] Level 1:colcon.colcon_core.package_identification:_identify(.) by extension 'cmake'
[1.878s] Level 1:colcon.colcon_core.package_identification:_identify(.) by extension 'python'
[1.880s] Level 1:colcon.colcon_core.package_identification:_identify(.) by extensions ['python_setup_py']
[1.883s] Level 1:colcon.colcon_core.package_identification:_identify(.) by extension 'python_setup_py'
[1.884s] Level 1:colcon.colcon_core.package_identification:_identify(build) by extensions ['ignore', 'ignore_ament_install']
[1.885s] Level 1:colcon.colcon_core.package_identification:_identify(build) by extension 'ignore'
[1.885s] Level 1:colcon.colcon_core.package_identification:_identify(build) ignored
[1.889s] Level 1:colcon.colcon_core.package_identification:_identify(install) by extensions ['ignore', 'ignore_ament_install']
[1.891s] Level 1:colcon.colcon_core.package_identification:_identify(install) by extension 'ignore'
[1.895s] Level 1:colcon.colcon_core.package_identification:_identify(install) ignored
[1.895s] Level 1:colcon.colcon_core.package_identification:_identify(log) by extensions ['ignore', 'ignore_ament_install']
[1.911s] Level 1:colcon.colcon_core.package_identification:_identify(log) by extension 'ignore'
[1.915s] Level 1:colcon.colcon_core.package_identification:_identify(log) ignored
[1.916s] Level 1:colcon.colcon_core.package_identification:_identify(sim_artifacts) by extensions ['ignore', 'ignore_ament_install']
[1.921s] Level 1:colcon.colcon_core.package_identification:_identify(sim_artifacts) by extension 'ignore'
[1.921s] Level 1:colcon.colcon_core.package_identification:_identify(sim_artifacts) by extension 'ignore_ament_install'
[1.921s] Level 1:colcon.colcon_core.package_identification:_identify(sim_artifacts) by extensions ['colcon_pkg']
[1.921s] Level 1:colcon.colcon_core.package_identification:_identify(sim_artifacts) by extension 'colcon_pkg'
[1.921s] Level 1:colcon.colcon_core.package_identification:_identify(sim_artifacts) by extensions ['colcon_meta']
[1.921s] Level 1:colcon.colcon_core.package_identification:_identify(sim_artifacts) by extension 'colcon_meta'
[1.924s] Level 1:colcon.colcon_core.package_identification:_identify(sim_artifacts) by extensions ['ros']
[1.926s] Level 1:colcon.colcon_core.package_identification:_identify(sim_artifacts) by extension 'ros'
[1.928s] Level 1:colcon.colcon_core.package_identification:_identify(sim_artifacts) by extensions ['cmake', 'python']
[1.929s] Level 1:colcon.colcon_core.package_identification:_identify(sim_artifacts) by extension 'cmake'
[1.930s] Level 1:colcon.colcon_core.package_identification:_identify(sim_artifacts) by extension 'python'
[1.932s] Level 1:colcon.colcon_core.package_identification:_identify(sim_artifacts) by extensions ['python_setup_py']
[1.932s] Level 1:colcon.colcon_core.package_identification:_identify(sim_artifacts) by extension 'python_setup_py'
[1.936s] Level 1:colcon.colcon_core.package_identification:_identify(src) by extensions ['ignore', 'ignore_ament_install']
[1.937s] Level 1:colcon.colcon_core.package_identification:_identify(src) by extension 'ignore'
[1.939s] Level 1:colcon.colcon_core.package_identification:_identify(src) by extension 'ignore_ament_install'
[1.940s] Level 1:colcon.colcon_core.package_identification:_identify(src) by extensions ['colcon_pkg']
[1.941s] Level 1:colcon.colcon_core.package_identification:_identify(src) by extension 'colcon_pkg'
[1.941s] Level 1:colcon.colcon_core.package_identification:_identify(src) by extensions ['colcon_meta']
[1.943s] Level 1:colcon.colcon_core.package_identification:_identify(src) by extension 'colcon_meta'
[1.945s] Level 1:colcon.colcon_core.package_identification:_identify(src) by extensions ['ros']
[1.946s] Level 1:colcon.colcon_core.package_identification:_identify(src) by extension 'ros'
[1.947s] Level 1:colcon.colcon_core.package_identification:_identify(src) by extensions ['cmake', 'python']
[1.947s] Level 1:colcon.colcon_core.package_identification:_identify(src) by extension 'cmake'
[1.947s] Level 1:colcon.colcon_core.package_identification:_identify(src) by extension 'python'
[1.950s] Level 1:colcon.colcon_core.package_identification:_identify(src) by extensions ['python_setup_py']
[1.952s] Level 1:colcon.colcon_core.package_identification:_identify(src) by extension 'python_setup_py'
[1.955s] Level 1:colcon.colcon_core.package_identification:_identify(src/mavlink_bridge) by extensions ['ignore', 'ignore_ament_install']
[1.957s] Level 1:colcon.colcon_core.package_identification:_identify(src/mavlink_bridge) by extension 'ignore'
[1.959s] Level 1:colcon.colcon_core.package_identification:_identify(src/mavlink_bridge) by extension 'ignore_ament_install'
[1.959s] Level 1:colcon.colcon_core.package_identification:_identify(src/mavlink_bridge) by extensions ['colcon_pkg']
[1.959s] Level 1:colcon.colcon_core.package_identification:_identify(src/mavlink_bridge) by extension 'colcon_pkg'
[1.959s] Level 1:colcon.colcon_core.package_identification:_identify(src/mavlink_bridge) by extensions ['colcon_meta']
[1.959s] Level 1:colcon.colcon_core.package_identification:_identify(src/mavlink_bridge) by extension 'colcon_meta'
[1.967s] Level 1:colcon.colcon_core.package_identification:_identify(src/mavlink_bridge) by extensions ['ros']
[1.968s] Level 1:colcon.colcon_core.package_identification:_identify(src/mavlink_bridge) by extension 'ros'
[2.006s] DEBUG:colcon.colcon_core.package_identification:Package 'src/mavlink_bridge' with type 'ros.ament_python' and name 'mavlink_bridge'
[2.012s] Level 1:colcon.colcon_core.package_identification:_identify(src/nautilus_bringup) by extensions ['ignore', 'ignore_ament_install']
[2.013s] Level 1:colcon.colcon_core.package_identification:_identify(src/nautilus_bringup) by extension 'ignore'
[2.015s] Level 1:colcon.colcon_core.package_identification:_identify(src/nautilus_bringup) by extension 'ignore_ament_install'
[2.017s] Level 1:colcon.colcon_core.package_identification:_identify(src/nautilus_bringup) by extensions ['colcon_pkg']
[2.017s] Level 1:colcon.colcon_core.package_identification:_identify(src/nautilus_bringup) by extension 'colcon_pkg'
[2.018s] Level 1:colcon.colcon_core.package_identification:_identify(src/nautilus_bringup) by extensions ['colcon_meta']
[2.019s] Level 1:colcon.colcon_core.package_identification:_identify(src/nautilus_bringup) by extension 'colcon_meta'
[2.019s] Level 1:colcon.colcon_core.package_identification:_identify(src/nautilus_bringup) by extensions ['ros']
[2.019s] Level 1:colcon.colcon_core.package_identification:_identify(src/nautilus_bringup) by extension 'ros'
[2.033s] DEBUG:colcon.colcon_core.package_identification:Package 'src/nautilus_bringup' with type 'ros.ament_cmake' and name 'nautilus_bringup'
[2.039s] Level 1:colcon.colcon_core.package_discovery:discover_packages(recursive) using defaults
[2.040s] Level 1:colcon.colcon_core.package_discovery:discover_packages(ignore) discover
[2.040s] Level 1:colcon.colcon_core.package_discovery:discover_packages(ignore) using defaults
[2.040s] Level 1:colcon.colcon_core.package_discovery:discover_packages(path) discover
[2.040s] Level 1:colcon.colcon_core.package_discovery:discover_packages(path) using defaults
[2.315s] Level 1:colcon.colcon_core.package_discovery:discover_packages(prefix_path) check parameters
[2.316s] Level 1:colcon.colcon_core.package_discovery:discover_packages(prefix_path) discover
[2.327s] WARNING:colcon.colcon_ros.prefix_path.ament:The path '/home/devs/NautilusSW/nautilus_ws/install/mavlink_bridge' in the environment variable AMENT_PREFIX_PATH doesn't exist
[2.330s] WARNING:colcon.colcon_ros.prefix_path.ament:The path '/home/devs/NautilusSW/nautilus_ws/install/nautilus_bringup' in the environment variable AMENT_PREFIX_PATH doesn't exist
[2.332s] WARNING:colcon.colcon_ros.prefix_path.catkin:The path '/home/devs/NautilusSW/nautilus_ws/install/mavlink_bridge' in the environment variable CMAKE_PREFIX_PATH doesn't exist
[2.353s] WARNING:colcon.colcon_ros.prefix_path.catkin:The path '/home/devs/NautilusSW/nautilus_ws/install/nautilus_bringup' in the environment variable CMAKE_PREFIX_PATH doesn't exist
[2.370s] DEBUG:colcon.colcon_installed_package_information.package_discovery:Found 0 installed packages in /home/devs/NautilusSW/nautilus_ws/install
[2.433s] DEBUG:colcon.colcon_installed_package_information.package_discovery:Found 25 installed packages in /home/devs/ardu_ws/install
[2.479s] DEBUG:colcon.colcon_installed_package_information.package_discovery:Found 292 installed packages in /opt/ros/humble
[2.518s] Level 1:colcon.colcon_core.package_discovery:discover_packages(prefix_path) using defaults
[3.200s] Level 5:colcon.colcon_core.verb:set package 'mavlink_bridge' build argument 'cmake_args' from command line to 'None'
[3.200s] Level 5:colcon.colcon_core.verb:set package 'mavlink_bridge' build argument 'cmake_target' from command line to 'None'
[3.201s] Level 5:colcon.colcon_core.verb:set package 'mavlink_bridge' build argument 'cmake_target_skip_unavailable' from command line to 'False'
[3.201s] Level 5:colcon.colcon_core.verb:set package 'mavlink_bridge' build argument 'cmake_clean_cache' from command line to 'False'
[3.201s] Level 5:colcon.colcon_core.verb:set package 'mavlink_bridge' build argument 'cmake_clean_first' from command line to 'False'
[3.201s] Level 5:colcon.colcon_core.verb:set package 'mavlink_bridge' build argument 'cmake_force_configure' from command line to 'False'
[3.201s] Level 5:colcon.colcon_core.verb:set package 'mavlink_bridge' build argument 'ament_cmake_args' from command line to 'None'
[3.202s] Level 5:colcon.colcon_core.verb:set package 'mavlink_bridge' build argument 'catkin_cmake_args' from command line to 'None'
[3.202s] Level 5:colcon.colcon_core.verb:set package 'mavlink_bridge' build argument 'catkin_skip_building_tests' from command line to 'False'
[3.202s] DEBUG:colcon.colcon_core.verb:Building package 'mavlink_bridge' with the following arguments: {'ament_cmake_args': None, 'build_base': '/home/devs/NautilusSW/nautilus_ws/build/mavlink_bridge', 'catkin_cmake_args': None, 'catkin_skip_building_tests': False, 'cmake_args': None, 'cmake_clean_cache': False, 'cmake_clean_first': False, 'cmake_force_configure': False, 'cmake_target': None, 'cmake_target_skip_unavailable': False, 'install_base': '/home/devs/NautilusSW/nautilus_ws/install/mavlink_bridge', 'merge_install': False, 'path': '/home/devs/NautilusSW/nautilus_ws/src/mavlink_bridge', 'symlink_install': False, 'test_result_base': None}
[3.204s] Level 5:colcon.colcon_core.verb:set package 'nautilus_bringup' build argument 'cmake_args' from command line to 'None'
[3.205s] Level 5:colcon.colcon_core.verb:set package 'nautilus_bringup' build argument 'cmake_target' from command line to 'None'
[3.205s] Level 5:colcon.colcon_core.verb:set package 'nautilus_bringup' build argument 'cmake_target_skip_unavailable' from command line to 'False'
[3.205s] Level 5:colcon.colcon_core.verb:set package 'nautilus_bringup' build argument 'cmake_clean_cache' from command line to 'False'
[3.205s] Level 5:colcon.colcon_core.verb:set package 'nautilus_bringup' build argument 'cmake_clean_first' from command line to 'False'
[3.205s] Level 5:colcon.colcon_core.verb:set package 'nautilus_bringup' build argument 'cmake_force_configure' from command line to 'False'
[3.205s] Level 5:colcon.colcon_core.verb:set package 'nautilus_bringup' build argument 'ament_cmake_args' from command line to 'None'
[3.205s] Level 5:colcon.colcon_core.verb:set package 'nautilus_bringup' build argument 'catkin_cmake_args' from command line to 'None'
[3.205s] Level 5:colcon.colcon_core.verb:set package 'nautilus_bringup' build argument 'catkin_skip_building_tests' from command line to 'False'
[3.205s] DEBUG:colcon.colcon_core.verb:Building package 'nautilus_bringup' with the following arguments: {'ament_cmake_args': None, 'build_base': '/home/devs/NautilusSW/nautilus_ws/build/nautilus_bringup', 'catkin_cmake_args': None, 'catkin_skip_building_tests': False, 'cmake_args': None, 'cmake_clean_cache': False, 'cmake_clean_first': False, 'cmake_force_configure': False, 'cmake_target': None, 'cmake_target_skip_unavailable': False, 'install_base': '/home/devs/NautilusSW/nautilus_ws/install/nautilus_bringup', 'merge_install': False, 'path': '/home/devs/NautilusSW/nautilus_ws/src/nautilus_bringup', 'symlink_install': False, 'test_result_base': None}
[3.206s] INFO:colcon.colcon_core.executor:Executing jobs using 'parallel' executor
[3.217s] DEBUG:colcon.colcon_parallel_executor.executor.parallel:run_until_complete
[3.223s] INFO:colcon.colcon_ros.task.ament_python.build:Building ROS package in '/home/devs/NautilusSW/nautilus_ws/src/mavlink_bridge' with build type 'ament_python'
[3.224s] Level 1:colcon.colcon_core.shell:create_environment_hook('mavlink_bridge', 'ament_prefix_path')
[3.291s] INFO:colcon.colcon_core.plugin_system:Skipping extension 'colcon_core.shell.bat': Not used on non-Windows systems
[3.296s] INFO:colcon.colcon_core.shell:Creating environment hook '/home/devs/NautilusSW/nautilus_ws/install/mavlink_bridge/share/mavlink_bridge/hook/ament_prefix_path.ps1'
[3.320s] INFO:colcon.colcon_core.shell:Creating environment descriptor '/home/devs/NautilusSW/nautilus_ws/install/mavlink_bridge/share/mavlink_bridge/hook/ament_prefix_path.dsv'
[3.327s] INFO:colcon.colcon_core.shell:Creating environment hook '/home/devs/NautilusSW/nautilus_ws/install/mavlink_bridge/share/mavlink_bridge/hook/ament_prefix_path.sh'
[3.345s] INFO:colcon.colcon_core.shell:Skip shell extension 'powershell' for command environment: Not usable outside of PowerShell
[3.345s] DEBUG:colcon.colcon_core.shell:Skip shell extension 'dsv' for command environment
[9.417s] INFO:colcon.colcon_core.task.python.build:Building Python package in '/home/devs/NautilusSW/nautilus_ws/src/mavlink_bridge'
[9.433s] INFO:colcon.colcon_core.shell:Skip shell extension 'powershell' for command environment: Not usable outside of PowerShell
[9.437s] DEBUG:colcon.colcon_core.shell:Skip shell extension 'dsv' for command environment
[19.308s] DEBUG:colcon.colcon_core.event_handler.log_command:Invoking command in '/home/devs/NautilusSW/nautilus_ws/src/mavlink_bridge': PYTHONPATH=/home/devs/NautilusSW/nautilus_ws/build/mavlink_bridge/prefix_override:/usr/lib/python3/dist-packages/colcon_core/task/python/colcon_distutils_commands:/home/devs/NautilusSW/nautilus_ws/install/mavlink_bridge/lib/python3.10/site-packages:${PYTHONPATH} VIRTUAL_ENV_PROMPT=(nautilus_venv) /usr/bin/python3 -W ignore:setup.py install is deprecated -W ignore:easy_install command is deprecated setup.py egg_info --egg-base ../../build/mavlink_bridge build --build-base /home/devs/NautilusSW/nautilus_ws/build/mavlink_bridge/build install --record /home/devs/NautilusSW/nautilus_ws/build/mavlink_bridge/install.log --single-version-externally-managed install_data
[29.710s] DEBUG:colcon.colcon_core.event_handler.log_command:Invoked command in '/home/devs/NautilusSW/nautilus_ws/src/mavlink_bridge' returned '0': PYTHONPATH=/home/devs/NautilusSW/nautilus_ws/build/mavlink_bridge/prefix_override:/usr/lib/python3/dist-packages/colcon_core/task/python/colcon_distutils_commands:/home/devs/NautilusSW/nautilus_ws/install/mavlink_bridge/lib/python3.10/site-packages:${PYTHONPATH} VIRTUAL_ENV_PROMPT=(nautilus_venv) /usr/bin/python3 -W ignore:setup.py install is deprecated -W ignore:easy_install command is deprecated setup.py egg_info --egg-base ../../build/mavlink_bridge build --build-base /home/devs/NautilusSW/nautilus_ws/build/mavlink_bridge/build install --record /home/devs/NautilusSW/nautilus_ws/build/mavlink_bridge/install.log --single-version-externally-managed install_data
[29.716s] Level 1:colcon.colcon_core.environment:checking '/home/devs/NautilusSW/nautilus_ws/install/mavlink_bridge' for CMake module files
[29.720s] Level 1:colcon.colcon_core.environment:checking '/home/devs/NautilusSW/nautilus_ws/install/mavlink_bridge' for CMake config files
[29.729s] Level 1:colcon.colcon_core.environment:checking '/home/devs/NautilusSW/nautilus_ws/install/mavlink_bridge/lib'
[29.729s] Level 1:colcon.colcon_core.environment:checking '/home/devs/NautilusSW/nautilus_ws/install/mavlink_bridge/bin'
[29.729s] Level 1:colcon.colcon_core.shell:create_environment_hook('mavlink_bridge', 'path')
[29.729s] INFO:colcon.colcon_core.shell:Creating environment hook '/home/devs/NautilusSW/nautilus_ws/install/mavlink_bridge/share/mavlink_bridge/hook/path.ps1'
[29.739s] INFO:colcon.colcon_core.shell:Creating environment descriptor '/home/devs/NautilusSW/nautilus_ws/install/mavlink_bridge/share/mavlink_bridge/hook/path.dsv'
[29.742s] INFO:colcon.colcon_core.shell:Creating environment hook '/home/devs/NautilusSW/nautilus_ws/install/mavlink_bridge/share/mavlink_bridge/hook/path.sh'
[29.745s] Level 1:colcon.colcon_core.environment:checking '/home/devs/NautilusSW/nautilus_ws/install/mavlink_bridge/lib/pkgconfig/mavlink_bridge.pc'
[29.767s] Level 1:colcon.colcon_core.environment:checking '/home/devs/NautilusSW/nautilus_ws/install/mavlink_bridge/lib/python3.10/site-packages'
[29.768s] Level 1:colcon.colcon_core.shell:create_environment_hook('mavlink_bridge', 'pythonpath')
[29.768s] INFO:colcon.colcon_core.shell:Creating environment hook '/home/devs/NautilusSW/nautilus_ws/install/mavlink_bridge/share/mavlink_bridge/hook/pythonpath.ps1'
[29.803s] INFO:colcon.colcon_core.shell:Creating environment descriptor '/home/devs/NautilusSW/nautilus_ws/install/mavlink_bridge/share/mavlink_bridge/hook/pythonpath.dsv'
[29.804s] INFO:colcon.colcon_core.shell:Creating environment hook '/home/devs/NautilusSW/nautilus_ws/install/mavlink_bridge/share/mavlink_bridge/hook/pythonpath.sh'
[29.805s] Level 1:colcon.colcon_core.environment:checking '/home/devs/NautilusSW/nautilus_ws/install/mavlink_bridge/bin'
[29.807s] Level 1:colcon.colcon_core.shell:create_environment_hook('mavlink_bridge', 'pythonscriptspath')
[29.815s] INFO:colcon.colcon_core.shell:Creating environment hook '/home/devs/NautilusSW/nautilus_ws/install/mavlink_bridge/share/mavlink_bridge/hook/pythonscriptspath.ps1'
[29.835s] INFO:colcon.colcon_core.shell:Creating environment descriptor '/home/devs/NautilusSW/nautilus_ws/install/mavlink_bridge/share/mavlink_bridge/hook/pythonscriptspath.dsv'
[29.851s] INFO:colcon.colcon_core.shell:Creating environment hook '/home/devs/NautilusSW/nautilus_ws/install/mavlink_bridge/share/mavlink_bridge/hook/pythonscriptspath.sh'
[29.876s] Level 1:colcon.colcon_core.environment:create_environment_scripts_only(mavlink_bridge)
[29.898s] INFO:colcon.colcon_core.shell:Creating package script '/home/devs/NautilusSW/nautilus_ws/install/mavlink_bridge/share/mavlink_bridge/package.ps1'
[29.971s] INFO:colcon.colcon_core.shell:Creating package descriptor '/home/devs/NautilusSW/nautilus_ws/install/mavlink_bridge/share/mavlink_bridge/package.dsv'
[29.996s] INFO:colcon.colcon_core.shell:Creating package script '/home/devs/NautilusSW/nautilus_ws/install/mavlink_bridge/share/mavlink_bridge/package.sh'
[30.041s] INFO:colcon.colcon_core.shell:Creating package script '/home/devs/NautilusSW/nautilus_ws/install/mavlink_bridge/share/mavlink_bridge/package.bash'
[30.042s] INFO:colcon.colcon_core.shell:Creating package script '/home/devs/NautilusSW/nautilus_ws/install/mavlink_bridge/share/mavlink_bridge/package.zsh'
[30.077s] Level 1:colcon.colcon_core.environment:create_file_with_runtime_dependencies(/home/devs/NautilusSW/nautilus_ws/install/mavlink_bridge/share/colcon-core/packages/mavlink_bridge)
[30.100s] INFO:colcon.colcon_ros.task.ament_cmake.build:Building ROS package in '/home/devs/NautilusSW/nautilus_ws/src/nautilus_bringup' with build type 'ament_cmake'
[30.103s] INFO:colcon.colcon_cmake.task.cmake.build:Building CMake package in '/home/devs/NautilusSW/nautilus_ws/src/nautilus_bringup'
[30.103s] INFO:colcon.colcon_core.shell:Skip shell extension 'powershell' for command environment: Not usable outside of PowerShell
[30.103s] DEBUG:colcon.colcon_core.shell:Skip shell extension 'dsv' for command environment
[30.354s] DEBUG:colcon.colcon_core.event_handler.log_command:Invoking command in '/home/devs/NautilusSW/nautilus_ws/build/nautilus_bringup': CMAKE_PREFIX_PATH=${CMAKE_PREFIX_PATH}:/home/devs/ardu_ws/install/ardupilot_dds_tests:/opt/ros/humble VIRTUAL_ENV_PROMPT=(nautilus_venv) /usr/bin/cmake /home/devs/NautilusSW/nautilus_ws/src/nautilus_bringup -DCMAKE_INSTALL_PREFIX=/home/devs/NautilusSW/nautilus_ws/install/nautilus_bringup
[46.048s] DEBUG:colcon.colcon_core.event_handler.log_command:Invoked command in '/home/devs/NautilusSW/nautilus_ws/build/nautilus_bringup' returned '0': CMAKE_PREFIX_PATH=${CMAKE_PREFIX_PATH}:/home/devs/ardu_ws/install/ardupilot_dds_tests:/opt/ros/humble VIRTUAL_ENV_PROMPT=(nautilus_venv) /usr/bin/cmake /home/devs/NautilusSW/nautilus_ws/src/nautilus_bringup -DCMAKE_INSTALL_PREFIX=/home/devs/NautilusSW/nautilus_ws/install/nautilus_bringup
[46.096s] DEBUG:colcon.colcon_core.event_handler.log_command:Invoking command in '/home/devs/NautilusSW/nautilus_ws/build/nautilus_bringup': CMAKE_PREFIX_PATH=${CMAKE_PREFIX_PATH}:/home/devs/ardu_ws/install/ardupilot_dds_tests:/opt/ros/humble VIRTUAL_ENV_PROMPT=(nautilus_venv) /usr/bin/cmake --build /home/devs/NautilusSW/nautilus_ws/build/nautilus_bringup -- -j4 -l4
[46.729s] DEBUG:colcon.colcon_core.event_handler.log_command:Invoked command in '/home/devs/NautilusSW/nautilus_ws/build/nautilus_bringup' returned '0': CMAKE_PREFIX_PATH=${CMAKE_PREFIX_PATH}:/home/devs/ardu_ws/install/ardupilot_dds_tests:/opt/ros/humble VIRTUAL_ENV_PROMPT=(nautilus_venv) /usr/bin/cmake --build /home/devs/NautilusSW/nautilus_ws/build/nautilus_bringup -- -j4 -l4
[46.887s] DEBUG:colcon.colcon_core.event_handler.log_command:Invoking command in '/home/devs/NautilusSW/nautilus_ws/build/nautilus_bringup': CMAKE_PREFIX_PATH=${CMAKE_PREFIX_PATH}:/home/devs/ardu_ws/install/ardupilot_dds_tests:/opt/ros/humble VIRTUAL_ENV_PROMPT=(nautilus_venv) /usr/bin/cmake --install /home/devs/NautilusSW/nautilus_ws/build/nautilus_bringup
[47.411s] Level 1:colcon.colcon_core.environment:create_environment_scripts_only(nautilus_bringup)
[47.412s] Level 1:colcon.colcon_core.environment:checking '/home/devs/NautilusSW/nautilus_ws/install/nautilus_bringup' for CMake module files
[47.425s] Level 1:colcon.colcon_core.environment:checking '/home/devs/NautilusSW/nautilus_ws/install/nautilus_bringup' for CMake config files
[47.426s] Level 1:colcon.colcon_core.shell:create_environment_hook('nautilus_bringup', 'cmake_prefix_path')
[47.427s] INFO:colcon.colcon_core.shell:Creating environment hook '/home/devs/NautilusSW/nautilus_ws/install/nautilus_bringup/share/nautilus_bringup/hook/cmake_prefix_path.ps1'
[47.429s] DEBUG:colcon.colcon_core.event_handler.log_command:Invoked command in '/home/devs/NautilusSW/nautilus_ws/build/nautilus_bringup' returned '0': CMAKE_PREFIX_PATH=${CMAKE_PREFIX_PATH}:/home/devs/ardu_ws/install/ardupilot_dds_tests:/opt/ros/humble VIRTUAL_ENV_PROMPT=(nautilus_venv) /usr/bin/cmake --install /home/devs/NautilusSW/nautilus_ws/build/nautilus_bringup
[47.458s] INFO:colcon.colcon_core.shell:Creating environment descriptor '/home/devs/NautilusSW/nautilus_ws/install/nautilus_bringup/share/nautilus_bringup/hook/cmake_prefix_path.dsv'
[47.475s] INFO:colcon.colcon_core.shell:Creating environment hook '/home/devs/NautilusSW/nautilus_ws/install/nautilus_bringup/share/nautilus_bringup/hook/cmake_prefix_path.sh'
[47.481s] Level 1:colcon.colcon_core.environment:checking '/home/devs/NautilusSW/nautilus_ws/install/nautilus_bringup/bin'
[47.482s] Level 1:colcon.colcon_core.environment:checking '/home/devs/NautilusSW/nautilus_ws/install/nautilus_bringup/lib/pkgconfig/nautilus_bringup.pc'
[47.495s] Level 1:colcon.colcon_core.environment:checking '/home/devs/NautilusSW/nautilus_ws/install/nautilus_bringup/lib/python3.10/site-packages'
[47.518s] Level 1:colcon.colcon_core.environment:checking '/home/devs/NautilusSW/nautilus_ws/install/nautilus_bringup/bin'
[47.536s] INFO:colcon.colcon_core.shell:Creating package script '/home/devs/NautilusSW/nautilus_ws/install/nautilus_bringup/share/nautilus_bringup/package.ps1'
[47.566s] INFO:colcon.colcon_core.shell:Creating package descriptor '/home/devs/NautilusSW/nautilus_ws/install/nautilus_bringup/share/nautilus_bringup/package.dsv'
[47.618s] INFO:colcon.colcon_core.shell:Creating package script '/home/devs/NautilusSW/nautilus_ws/install/nautilus_bringup/share/nautilus_bringup/package.sh'
[47.652s] INFO:colcon.colcon_core.shell:Creating package script '/home/devs/NautilusSW/nautilus_ws/install/nautilus_bringup/share/nautilus_bringup/package.bash'
[47.666s] INFO:colcon.colcon_core.shell:Creating package script '/home/devs/NautilusSW/nautilus_ws/install/nautilus_bringup/share/nautilus_bringup/package.zsh'
[47.682s] Level 1:colcon.colcon_core.environment:create_file_with_runtime_dependencies(/home/devs/NautilusSW/nautilus_ws/install/nautilus_bringup/share/colcon-core/packages/nautilus_bringup)
[47.720s] Level 1:colcon.colcon_core.environment:create_environment_scripts_only(nautilus_bringup)
[47.721s] Level 1:colcon.colcon_core.environment:checking '/home/devs/NautilusSW/nautilus_ws/install/nautilus_bringup' for CMake module files
[47.757s] Level 1:colcon.colcon_core.environment:checking '/home/devs/NautilusSW/nautilus_ws/install/nautilus_bringup' for CMake config files
[47.763s] Level 1:colcon.colcon_core.shell:create_environment_hook('nautilus_bringup', 'cmake_prefix_path')
[47.803s] INFO:colcon.colcon_core.shell:Creating environment hook '/home/devs/NautilusSW/nautilus_ws/install/nautilus_bringup/share/nautilus_bringup/hook/cmake_prefix_path.ps1'
[47.819s] INFO:colcon.colcon_core.shell:Creating environment descriptor '/home/devs/NautilusSW/nautilus_ws/install/nautilus_bringup/share/nautilus_bringup/hook/cmake_prefix_path.dsv'
[47.821s] INFO:colcon.colcon_core.shell:Creating environment hook '/home/devs/NautilusSW/nautilus_ws/install/nautilus_bringup/share/nautilus_bringup/hook/cmake_prefix_path.sh'
[47.861s] Level 1:colcon.colcon_core.environment:checking '/home/devs/NautilusSW/nautilus_ws/install/nautilus_bringup/bin'
[47.864s] Level 1:colcon.colcon_core.environment:checking '/home/devs/NautilusSW/nautilus_ws/install/nautilus_bringup/lib/pkgconfig/nautilus_bringup.pc'
[47.877s] Level 1:colcon.colcon_core.environment:checking '/home/devs/NautilusSW/nautilus_ws/install/nautilus_bringup/lib/python3.10/site-packages'
[47.882s] Level 1:colcon.colcon_core.environment:checking '/home/devs/NautilusSW/nautilus_ws/install/nautilus_bringup/bin'
[47.883s] INFO:colcon.colcon_core.shell:Creating package script '/home/devs/NautilusSW/nautilus_ws/install/nautilus_bringup/share/nautilus_bringup/package.ps1'
[47.908s] INFO:colcon.colcon_core.shell:Creating package descriptor '/home/devs/NautilusSW/nautilus_ws/install/nautilus_bringup/share/nautilus_bringup/package.dsv'
[47.934s] INFO:colcon.colcon_core.shell:Creating package script '/home/devs/NautilusSW/nautilus_ws/install/nautilus_bringup/share/nautilus_bringup/package.sh'
[47.943s] INFO:colcon.colcon_core.shell:Creating package script '/home/devs/NautilusSW/nautilus_ws/install/nautilus_bringup/share/nautilus_bringup/package.bash'
[47.959s] INFO:colcon.colcon_core.shell:Creating package script '/home/devs/NautilusSW/nautilus_ws/install/nautilus_bringup/share/nautilus_bringup/package.zsh'
[47.967s] Level 1:colcon.colcon_core.environment:create_file_with_runtime_dependencies(/home/devs/NautilusSW/nautilus_ws/install/nautilus_bringup/share/colcon-core/packages/nautilus_bringup)
[47.978s] DEBUG:colcon.colcon_parallel_executor.executor.parallel:closing loop
[47.980s] DEBUG:colcon.colcon_parallel_executor.executor.parallel:loop closed
[47.983s] DEBUG:colcon.colcon_parallel_executor.executor.parallel:run_until_complete finished with '0'
[47.983s] DEBUG:colcon.colcon_core.event_reactor:joining thread
[48.130s] INFO:colcon.colcon_core.plugin_system:Skipping extension 'colcon_notification.desktop_notification.terminal_notifier': Not used on non-Darwin systems
[48.130s] INFO:colcon.colcon_core.plugin_system:Skipping extension 'colcon_notification.desktop_notification.win32': Not used on non-Windows systems
[48.130s] INFO:colcon.colcon_notification.desktop_notification:Sending desktop notification using 'notify2'
[48.294s] DEBUG:colcon.colcon_core.event_reactor:joined thread
[48.324s] INFO:colcon.colcon_core.shell:Creating prefix script '/home/devs/NautilusSW/nautilus_ws/install/local_setup.ps1'
[48.351s] INFO:colcon.colcon_core.shell:Creating prefix util module '/home/devs/NautilusSW/nautilus_ws/install/_local_setup_util_ps1.py'
[48.383s] INFO:colcon.colcon_core.shell:Creating prefix chain script '/home/devs/NautilusSW/nautilus_ws/install/setup.ps1'
[48.435s] INFO:colcon.colcon_core.shell:Creating prefix script '/home/devs/NautilusSW/nautilus_ws/install/local_setup.sh'
[48.462s] INFO:colcon.colcon_core.shell:Creating prefix util module '/home/devs/NautilusSW/nautilus_ws/install/_local_setup_util_sh.py'
[48.491s] INFO:colcon.colcon_core.shell:Creating prefix chain script '/home/devs/NautilusSW/nautilus_ws/install/setup.sh'
[48.515s] INFO:colcon.colcon_core.shell:Creating prefix script '/home/devs/NautilusSW/nautilus_ws/install/local_setup.bash'
[48.517s] INFO:colcon.colcon_core.shell:Creating prefix chain script '/home/devs/NautilusSW/nautilus_ws/install/setup.bash'
[48.556s] INFO:colcon.colcon_core.shell:Creating prefix script '/home/devs/NautilusSW/nautilus_ws/install/local_setup.zsh'
[48.558s] INFO:colcon.colcon_core.shell:Creating prefix chain script '/home/devs/NautilusSW/nautilus_ws/install/setup.zsh'
