[2.067s] Invoking command in '/home/xavier/ros2_ws/build/submarine_sim': PYTHONPATH=/home/xavier/ros2_ws/build/submarine_sim/prefix_override:/usr/lib/python3/dist-packages/colcon_core/task/python/colcon_distutils_commands:/home/xavier/ros2_ws/install/submarine_sim/lib/python3.10/site-packages:${PYTHONPATH} /usr/bin/python3 -W ignore:setup.py install is deprecated -W ignore:easy_install command is deprecated setup.py develop --editable --build-directory /home/xavier/ros2_ws/build/submarine_sim/build --no-deps symlink_data
[2.881s] running develop
[3.334s] running egg_info
[3.335s] creating submarine_sim.egg-info
[3.336s] writing submarine_sim.egg-info/PKG-INFO
[3.336s] writing dependency_links to submarine_sim.egg-info/dependency_links.txt
[3.337s] writing entry points to submarine_sim.egg-info/entry_points.txt
[3.337s] writing requirements to submarine_sim.egg-info/requires.txt
[3.337s] writing top-level names to submarine_sim.egg-info/top_level.txt
[3.338s] writing manifest file 'submarine_sim.egg-info/SOURCES.txt'
[3.344s] reading manifest file 'submarine_sim.egg-info/SOURCES.txt'
[3.344s] writing manifest file 'submarine_sim.egg-info/SOURCES.txt'
[3.352s] running build_ext
[3.354s] Creating /home/xavier/ros2_ws/install/submarine_sim/lib/python3.10/site-packages/submarine-sim.egg-link (link to .)
[3.358s] Installing sensor_publisher script to /home/xavier/ros2_ws/install/submarine_sim/lib/submarine_sim
[3.360s] 
[3.361s] Installed /home/xavier/ros2_ws/build/submarine_sim
[3.361s] running symlink_data
[3.361s] symbolically linking /home/xavier/ros2_ws/build/submarine_sim/package.xml -> /home/xavier/ros2_ws/install/submarine_sim/share/submarine_sim
[3.412s] Invoked command in '/home/xavier/ros2_ws/build/submarine_sim' returned '0': PYTHONPATH=/home/xavier/ros2_ws/build/submarine_sim/prefix_override:/usr/lib/python3/dist-packages/colcon_core/task/python/colcon_distutils_commands:/home/xavier/ros2_ws/install/submarine_sim/lib/python3.10/site-packages:${PYTHONPATH} /usr/bin/python3 -W ignore:setup.py install is deprecated -W ignore:easy_install command is deprecated setup.py develop --editable --build-directory /home/xavier/ros2_ws/build/submarine_sim/build --no-deps symlink_data
