[0.393s] DEBUG:colcon:Command line arguments: ['/usr/bin/colcon', 'build']
[0.394s] DEBUG:colcon:Parsed command line arguments: Namespace(log_base=None, log_level=None, verb_name='build', build_base='build', install_base='install', merge_install=False, symlink_install=False, test_result_base=None, continue_on_error=False, executor='parallel', parallel_workers=4, event_handlers=None, ignore_user_meta=False, metas=['./colcon.meta'], base_paths=['.'], packages_ignore=None, packages_ignore_regex=None, paths=None, packages_up_to=None, packages_up_to_regex=None, packages_above=None, packages_above_and_dependencies=None, packages_above_depth=None, packages_select_by_dep=None, packages_skip_by_dep=None, packages_skip_up_to=None, packages_select_build_failed=False, packages_skip_build_finished=False, packages_select_test_failures=False, packages_skip_test_passed=False, packages_select=None, packages_skip=None, packages_select_regex=None, packages_skip_regex=None, packages_start=None, packages_end=None, allow_overriding=[], cmake_args=None, cmake_target=None, cmake_target_skip_unavailable=False, cmake_clean_cache=False, cmake_clean_first=False, cmake_force_configure=False, ament_cmake_args=None, catkin_cmake_args=None, catkin_skip_building_tests=False, mixin_files=None, mixin=None, verb_parser=<colcon_mixin.mixin.mixin_argument.MixinArgumentDecorator object at 0x7a87abd37760>, verb_extension=<colcon_core.verb.build.BuildVerb object at 0x7a87abd36e30>, main=<bound method BuildVerb.main of <colcon_core.verb.build.BuildVerb object at 0x7a87abd36e30>>, mixin_verb=('build',))
[0.474s] Level 1:colcon.colcon_core.package_discovery:discover_packages(colcon_meta) check parameters
[0.474s] Level 1:colcon.colcon_core.package_discovery:discover_packages(recursive) check parameters
[0.474s] Level 1:colcon.colcon_core.package_discovery:discover_packages(ignore) check parameters
[0.474s] Level 1:colcon.colcon_core.package_discovery:discover_packages(path) check parameters
[0.474s] Level 1:colcon.colcon_core.package_discovery:discover_packages(colcon_meta) discover
[0.474s] Level 1:colcon.colcon_core.package_discovery:discover_packages(recursive) discover
[0.474s] INFO:colcon.colcon_core.package_discovery:Crawling recursively for packages in '/home/devs/NautilusSW'
[0.474s] Level 1:colcon.colcon_core.package_identification:_identify(.) by extensions ['ignore', 'ignore_ament_install']
[0.475s] Level 1:colcon.colcon_core.package_identification:_identify(.) by extension 'ignore'
[0.475s] Level 1:colcon.colcon_core.package_identification:_identify(.) by extension 'ignore_ament_install'
[0.475s] Level 1:colcon.colcon_core.package_identification:_identify(.) by extensions ['colcon_pkg']
[0.475s] Level 1:colcon.colcon_core.package_identification:_identify(.) by extension 'colcon_pkg'
[0.475s] Level 1:colcon.colcon_core.package_identification:_identify(.) by extensions ['colcon_meta']
[0.475s] Level 1:colcon.colcon_core.package_identification:_identify(.) by extension 'colcon_meta'
[0.475s] Level 1:colcon.colcon_core.package_identification:_identify(.) by extensions ['ros']
[0.475s] Level 1:colcon.colcon_core.package_identification:_identify(.) by extension 'ros'
[0.485s] Level 1:colcon.colcon_core.package_identification:_identify(.) by extensions ['cmake', 'python']
[0.485s] Level 1:colcon.colcon_core.package_identification:_identify(.) by extension 'cmake'
[0.485s] Level 1:colcon.colcon_core.package_identification:_identify(.) by extension 'python'
[0.485s] Level 1:colcon.colcon_core.package_identification:_identify(.) by extensions ['python_setup_py']
[0.485s] Level 1:colcon.colcon_core.package_identification:_identify(.) by extension 'python_setup_py'
[0.485s] Level 1:colcon.colcon_core.package_identification:_identify(UTILES) by extensions ['ignore', 'ignore_ament_install']
[0.485s] Level 1:colcon.colcon_core.package_identification:_identify(UTILES) by extension 'ignore'
[0.485s] Level 1:colcon.colcon_core.package_identification:_identify(UTILES) by extension 'ignore_ament_install'
[0.485s] Level 1:colcon.colcon_core.package_identification:_identify(UTILES) by extensions ['colcon_pkg']
[0.485s] Level 1:colcon.colcon_core.package_identification:_identify(UTILES) by extension 'colcon_pkg'
[0.485s] Level 1:colcon.colcon_core.package_identification:_identify(UTILES) by extensions ['colcon_meta']
[0.485s] Level 1:colcon.colcon_core.package_identification:_identify(UTILES) by extension 'colcon_meta'
[0.485s] Level 1:colcon.colcon_core.package_identification:_identify(UTILES) by extensions ['ros']
[0.485s] Level 1:colcon.colcon_core.package_identification:_identify(UTILES) by extension 'ros'
[0.485s] Level 1:colcon.colcon_core.package_identification:_identify(UTILES) by extensions ['cmake', 'python']
[0.485s] Level 1:colcon.colcon_core.package_identification:_identify(UTILES) by extension 'cmake'
[0.485s] Level 1:colcon.colcon_core.package_identification:_identify(UTILES) by extension 'python'
[0.485s] Level 1:colcon.colcon_core.package_identification:_identify(UTILES) by extensions ['python_setup_py']
[0.485s] Level 1:colcon.colcon_core.package_identification:_identify(UTILES) by extension 'python_setup_py'
[0.485s] Level 1:colcon.colcon_core.package_identification:_identify(UTILES/ros2_ws) by extensions ['ignore', 'ignore_ament_install']
[0.485s] Level 1:colcon.colcon_core.package_identification:_identify(UTILES/ros2_ws) by extension 'ignore'
[0.485s] Level 1:colcon.colcon_core.package_identification:_identify(UTILES/ros2_ws) by extension 'ignore_ament_install'
[0.485s] Level 1:colcon.colcon_core.package_identification:_identify(UTILES/ros2_ws) by extensions ['colcon_pkg']
[0.485s] Level 1:colcon.colcon_core.package_identification:_identify(UTILES/ros2_ws) by extension 'colcon_pkg'
[0.485s] Level 1:colcon.colcon_core.package_identification:_identify(UTILES/ros2_ws) by extensions ['colcon_meta']
[0.485s] Level 1:colcon.colcon_core.package_identification:_identify(UTILES/ros2_ws) by extension 'colcon_meta'
[0.485s] Level 1:colcon.colcon_core.package_identification:_identify(UTILES/ros2_ws) by extensions ['ros']
[0.486s] Level 1:colcon.colcon_core.package_identification:_identify(UTILES/ros2_ws) by extension 'ros'
[0.486s] Level 1:colcon.colcon_core.package_identification:_identify(UTILES/ros2_ws) by extensions ['cmake', 'python']
[0.486s] Level 1:colcon.colcon_core.package_identification:_identify(UTILES/ros2_ws) by extension 'cmake'
[0.486s] Level 1:colcon.colcon_core.package_identification:_identify(UTILES/ros2_ws) by extension 'python'
[0.486s] Level 1:colcon.colcon_core.package_identification:_identify(UTILES/ros2_ws) by extensions ['python_setup_py']
[0.486s] Level 1:colcon.colcon_core.package_identification:_identify(UTILES/ros2_ws) by extension 'python_setup_py'
[0.486s] Level 1:colcon.colcon_core.package_identification:_identify(UTILES/ros2_ws/build) by extensions ['ignore', 'ignore_ament_install']
[0.486s] Level 1:colcon.colcon_core.package_identification:_identify(UTILES/ros2_ws/build) by extension 'ignore'
[0.486s] Level 1:colcon.colcon_core.package_identification:_identify(UTILES/ros2_ws/build) ignored
[0.486s] Level 1:colcon.colcon_core.package_identification:_identify(UTILES/ros2_ws/install) by extensions ['ignore', 'ignore_ament_install']
[0.486s] Level 1:colcon.colcon_core.package_identification:_identify(UTILES/ros2_ws/install) by extension 'ignore'
[0.486s] Level 1:colcon.colcon_core.package_identification:_identify(UTILES/ros2_ws/install) ignored
[0.486s] Level 1:colcon.colcon_core.package_identification:_identify(UTILES/ros2_ws/log) by extensions ['ignore', 'ignore_ament_install']
[0.486s] Level 1:colcon.colcon_core.package_identification:_identify(UTILES/ros2_ws/log) by extension 'ignore'
[0.486s] Level 1:colcon.colcon_core.package_identification:_identify(UTILES/ros2_ws/log) ignored
[0.486s] Level 1:colcon.colcon_core.package_identification:_identify(UTILES/ros2_ws/src) by extensions ['ignore', 'ignore_ament_install']
[0.486s] Level 1:colcon.colcon_core.package_identification:_identify(UTILES/ros2_ws/src) by extension 'ignore'
[0.486s] Level 1:colcon.colcon_core.package_identification:_identify(UTILES/ros2_ws/src) by extension 'ignore_ament_install'
[0.486s] Level 1:colcon.colcon_core.package_identification:_identify(UTILES/ros2_ws/src) by extensions ['colcon_pkg']
[0.486s] Level 1:colcon.colcon_core.package_identification:_identify(UTILES/ros2_ws/src) by extension 'colcon_pkg'
[0.486s] Level 1:colcon.colcon_core.package_identification:_identify(UTILES/ros2_ws/src) by extensions ['colcon_meta']
[0.486s] Level 1:colcon.colcon_core.package_identification:_identify(UTILES/ros2_ws/src) by extension 'colcon_meta'
[0.486s] Level 1:colcon.colcon_core.package_identification:_identify(UTILES/ros2_ws/src) by extensions ['ros']
[0.486s] Level 1:colcon.colcon_core.package_identification:_identify(UTILES/ros2_ws/src) by extension 'ros'
[0.486s] Level 1:colcon.colcon_core.package_identification:_identify(UTILES/ros2_ws/src) by extensions ['cmake', 'python']
[0.486s] Level 1:colcon.colcon_core.package_identification:_identify(UTILES/ros2_ws/src) by extension 'cmake'
[0.486s] Level 1:colcon.colcon_core.package_identification:_identify(UTILES/ros2_ws/src) by extension 'python'
[0.486s] Level 1:colcon.colcon_core.package_identification:_identify(UTILES/ros2_ws/src) by extensions ['python_setup_py']
[0.486s] Level 1:colcon.colcon_core.package_identification:_identify(UTILES/ros2_ws/src) by extension 'python_setup_py'
[0.486s] Level 1:colcon.colcon_core.package_identification:_identify(UTILES/ros2_ws/src/submarine_sim) by extensions ['ignore', 'ignore_ament_install']
[0.486s] Level 1:colcon.colcon_core.package_identification:_identify(UTILES/ros2_ws/src/submarine_sim) by extension 'ignore'
[0.486s] Level 1:colcon.colcon_core.package_identification:_identify(UTILES/ros2_ws/src/submarine_sim) by extension 'ignore_ament_install'
[0.486s] Level 1:colcon.colcon_core.package_identification:_identify(UTILES/ros2_ws/src/submarine_sim) by extensions ['colcon_pkg']
[0.486s] Level 1:colcon.colcon_core.package_identification:_identify(UTILES/ros2_ws/src/submarine_sim) by extension 'colcon_pkg'
[0.486s] Level 1:colcon.colcon_core.package_identification:_identify(UTILES/ros2_ws/src/submarine_sim) by extensions ['colcon_meta']
[0.486s] Level 1:colcon.colcon_core.package_identification:_identify(UTILES/ros2_ws/src/submarine_sim) by extension 'colcon_meta'
[0.486s] Level 1:colcon.colcon_core.package_identification:_identify(UTILES/ros2_ws/src/submarine_sim) by extensions ['ros']
[0.486s] Level 1:colcon.colcon_core.package_identification:_identify(UTILES/ros2_ws/src/submarine_sim) by extension 'ros'
[0.490s] DEBUG:colcon.colcon_core.package_identification:Package 'UTILES/ros2_ws/src/submarine_sim' with type 'ros.ament_python' and name 'submarine_sim'
[0.490s] Level 1:colcon.colcon_core.package_identification:_identify(build) by extensions ['ignore', 'ignore_ament_install']
[0.490s] Level 1:colcon.colcon_core.package_identification:_identify(build) by extension 'ignore'
[0.490s] Level 1:colcon.colcon_core.package_identification:_identify(build) ignored
[0.490s] Level 1:colcon.colcon_core.package_identification:_identify(install) by extensions ['ignore', 'ignore_ament_install']
[0.490s] Level 1:colcon.colcon_core.package_identification:_identify(install) by extension 'ignore'
[0.490s] Level 1:colcon.colcon_core.package_identification:_identify(install) ignored
[0.490s] Level 1:colcon.colcon_core.package_identification:_identify(log) by extensions ['ignore', 'ignore_ament_install']
[0.490s] Level 1:colcon.colcon_core.package_identification:_identify(log) by extension 'ignore'
[0.490s] Level 1:colcon.colcon_core.package_identification:_identify(log) ignored
[0.490s] Level 1:colcon.colcon_core.package_identification:_identify(nautilus_ws) by extensions ['ignore', 'ignore_ament_install']
[0.490s] Level 1:colcon.colcon_core.package_identification:_identify(nautilus_ws) by extension 'ignore'
[0.490s] Level 1:colcon.colcon_core.package_identification:_identify(nautilus_ws) by extension 'ignore_ament_install'
[0.490s] Level 1:colcon.colcon_core.package_identification:_identify(nautilus_ws) by extensions ['colcon_pkg']
[0.490s] Level 1:colcon.colcon_core.package_identification:_identify(nautilus_ws) by extension 'colcon_pkg'
[0.490s] Level 1:colcon.colcon_core.package_identification:_identify(nautilus_ws) by extensions ['colcon_meta']
[0.490s] Level 1:colcon.colcon_core.package_identification:_identify(nautilus_ws) by extension 'colcon_meta'
[0.490s] Level 1:colcon.colcon_core.package_identification:_identify(nautilus_ws) by extensions ['ros']
[0.490s] Level 1:colcon.colcon_core.package_identification:_identify(nautilus_ws) by extension 'ros'
[0.490s] Level 1:colcon.colcon_core.package_identification:_identify(nautilus_ws) by extensions ['cmake', 'python']
[0.490s] Level 1:colcon.colcon_core.package_identification:_identify(nautilus_ws) by extension 'cmake'
[0.490s] Level 1:colcon.colcon_core.package_identification:_identify(nautilus_ws) by extension 'python'
[0.490s] Level 1:colcon.colcon_core.package_identification:_identify(nautilus_ws) by extensions ['python_setup_py']
[0.490s] Level 1:colcon.colcon_core.package_identification:_identify(nautilus_ws) by extension 'python_setup_py'
[0.491s] Level 1:colcon.colcon_core.package_identification:_identify(nautilus_ws/src) by extensions ['ignore', 'ignore_ament_install']
[0.491s] Level 1:colcon.colcon_core.package_identification:_identify(nautilus_ws/src) by extension 'ignore'
[0.491s] Level 1:colcon.colcon_core.package_identification:_identify(nautilus_ws/src) by extension 'ignore_ament_install'
[0.491s] Level 1:colcon.colcon_core.package_identification:_identify(nautilus_ws/src) by extensions ['colcon_pkg']
[0.491s] Level 1:colcon.colcon_core.package_identification:_identify(nautilus_ws/src) by extension 'colcon_pkg'
[0.491s] Level 1:colcon.colcon_core.package_identification:_identify(nautilus_ws/src) by extensions ['colcon_meta']
[0.491s] Level 1:colcon.colcon_core.package_identification:_identify(nautilus_ws/src) by extension 'colcon_meta'
[0.491s] Level 1:colcon.colcon_core.package_identification:_identify(nautilus_ws/src) by extensions ['ros']
[0.491s] Level 1:colcon.colcon_core.package_identification:_identify(nautilus_ws/src) by extension 'ros'
[0.491s] Level 1:colcon.colcon_core.package_identification:_identify(nautilus_ws/src) by extensions ['cmake', 'python']
[0.491s] Level 1:colcon.colcon_core.package_identification:_identify(nautilus_ws/src) by extension 'cmake'
[0.491s] Level 1:colcon.colcon_core.package_identification:_identify(nautilus_ws/src) by extension 'python'
[0.491s] Level 1:colcon.colcon_core.package_identification:_identify(nautilus_ws/src) by extensions ['python_setup_py']
[0.491s] Level 1:colcon.colcon_core.package_identification:_identify(nautilus_ws/src) by extension 'python_setup_py'
[0.491s] Level 1:colcon.colcon_core.package_identification:_identify(nautilus_ws/src/mavlink_bridge) by extensions ['ignore', 'ignore_ament_install']
[0.491s] Level 1:colcon.colcon_core.package_identification:_identify(nautilus_ws/src/mavlink_bridge) by extension 'ignore'
[0.491s] Level 1:colcon.colcon_core.package_identification:_identify(nautilus_ws/src/mavlink_bridge) by extension 'ignore_ament_install'
[0.491s] Level 1:colcon.colcon_core.package_identification:_identify(nautilus_ws/src/mavlink_bridge) by extensions ['colcon_pkg']
[0.491s] Level 1:colcon.colcon_core.package_identification:_identify(nautilus_ws/src/mavlink_bridge) by extension 'colcon_pkg'
[0.491s] Level 1:colcon.colcon_core.package_identification:_identify(nautilus_ws/src/mavlink_bridge) by extensions ['colcon_meta']
[0.491s] Level 1:colcon.colcon_core.package_identification:_identify(nautilus_ws/src/mavlink_bridge) by extension 'colcon_meta'
[0.491s] Level 1:colcon.colcon_core.package_identification:_identify(nautilus_ws/src/mavlink_bridge) by extensions ['ros']
[0.491s] Level 1:colcon.colcon_core.package_identification:_identify(nautilus_ws/src/mavlink_bridge) by extension 'ros'
[0.492s] DEBUG:colcon.colcon_core.package_identification:Package 'nautilus_ws/src/mavlink_bridge' with type 'ros.ament_python' and name 'mavlink_bridge'
[0.492s] Level 1:colcon.colcon_core.package_identification:_identify(nautilus_ws/src/nautilus_bringup) by extensions ['ignore', 'ignore_ament_install']
[0.492s] Level 1:colcon.colcon_core.package_identification:_identify(nautilus_ws/src/nautilus_bringup) by extension 'ignore'
[0.492s] Level 1:colcon.colcon_core.package_identification:_identify(nautilus_ws/src/nautilus_bringup) by extension 'ignore_ament_install'
[0.492s] Level 1:colcon.colcon_core.package_identification:_identify(nautilus_ws/src/nautilus_bringup) by extensions ['colcon_pkg']
[0.492s] Level 1:colcon.colcon_core.package_identification:_identify(nautilus_ws/src/nautilus_bringup) by extension 'colcon_pkg'
[0.492s] Level 1:colcon.colcon_core.package_identification:_identify(nautilus_ws/src/nautilus_bringup) by extensions ['colcon_meta']
[0.492s] Level 1:colcon.colcon_core.package_identification:_identify(nautilus_ws/src/nautilus_bringup) by extension 'colcon_meta'
[0.492s] Level 1:colcon.colcon_core.package_identification:_identify(nautilus_ws/src/nautilus_bringup) by extensions ['ros']
[0.492s] Level 1:colcon.colcon_core.package_identification:_identify(nautilus_ws/src/nautilus_bringup) by extension 'ros'
[0.492s] DEBUG:colcon.colcon_core.package_identification:Package 'nautilus_ws/src/nautilus_bringup' with type 'ros.ament_cmake' and name 'nautilus_bringup'
[0.492s] Level 1:colcon.colcon_core.package_discovery:discover_packages(recursive) using defaults
[0.492s] Level 1:colcon.colcon_core.package_discovery:discover_packages(ignore) discover
[0.492s] Level 1:colcon.colcon_core.package_discovery:discover_packages(ignore) using defaults
[0.492s] Level 1:colcon.colcon_core.package_discovery:discover_packages(path) discover
[0.492s] Level 1:colcon.colcon_core.package_discovery:discover_packages(path) using defaults
[0.524s] Level 1:colcon.colcon_core.package_discovery:discover_packages(prefix_path) check parameters
[0.524s] Level 1:colcon.colcon_core.package_discovery:discover_packages(prefix_path) discover
[0.529s] DEBUG:colcon.colcon_installed_package_information.package_discovery:Found 25 installed packages in /home/devs/ardu_ws/install
[0.530s] DEBUG:colcon.colcon_installed_package_information.package_discovery:Found 292 installed packages in /opt/ros/humble
[0.531s] Level 1:colcon.colcon_core.package_discovery:discover_packages(prefix_path) using defaults
[0.588s] Level 5:colcon.colcon_core.verb:set package 'mavlink_bridge' build argument 'cmake_args' from command line to 'None'
[0.588s] Level 5:colcon.colcon_core.verb:set package 'mavlink_bridge' build argument 'cmake_target' from command line to 'None'
[0.589s] Level 5:colcon.colcon_core.verb:set package 'mavlink_bridge' build argument 'cmake_target_skip_unavailable' from command line to 'False'
[0.589s] Level 5:colcon.colcon_core.verb:set package 'mavlink_bridge' build argument 'cmake_clean_cache' from command line to 'False'
[0.589s] Level 5:colcon.colcon_core.verb:set package 'mavlink_bridge' build argument 'cmake_clean_first' from command line to 'False'
[0.589s] Level 5:colcon.colcon_core.verb:set package 'mavlink_bridge' build argument 'cmake_force_configure' from command line to 'False'
[0.589s] Level 5:colcon.colcon_core.verb:set package 'mavlink_bridge' build argument 'ament_cmake_args' from command line to 'None'
[0.589s] Level 5:colcon.colcon_core.verb:set package 'mavlink_bridge' build argument 'catkin_cmake_args' from command line to 'None'
[0.589s] Level 5:colcon.colcon_core.verb:set package 'mavlink_bridge' build argument 'catkin_skip_building_tests' from command line to 'False'
[0.589s] DEBUG:colcon.colcon_core.verb:Building package 'mavlink_bridge' with the following arguments: {'ament_cmake_args': None, 'build_base': '/home/devs/NautilusSW/build/mavlink_bridge', 'catkin_cmake_args': None, 'catkin_skip_building_tests': False, 'cmake_args': None, 'cmake_clean_cache': False, 'cmake_clean_first': False, 'cmake_force_configure': False, 'cmake_target': None, 'cmake_target_skip_unavailable': False, 'install_base': '/home/devs/NautilusSW/install/mavlink_bridge', 'merge_install': False, 'path': '/home/devs/NautilusSW/nautilus_ws/src/mavlink_bridge', 'symlink_install': False, 'test_result_base': None}
[0.589s] Level 5:colcon.colcon_core.verb:set package 'submarine_sim' build argument 'cmake_args' from command line to 'None'
[0.589s] Level 5:colcon.colcon_core.verb:set package 'submarine_sim' build argument 'cmake_target' from command line to 'None'
[0.589s] Level 5:colcon.colcon_core.verb:set package 'submarine_sim' build argument 'cmake_target_skip_unavailable' from command line to 'False'
[0.589s] Level 5:colcon.colcon_core.verb:set package 'submarine_sim' build argument 'cmake_clean_cache' from command line to 'False'
[0.589s] Level 5:colcon.colcon_core.verb:set package 'submarine_sim' build argument 'cmake_clean_first' from command line to 'False'
[0.589s] Level 5:colcon.colcon_core.verb:set package 'submarine_sim' build argument 'cmake_force_configure' from command line to 'False'
[0.589s] Level 5:colcon.colcon_core.verb:set package 'submarine_sim' build argument 'ament_cmake_args' from command line to 'None'
[0.589s] Level 5:colcon.colcon_core.verb:set package 'submarine_sim' build argument 'catkin_cmake_args' from command line to 'None'
[0.589s] Level 5:colcon.colcon_core.verb:set package 'submarine_sim' build argument 'catkin_skip_building_tests' from command line to 'False'
[0.589s] DEBUG:colcon.colcon_core.verb:Building package 'submarine_sim' with the following arguments: {'ament_cmake_args': None, 'build_base': '/home/devs/NautilusSW/build/submarine_sim', 'catkin_cmake_args': None, 'catkin_skip_building_tests': False, 'cmake_args': None, 'cmake_clean_cache': False, 'cmake_clean_first': False, 'cmake_force_configure': False, 'cmake_target': None, 'cmake_target_skip_unavailable': False, 'install_base': '/home/devs/NautilusSW/install/submarine_sim', 'merge_install': False, 'path': '/home/devs/NautilusSW/UTILES/ros2_ws/src/submarine_sim', 'symlink_install': False, 'test_result_base': None}
[0.589s] Level 5:colcon.colcon_core.verb:set package 'nautilus_bringup' build argument 'cmake_args' from command line to 'None'
[0.589s] Level 5:colcon.colcon_core.verb:set package 'nautilus_bringup' build argument 'cmake_target' from command line to 'None'
[0.589s] Level 5:colcon.colcon_core.verb:set package 'nautilus_bringup' build argument 'cmake_target_skip_unavailable' from command line to 'False'
[0.589s] Level 5:colcon.colcon_core.verb:set package 'nautilus_bringup' build argument 'cmake_clean_cache' from command line to 'False'
[0.589s] Level 5:colcon.colcon_core.verb:set package 'nautilus_bringup' build argument 'cmake_clean_first' from command line to 'False'
[0.589s] Level 5:colcon.colcon_core.verb:set package 'nautilus_bringup' build argument 'cmake_force_configure' from command line to 'False'
[0.589s] Level 5:colcon.colcon_core.verb:set package 'nautilus_bringup' build argument 'ament_cmake_args' from command line to 'None'
[0.589s] Level 5:colcon.colcon_core.verb:set package 'nautilus_bringup' build argument 'catkin_cmake_args' from command line to 'None'
[0.589s] Level 5:colcon.colcon_core.verb:set package 'nautilus_bringup' build argument 'catkin_skip_building_tests' from command line to 'False'
[0.589s] DEBUG:colcon.colcon_core.verb:Building package 'nautilus_bringup' with the following arguments: {'ament_cmake_args': None, 'build_base': '/home/devs/NautilusSW/build/nautilus_bringup', 'catkin_cmake_args': None, 'catkin_skip_building_tests': False, 'cmake_args': None, 'cmake_clean_cache': False, 'cmake_clean_first': False, 'cmake_force_configure': False, 'cmake_target': None, 'cmake_target_skip_unavailable': False, 'install_base': '/home/devs/NautilusSW/install/nautilus_bringup', 'merge_install': False, 'path': '/home/devs/NautilusSW/nautilus_ws/src/nautilus_bringup', 'symlink_install': False, 'test_result_base': None}
[0.589s] INFO:colcon.colcon_core.executor:Executing jobs using 'parallel' executor
[0.591s] DEBUG:colcon.colcon_parallel_executor.executor.parallel:run_until_complete
[0.592s] INFO:colcon.colcon_ros.task.ament_python.build:Building ROS package in '/home/devs/NautilusSW/nautilus_ws/src/mavlink_bridge' with build type 'ament_python'
[0.592s] Level 1:colcon.colcon_core.shell:create_environment_hook('mavlink_bridge', 'ament_prefix_path')
[0.600s] INFO:colcon.colcon_core.plugin_system:Skipping extension 'colcon_core.shell.bat': Not used on non-Windows systems
[0.600s] INFO:colcon.colcon_core.shell:Creating environment hook '/home/devs/NautilusSW/install/mavlink_bridge/share/mavlink_bridge/hook/ament_prefix_path.ps1'
[0.601s] INFO:colcon.colcon_core.shell:Creating environment descriptor '/home/devs/NautilusSW/install/mavlink_bridge/share/mavlink_bridge/hook/ament_prefix_path.dsv'
[0.602s] INFO:colcon.colcon_core.shell:Creating environment hook '/home/devs/NautilusSW/install/mavlink_bridge/share/mavlink_bridge/hook/ament_prefix_path.sh'
[0.603s] INFO:colcon.colcon_core.shell:Skip shell extension 'powershell' for command environment: Not usable outside of PowerShell
[0.603s] DEBUG:colcon.colcon_core.shell:Skip shell extension 'dsv' for command environment
[0.606s] INFO:colcon.colcon_ros.task.ament_python.build:Building ROS package in '/home/devs/NautilusSW/UTILES/ros2_ws/src/submarine_sim' with build type 'ament_python'
[0.606s] Level 1:colcon.colcon_core.shell:create_environment_hook('submarine_sim', 'ament_prefix_path')
[0.607s] INFO:colcon.colcon_core.shell:Creating environment hook '/home/devs/NautilusSW/install/submarine_sim/share/submarine_sim/hook/ament_prefix_path.ps1'
[0.607s] INFO:colcon.colcon_core.shell:Creating environment descriptor '/home/devs/NautilusSW/install/submarine_sim/share/submarine_sim/hook/ament_prefix_path.dsv'
[0.608s] INFO:colcon.colcon_core.shell:Creating environment hook '/home/devs/NautilusSW/install/submarine_sim/share/submarine_sim/hook/ament_prefix_path.sh'
[0.608s] INFO:colcon.colcon_core.shell:Skip shell extension 'powershell' for command environment: Not usable outside of PowerShell
[0.608s] DEBUG:colcon.colcon_core.shell:Skip shell extension 'dsv' for command environment
[0.756s] INFO:colcon.colcon_core.task.python.build:Building Python package in '/home/devs/NautilusSW/nautilus_ws/src/mavlink_bridge'
[0.757s] INFO:colcon.colcon_core.shell:Skip shell extension 'powershell' for command environment: Not usable outside of PowerShell
[0.757s] DEBUG:colcon.colcon_core.shell:Skip shell extension 'dsv' for command environment
[0.901s] WARNING:colcon.colcon_ros.task.ament_python.build:Package 'submarine_sim' doesn't explicitly install a marker in the package index (colcon-ros currently does it implicitly but that fallback will be removed in the future)
[0.901s] INFO:colcon.colcon_core.task.python.build:Building Python package in '/home/devs/NautilusSW/UTILES/ros2_ws/src/submarine_sim'
[0.901s] INFO:colcon.colcon_core.shell:Skip shell extension 'powershell' for command environment: Not usable outside of PowerShell
[0.901s] DEBUG:colcon.colcon_core.shell:Skip shell extension 'dsv' for command environment
[1.423s] DEBUG:colcon.colcon_core.event_handler.log_command:Invoking command in '/home/devs/NautilusSW/nautilus_ws/src/mavlink_bridge': PS1=\[\e]0;\u@\h: \w\a\]${debian_chroot:+($debian_chroot)}\[\033[01;32m\]\u@\h\[\033[00m\]:\[\033[01;34m\]\w\[\033[00m\]\$ PYTHONPATH=/home/devs/NautilusSW/build/mavlink_bridge/prefix_override:/usr/lib/python3/dist-packages/colcon_core/task/python/colcon_distutils_commands:/home/devs/NautilusSW/install/mavlink_bridge/lib/python3.10/site-packages:${PYTHONPATH} /usr/bin/python3 -W ignore:setup.py install is deprecated -W ignore:easy_install command is deprecated setup.py egg_info --egg-base ../../../build/mavlink_bridge build --build-base /home/devs/NautilusSW/build/mavlink_bridge/build install --record /home/devs/NautilusSW/build/mavlink_bridge/install.log --single-version-externally-managed install_data
[1.427s] DEBUG:colcon.colcon_core.event_handler.log_command:Invoking command in '/home/devs/NautilusSW/UTILES/ros2_ws/src/submarine_sim': PS1=\[\e]0;\u@\h: \w\a\]${debian_chroot:+($debian_chroot)}\[\033[01;32m\]\u@\h\[\033[00m\]:\[\033[01;34m\]\w\[\033[00m\]\$ PYTHONPATH=/home/devs/NautilusSW/build/submarine_sim/prefix_override:/usr/lib/python3/dist-packages/colcon_core/task/python/colcon_distutils_commands:/home/devs/NautilusSW/install/submarine_sim/lib/python3.10/site-packages:${PYTHONPATH} /usr/bin/python3 -W ignore:setup.py install is deprecated -W ignore:easy_install command is deprecated setup.py egg_info --egg-base ../../../../build/submarine_sim build --build-base /home/devs/NautilusSW/build/submarine_sim/build install --record /home/devs/NautilusSW/build/submarine_sim/install.log --single-version-externally-managed install_data
[1.672s] DEBUG:colcon.colcon_core.event_handler.log_command:Invoked command in '/home/devs/NautilusSW/UTILES/ros2_ws/src/submarine_sim' returned '0': PS1=\[\e]0;\u@\h: \w\a\]${debian_chroot:+($debian_chroot)}\[\033[01;32m\]\u@\h\[\033[00m\]:\[\033[01;34m\]\w\[\033[00m\]\$ PYTHONPATH=/home/devs/NautilusSW/build/submarine_sim/prefix_override:/usr/lib/python3/dist-packages/colcon_core/task/python/colcon_distutils_commands:/home/devs/NautilusSW/install/submarine_sim/lib/python3.10/site-packages:${PYTHONPATH} /usr/bin/python3 -W ignore:setup.py install is deprecated -W ignore:easy_install command is deprecated setup.py egg_info --egg-base ../../../../build/submarine_sim build --build-base /home/devs/NautilusSW/build/submarine_sim/build install --record /home/devs/NautilusSW/build/submarine_sim/install.log --single-version-externally-managed install_data
[1.683s] Level 1:colcon.colcon_core.environment:checking '/home/devs/NautilusSW/install/submarine_sim' for CMake module files
[1.684s] Level 1:colcon.colcon_core.environment:checking '/home/devs/NautilusSW/install/submarine_sim' for CMake config files
[1.684s] Level 1:colcon.colcon_core.environment:checking '/home/devs/NautilusSW/install/submarine_sim/lib'
[1.684s] Level 1:colcon.colcon_core.environment:checking '/home/devs/NautilusSW/install/submarine_sim/bin'
[1.684s] Level 1:colcon.colcon_core.environment:checking '/home/devs/NautilusSW/install/submarine_sim/lib/pkgconfig/submarine_sim.pc'
[1.684s] Level 1:colcon.colcon_core.environment:checking '/home/devs/NautilusSW/install/submarine_sim/lib/python3.10/site-packages'
[1.684s] Level 1:colcon.colcon_core.shell:create_environment_hook('submarine_sim', 'pythonpath')
[1.685s] INFO:colcon.colcon_core.shell:Creating environment hook '/home/devs/NautilusSW/install/submarine_sim/share/submarine_sim/hook/pythonpath.ps1'
[1.685s] INFO:colcon.colcon_core.shell:Creating environment descriptor '/home/devs/NautilusSW/install/submarine_sim/share/submarine_sim/hook/pythonpath.dsv'
[1.685s] INFO:colcon.colcon_core.shell:Creating environment hook '/home/devs/NautilusSW/install/submarine_sim/share/submarine_sim/hook/pythonpath.sh'
[1.686s] Level 1:colcon.colcon_core.environment:checking '/home/devs/NautilusSW/install/submarine_sim/bin'
[1.686s] Level 1:colcon.colcon_core.environment:create_environment_scripts_only(submarine_sim)
[1.686s] INFO:colcon.colcon_core.shell:Creating package script '/home/devs/NautilusSW/install/submarine_sim/share/submarine_sim/package.ps1'
[1.687s] INFO:colcon.colcon_core.shell:Creating package descriptor '/home/devs/NautilusSW/install/submarine_sim/share/submarine_sim/package.dsv'
[1.687s] INFO:colcon.colcon_core.shell:Creating package script '/home/devs/NautilusSW/install/submarine_sim/share/submarine_sim/package.sh'
[1.688s] INFO:colcon.colcon_core.shell:Creating package script '/home/devs/NautilusSW/install/submarine_sim/share/submarine_sim/package.bash'
[1.689s] INFO:colcon.colcon_core.shell:Creating package script '/home/devs/NautilusSW/install/submarine_sim/share/submarine_sim/package.zsh'
[1.691s] Level 1:colcon.colcon_core.environment:create_file_with_runtime_dependencies(/home/devs/NautilusSW/install/submarine_sim/share/colcon-core/packages/submarine_sim)
[1.693s] Level 1:colcon.colcon_core.environment:checking '/home/devs/NautilusSW/install/mavlink_bridge' for CMake module files
[1.693s] DEBUG:colcon.colcon_core.event_handler.log_command:Invoked command in '/home/devs/NautilusSW/nautilus_ws/src/mavlink_bridge' returned '0': PS1=\[\e]0;\u@\h: \w\a\]${debian_chroot:+($debian_chroot)}\[\033[01;32m\]\u@\h\[\033[00m\]:\[\033[01;34m\]\w\[\033[00m\]\$ PYTHONPATH=/home/devs/NautilusSW/build/mavlink_bridge/prefix_override:/usr/lib/python3/dist-packages/colcon_core/task/python/colcon_distutils_commands:/home/devs/NautilusSW/install/mavlink_bridge/lib/python3.10/site-packages:${PYTHONPATH} /usr/bin/python3 -W ignore:setup.py install is deprecated -W ignore:easy_install command is deprecated setup.py egg_info --egg-base ../../../build/mavlink_bridge build --build-base /home/devs/NautilusSW/build/mavlink_bridge/build install --record /home/devs/NautilusSW/build/mavlink_bridge/install.log --single-version-externally-managed install_data
[1.693s] Level 1:colcon.colcon_core.environment:checking '/home/devs/NautilusSW/install/mavlink_bridge' for CMake config files
[1.694s] Level 1:colcon.colcon_core.environment:checking '/home/devs/NautilusSW/install/mavlink_bridge/lib'
[1.694s] Level 1:colcon.colcon_core.environment:checking '/home/devs/NautilusSW/install/mavlink_bridge/bin'
[1.694s] Level 1:colcon.colcon_core.environment:checking '/home/devs/NautilusSW/install/mavlink_bridge/lib/pkgconfig/mavlink_bridge.pc'
[1.694s] Level 1:colcon.colcon_core.environment:checking '/home/devs/NautilusSW/install/mavlink_bridge/lib/python3.10/site-packages'
[1.694s] Level 1:colcon.colcon_core.shell:create_environment_hook('mavlink_bridge', 'pythonpath')
[1.694s] INFO:colcon.colcon_core.shell:Creating environment hook '/home/devs/NautilusSW/install/mavlink_bridge/share/mavlink_bridge/hook/pythonpath.ps1'
[1.694s] INFO:colcon.colcon_core.shell:Creating environment descriptor '/home/devs/NautilusSW/install/mavlink_bridge/share/mavlink_bridge/hook/pythonpath.dsv'
[1.694s] INFO:colcon.colcon_core.shell:Creating environment hook '/home/devs/NautilusSW/install/mavlink_bridge/share/mavlink_bridge/hook/pythonpath.sh'
[1.695s] Level 1:colcon.colcon_core.environment:checking '/home/devs/NautilusSW/install/mavlink_bridge/bin'
[1.695s] Level 1:colcon.colcon_core.environment:create_environment_scripts_only(mavlink_bridge)
[1.695s] INFO:colcon.colcon_core.shell:Creating package script '/home/devs/NautilusSW/install/mavlink_bridge/share/mavlink_bridge/package.ps1'
[1.695s] INFO:colcon.colcon_core.shell:Creating package descriptor '/home/devs/NautilusSW/install/mavlink_bridge/share/mavlink_bridge/package.dsv'
[1.695s] INFO:colcon.colcon_core.shell:Creating package script '/home/devs/NautilusSW/install/mavlink_bridge/share/mavlink_bridge/package.sh'
[1.696s] INFO:colcon.colcon_core.shell:Creating package script '/home/devs/NautilusSW/install/mavlink_bridge/share/mavlink_bridge/package.bash'
[1.696s] INFO:colcon.colcon_core.shell:Creating package script '/home/devs/NautilusSW/install/mavlink_bridge/share/mavlink_bridge/package.zsh'
[1.696s] Level 1:colcon.colcon_core.environment:create_file_with_runtime_dependencies(/home/devs/NautilusSW/install/mavlink_bridge/share/colcon-core/packages/mavlink_bridge)
[1.696s] INFO:colcon.colcon_ros.task.ament_cmake.build:Building ROS package in '/home/devs/NautilusSW/nautilus_ws/src/nautilus_bringup' with build type 'ament_cmake'
[1.697s] INFO:colcon.colcon_cmake.task.cmake.build:Building CMake package in '/home/devs/NautilusSW/nautilus_ws/src/nautilus_bringup'
[1.697s] INFO:colcon.colcon_core.shell:Skip shell extension 'powershell' for command environment: Not usable outside of PowerShell
[1.697s] DEBUG:colcon.colcon_core.shell:Skip shell extension 'dsv' for command environment
[1.709s] DEBUG:colcon.colcon_core.event_handler.log_command:Invoking command in '/home/devs/NautilusSW/build/nautilus_bringup': AMENT_PREFIX_PATH=/home/devs/NautilusSW/install/mavlink_bridge:${AMENT_PREFIX_PATH} CMAKE_PREFIX_PATH=${CMAKE_PREFIX_PATH}:/home/devs/ardu_ws/install/ardupilot_dds_tests:/opt/ros/humble PS1=\[\e]0;\u@\h: \w\a\]${debian_chroot:+($debian_chroot)}\[\033[01;32m\]\u@\h\[\033[00m\]:\[\033[01;34m\]\w\[\033[00m\]\$ PYTHONPATH=/home/devs/NautilusSW/install/mavlink_bridge/lib/python3.10/site-packages:${PYTHONPATH} /usr/bin/cmake /home/devs/NautilusSW/nautilus_ws/src/nautilus_bringup -DCMAKE_INSTALL_PREFIX=/home/devs/NautilusSW/install/nautilus_bringup
[2.667s] DEBUG:colcon.colcon_core.event_handler.log_command:Invoked command in '/home/devs/NautilusSW/build/nautilus_bringup' returned '0': AMENT_PREFIX_PATH=/home/devs/NautilusSW/install/mavlink_bridge:${AMENT_PREFIX_PATH} CMAKE_PREFIX_PATH=${CMAKE_PREFIX_PATH}:/home/devs/ardu_ws/install/ardupilot_dds_tests:/opt/ros/humble PS1=\[\e]0;\u@\h: \w\a\]${debian_chroot:+($debian_chroot)}\[\033[01;32m\]\u@\h\[\033[00m\]:\[\033[01;34m\]\w\[\033[00m\]\$ PYTHONPATH=/home/devs/NautilusSW/install/mavlink_bridge/lib/python3.10/site-packages:${PYTHONPATH} /usr/bin/cmake /home/devs/NautilusSW/nautilus_ws/src/nautilus_bringup -DCMAKE_INSTALL_PREFIX=/home/devs/NautilusSW/install/nautilus_bringup
[2.667s] DEBUG:colcon.colcon_core.event_handler.log_command:Invoking command in '/home/devs/NautilusSW/build/nautilus_bringup': AMENT_PREFIX_PATH=/home/devs/NautilusSW/install/mavlink_bridge:${AMENT_PREFIX_PATH} CMAKE_PREFIX_PATH=${CMAKE_PREFIX_PATH}:/home/devs/ardu_ws/install/ardupilot_dds_tests:/opt/ros/humble PS1=\[\e]0;\u@\h: \w\a\]${debian_chroot:+($debian_chroot)}\[\033[01;32m\]\u@\h\[\033[00m\]:\[\033[01;34m\]\w\[\033[00m\]\$ PYTHONPATH=/home/devs/NautilusSW/install/mavlink_bridge/lib/python3.10/site-packages:${PYTHONPATH} /usr/bin/cmake --build /home/devs/NautilusSW/build/nautilus_bringup -- -j4 -l4
[2.702s] DEBUG:colcon.colcon_core.event_handler.log_command:Invoked command in '/home/devs/NautilusSW/build/nautilus_bringup' returned '0': AMENT_PREFIX_PATH=/home/devs/NautilusSW/install/mavlink_bridge:${AMENT_PREFIX_PATH} CMAKE_PREFIX_PATH=${CMAKE_PREFIX_PATH}:/home/devs/ardu_ws/install/ardupilot_dds_tests:/opt/ros/humble PS1=\[\e]0;\u@\h: \w\a\]${debian_chroot:+($debian_chroot)}\[\033[01;32m\]\u@\h\[\033[00m\]:\[\033[01;34m\]\w\[\033[00m\]\$ PYTHONPATH=/home/devs/NautilusSW/install/mavlink_bridge/lib/python3.10/site-packages:${PYTHONPATH} /usr/bin/cmake --build /home/devs/NautilusSW/build/nautilus_bringup -- -j4 -l4
[2.713s] DEBUG:colcon.colcon_core.event_handler.log_command:Invoking command in '/home/devs/NautilusSW/build/nautilus_bringup': AMENT_PREFIX_PATH=/home/devs/NautilusSW/install/mavlink_bridge:${AMENT_PREFIX_PATH} CMAKE_PREFIX_PATH=${CMAKE_PREFIX_PATH}:/home/devs/ardu_ws/install/ardupilot_dds_tests:/opt/ros/humble PS1=\[\e]0;\u@\h: \w\a\]${debian_chroot:+($debian_chroot)}\[\033[01;32m\]\u@\h\[\033[00m\]:\[\033[01;34m\]\w\[\033[00m\]\$ PYTHONPATH=/home/devs/NautilusSW/install/mavlink_bridge/lib/python3.10/site-packages:${PYTHONPATH} /usr/bin/cmake --install /home/devs/NautilusSW/build/nautilus_bringup
[2.733s] Level 1:colcon.colcon_core.environment:create_environment_scripts_only(nautilus_bringup)
[2.733s] Level 1:colcon.colcon_core.environment:checking '/home/devs/NautilusSW/install/nautilus_bringup' for CMake module files
[2.734s] DEBUG:colcon.colcon_core.event_handler.log_command:Invoked command in '/home/devs/NautilusSW/build/nautilus_bringup' returned '0': AMENT_PREFIX_PATH=/home/devs/NautilusSW/install/mavlink_bridge:${AMENT_PREFIX_PATH} CMAKE_PREFIX_PATH=${CMAKE_PREFIX_PATH}:/home/devs/ardu_ws/install/ardupilot_dds_tests:/opt/ros/humble PS1=\[\e]0;\u@\h: \w\a\]${debian_chroot:+($debian_chroot)}\[\033[01;32m\]\u@\h\[\033[00m\]:\[\033[01;34m\]\w\[\033[00m\]\$ PYTHONPATH=/home/devs/NautilusSW/install/mavlink_bridge/lib/python3.10/site-packages:${PYTHONPATH} /usr/bin/cmake --install /home/devs/NautilusSW/build/nautilus_bringup
[2.734s] Level 1:colcon.colcon_core.environment:checking '/home/devs/NautilusSW/install/nautilus_bringup' for CMake config files
[2.734s] Level 1:colcon.colcon_core.shell:create_environment_hook('nautilus_bringup', 'cmake_prefix_path')
[2.735s] INFO:colcon.colcon_core.shell:Creating environment hook '/home/devs/NautilusSW/install/nautilus_bringup/share/nautilus_bringup/hook/cmake_prefix_path.ps1'
[2.735s] INFO:colcon.colcon_core.shell:Creating environment descriptor '/home/devs/NautilusSW/install/nautilus_bringup/share/nautilus_bringup/hook/cmake_prefix_path.dsv'
[2.735s] INFO:colcon.colcon_core.shell:Creating environment hook '/home/devs/NautilusSW/install/nautilus_bringup/share/nautilus_bringup/hook/cmake_prefix_path.sh'
[2.736s] Level 1:colcon.colcon_core.environment:checking '/home/devs/NautilusSW/install/nautilus_bringup/bin'
[2.736s] Level 1:colcon.colcon_core.environment:checking '/home/devs/NautilusSW/install/nautilus_bringup/lib/pkgconfig/nautilus_bringup.pc'
[2.736s] Level 1:colcon.colcon_core.environment:checking '/home/devs/NautilusSW/install/nautilus_bringup/lib/python3.10/site-packages'
[2.736s] Level 1:colcon.colcon_core.environment:checking '/home/devs/NautilusSW/install/nautilus_bringup/bin'
[2.736s] INFO:colcon.colcon_core.shell:Creating package script '/home/devs/NautilusSW/install/nautilus_bringup/share/nautilus_bringup/package.ps1'
[2.736s] INFO:colcon.colcon_core.shell:Creating package descriptor '/home/devs/NautilusSW/install/nautilus_bringup/share/nautilus_bringup/package.dsv'
[2.737s] INFO:colcon.colcon_core.shell:Creating package script '/home/devs/NautilusSW/install/nautilus_bringup/share/nautilus_bringup/package.sh'
[2.737s] INFO:colcon.colcon_core.shell:Creating package script '/home/devs/NautilusSW/install/nautilus_bringup/share/nautilus_bringup/package.bash'
[2.737s] INFO:colcon.colcon_core.shell:Creating package script '/home/devs/NautilusSW/install/nautilus_bringup/share/nautilus_bringup/package.zsh'
[2.737s] Level 1:colcon.colcon_core.environment:create_file_with_runtime_dependencies(/home/devs/NautilusSW/install/nautilus_bringup/share/colcon-core/packages/nautilus_bringup)
[2.738s] Level 1:colcon.colcon_core.environment:create_environment_scripts_only(nautilus_bringup)
[2.738s] Level 1:colcon.colcon_core.environment:checking '/home/devs/NautilusSW/install/nautilus_bringup' for CMake module files
[2.738s] Level 1:colcon.colcon_core.environment:checking '/home/devs/NautilusSW/install/nautilus_bringup' for CMake config files
[2.738s] Level 1:colcon.colcon_core.shell:create_environment_hook('nautilus_bringup', 'cmake_prefix_path')
[2.738s] INFO:colcon.colcon_core.shell:Creating environment hook '/home/devs/NautilusSW/install/nautilus_bringup/share/nautilus_bringup/hook/cmake_prefix_path.ps1'
[2.739s] INFO:colcon.colcon_core.shell:Creating environment descriptor '/home/devs/NautilusSW/install/nautilus_bringup/share/nautilus_bringup/hook/cmake_prefix_path.dsv'
[2.739s] INFO:colcon.colcon_core.shell:Creating environment hook '/home/devs/NautilusSW/install/nautilus_bringup/share/nautilus_bringup/hook/cmake_prefix_path.sh'
[2.739s] Level 1:colcon.colcon_core.environment:checking '/home/devs/NautilusSW/install/nautilus_bringup/bin'
[2.739s] Level 1:colcon.colcon_core.environment:checking '/home/devs/NautilusSW/install/nautilus_bringup/lib/pkgconfig/nautilus_bringup.pc'
[2.740s] Level 1:colcon.colcon_core.environment:checking '/home/devs/NautilusSW/install/nautilus_bringup/lib/python3.10/site-packages'
[2.740s] Level 1:colcon.colcon_core.environment:checking '/home/devs/NautilusSW/install/nautilus_bringup/bin'
[2.740s] INFO:colcon.colcon_core.shell:Creating package script '/home/devs/NautilusSW/install/nautilus_bringup/share/nautilus_bringup/package.ps1'
[2.740s] INFO:colcon.colcon_core.shell:Creating package descriptor '/home/devs/NautilusSW/install/nautilus_bringup/share/nautilus_bringup/package.dsv'
[2.741s] INFO:colcon.colcon_core.shell:Creating package script '/home/devs/NautilusSW/install/nautilus_bringup/share/nautilus_bringup/package.sh'
[2.741s] INFO:colcon.colcon_core.shell:Creating package script '/home/devs/NautilusSW/install/nautilus_bringup/share/nautilus_bringup/package.bash'
[2.742s] INFO:colcon.colcon_core.shell:Creating package script '/home/devs/NautilusSW/install/nautilus_bringup/share/nautilus_bringup/package.zsh'
[2.742s] Level 1:colcon.colcon_core.environment:create_file_with_runtime_dependencies(/home/devs/NautilusSW/install/nautilus_bringup/share/colcon-core/packages/nautilus_bringup)
[2.743s] DEBUG:colcon.colcon_parallel_executor.executor.parallel:closing loop
[2.743s] DEBUG:colcon.colcon_parallel_executor.executor.parallel:loop closed
[2.743s] DEBUG:colcon.colcon_parallel_executor.executor.parallel:run_until_complete finished with '0'
[2.744s] DEBUG:colcon.colcon_core.event_reactor:joining thread
[2.750s] INFO:colcon.colcon_core.plugin_system:Skipping extension 'colcon_notification.desktop_notification.terminal_notifier': Not used on non-Darwin systems
[2.750s] INFO:colcon.colcon_core.plugin_system:Skipping extension 'colcon_notification.desktop_notification.win32': Not used on non-Windows systems
[2.750s] INFO:colcon.colcon_notification.desktop_notification:Sending desktop notification using 'notify2'
[2.772s] DEBUG:colcon.colcon_core.event_reactor:joined thread
[2.772s] INFO:colcon.colcon_core.shell:Creating prefix script '/home/devs/NautilusSW/install/local_setup.ps1'
[2.773s] INFO:colcon.colcon_core.shell:Creating prefix util module '/home/devs/NautilusSW/install/_local_setup_util_ps1.py'
[2.775s] INFO:colcon.colcon_core.shell:Creating prefix chain script '/home/devs/NautilusSW/install/setup.ps1'
[2.777s] INFO:colcon.colcon_core.shell:Creating prefix script '/home/devs/NautilusSW/install/local_setup.sh'
[2.784s] INFO:colcon.colcon_core.shell:Creating prefix util module '/home/devs/NautilusSW/install/_local_setup_util_sh.py'
[2.784s] INFO:colcon.colcon_core.shell:Creating prefix chain script '/home/devs/NautilusSW/install/setup.sh'
[2.786s] INFO:colcon.colcon_core.shell:Creating prefix script '/home/devs/NautilusSW/install/local_setup.bash'
[2.787s] INFO:colcon.colcon_core.shell:Creating prefix chain script '/home/devs/NautilusSW/install/setup.bash'
[2.788s] INFO:colcon.colcon_core.shell:Creating prefix script '/home/devs/NautilusSW/install/local_setup.zsh'
[2.789s] INFO:colcon.colcon_core.shell:Creating prefix chain script '/home/devs/NautilusSW/install/setup.zsh'
