[0.011s] Invoking command in '/home/devs/NautilusSW/build/nautilus_bringup': AMENT_PREFIX_PATH=/home/devs/NautilusSW/install/mavlink_bridge:${AMENT_PREFIX_PATH} CMAKE_PREFIX_PATH=${CMAKE_PREFIX_PATH}:/home/devs/ardu_ws/install/ardupilot_dds_tests:/opt/ros/humble PS1=\[\e]0;\u@\h: \w\a\]${debian_chroot:+($debian_chroot)}\[\033[01;32m\]\u@\h\[\033[00m\]:\[\033[01;34m\]\w\[\033[00m\]\$ PYTHONPATH=/home/devs/NautilusSW/install/mavlink_bridge/lib/python3.10/site-packages:${PYTHONPATH} /usr/bin/cmake /home/devs/NautilusSW/nautilus_ws/src/nautilus_bringup -DCMAKE_INSTALL_PREFIX=/home/devs/NautilusSW/install/nautilus_bringup
[0.156s] -- The C compiler identification is GNU 11.4.0
[0.276s] -- The CXX compiler identification is GNU 11.4.0
[0.293s] -- Detecting C compiler ABI info
[0.366s] -- Detecting C compiler ABI info - done
[0.368s] -- Check for working C compiler: /usr/lib/ccache/cc - skipped
[0.369s] -- Detecting C compile features
[0.370s] -- Detecting C compile features - done
[0.374s] -- Detecting CXX compiler ABI info
[0.446s] -- Detecting CXX compiler ABI info - done
[0.451s] -- Check for working CXX compiler: /usr/lib/ccache/c++ - skipped
[0.451s] -- Detecting CXX compile features
[0.451s] -- Detecting CXX compile features - done
[0.470s] -- Found ament_cmake: 1.3.12 (/opt/ros/humble/share/ament_cmake/cmake)
[0.738s] -- Found Python3: /usr/bin/python3 (found version "3.10.12") found components: Interpreter 
[0.865s] -- Found ament_lint_auto: 0.12.14 (/opt/ros/humble/share/ament_lint_auto/cmake)
[0.950s] -- Added test 'copyright' to check source files copyright and LICENSE
[0.955s] -- Added test 'flake8' to check Python code syntax and style conventions
[0.957s] -- Added test 'lint_cmake' to check CMake code style
[0.957s] -- Added test 'pep257' to check Python code against some of the docstring style conventions in PEP 257
[0.960s] -- Added test 'xmllint' to check XML markup files
[0.961s] -- Configuring done
[0.963s] -- Generating done
[0.964s] -- Build files have been written to: /home/devs/NautilusSW/build/nautilus_bringup
[0.969s] Invoked command in '/home/devs/NautilusSW/build/nautilus_bringup' returned '0': AMENT_PREFIX_PATH=/home/devs/NautilusSW/install/mavlink_bridge:${AMENT_PREFIX_PATH} CMAKE_PREFIX_PATH=${CMAKE_PREFIX_PATH}:/home/devs/ardu_ws/install/ardupilot_dds_tests:/opt/ros/humble PS1=\[\e]0;\u@\h: \w\a\]${debian_chroot:+($debian_chroot)}\[\033[01;32m\]\u@\h\[\033[00m\]:\[\033[01;34m\]\w\[\033[00m\]\$ PYTHONPATH=/home/devs/NautilusSW/install/mavlink_bridge/lib/python3.10/site-packages:${PYTHONPATH} /usr/bin/cmake /home/devs/NautilusSW/nautilus_ws/src/nautilus_bringup -DCMAKE_INSTALL_PREFIX=/home/devs/NautilusSW/install/nautilus_bringup
[0.969s] Invoking command in '/home/devs/NautilusSW/build/nautilus_bringup': AMENT_PREFIX_PATH=/home/devs/NautilusSW/install/mavlink_bridge:${AMENT_PREFIX_PATH} CMAKE_PREFIX_PATH=${CMAKE_PREFIX_PATH}:/home/devs/ardu_ws/install/ardupilot_dds_tests:/opt/ros/humble PS1=\[\e]0;\u@\h: \w\a\]${debian_chroot:+($debian_chroot)}\[\033[01;32m\]\u@\h\[\033[00m\]:\[\033[01;34m\]\w\[\033[00m\]\$ PYTHONPATH=/home/devs/NautilusSW/install/mavlink_bridge/lib/python3.10/site-packages:${PYTHONPATH} /usr/bin/cmake --build /home/devs/NautilusSW/build/nautilus_bringup -- -j4 -l4
[1.004s] Invoked command in '/home/devs/NautilusSW/build/nautilus_bringup' returned '0': AMENT_PREFIX_PATH=/home/devs/NautilusSW/install/mavlink_bridge:${AMENT_PREFIX_PATH} CMAKE_PREFIX_PATH=${CMAKE_PREFIX_PATH}:/home/devs/ardu_ws/install/ardupilot_dds_tests:/opt/ros/humble PS1=\[\e]0;\u@\h: \w\a\]${debian_chroot:+($debian_chroot)}\[\033[01;32m\]\u@\h\[\033[00m\]:\[\033[01;34m\]\w\[\033[00m\]\$ PYTHONPATH=/home/devs/NautilusSW/install/mavlink_bridge/lib/python3.10/site-packages:${PYTHONPATH} /usr/bin/cmake --build /home/devs/NautilusSW/build/nautilus_bringup -- -j4 -l4
[1.015s] Invoking command in '/home/devs/NautilusSW/build/nautilus_bringup': AMENT_PREFIX_PATH=/home/devs/NautilusSW/install/mavlink_bridge:${AMENT_PREFIX_PATH} CMAKE_PREFIX_PATH=${CMAKE_PREFIX_PATH}:/home/devs/ardu_ws/install/ardupilot_dds_tests:/opt/ros/humble PS1=\[\e]0;\u@\h: \w\a\]${debian_chroot:+($debian_chroot)}\[\033[01;32m\]\u@\h\[\033[00m\]:\[\033[01;34m\]\w\[\033[00m\]\$ PYTHONPATH=/home/devs/NautilusSW/install/mavlink_bridge/lib/python3.10/site-packages:${PYTHONPATH} /usr/bin/cmake --install /home/devs/NautilusSW/build/nautilus_bringup
[1.021s] -- Install configuration: ""
[1.022s] -- Installing: /home/devs/NautilusSW/install/nautilus_bringup/share/nautilus_bringup/launch
[1.022s] -- Installing: /home/devs/NautilusSW/install/nautilus_bringup/share/nautilus_bringup/launch/main.py
[1.022s] -- Installing: /home/devs/NautilusSW/install/nautilus_bringup/share/nautilus_bringup/launch/nautilus.launch.py
[1.022s] -- Installing: /home/devs/NautilusSW/install/nautilus_bringup/share/nautilus_bringup/launch/robots
[1.022s] -- Installing: /home/devs/NautilusSW/install/nautilus_bringup/share/nautilus_bringup/launch/robots/nautilus_auv.launch.py
[1.022s] -- Installing: /home/devs/NautilusSW/install/nautilus_bringup/share/nautilus_bringup/config
[1.022s] -- Installing: /home/devs/NautilusSW/install/nautilus_bringup/share/nautilus_bringup/config/nautilus_auv_bridge.yaml
[1.022s] -- Installing: /home/devs/NautilusSW/install/nautilus_bringup/share/nautilus_bringup/nautilus_auv
[1.022s] -- Installing: /home/devs/NautilusSW/install/nautilus_bringup/share/nautilus_bringup/nautilus_auv/BlueRov2.urdf
[1.023s] -- Installing: /home/devs/NautilusSW/install/nautilus_bringup/share/nautilus_bringup/nautilus_auv/Part
[1.023s] -- Installing: /home/devs/NautilusSW/install/nautilus_bringup/share/nautilus_bringup/nautilus_auv/Part/DepthSensor
[1.023s] -- Installing: /home/devs/NautilusSW/install/nautilus_bringup/share/nautilus_bringup/nautilus_auv/Part/DepthSensor/DepthSensor.urdf.xacro
[1.023s] -- Installing: /home/devs/NautilusSW/install/nautilus_bringup/share/nautilus_bringup/nautilus_auv/Part/IMU
[1.023s] -- Installing: /home/devs/NautilusSW/install/nautilus_bringup/share/nautilus_bringup/nautilus_auv/Part/IMU/IMU.urdf.xacro
[1.023s] -- Installing: /home/devs/NautilusSW/install/nautilus_bringup/share/nautilus_bringup/nautilus_auv/Part/Camera
[1.023s] -- Installing: /home/devs/NautilusSW/install/nautilus_bringup/share/nautilus_bringup/nautilus_auv/Part/Camera/CameraMonoDepth.urdf.xacro
[1.023s] -- Installing: /home/devs/NautilusSW/install/nautilus_bringup/share/nautilus_bringup/nautilus_auv/Part/Camera/CameraStereo.urdf.xacro
[1.023s] -- Installing: /home/devs/NautilusSW/install/nautilus_bringup/share/nautilus_bringup/nautilus_auv/Part/Camera/Camera.urdf.xacro
[1.023s] -- Installing: /home/devs/NautilusSW/install/nautilus_bringup/share/nautilus_bringup/nautilus_auv/Part/Camera/CameraDepth.urdf.xacro
[1.023s] -- Installing: /home/devs/NautilusSW/install/nautilus_bringup/share/nautilus_bringup/nautilus_auv/Part/P3D
[1.023s] -- Installing: /home/devs/NautilusSW/install/nautilus_bringup/share/nautilus_bringup/nautilus_auv/Part/P3D/P3D.urdf.xacro
[1.023s] -- Installing: /home/devs/NautilusSW/install/nautilus_bringup/share/nautilus_bringup/nautilus_auv/Part/Thruster
[1.023s] -- Installing: /home/devs/NautilusSW/install/nautilus_bringup/share/nautilus_bringup/nautilus_auv/Part/Thruster/T200.urdf.xacro
[1.023s] -- Installing: /home/devs/NautilusSW/install/nautilus_bringup/share/nautilus_bringup/nautilus_auv/Part/DVL
[1.023s] -- Installing: /home/devs/NautilusSW/install/nautilus_bringup/share/nautilus_bringup/nautilus_auv/Part/DVL/DVL.urdf.xacro
[1.023s] -- Installing: /home/devs/NautilusSW/install/nautilus_bringup/share/nautilus_bringup/nautilus_auv/BlueRov2.sdf
[1.023s] -- Installing: /home/devs/NautilusSW/install/nautilus_bringup/share/nautilus_bringup/nautilus_auv/BlueRov2.urdf.xacro
[1.023s] -- Installing: /home/devs/NautilusSW/install/nautilus_bringup/share/nautilus_bringup/worlds
[1.023s] -- Installing: /home/devs/NautilusSW/install/nautilus_bringup/share/nautilus_bringup/worlds/terrain.sdf
[1.023s] -- Installing: /home/devs/NautilusSW/install/nautilus_bringup/share/nautilus_bringup/worlds/wildthumper_playpen.sdf
[1.023s] -- Installing: /home/devs/NautilusSW/install/nautilus_bringup/share/nautilus_bringup/worlds/artisticHouse.world
[1.024s] -- Installing: /home/devs/NautilusSW/install/nautilus_bringup/share/nautilus_bringup/worlds/underwater.world
[1.024s] -- Installing: /home/devs/NautilusSW/install/nautilus_bringup/share/nautilus_bringup/worlds/iris_maze.sdf
[1.024s] -- Installing: /home/devs/NautilusSW/install/nautilus_bringup/share/nautilus_bringup/worlds/terrain.dae
[1.032s] -- Installing: /home/devs/NautilusSW/install/nautilus_bringup/share/nautilus_bringup/worlds/pool_corner.world
[1.033s] -- Installing: /home/devs/NautilusSW/install/nautilus_bringup/share/nautilus_bringup/worlds/iris_runway.sdf
[1.033s] -- Installing: /home/devs/NautilusSW/install/nautilus_bringup/share/ament_index/resource_index/package_run_dependencies/nautilus_bringup
[1.034s] -- Installing: /home/devs/NautilusSW/install/nautilus_bringup/share/ament_index/resource_index/parent_prefix_path/nautilus_bringup
[1.034s] -- Installing: /home/devs/NautilusSW/install/nautilus_bringup/share/nautilus_bringup/environment/ament_prefix_path.sh
[1.034s] -- Installing: /home/devs/NautilusSW/install/nautilus_bringup/share/nautilus_bringup/environment/ament_prefix_path.dsv
[1.034s] -- Installing: /home/devs/NautilusSW/install/nautilus_bringup/share/nautilus_bringup/environment/path.sh
[1.034s] -- Installing: /home/devs/NautilusSW/install/nautilus_bringup/share/nautilus_bringup/environment/path.dsv
[1.034s] -- Installing: /home/devs/NautilusSW/install/nautilus_bringup/share/nautilus_bringup/local_setup.bash
[1.034s] -- Installing: /home/devs/NautilusSW/install/nautilus_bringup/share/nautilus_bringup/local_setup.sh
[1.034s] -- Installing: /home/devs/NautilusSW/install/nautilus_bringup/share/nautilus_bringup/local_setup.zsh
[1.034s] -- Installing: /home/devs/NautilusSW/install/nautilus_bringup/share/nautilus_bringup/local_setup.dsv
[1.034s] -- Installing: /home/devs/NautilusSW/install/nautilus_bringup/share/nautilus_bringup/package.dsv
[1.034s] -- Installing: /home/devs/NautilusSW/install/nautilus_bringup/share/ament_index/resource_index/packages/nautilus_bringup
[1.034s] -- Installing: /home/devs/NautilusSW/install/nautilus_bringup/share/nautilus_bringup/cmake/nautilus_bringupConfig.cmake
[1.034s] -- Installing: /home/devs/NautilusSW/install/nautilus_bringup/share/nautilus_bringup/cmake/nautilus_bringupConfig-version.cmake
[1.034s] -- Installing: /home/devs/NautilusSW/install/nautilus_bringup/share/nautilus_bringup/package.xml
[1.036s] Invoked command in '/home/devs/NautilusSW/build/nautilus_bringup' returned '0': AMENT_PREFIX_PATH=/home/devs/NautilusSW/install/mavlink_bridge:${AMENT_PREFIX_PATH} CMAKE_PREFIX_PATH=${CMAKE_PREFIX_PATH}:/home/devs/ardu_ws/install/ardupilot_dds_tests:/opt/ros/humble PS1=\[\e]0;\u@\h: \w\a\]${debian_chroot:+($debian_chroot)}\[\033[01;32m\]\u@\h\[\033[00m\]:\[\033[01;34m\]\w\[\033[00m\]\$ PYTHONPATH=/home/devs/NautilusSW/install/mavlink_bridge/lib/python3.10/site-packages:${PYTHONPATH} /usr/bin/cmake --install /home/devs/NautilusSW/build/nautilus_bringup
