Built target ament_cmake_python_copy_nautilus_mission
running egg_info
writing nautilus_mission.egg-info/PKG-INFO
writing dependency_links to nautilus_mission.egg-info/dependency_links.txt
writing top-level names to nautilus_mission.egg-info/top_level.txt
reading manifest file 'nautilus_mission.egg-info/SOURCES.txt'
writing manifest file 'nautilus_mission.egg-info/SOURCES.txt'
Built target ament_cmake_python_build_nautilus_mission_egg
-- Install configuration: ""
-- Up-to-date: /home/devs/NautilusSW/nautilus_ws/install/nautilus_mission/share/nautilus_mission/launch
-- Up-to-date: /home/devs/NautilusSW/nautilus_ws/install/nautilus_mission/share/nautilus_mission/launch/mission.launch.py
-- Up-to-date: /home/devs/NautilusSW/nautilus_ws/install/nautilus_mission/lib/nautilus_mission/test_mission
-- Up-to-date: /home/devs/NautilusSW/nautilus_ws/install/nautilus_mission/share/nautilus_mission/environment/pythonpath.sh
-- Up-to-date: /home/devs/NautilusSW/nautilus_ws/install/nautilus_mission/share/nautilus_mission/environment/pythonpath.dsv
-- Up-to-date: /home/devs/NautilusSW/nautilus_ws/install/nautilus_mission/local/lib/python3.10/dist-packages/nautilus_mission-0.0.0-py3.10.egg-info
-- Installing: /home/devs/NautilusSW/nautilus_ws/install/nautilus_mission/local/lib/python3.10/dist-packages/nautilus_mission-0.0.0-py3.10.egg-info/top_level.txt
-- Installing: /home/devs/NautilusSW/nautilus_ws/install/nautilus_mission/local/lib/python3.10/dist-packages/nautilus_mission-0.0.0-py3.10.egg-info/dependency_links.txt
-- Installing: /home/devs/NautilusSW/nautilus_ws/install/nautilus_mission/local/lib/python3.10/dist-packages/nautilus_mission-0.0.0-py3.10.egg-info/PKG-INFO
-- Installing: /home/devs/NautilusSW/nautilus_ws/install/nautilus_mission/local/lib/python3.10/dist-packages/nautilus_mission-0.0.0-py3.10.egg-info/SOURCES.txt
-- Up-to-date: /home/devs/NautilusSW/nautilus_ws/install/nautilus_mission/local/lib/python3.10/dist-packages/nautilus_mission
-- Up-to-date: /home/devs/NautilusSW/nautilus_ws/install/nautilus_mission/local/lib/python3.10/dist-packages/nautilus_mission/test_mission.py
-- Up-to-date: /home/devs/NautilusSW/nautilus_ws/install/nautilus_mission/local/lib/python3.10/dist-packages/nautilus_mission/auv_pymavlink.py
-- Up-to-date: /home/devs/NautilusSW/nautilus_ws/install/nautilus_mission/local/lib/python3.10/dist-packages/nautilus_mission/__init__.py
Listing '/home/devs/NautilusSW/nautilus_ws/install/nautilus_mission/local/lib/python3.10/dist-packages/nautilus_mission'...
-- Up-to-date: /home/devs/NautilusSW/nautilus_ws/install/nautilus_mission/share/ament_index/resource_index/package_run_dependencies/nautilus_mission
-- Up-to-date: /home/devs/NautilusSW/nautilus_ws/install/nautilus_mission/share/ament_index/resource_index/parent_prefix_path/nautilus_mission
-- Up-to-date: /home/devs/NautilusSW/nautilus_ws/install/nautilus_mission/share/nautilus_mission/environment/ament_prefix_path.sh
-- Up-to-date: /home/devs/NautilusSW/nautilus_ws/install/nautilus_mission/share/nautilus_mission/environment/ament_prefix_path.dsv
-- Up-to-date: /home/devs/NautilusSW/nautilus_ws/install/nautilus_mission/share/nautilus_mission/environment/path.sh
-- Up-to-date: /home/devs/NautilusSW/nautilus_ws/install/nautilus_mission/share/nautilus_mission/environment/path.dsv
-- Up-to-date: /home/devs/NautilusSW/nautilus_ws/install/nautilus_mission/share/nautilus_mission/local_setup.bash
-- Up-to-date: /home/devs/NautilusSW/nautilus_ws/install/nautilus_mission/share/nautilus_mission/local_setup.sh
-- Up-to-date: /home/devs/NautilusSW/nautilus_ws/install/nautilus_mission/share/nautilus_mission/local_setup.zsh
-- Up-to-date: /home/devs/NautilusSW/nautilus_ws/install/nautilus_mission/share/nautilus_mission/local_setup.dsv
-- Up-to-date: /home/devs/NautilusSW/nautilus_ws/install/nautilus_mission/share/nautilus_mission/package.dsv
-- Up-to-date: /home/devs/NautilusSW/nautilus_ws/install/nautilus_mission/share/ament_index/resource_index/packages/nautilus_mission
-- Up-to-date: /home/devs/NautilusSW/nautilus_ws/install/nautilus_mission/share/nautilus_mission/cmake/nautilus_missionConfig.cmake
-- Up-to-date: /home/devs/NautilusSW/nautilus_ws/install/nautilus_mission/share/nautilus_mission/cmake/nautilus_missionConfig-version.cmake
-- Up-to-date: /home/devs/NautilusSW/nautilus_ws/install/nautilus_mission/share/nautilus_mission/package.xml
