[0.357s] Invoking command in '/home/devs/NautilusSW/nautilus_ws/build/nautilus_bringup': CMAKE_PREFIX_PATH=${CMAKE_PREFIX_PATH}:/home/devs/NautilusSW/nautilus_ws/install/mavlink_bridge:/opt/ros/humble /usr/bin/cmake --build /home/devs/NautilusSW/nautilus_ws/build/nautilus_bringup -- -j4 -l4
[0.491s] Invoked command in '/home/devs/NautilusSW/nautilus_ws/build/nautilus_bringup' returned '0': CMAKE_PREFIX_PATH=${CMAKE_PREFIX_PATH}:/home/devs/NautilusSW/nautilus_ws/install/mavlink_bridge:/opt/ros/humble /usr/bin/cmake --build /home/devs/NautilusSW/nautilus_ws/build/nautilus_bringup -- -j4 -l4
[0.504s] Invoking command in '/home/devs/NautilusSW/nautilus_ws/build/nautilus_bringup': CMAKE_PREFIX_PATH=${CMAKE_PREFIX_PATH}:/home/devs/NautilusSW/nautilus_ws/install/mavlink_bridge:/opt/ros/humble /usr/bin/cmake --install /home/devs/NautilusSW/nautilus_ws/build/nautilus_bringup
[0.519s] -- Install configuration: ""
[0.527s] -- Up-to-date: /home/devs/NautilusSW/nautilus_ws/install/nautilus_bringup/share/nautilus_bringup/launch
[0.530s] -- Installing: /home/devs/NautilusSW/nautilus_ws/install/nautilus_bringup/share/nautilus_bringup/launch/main.py
[0.530s] -- Installing: /home/devs/NautilusSW/nautilus_ws/install/nautilus_bringup/share/nautilus_bringup/launch/nautilus.launch.py
[0.531s] -- Up-to-date: /home/devs/NautilusSW/nautilus_ws/install/nautilus_bringup/share/nautilus_bringup/launch/robots
[0.531s] -- Up-to-date: /home/devs/NautilusSW/nautilus_ws/install/nautilus_bringup/share/nautilus_bringup/launch/robots/nautilus_auv.launch.py
[0.531s] -- Up-to-date: /home/devs/NautilusSW/nautilus_ws/install/nautilus_bringup/share/nautilus_bringup/config
[0.531s] -- Up-to-date: /home/devs/NautilusSW/nautilus_ws/install/nautilus_bringup/share/nautilus_bringup/config/nautilus_auv_bridge.yaml
[0.531s] -- Up-to-date: /home/devs/NautilusSW/nautilus_ws/install/nautilus_bringup/share/nautilus_bringup/nautilus_auv
[0.531s] -- Installing: /home/devs/NautilusSW/nautilus_ws/install/nautilus_bringup/share/nautilus_bringup/nautilus_auv/BlueRov2.urdf
[0.531s] -- Up-to-date: /home/devs/NautilusSW/nautilus_ws/install/nautilus_bringup/share/nautilus_bringup/nautilus_auv/Part
[0.531s] -- Up-to-date: /home/devs/NautilusSW/nautilus_ws/install/nautilus_bringup/share/nautilus_bringup/nautilus_auv/Part/DepthSensor
[0.531s] -- Up-to-date: /home/devs/NautilusSW/nautilus_ws/install/nautilus_bringup/share/nautilus_bringup/nautilus_auv/Part/DepthSensor/DepthSensor.urdf.xacro
[0.531s] -- Up-to-date: /home/devs/NautilusSW/nautilus_ws/install/nautilus_bringup/share/nautilus_bringup/nautilus_auv/Part/IMU
[0.531s] -- Up-to-date: /home/devs/NautilusSW/nautilus_ws/install/nautilus_bringup/share/nautilus_bringup/nautilus_auv/Part/IMU/IMU.urdf.xacro
[0.531s] -- Up-to-date: /home/devs/NautilusSW/nautilus_ws/install/nautilus_bringup/share/nautilus_bringup/nautilus_auv/Part/Camera
[0.531s] -- Up-to-date: /home/devs/NautilusSW/nautilus_ws/install/nautilus_bringup/share/nautilus_bringup/nautilus_auv/Part/Camera/CameraMonoDepth.urdf.xacro
[0.531s] -- Up-to-date: /home/devs/NautilusSW/nautilus_ws/install/nautilus_bringup/share/nautilus_bringup/nautilus_auv/Part/Camera/CameraStereo.urdf.xacro
[0.532s] -- Up-to-date: /home/devs/NautilusSW/nautilus_ws/install/nautilus_bringup/share/nautilus_bringup/nautilus_auv/Part/Camera/Camera.urdf.xacro
[0.532s] -- Up-to-date: /home/devs/NautilusSW/nautilus_ws/install/nautilus_bringup/share/nautilus_bringup/nautilus_auv/Part/Camera/CameraDepth.urdf.xacro
[0.532s] -- Up-to-date: /home/devs/NautilusSW/nautilus_ws/install/nautilus_bringup/share/nautilus_bringup/nautilus_auv/Part/P3D
[0.532s] -- Up-to-date: /home/devs/NautilusSW/nautilus_ws/install/nautilus_bringup/share/nautilus_bringup/nautilus_auv/Part/P3D/P3D.urdf.xacro
[0.532s] -- Up-to-date: /home/devs/NautilusSW/nautilus_ws/install/nautilus_bringup/share/nautilus_bringup/nautilus_auv/Part/Thruster
[0.532s] -- Up-to-date: /home/devs/NautilusSW/nautilus_ws/install/nautilus_bringup/share/nautilus_bringup/nautilus_auv/Part/Thruster/T200.urdf.xacro
[0.532s] -- Up-to-date: /home/devs/NautilusSW/nautilus_ws/install/nautilus_bringup/share/nautilus_bringup/nautilus_auv/Part/DVL
[0.532s] -- Up-to-date: /home/devs/NautilusSW/nautilus_ws/install/nautilus_bringup/share/nautilus_bringup/nautilus_auv/Part/DVL/DVL.urdf.xacro
[0.532s] -- Installing: /home/devs/NautilusSW/nautilus_ws/install/nautilus_bringup/share/nautilus_bringup/nautilus_auv/BlueRov2.sdf
[0.532s] -- Up-to-date: /home/devs/NautilusSW/nautilus_ws/install/nautilus_bringup/share/nautilus_bringup/nautilus_auv/BlueRov2.urdf.xacro
[0.532s] -- Up-to-date: /home/devs/NautilusSW/nautilus_ws/install/nautilus_bringup/share/nautilus_bringup/worlds
[0.532s] -- Up-to-date: /home/devs/NautilusSW/nautilus_ws/install/nautilus_bringup/share/nautilus_bringup/worlds/terrain.sdf
[0.533s] -- Up-to-date: /home/devs/NautilusSW/nautilus_ws/install/nautilus_bringup/share/nautilus_bringup/worlds/wildthumper_playpen.sdf
[0.533s] -- Up-to-date: /home/devs/NautilusSW/nautilus_ws/install/nautilus_bringup/share/nautilus_bringup/worlds/artisticHouse.world
[0.533s] -- Up-to-date: /home/devs/NautilusSW/nautilus_ws/install/nautilus_bringup/share/nautilus_bringup/worlds/underwater.world
[0.533s] -- Up-to-date: /home/devs/NautilusSW/nautilus_ws/install/nautilus_bringup/share/nautilus_bringup/worlds/iris_maze.sdf
[0.533s] -- Up-to-date: /home/devs/NautilusSW/nautilus_ws/install/nautilus_bringup/share/nautilus_bringup/worlds/terrain.dae
[0.533s] -- Up-to-date: /home/devs/NautilusSW/nautilus_ws/install/nautilus_bringup/share/nautilus_bringup/worlds/pool_corner.world
[0.533s] -- Up-to-date: /home/devs/NautilusSW/nautilus_ws/install/nautilus_bringup/share/nautilus_bringup/worlds/iris_runway.sdf
[0.533s] -- Up-to-date: /home/devs/NautilusSW/nautilus_ws/install/nautilus_bringup/share/ament_index/resource_index/package_run_dependencies/nautilus_bringup
[0.533s] -- Up-to-date: /home/devs/NautilusSW/nautilus_ws/install/nautilus_bringup/share/ament_index/resource_index/parent_prefix_path/nautilus_bringup
[0.533s] -- Up-to-date: /home/devs/NautilusSW/nautilus_ws/install/nautilus_bringup/share/nautilus_bringup/environment/ament_prefix_path.sh
[0.533s] -- Up-to-date: /home/devs/NautilusSW/nautilus_ws/install/nautilus_bringup/share/nautilus_bringup/environment/ament_prefix_path.dsv
[0.533s] -- Up-to-date: /home/devs/NautilusSW/nautilus_ws/install/nautilus_bringup/share/nautilus_bringup/environment/path.sh
[0.534s] -- Up-to-date: /home/devs/NautilusSW/nautilus_ws/install/nautilus_bringup/share/nautilus_bringup/environment/path.dsv
[0.534s] -- Up-to-date: /home/devs/NautilusSW/nautilus_ws/install/nautilus_bringup/share/nautilus_bringup/local_setup.bash
[0.534s] -- Up-to-date: /home/devs/NautilusSW/nautilus_ws/install/nautilus_bringup/share/nautilus_bringup/local_setup.sh
[0.534s] -- Up-to-date: /home/devs/NautilusSW/nautilus_ws/install/nautilus_bringup/share/nautilus_bringup/local_setup.zsh
[0.534s] -- Up-to-date: /home/devs/NautilusSW/nautilus_ws/install/nautilus_bringup/share/nautilus_bringup/local_setup.dsv
[0.534s] -- Up-to-date: /home/devs/NautilusSW/nautilus_ws/install/nautilus_bringup/share/nautilus_bringup/package.dsv
[0.534s] -- Up-to-date: /home/devs/NautilusSW/nautilus_ws/install/nautilus_bringup/share/ament_index/resource_index/packages/nautilus_bringup
[0.534s] -- Up-to-date: /home/devs/NautilusSW/nautilus_ws/install/nautilus_bringup/share/nautilus_bringup/cmake/nautilus_bringupConfig.cmake
[0.534s] -- Up-to-date: /home/devs/NautilusSW/nautilus_ws/install/nautilus_bringup/share/nautilus_bringup/cmake/nautilus_bringupConfig-version.cmake
[0.536s] -- Up-to-date: /home/devs/NautilusSW/nautilus_ws/install/nautilus_bringup/share/nautilus_bringup/package.xml
[0.541s] Invoked command in '/home/devs/NautilusSW/nautilus_ws/build/nautilus_bringup' returned '0': CMAKE_PREFIX_PATH=${CMAKE_PREFIX_PATH}:/home/devs/NautilusSW/nautilus_ws/install/mavlink_bridge:/opt/ros/humble /usr/bin/cmake --install /home/devs/NautilusSW/nautilus_ws/build/nautilus_bringup
