[0.072s] DEBUG:colcon:Command line arguments: ['/usr/bin/colcon', 'build']
[0.072s] DEBUG:colcon:Parsed command line arguments: Namespace(log_base=None, log_level=None, verb_name='build', build_base='build', install_base='install', merge_install=False, symlink_install=False, test_result_base=None, continue_on_error=False, executor='parallel', parallel_workers=4, event_handlers=None, ignore_user_meta=False, metas=['./colcon.meta'], base_paths=['.'], packages_ignore=None, packages_ignore_regex=None, paths=None, packages_up_to=None, packages_up_to_regex=None, packages_above=None, packages_above_and_dependencies=None, packages_above_depth=None, packages_select_by_dep=None, packages_skip_by_dep=None, packages_skip_up_to=None, packages_select_build_failed=False, packages_skip_build_finished=False, packages_select_test_failures=False, packages_skip_test_passed=False, packages_select=None, packages_skip=None, packages_select_regex=None, packages_skip_regex=None, packages_start=None, packages_end=None, allow_overriding=[], cmake_args=None, cmake_target=None, cmake_target_skip_unavailable=False, cmake_clean_cache=False, cmake_clean_first=False, cmake_force_configure=False, ament_cmake_args=None, catkin_cmake_args=None, catkin_skip_building_tests=False, mixin_files=None, mixin=None, verb_parser=<colcon_mixin.mixin.mixin_argument.MixinArgumentDecorator object at 0x7fef9b253d90>, verb_extension=<colcon_core.verb.build.BuildVerb object at 0x7fef9b253460>, main=<bound method BuildVerb.main of <colcon_core.verb.build.BuildVerb object at 0x7fef9b253460>>, mixin_verb=('build',))
[0.098s] Level 1:colcon.colcon_core.package_discovery:discover_packages(colcon_meta) check parameters
[0.098s] Level 1:colcon.colcon_core.package_discovery:discover_packages(recursive) check parameters
[0.098s] Level 1:colcon.colcon_core.package_discovery:discover_packages(ignore) check parameters
[0.098s] Level 1:colcon.colcon_core.package_discovery:discover_packages(path) check parameters
[0.098s] Level 1:colcon.colcon_core.package_discovery:discover_packages(colcon_meta) discover
[0.098s] Level 1:colcon.colcon_core.package_discovery:discover_packages(recursive) discover
[0.098s] INFO:colcon.colcon_core.package_discovery:Crawling recursively for packages in '/home/devs/NautilusSW'
[0.098s] Level 1:colcon.colcon_core.package_identification:_identify(.) by extensions ['ignore', 'ignore_ament_install']
[0.098s] Level 1:colcon.colcon_core.package_identification:_identify(.) by extension 'ignore'
[0.098s] Level 1:colcon.colcon_core.package_identification:_identify(.) by extension 'ignore_ament_install'
[0.098s] Level 1:colcon.colcon_core.package_identification:_identify(.) by extensions ['colcon_pkg']
[0.098s] Level 1:colcon.colcon_core.package_identification:_identify(.) by extension 'colcon_pkg'
[0.098s] Level 1:colcon.colcon_core.package_identification:_identify(.) by extensions ['colcon_meta']
[0.098s] Level 1:colcon.colcon_core.package_identification:_identify(.) by extension 'colcon_meta'
[0.098s] Level 1:colcon.colcon_core.package_identification:_identify(.) by extensions ['ros']
[0.098s] Level 1:colcon.colcon_core.package_identification:_identify(.) by extension 'ros'
[0.109s] Level 1:colcon.colcon_core.package_identification:_identify(.) by extensions ['cmake', 'python']
[0.109s] Level 1:colcon.colcon_core.package_identification:_identify(.) by extension 'cmake'
[0.109s] Level 1:colcon.colcon_core.package_identification:_identify(.) by extension 'python'
[0.109s] Level 1:colcon.colcon_core.package_identification:_identify(.) by extensions ['python_setup_py']
[0.109s] Level 1:colcon.colcon_core.package_identification:_identify(.) by extension 'python_setup_py'
[0.109s] Level 1:colcon.colcon_core.package_identification:_identify(UTILES) by extensions ['ignore', 'ignore_ament_install']
[0.109s] Level 1:colcon.colcon_core.package_identification:_identify(UTILES) by extension 'ignore'
[0.110s] Level 1:colcon.colcon_core.package_identification:_identify(UTILES) by extension 'ignore_ament_install'
[0.110s] Level 1:colcon.colcon_core.package_identification:_identify(UTILES) by extensions ['colcon_pkg']
[0.110s] Level 1:colcon.colcon_core.package_identification:_identify(UTILES) by extension 'colcon_pkg'
[0.110s] Level 1:colcon.colcon_core.package_identification:_identify(UTILES) by extensions ['colcon_meta']
[0.110s] Level 1:colcon.colcon_core.package_identification:_identify(UTILES) by extension 'colcon_meta'
[0.110s] Level 1:colcon.colcon_core.package_identification:_identify(UTILES) by extensions ['ros']
[0.110s] Level 1:colcon.colcon_core.package_identification:_identify(UTILES) by extension 'ros'
[0.110s] Level 1:colcon.colcon_core.package_identification:_identify(UTILES) by extensions ['cmake', 'python']
[0.110s] Level 1:colcon.colcon_core.package_identification:_identify(UTILES) by extension 'cmake'
[0.110s] Level 1:colcon.colcon_core.package_identification:_identify(UTILES) by extension 'python'
[0.110s] Level 1:colcon.colcon_core.package_identification:_identify(UTILES) by extensions ['python_setup_py']
[0.110s] Level 1:colcon.colcon_core.package_identification:_identify(UTILES) by extension 'python_setup_py'
[0.110s] Level 1:colcon.colcon_core.package_identification:_identify(UTILES/ros2_ws) by extensions ['ignore', 'ignore_ament_install']
[0.110s] Level 1:colcon.colcon_core.package_identification:_identify(UTILES/ros2_ws) by extension 'ignore'
[0.110s] Level 1:colcon.colcon_core.package_identification:_identify(UTILES/ros2_ws) by extension 'ignore_ament_install'
[0.110s] Level 1:colcon.colcon_core.package_identification:_identify(UTILES/ros2_ws) by extensions ['colcon_pkg']
[0.110s] Level 1:colcon.colcon_core.package_identification:_identify(UTILES/ros2_ws) by extension 'colcon_pkg'
[0.110s] Level 1:colcon.colcon_core.package_identification:_identify(UTILES/ros2_ws) by extensions ['colcon_meta']
[0.110s] Level 1:colcon.colcon_core.package_identification:_identify(UTILES/ros2_ws) by extension 'colcon_meta'
[0.110s] Level 1:colcon.colcon_core.package_identification:_identify(UTILES/ros2_ws) by extensions ['ros']
[0.110s] Level 1:colcon.colcon_core.package_identification:_identify(UTILES/ros2_ws) by extension 'ros'
[0.110s] Level 1:colcon.colcon_core.package_identification:_identify(UTILES/ros2_ws) by extensions ['cmake', 'python']
[0.110s] Level 1:colcon.colcon_core.package_identification:_identify(UTILES/ros2_ws) by extension 'cmake'
[0.110s] Level 1:colcon.colcon_core.package_identification:_identify(UTILES/ros2_ws) by extension 'python'
[0.110s] Level 1:colcon.colcon_core.package_identification:_identify(UTILES/ros2_ws) by extensions ['python_setup_py']
[0.110s] Level 1:colcon.colcon_core.package_identification:_identify(UTILES/ros2_ws) by extension 'python_setup_py'
[0.110s] Level 1:colcon.colcon_core.package_identification:_identify(UTILES/ros2_ws/build) by extensions ['ignore', 'ignore_ament_install']
[0.110s] Level 1:colcon.colcon_core.package_identification:_identify(UTILES/ros2_ws/build) by extension 'ignore'
[0.110s] Level 1:colcon.colcon_core.package_identification:_identify(UTILES/ros2_ws/build) ignored
[0.110s] Level 1:colcon.colcon_core.package_identification:_identify(UTILES/ros2_ws/install) by extensions ['ignore', 'ignore_ament_install']
[0.110s] Level 1:colcon.colcon_core.package_identification:_identify(UTILES/ros2_ws/install) by extension 'ignore'
[0.110s] Level 1:colcon.colcon_core.package_identification:_identify(UTILES/ros2_ws/install) ignored
[0.110s] Level 1:colcon.colcon_core.package_identification:_identify(UTILES/ros2_ws/log) by extensions ['ignore', 'ignore_ament_install']
[0.110s] Level 1:colcon.colcon_core.package_identification:_identify(UTILES/ros2_ws/log) by extension 'ignore'
[0.111s] Level 1:colcon.colcon_core.package_identification:_identify(UTILES/ros2_ws/log) ignored
[0.111s] Level 1:colcon.colcon_core.package_identification:_identify(UTILES/ros2_ws/src) by extensions ['ignore', 'ignore_ament_install']
[0.111s] Level 1:colcon.colcon_core.package_identification:_identify(UTILES/ros2_ws/src) by extension 'ignore'
[0.111s] Level 1:colcon.colcon_core.package_identification:_identify(UTILES/ros2_ws/src) by extension 'ignore_ament_install'
[0.111s] Level 1:colcon.colcon_core.package_identification:_identify(UTILES/ros2_ws/src) by extensions ['colcon_pkg']
[0.111s] Level 1:colcon.colcon_core.package_identification:_identify(UTILES/ros2_ws/src) by extension 'colcon_pkg'
[0.111s] Level 1:colcon.colcon_core.package_identification:_identify(UTILES/ros2_ws/src) by extensions ['colcon_meta']
[0.111s] Level 1:colcon.colcon_core.package_identification:_identify(UTILES/ros2_ws/src) by extension 'colcon_meta'
[0.111s] Level 1:colcon.colcon_core.package_identification:_identify(UTILES/ros2_ws/src) by extensions ['ros']
[0.111s] Level 1:colcon.colcon_core.package_identification:_identify(UTILES/ros2_ws/src) by extension 'ros'
[0.111s] Level 1:colcon.colcon_core.package_identification:_identify(UTILES/ros2_ws/src) by extensions ['cmake', 'python']
[0.111s] Level 1:colcon.colcon_core.package_identification:_identify(UTILES/ros2_ws/src) by extension 'cmake'
[0.111s] Level 1:colcon.colcon_core.package_identification:_identify(UTILES/ros2_ws/src) by extension 'python'
[0.111s] Level 1:colcon.colcon_core.package_identification:_identify(UTILES/ros2_ws/src) by extensions ['python_setup_py']
[0.111s] Level 1:colcon.colcon_core.package_identification:_identify(UTILES/ros2_ws/src) by extension 'python_setup_py'
[0.111s] Level 1:colcon.colcon_core.package_identification:_identify(UTILES/ros2_ws/src/submarine_sim) by extensions ['ignore', 'ignore_ament_install']
[0.111s] Level 1:colcon.colcon_core.package_identification:_identify(UTILES/ros2_ws/src/submarine_sim) by extension 'ignore'
[0.111s] Level 1:colcon.colcon_core.package_identification:_identify(UTILES/ros2_ws/src/submarine_sim) by extension 'ignore_ament_install'
[0.111s] Level 1:colcon.colcon_core.package_identification:_identify(UTILES/ros2_ws/src/submarine_sim) by extensions ['colcon_pkg']
[0.111s] Level 1:colcon.colcon_core.package_identification:_identify(UTILES/ros2_ws/src/submarine_sim) by extension 'colcon_pkg'
[0.111s] Level 1:colcon.colcon_core.package_identification:_identify(UTILES/ros2_ws/src/submarine_sim) by extensions ['colcon_meta']
[0.111s] Level 1:colcon.colcon_core.package_identification:_identify(UTILES/ros2_ws/src/submarine_sim) by extension 'colcon_meta'
[0.111s] Level 1:colcon.colcon_core.package_identification:_identify(UTILES/ros2_ws/src/submarine_sim) by extensions ['ros']
[0.111s] Level 1:colcon.colcon_core.package_identification:_identify(UTILES/ros2_ws/src/submarine_sim) by extension 'ros'
[0.113s] DEBUG:colcon.colcon_core.package_identification:Package 'UTILES/ros2_ws/src/submarine_sim' with type 'ros.ament_python' and name 'submarine_sim'
[0.113s] Level 1:colcon.colcon_core.package_identification:_identify(build) by extensions ['ignore', 'ignore_ament_install']
[0.113s] Level 1:colcon.colcon_core.package_identification:_identify(build) by extension 'ignore'
[0.113s] Level 1:colcon.colcon_core.package_identification:_identify(build) ignored
[0.113s] Level 1:colcon.colcon_core.package_identification:_identify(install) by extensions ['ignore', 'ignore_ament_install']
[0.113s] Level 1:colcon.colcon_core.package_identification:_identify(install) by extension 'ignore'
[0.113s] Level 1:colcon.colcon_core.package_identification:_identify(install) ignored
[0.113s] Level 1:colcon.colcon_core.package_identification:_identify(log) by extensions ['ignore', 'ignore_ament_install']
[0.113s] Level 1:colcon.colcon_core.package_identification:_identify(log) by extension 'ignore'
[0.113s] Level 1:colcon.colcon_core.package_identification:_identify(log) ignored
[0.113s] Level 1:colcon.colcon_core.package_identification:_identify(nautilus_ws) by extensions ['ignore', 'ignore_ament_install']
[0.113s] Level 1:colcon.colcon_core.package_identification:_identify(nautilus_ws) by extension 'ignore'
[0.113s] Level 1:colcon.colcon_core.package_identification:_identify(nautilus_ws) by extension 'ignore_ament_install'
[0.113s] Level 1:colcon.colcon_core.package_identification:_identify(nautilus_ws) by extensions ['colcon_pkg']
[0.113s] Level 1:colcon.colcon_core.package_identification:_identify(nautilus_ws) by extension 'colcon_pkg'
[0.113s] Level 1:colcon.colcon_core.package_identification:_identify(nautilus_ws) by extensions ['colcon_meta']
[0.113s] Level 1:colcon.colcon_core.package_identification:_identify(nautilus_ws) by extension 'colcon_meta'
[0.113s] Level 1:colcon.colcon_core.package_identification:_identify(nautilus_ws) by extensions ['ros']
[0.113s] Level 1:colcon.colcon_core.package_identification:_identify(nautilus_ws) by extension 'ros'
[0.113s] Level 1:colcon.colcon_core.package_identification:_identify(nautilus_ws) by extensions ['cmake', 'python']
[0.113s] Level 1:colcon.colcon_core.package_identification:_identify(nautilus_ws) by extension 'cmake'
[0.113s] Level 1:colcon.colcon_core.package_identification:_identify(nautilus_ws) by extension 'python'
[0.113s] Level 1:colcon.colcon_core.package_identification:_identify(nautilus_ws) by extensions ['python_setup_py']
[0.114s] Level 1:colcon.colcon_core.package_identification:_identify(nautilus_ws) by extension 'python_setup_py'
[0.114s] Level 1:colcon.colcon_core.package_identification:_identify(nautilus_ws/src) by extensions ['ignore', 'ignore_ament_install']
[0.114s] Level 1:colcon.colcon_core.package_identification:_identify(nautilus_ws/src) by extension 'ignore'
[0.114s] Level 1:colcon.colcon_core.package_identification:_identify(nautilus_ws/src) by extension 'ignore_ament_install'
[0.114s] Level 1:colcon.colcon_core.package_identification:_identify(nautilus_ws/src) by extensions ['colcon_pkg']
[0.114s] Level 1:colcon.colcon_core.package_identification:_identify(nautilus_ws/src) by extension 'colcon_pkg'
[0.114s] Level 1:colcon.colcon_core.package_identification:_identify(nautilus_ws/src) by extensions ['colcon_meta']
[0.114s] Level 1:colcon.colcon_core.package_identification:_identify(nautilus_ws/src) by extension 'colcon_meta'
[0.114s] Level 1:colcon.colcon_core.package_identification:_identify(nautilus_ws/src) by extensions ['ros']
[0.114s] Level 1:colcon.colcon_core.package_identification:_identify(nautilus_ws/src) by extension 'ros'
[0.114s] Level 1:colcon.colcon_core.package_identification:_identify(nautilus_ws/src) by extensions ['cmake', 'python']
[0.114s] Level 1:colcon.colcon_core.package_identification:_identify(nautilus_ws/src) by extension 'cmake'
[0.114s] Level 1:colcon.colcon_core.package_identification:_identify(nautilus_ws/src) by extension 'python'
[0.114s] Level 1:colcon.colcon_core.package_identification:_identify(nautilus_ws/src) by extensions ['python_setup_py']
[0.114s] Level 1:colcon.colcon_core.package_identification:_identify(nautilus_ws/src) by extension 'python_setup_py'
[0.114s] Level 1:colcon.colcon_core.package_identification:_identify(nautilus_ws/src/mavlink_bridge) by extensions ['ignore', 'ignore_ament_install']
[0.114s] Level 1:colcon.colcon_core.package_identification:_identify(nautilus_ws/src/mavlink_bridge) by extension 'ignore'
[0.114s] Level 1:colcon.colcon_core.package_identification:_identify(nautilus_ws/src/mavlink_bridge) by extension 'ignore_ament_install'
[0.114s] Level 1:colcon.colcon_core.package_identification:_identify(nautilus_ws/src/mavlink_bridge) by extensions ['colcon_pkg']
[0.114s] Level 1:colcon.colcon_core.package_identification:_identify(nautilus_ws/src/mavlink_bridge) by extension 'colcon_pkg'
[0.114s] Level 1:colcon.colcon_core.package_identification:_identify(nautilus_ws/src/mavlink_bridge) by extensions ['colcon_meta']
[0.114s] Level 1:colcon.colcon_core.package_identification:_identify(nautilus_ws/src/mavlink_bridge) by extension 'colcon_meta'
[0.114s] Level 1:colcon.colcon_core.package_identification:_identify(nautilus_ws/src/mavlink_bridge) by extensions ['ros']
[0.114s] Level 1:colcon.colcon_core.package_identification:_identify(nautilus_ws/src/mavlink_bridge) by extension 'ros'
[0.114s] DEBUG:colcon.colcon_core.package_identification:Package 'nautilus_ws/src/mavlink_bridge' with type 'ros.ament_python' and name 'mavlink_bridge'
[0.115s] Level 1:colcon.colcon_core.package_identification:_identify(nautilus_ws/src/nautilus_bringup) by extensions ['ignore', 'ignore_ament_install']
[0.115s] Level 1:colcon.colcon_core.package_identification:_identify(nautilus_ws/src/nautilus_bringup) by extension 'ignore'
[0.115s] Level 1:colcon.colcon_core.package_identification:_identify(nautilus_ws/src/nautilus_bringup) by extension 'ignore_ament_install'
[0.115s] Level 1:colcon.colcon_core.package_identification:_identify(nautilus_ws/src/nautilus_bringup) by extensions ['colcon_pkg']
[0.115s] Level 1:colcon.colcon_core.package_identification:_identify(nautilus_ws/src/nautilus_bringup) by extension 'colcon_pkg'
[0.115s] Level 1:colcon.colcon_core.package_identification:_identify(nautilus_ws/src/nautilus_bringup) by extensions ['colcon_meta']
[0.115s] Level 1:colcon.colcon_core.package_identification:_identify(nautilus_ws/src/nautilus_bringup) by extension 'colcon_meta'
[0.115s] Level 1:colcon.colcon_core.package_identification:_identify(nautilus_ws/src/nautilus_bringup) by extensions ['ros']
[0.115s] Level 1:colcon.colcon_core.package_identification:_identify(nautilus_ws/src/nautilus_bringup) by extension 'ros'
[0.115s] DEBUG:colcon.colcon_core.package_identification:Package 'nautilus_ws/src/nautilus_bringup' with type 'ros.ament_cmake' and name 'nautilus_bringup'
[0.115s] Level 1:colcon.colcon_core.package_discovery:discover_packages(recursive) using defaults
[0.115s] Level 1:colcon.colcon_core.package_discovery:discover_packages(ignore) discover
[0.115s] Level 1:colcon.colcon_core.package_discovery:discover_packages(ignore) using defaults
[0.115s] Level 1:colcon.colcon_core.package_discovery:discover_packages(path) discover
[0.115s] Level 1:colcon.colcon_core.package_discovery:discover_packages(path) using defaults
[0.130s] Level 1:colcon.colcon_core.package_discovery:discover_packages(prefix_path) check parameters
[0.130s] Level 1:colcon.colcon_core.package_discovery:discover_packages(prefix_path) discover
[0.132s] DEBUG:colcon.colcon_installed_package_information.package_discovery:Found 3 installed packages in /home/devs/NautilusSW/install
[0.134s] DEBUG:colcon.colcon_installed_package_information.package_discovery:Found 25 installed packages in /home/devs/ardu_ws/install
[0.134s] DEBUG:colcon.colcon_installed_package_information.package_discovery:Found 292 installed packages in /opt/ros/humble
[0.135s] Level 1:colcon.colcon_core.package_discovery:discover_packages(prefix_path) using defaults
[0.160s] Level 5:colcon.colcon_core.verb:set package 'mavlink_bridge' build argument 'cmake_args' from command line to 'None'
[0.160s] Level 5:colcon.colcon_core.verb:set package 'mavlink_bridge' build argument 'cmake_target' from command line to 'None'
[0.160s] Level 5:colcon.colcon_core.verb:set package 'mavlink_bridge' build argument 'cmake_target_skip_unavailable' from command line to 'False'
[0.160s] Level 5:colcon.colcon_core.verb:set package 'mavlink_bridge' build argument 'cmake_clean_cache' from command line to 'False'
[0.160s] Level 5:colcon.colcon_core.verb:set package 'mavlink_bridge' build argument 'cmake_clean_first' from command line to 'False'
[0.160s] Level 5:colcon.colcon_core.verb:set package 'mavlink_bridge' build argument 'cmake_force_configure' from command line to 'False'
[0.160s] Level 5:colcon.colcon_core.verb:set package 'mavlink_bridge' build argument 'ament_cmake_args' from command line to 'None'
[0.160s] Level 5:colcon.colcon_core.verb:set package 'mavlink_bridge' build argument 'catkin_cmake_args' from command line to 'None'
[0.160s] Level 5:colcon.colcon_core.verb:set package 'mavlink_bridge' build argument 'catkin_skip_building_tests' from command line to 'False'
[0.160s] DEBUG:colcon.colcon_core.verb:Building package 'mavlink_bridge' with the following arguments: {'ament_cmake_args': None, 'build_base': '/home/devs/NautilusSW/build/mavlink_bridge', 'catkin_cmake_args': None, 'catkin_skip_building_tests': False, 'cmake_args': None, 'cmake_clean_cache': False, 'cmake_clean_first': False, 'cmake_force_configure': False, 'cmake_target': None, 'cmake_target_skip_unavailable': False, 'install_base': '/home/devs/NautilusSW/install/mavlink_bridge', 'merge_install': False, 'path': '/home/devs/NautilusSW/nautilus_ws/src/mavlink_bridge', 'symlink_install': False, 'test_result_base': None}
[0.160s] Level 5:colcon.colcon_core.verb:set package 'submarine_sim' build argument 'cmake_args' from command line to 'None'
[0.160s] Level 5:colcon.colcon_core.verb:set package 'submarine_sim' build argument 'cmake_target' from command line to 'None'
[0.160s] Level 5:colcon.colcon_core.verb:set package 'submarine_sim' build argument 'cmake_target_skip_unavailable' from command line to 'False'
[0.160s] Level 5:colcon.colcon_core.verb:set package 'submarine_sim' build argument 'cmake_clean_cache' from command line to 'False'
[0.160s] Level 5:colcon.colcon_core.verb:set package 'submarine_sim' build argument 'cmake_clean_first' from command line to 'False'
[0.160s] Level 5:colcon.colcon_core.verb:set package 'submarine_sim' build argument 'cmake_force_configure' from command line to 'False'
[0.160s] Level 5:colcon.colcon_core.verb:set package 'submarine_sim' build argument 'ament_cmake_args' from command line to 'None'
[0.160s] Level 5:colcon.colcon_core.verb:set package 'submarine_sim' build argument 'catkin_cmake_args' from command line to 'None'
[0.160s] Level 5:colcon.colcon_core.verb:set package 'submarine_sim' build argument 'catkin_skip_building_tests' from command line to 'False'
[0.160s] DEBUG:colcon.colcon_core.verb:Building package 'submarine_sim' with the following arguments: {'ament_cmake_args': None, 'build_base': '/home/devs/NautilusSW/build/submarine_sim', 'catkin_cmake_args': None, 'catkin_skip_building_tests': False, 'cmake_args': None, 'cmake_clean_cache': False, 'cmake_clean_first': False, 'cmake_force_configure': False, 'cmake_target': None, 'cmake_target_skip_unavailable': False, 'install_base': '/home/devs/NautilusSW/install/submarine_sim', 'merge_install': False, 'path': '/home/devs/NautilusSW/UTILES/ros2_ws/src/submarine_sim', 'symlink_install': False, 'test_result_base': None}
[0.160s] Level 5:colcon.colcon_core.verb:set package 'nautilus_bringup' build argument 'cmake_args' from command line to 'None'
[0.160s] Level 5:colcon.colcon_core.verb:set package 'nautilus_bringup' build argument 'cmake_target' from command line to 'None'
[0.160s] Level 5:colcon.colcon_core.verb:set package 'nautilus_bringup' build argument 'cmake_target_skip_unavailable' from command line to 'False'
[0.160s] Level 5:colcon.colcon_core.verb:set package 'nautilus_bringup' build argument 'cmake_clean_cache' from command line to 'False'
[0.160s] Level 5:colcon.colcon_core.verb:set package 'nautilus_bringup' build argument 'cmake_clean_first' from command line to 'False'
[0.160s] Level 5:colcon.colcon_core.verb:set package 'nautilus_bringup' build argument 'cmake_force_configure' from command line to 'False'
[0.161s] Level 5:colcon.colcon_core.verb:set package 'nautilus_bringup' build argument 'ament_cmake_args' from command line to 'None'
[0.161s] Level 5:colcon.colcon_core.verb:set package 'nautilus_bringup' build argument 'catkin_cmake_args' from command line to 'None'
[0.161s] Level 5:colcon.colcon_core.verb:set package 'nautilus_bringup' build argument 'catkin_skip_building_tests' from command line to 'False'
[0.161s] DEBUG:colcon.colcon_core.verb:Building package 'nautilus_bringup' with the following arguments: {'ament_cmake_args': None, 'build_base': '/home/devs/NautilusSW/build/nautilus_bringup', 'catkin_cmake_args': None, 'catkin_skip_building_tests': False, 'cmake_args': None, 'cmake_clean_cache': False, 'cmake_clean_first': False, 'cmake_force_configure': False, 'cmake_target': None, 'cmake_target_skip_unavailable': False, 'install_base': '/home/devs/NautilusSW/install/nautilus_bringup', 'merge_install': False, 'path': '/home/devs/NautilusSW/nautilus_ws/src/nautilus_bringup', 'symlink_install': False, 'test_result_base': None}
[0.161s] INFO:colcon.colcon_core.executor:Executing jobs using 'parallel' executor
[0.162s] DEBUG:colcon.colcon_parallel_executor.executor.parallel:run_until_complete
[0.162s] INFO:colcon.colcon_ros.task.ament_python.build:Building ROS package in '/home/devs/NautilusSW/nautilus_ws/src/mavlink_bridge' with build type 'ament_python'
[0.163s] Level 1:colcon.colcon_core.shell:create_environment_hook('mavlink_bridge', 'ament_prefix_path')
[0.164s] INFO:colcon.colcon_core.plugin_system:Skipping extension 'colcon_core.shell.bat': Not used on non-Windows systems
[0.164s] INFO:colcon.colcon_core.shell:Creating environment hook '/home/devs/NautilusSW/install/mavlink_bridge/share/mavlink_bridge/hook/ament_prefix_path.ps1'
[0.165s] INFO:colcon.colcon_core.shell:Creating environment descriptor '/home/devs/NautilusSW/install/mavlink_bridge/share/mavlink_bridge/hook/ament_prefix_path.dsv'
[0.165s] INFO:colcon.colcon_core.shell:Creating environment hook '/home/devs/NautilusSW/install/mavlink_bridge/share/mavlink_bridge/hook/ament_prefix_path.sh'
[0.166s] INFO:colcon.colcon_core.shell:Skip shell extension 'powershell' for command environment: Not usable outside of PowerShell
[0.166s] DEBUG:colcon.colcon_core.shell:Skip shell extension 'dsv' for command environment
[0.170s] INFO:colcon.colcon_ros.task.ament_python.build:Building ROS package in '/home/devs/NautilusSW/UTILES/ros2_ws/src/submarine_sim' with build type 'ament_python'
[0.170s] Level 1:colcon.colcon_core.shell:create_environment_hook('submarine_sim', 'ament_prefix_path')
[0.170s] INFO:colcon.colcon_core.shell:Creating environment hook '/home/devs/NautilusSW/install/submarine_sim/share/submarine_sim/hook/ament_prefix_path.ps1'
[0.170s] INFO:colcon.colcon_core.shell:Creating environment descriptor '/home/devs/NautilusSW/install/submarine_sim/share/submarine_sim/hook/ament_prefix_path.dsv'
[0.171s] INFO:colcon.colcon_core.shell:Creating environment hook '/home/devs/NautilusSW/install/submarine_sim/share/submarine_sim/hook/ament_prefix_path.sh'
[0.171s] INFO:colcon.colcon_core.shell:Skip shell extension 'powershell' for command environment: Not usable outside of PowerShell
[0.171s] DEBUG:colcon.colcon_core.shell:Skip shell extension 'dsv' for command environment
[0.312s] INFO:colcon.colcon_core.task.python.build:Building Python package in '/home/devs/NautilusSW/nautilus_ws/src/mavlink_bridge'
[0.312s] INFO:colcon.colcon_core.shell:Skip shell extension 'powershell' for command environment: Not usable outside of PowerShell
[0.312s] DEBUG:colcon.colcon_core.shell:Skip shell extension 'dsv' for command environment
[0.438s] WARNING:colcon.colcon_ros.task.ament_python.build:Package 'submarine_sim' doesn't explicitly install a marker in the package index (colcon-ros currently does it implicitly but that fallback will be removed in the future)
[0.438s] INFO:colcon.colcon_core.task.python.build:Building Python package in '/home/devs/NautilusSW/UTILES/ros2_ws/src/submarine_sim'
[0.439s] INFO:colcon.colcon_core.shell:Skip shell extension 'powershell' for command environment: Not usable outside of PowerShell
[0.439s] DEBUG:colcon.colcon_core.shell:Skip shell extension 'dsv' for command environment
[0.693s] DEBUG:colcon.colcon_core.event_handler.log_command:Invoking command in '/home/devs/NautilusSW/UTILES/ros2_ws/src/submarine_sim': PS1=\[\e]0;\u@\h: \w\a\]${debian_chroot:+($debian_chroot)}\[\033[01;32m\]\u@\h\[\033[00m\]:\[\033[01;34m\]\w\[\033[00m\]\$ PYTHONPATH=/home/devs/NautilusSW/build/submarine_sim/prefix_override:/usr/lib/python3/dist-packages/colcon_core/task/python/colcon_distutils_commands:/home/devs/NautilusSW/install/submarine_sim/lib/python3.10/site-packages:${PYTHONPATH} /usr/bin/python3 -W ignore:setup.py install is deprecated -W ignore:easy_install command is deprecated setup.py egg_info --egg-base ../../../../build/submarine_sim build --build-base /home/devs/NautilusSW/build/submarine_sim/build install --record /home/devs/NautilusSW/build/submarine_sim/install.log --single-version-externally-managed install_data
[0.695s] DEBUG:colcon.colcon_core.event_handler.log_command:Invoking command in '/home/devs/NautilusSW/nautilus_ws/src/mavlink_bridge': PS1=\[\e]0;\u@\h: \w\a\]${debian_chroot:+($debian_chroot)}\[\033[01;32m\]\u@\h\[\033[00m\]:\[\033[01;34m\]\w\[\033[00m\]\$ PYTHONPATH=/home/devs/NautilusSW/build/mavlink_bridge/prefix_override:/usr/lib/python3/dist-packages/colcon_core/task/python/colcon_distutils_commands:/home/devs/NautilusSW/install/mavlink_bridge/lib/python3.10/site-packages:${PYTHONPATH} /usr/bin/python3 -W ignore:setup.py install is deprecated -W ignore:easy_install command is deprecated setup.py egg_info --egg-base ../../../build/mavlink_bridge build --build-base /home/devs/NautilusSW/build/mavlink_bridge/build install --record /home/devs/NautilusSW/build/mavlink_bridge/install.log --single-version-externally-managed install_data
[0.929s] DEBUG:colcon.colcon_core.event_handler.log_command:Invoked command in '/home/devs/NautilusSW/UTILES/ros2_ws/src/submarine_sim' returned '0': PS1=\[\e]0;\u@\h: \w\a\]${debian_chroot:+($debian_chroot)}\[\033[01;32m\]\u@\h\[\033[00m\]:\[\033[01;34m\]\w\[\033[00m\]\$ PYTHONPATH=/home/devs/NautilusSW/build/submarine_sim/prefix_override:/usr/lib/python3/dist-packages/colcon_core/task/python/colcon_distutils_commands:/home/devs/NautilusSW/install/submarine_sim/lib/python3.10/site-packages:${PYTHONPATH} /usr/bin/python3 -W ignore:setup.py install is deprecated -W ignore:easy_install command is deprecated setup.py egg_info --egg-base ../../../../build/submarine_sim build --build-base /home/devs/NautilusSW/build/submarine_sim/build install --record /home/devs/NautilusSW/build/submarine_sim/install.log --single-version-externally-managed install_data
[0.931s] Level 1:colcon.colcon_core.environment:checking '/home/devs/NautilusSW/install/submarine_sim' for CMake module files
[0.931s] Level 1:colcon.colcon_core.environment:checking '/home/devs/NautilusSW/install/submarine_sim' for CMake config files
[0.932s] Level 1:colcon.colcon_core.environment:checking '/home/devs/NautilusSW/install/submarine_sim/lib'
[0.932s] Level 1:colcon.colcon_core.environment:checking '/home/devs/NautilusSW/install/submarine_sim/bin'
[0.932s] Level 1:colcon.colcon_core.environment:checking '/home/devs/NautilusSW/install/submarine_sim/lib/pkgconfig/submarine_sim.pc'
[0.932s] Level 1:colcon.colcon_core.environment:checking '/home/devs/NautilusSW/install/submarine_sim/lib/python3.10/site-packages'
[0.932s] Level 1:colcon.colcon_core.shell:create_environment_hook('submarine_sim', 'pythonpath')
[0.932s] INFO:colcon.colcon_core.shell:Creating environment hook '/home/devs/NautilusSW/install/submarine_sim/share/submarine_sim/hook/pythonpath.ps1'
[0.933s] INFO:colcon.colcon_core.shell:Creating environment descriptor '/home/devs/NautilusSW/install/submarine_sim/share/submarine_sim/hook/pythonpath.dsv'
[0.933s] INFO:colcon.colcon_core.shell:Creating environment hook '/home/devs/NautilusSW/install/submarine_sim/share/submarine_sim/hook/pythonpath.sh'
[0.934s] Level 1:colcon.colcon_core.environment:checking '/home/devs/NautilusSW/install/submarine_sim/bin'
[0.934s] Level 1:colcon.colcon_core.environment:create_environment_scripts_only(submarine_sim)
[0.934s] INFO:colcon.colcon_core.shell:Creating package script '/home/devs/NautilusSW/install/submarine_sim/share/submarine_sim/package.ps1'
[0.935s] INFO:colcon.colcon_core.shell:Creating package descriptor '/home/devs/NautilusSW/install/submarine_sim/share/submarine_sim/package.dsv'
[0.936s] INFO:colcon.colcon_core.shell:Creating package script '/home/devs/NautilusSW/install/submarine_sim/share/submarine_sim/package.sh'
[0.936s] INFO:colcon.colcon_core.shell:Creating package script '/home/devs/NautilusSW/install/submarine_sim/share/submarine_sim/package.bash'
[0.937s] INFO:colcon.colcon_core.shell:Creating package script '/home/devs/NautilusSW/install/submarine_sim/share/submarine_sim/package.zsh'
[0.938s] Level 1:colcon.colcon_core.environment:create_file_with_runtime_dependencies(/home/devs/NautilusSW/install/submarine_sim/share/colcon-core/packages/submarine_sim)
[0.938s] Level 1:colcon.colcon_core.environment:checking '/home/devs/NautilusSW/install/mavlink_bridge' for CMake module files
[0.939s] Level 1:colcon.colcon_core.environment:checking '/home/devs/NautilusSW/install/mavlink_bridge' for CMake config files
[0.940s] DEBUG:colcon.colcon_core.event_handler.log_command:Invoked command in '/home/devs/NautilusSW/nautilus_ws/src/mavlink_bridge' returned '0': PS1=\[\e]0;\u@\h: \w\a\]${debian_chroot:+($debian_chroot)}\[\033[01;32m\]\u@\h\[\033[00m\]:\[\033[01;34m\]\w\[\033[00m\]\$ PYTHONPATH=/home/devs/NautilusSW/build/mavlink_bridge/prefix_override:/usr/lib/python3/dist-packages/colcon_core/task/python/colcon_distutils_commands:/home/devs/NautilusSW/install/mavlink_bridge/lib/python3.10/site-packages:${PYTHONPATH} /usr/bin/python3 -W ignore:setup.py install is deprecated -W ignore:easy_install command is deprecated setup.py egg_info --egg-base ../../../build/mavlink_bridge build --build-base /home/devs/NautilusSW/build/mavlink_bridge/build install --record /home/devs/NautilusSW/build/mavlink_bridge/install.log --single-version-externally-managed install_data
[0.941s] Level 1:colcon.colcon_core.environment:checking '/home/devs/NautilusSW/install/mavlink_bridge/lib'
[0.941s] Level 1:colcon.colcon_core.environment:checking '/home/devs/NautilusSW/install/mavlink_bridge/bin'
[0.941s] Level 1:colcon.colcon_core.environment:checking '/home/devs/NautilusSW/install/mavlink_bridge/lib/pkgconfig/mavlink_bridge.pc'
[0.941s] Level 1:colcon.colcon_core.environment:checking '/home/devs/NautilusSW/install/mavlink_bridge/lib/python3.10/site-packages'
[0.941s] Level 1:colcon.colcon_core.shell:create_environment_hook('mavlink_bridge', 'pythonpath')
[0.941s] INFO:colcon.colcon_core.shell:Creating environment hook '/home/devs/NautilusSW/install/mavlink_bridge/share/mavlink_bridge/hook/pythonpath.ps1'
[0.941s] INFO:colcon.colcon_core.shell:Creating environment descriptor '/home/devs/NautilusSW/install/mavlink_bridge/share/mavlink_bridge/hook/pythonpath.dsv'
[0.942s] INFO:colcon.colcon_core.shell:Creating environment hook '/home/devs/NautilusSW/install/mavlink_bridge/share/mavlink_bridge/hook/pythonpath.sh'
[0.942s] Level 1:colcon.colcon_core.environment:checking '/home/devs/NautilusSW/install/mavlink_bridge/bin'
[0.942s] Level 1:colcon.colcon_core.environment:create_environment_scripts_only(mavlink_bridge)
[0.943s] INFO:colcon.colcon_core.shell:Creating package script '/home/devs/NautilusSW/install/mavlink_bridge/share/mavlink_bridge/package.ps1'
[0.943s] INFO:colcon.colcon_core.shell:Creating package descriptor '/home/devs/NautilusSW/install/mavlink_bridge/share/mavlink_bridge/package.dsv'
[0.944s] INFO:colcon.colcon_core.shell:Creating package script '/home/devs/NautilusSW/install/mavlink_bridge/share/mavlink_bridge/package.sh'
[0.944s] INFO:colcon.colcon_core.shell:Creating package script '/home/devs/NautilusSW/install/mavlink_bridge/share/mavlink_bridge/package.bash'
[0.945s] INFO:colcon.colcon_core.shell:Creating package script '/home/devs/NautilusSW/install/mavlink_bridge/share/mavlink_bridge/package.zsh'
[0.945s] Level 1:colcon.colcon_core.environment:create_file_with_runtime_dependencies(/home/devs/NautilusSW/install/mavlink_bridge/share/colcon-core/packages/mavlink_bridge)
[0.946s] INFO:colcon.colcon_ros.task.ament_cmake.build:Building ROS package in '/home/devs/NautilusSW/nautilus_ws/src/nautilus_bringup' with build type 'ament_cmake'
[0.946s] INFO:colcon.colcon_cmake.task.cmake.build:Building CMake package in '/home/devs/NautilusSW/nautilus_ws/src/nautilus_bringup'
[0.946s] INFO:colcon.colcon_core.shell:Skip shell extension 'powershell' for command environment: Not usable outside of PowerShell
[0.946s] DEBUG:colcon.colcon_core.shell:Skip shell extension 'dsv' for command environment
[0.958s] DEBUG:colcon.colcon_core.event_handler.log_command:Invoking command in '/home/devs/NautilusSW/build/nautilus_bringup': AMENT_PREFIX_PATH=/home/devs/NautilusSW/install/mavlink_bridge:/home/devs/NautilusSW/install/submarine_sim:/home/devs/NautilusSW/install/nautilus_bringup:/home/devs/ardu_ws/install/test_ros_gz_bridge:/home/devs/ardu_ws/install/ros_ign:/home/devs/ardu_ws/install/ros_ign_gazebo_demos:/home/devs/ardu_ws/install/ros_gz:/home/devs/ardu_ws/install/ros_gz_sim_demos:/home/devs/ardu_ws/install/ardupilot_gz_bringup:/home/devs/ardu_ws/install/sdformat_urdf:/home/devs/ardu_ws/install/ros_ign_interfaces:/home/devs/ardu_ws/install/ros_ign_image:/home/devs/ardu_ws/install/ros_ign_gazebo:/home/devs/ardu_ws/install/ros_ign_bridge:/home/devs/ardu_ws/install/ros_gz_sim:/home/devs/ardu_ws/install/ros_gz_image:/home/devs/ardu_ws/install/ros_gz_bridge:/home/devs/ardu_ws/install/ros_gz_interfaces:/home/devs/ardu_ws/install/ardupilot_dds_tests:/home/devs/ardu_ws/install/ardupilot_sitl:/home/devs/ardu_ws/install/micro_ros_agent:/home/devs/ardu_ws/install/ardupilot_sitl_models:/home/devs/ardu_ws/install/ardupilot_msgs:/home/devs/ardu_ws/install/ardupilot_gz_gazebo:/home/devs/ardu_ws/install/ardupilot_gz_description:/home/devs/ardu_ws/install/ardupilot_gz_application:/home/devs/ardu_ws/install/ardupilot_gazebo:/opt/ros/humble CMAKE_PREFIX_PATH=${CMAKE_PREFIX_PATH}:/home/devs/NautilusSW/install/submarine_sim:/home/devs/NautilusSW/install/mavlink_bridge:/home/devs/ardu_ws/install/ardupilot_dds_tests:/opt/ros/humble PS1=\[\e]0;\u@\h: \w\a\]${debian_chroot:+($debian_chroot)}\[\033[01;32m\]\u@\h\[\033[00m\]:\[\033[01;34m\]\w\[\033[00m\]\$ PYTHONPATH=/home/devs/NautilusSW/install/mavlink_bridge/lib/python3.10/site-packages:/home/devs/NautilusSW/install/submarine_sim/lib/python3.10/site-packages:/home/devs/ardu_ws/install/ros_ign_interfaces/local/lib/python3.10/dist-packages:/home/devs/ardu_ws/install/ros_gz_interfaces/local/lib/python3.10/dist-packages:/home/devs/ardu_ws/install/ardupilot_dds_tests/lib/python3.10/site-packages:/home/devs/ardu_ws/install/ardupilot_sitl/local/lib/python3.10/dist-packages:/home/devs/ardu_ws/install/ardupilot_msgs/local/lib/python3.10/dist-packages:/opt/ros/humble/lib/python3.10/site-packages:/opt/ros/humble/local/lib/python3.10/dist-packages /usr/bin/cmake --build /home/devs/NautilusSW/build/nautilus_bringup -- -j4 -l4
[0.997s] DEBUG:colcon.colcon_core.event_handler.log_command:Invoked command in '/home/devs/NautilusSW/build/nautilus_bringup' returned '0': AMENT_PREFIX_PATH=/home/devs/NautilusSW/install/mavlink_bridge:/home/devs/NautilusSW/install/submarine_sim:/home/devs/NautilusSW/install/nautilus_bringup:/home/devs/ardu_ws/install/test_ros_gz_bridge:/home/devs/ardu_ws/install/ros_ign:/home/devs/ardu_ws/install/ros_ign_gazebo_demos:/home/devs/ardu_ws/install/ros_gz:/home/devs/ardu_ws/install/ros_gz_sim_demos:/home/devs/ardu_ws/install/ardupilot_gz_bringup:/home/devs/ardu_ws/install/sdformat_urdf:/home/devs/ardu_ws/install/ros_ign_interfaces:/home/devs/ardu_ws/install/ros_ign_image:/home/devs/ardu_ws/install/ros_ign_gazebo:/home/devs/ardu_ws/install/ros_ign_bridge:/home/devs/ardu_ws/install/ros_gz_sim:/home/devs/ardu_ws/install/ros_gz_image:/home/devs/ardu_ws/install/ros_gz_bridge:/home/devs/ardu_ws/install/ros_gz_interfaces:/home/devs/ardu_ws/install/ardupilot_dds_tests:/home/devs/ardu_ws/install/ardupilot_sitl:/home/devs/ardu_ws/install/micro_ros_agent:/home/devs/ardu_ws/install/ardupilot_sitl_models:/home/devs/ardu_ws/install/ardupilot_msgs:/home/devs/ardu_ws/install/ardupilot_gz_gazebo:/home/devs/ardu_ws/install/ardupilot_gz_description:/home/devs/ardu_ws/install/ardupilot_gz_application:/home/devs/ardu_ws/install/ardupilot_gazebo:/opt/ros/humble CMAKE_PREFIX_PATH=${CMAKE_PREFIX_PATH}:/home/devs/NautilusSW/install/submarine_sim:/home/devs/NautilusSW/install/mavlink_bridge:/home/devs/ardu_ws/install/ardupilot_dds_tests:/opt/ros/humble PS1=\[\e]0;\u@\h: \w\a\]${debian_chroot:+($debian_chroot)}\[\033[01;32m\]\u@\h\[\033[00m\]:\[\033[01;34m\]\w\[\033[00m\]\$ PYTHONPATH=/home/devs/NautilusSW/install/mavlink_bridge/lib/python3.10/site-packages:/home/devs/NautilusSW/install/submarine_sim/lib/python3.10/site-packages:/home/devs/ardu_ws/install/ros_ign_interfaces/local/lib/python3.10/dist-packages:/home/devs/ardu_ws/install/ros_gz_interfaces/local/lib/python3.10/dist-packages:/home/devs/ardu_ws/install/ardupilot_dds_tests/lib/python3.10/site-packages:/home/devs/ardu_ws/install/ardupilot_sitl/local/lib/python3.10/dist-packages:/home/devs/ardu_ws/install/ardupilot_msgs/local/lib/python3.10/dist-packages:/opt/ros/humble/lib/python3.10/site-packages:/opt/ros/humble/local/lib/python3.10/dist-packages /usr/bin/cmake --build /home/devs/NautilusSW/build/nautilus_bringup -- -j4 -l4
[1.005s] DEBUG:colcon.colcon_core.event_handler.log_command:Invoking command in '/home/devs/NautilusSW/build/nautilus_bringup': AMENT_PREFIX_PATH=/home/devs/NautilusSW/install/mavlink_bridge:/home/devs/NautilusSW/install/submarine_sim:/home/devs/NautilusSW/install/nautilus_bringup:/home/devs/ardu_ws/install/test_ros_gz_bridge:/home/devs/ardu_ws/install/ros_ign:/home/devs/ardu_ws/install/ros_ign_gazebo_demos:/home/devs/ardu_ws/install/ros_gz:/home/devs/ardu_ws/install/ros_gz_sim_demos:/home/devs/ardu_ws/install/ardupilot_gz_bringup:/home/devs/ardu_ws/install/sdformat_urdf:/home/devs/ardu_ws/install/ros_ign_interfaces:/home/devs/ardu_ws/install/ros_ign_image:/home/devs/ardu_ws/install/ros_ign_gazebo:/home/devs/ardu_ws/install/ros_ign_bridge:/home/devs/ardu_ws/install/ros_gz_sim:/home/devs/ardu_ws/install/ros_gz_image:/home/devs/ardu_ws/install/ros_gz_bridge:/home/devs/ardu_ws/install/ros_gz_interfaces:/home/devs/ardu_ws/install/ardupilot_dds_tests:/home/devs/ardu_ws/install/ardupilot_sitl:/home/devs/ardu_ws/install/micro_ros_agent:/home/devs/ardu_ws/install/ardupilot_sitl_models:/home/devs/ardu_ws/install/ardupilot_msgs:/home/devs/ardu_ws/install/ardupilot_gz_gazebo:/home/devs/ardu_ws/install/ardupilot_gz_description:/home/devs/ardu_ws/install/ardupilot_gz_application:/home/devs/ardu_ws/install/ardupilot_gazebo:/opt/ros/humble CMAKE_PREFIX_PATH=${CMAKE_PREFIX_PATH}:/home/devs/NautilusSW/install/submarine_sim:/home/devs/NautilusSW/install/mavlink_bridge:/home/devs/ardu_ws/install/ardupilot_dds_tests:/opt/ros/humble PS1=\[\e]0;\u@\h: \w\a\]${debian_chroot:+($debian_chroot)}\[\033[01;32m\]\u@\h\[\033[00m\]:\[\033[01;34m\]\w\[\033[00m\]\$ PYTHONPATH=/home/devs/NautilusSW/install/mavlink_bridge/lib/python3.10/site-packages:/home/devs/NautilusSW/install/submarine_sim/lib/python3.10/site-packages:/home/devs/ardu_ws/install/ros_ign_interfaces/local/lib/python3.10/dist-packages:/home/devs/ardu_ws/install/ros_gz_interfaces/local/lib/python3.10/dist-packages:/home/devs/ardu_ws/install/ardupilot_dds_tests/lib/python3.10/site-packages:/home/devs/ardu_ws/install/ardupilot_sitl/local/lib/python3.10/dist-packages:/home/devs/ardu_ws/install/ardupilot_msgs/local/lib/python3.10/dist-packages:/opt/ros/humble/lib/python3.10/site-packages:/opt/ros/humble/local/lib/python3.10/dist-packages /usr/bin/cmake --install /home/devs/NautilusSW/build/nautilus_bringup
[1.015s] Level 1:colcon.colcon_core.environment:create_environment_scripts_only(nautilus_bringup)
[1.015s] Level 1:colcon.colcon_core.environment:checking '/home/devs/NautilusSW/install/nautilus_bringup' for CMake module files
[1.016s] DEBUG:colcon.colcon_core.event_handler.log_command:Invoked command in '/home/devs/NautilusSW/build/nautilus_bringup' returned '0': AMENT_PREFIX_PATH=/home/devs/NautilusSW/install/mavlink_bridge:/home/devs/NautilusSW/install/submarine_sim:/home/devs/NautilusSW/install/nautilus_bringup:/home/devs/ardu_ws/install/test_ros_gz_bridge:/home/devs/ardu_ws/install/ros_ign:/home/devs/ardu_ws/install/ros_ign_gazebo_demos:/home/devs/ardu_ws/install/ros_gz:/home/devs/ardu_ws/install/ros_gz_sim_demos:/home/devs/ardu_ws/install/ardupilot_gz_bringup:/home/devs/ardu_ws/install/sdformat_urdf:/home/devs/ardu_ws/install/ros_ign_interfaces:/home/devs/ardu_ws/install/ros_ign_image:/home/devs/ardu_ws/install/ros_ign_gazebo:/home/devs/ardu_ws/install/ros_ign_bridge:/home/devs/ardu_ws/install/ros_gz_sim:/home/devs/ardu_ws/install/ros_gz_image:/home/devs/ardu_ws/install/ros_gz_bridge:/home/devs/ardu_ws/install/ros_gz_interfaces:/home/devs/ardu_ws/install/ardupilot_dds_tests:/home/devs/ardu_ws/install/ardupilot_sitl:/home/devs/ardu_ws/install/micro_ros_agent:/home/devs/ardu_ws/install/ardupilot_sitl_models:/home/devs/ardu_ws/install/ardupilot_msgs:/home/devs/ardu_ws/install/ardupilot_gz_gazebo:/home/devs/ardu_ws/install/ardupilot_gz_description:/home/devs/ardu_ws/install/ardupilot_gz_application:/home/devs/ardu_ws/install/ardupilot_gazebo:/opt/ros/humble CMAKE_PREFIX_PATH=${CMAKE_PREFIX_PATH}:/home/devs/NautilusSW/install/submarine_sim:/home/devs/NautilusSW/install/mavlink_bridge:/home/devs/ardu_ws/install/ardupilot_dds_tests:/opt/ros/humble PS1=\[\e]0;\u@\h: \w\a\]${debian_chroot:+($debian_chroot)}\[\033[01;32m\]\u@\h\[\033[00m\]:\[\033[01;34m\]\w\[\033[00m\]\$ PYTHONPATH=/home/devs/NautilusSW/install/mavlink_bridge/lib/python3.10/site-packages:/home/devs/NautilusSW/install/submarine_sim/lib/python3.10/site-packages:/home/devs/ardu_ws/install/ros_ign_interfaces/local/lib/python3.10/dist-packages:/home/devs/ardu_ws/install/ros_gz_interfaces/local/lib/python3.10/dist-packages:/home/devs/ardu_ws/install/ardupilot_dds_tests/lib/python3.10/site-packages:/home/devs/ardu_ws/install/ardupilot_sitl/local/lib/python3.10/dist-packages:/home/devs/ardu_ws/install/ardupilot_msgs/local/lib/python3.10/dist-packages:/opt/ros/humble/lib/python3.10/site-packages:/opt/ros/humble/local/lib/python3.10/dist-packages /usr/bin/cmake --install /home/devs/NautilusSW/build/nautilus_bringup
[1.016s] Level 1:colcon.colcon_core.environment:checking '/home/devs/NautilusSW/install/nautilus_bringup' for CMake config files
[1.017s] Level 1:colcon.colcon_core.shell:create_environment_hook('nautilus_bringup', 'cmake_prefix_path')
[1.017s] INFO:colcon.colcon_core.shell:Creating environment hook '/home/devs/NautilusSW/install/nautilus_bringup/share/nautilus_bringup/hook/cmake_prefix_path.ps1'
[1.017s] INFO:colcon.colcon_core.shell:Creating environment descriptor '/home/devs/NautilusSW/install/nautilus_bringup/share/nautilus_bringup/hook/cmake_prefix_path.dsv'
[1.018s] INFO:colcon.colcon_core.shell:Creating environment hook '/home/devs/NautilusSW/install/nautilus_bringup/share/nautilus_bringup/hook/cmake_prefix_path.sh'
[1.018s] Level 1:colcon.colcon_core.environment:checking '/home/devs/NautilusSW/install/nautilus_bringup/bin'
[1.018s] Level 1:colcon.colcon_core.environment:checking '/home/devs/NautilusSW/install/nautilus_bringup/lib/pkgconfig/nautilus_bringup.pc'
[1.019s] Level 1:colcon.colcon_core.environment:checking '/home/devs/NautilusSW/install/nautilus_bringup/lib/python3.10/site-packages'
[1.019s] Level 1:colcon.colcon_core.environment:checking '/home/devs/NautilusSW/install/nautilus_bringup/bin'
[1.019s] INFO:colcon.colcon_core.shell:Creating package script '/home/devs/NautilusSW/install/nautilus_bringup/share/nautilus_bringup/package.ps1'
[1.019s] INFO:colcon.colcon_core.shell:Creating package descriptor '/home/devs/NautilusSW/install/nautilus_bringup/share/nautilus_bringup/package.dsv'
[1.020s] INFO:colcon.colcon_core.shell:Creating package script '/home/devs/NautilusSW/install/nautilus_bringup/share/nautilus_bringup/package.sh'
[1.020s] INFO:colcon.colcon_core.shell:Creating package script '/home/devs/NautilusSW/install/nautilus_bringup/share/nautilus_bringup/package.bash'
[1.021s] INFO:colcon.colcon_core.shell:Creating package script '/home/devs/NautilusSW/install/nautilus_bringup/share/nautilus_bringup/package.zsh'
[1.022s] Level 1:colcon.colcon_core.environment:create_file_with_runtime_dependencies(/home/devs/NautilusSW/install/nautilus_bringup/share/colcon-core/packages/nautilus_bringup)
[1.022s] Level 1:colcon.colcon_core.environment:create_environment_scripts_only(nautilus_bringup)
[1.022s] Level 1:colcon.colcon_core.environment:checking '/home/devs/NautilusSW/install/nautilus_bringup' for CMake module files
[1.023s] Level 1:colcon.colcon_core.environment:checking '/home/devs/NautilusSW/install/nautilus_bringup' for CMake config files
[1.023s] Level 1:colcon.colcon_core.shell:create_environment_hook('nautilus_bringup', 'cmake_prefix_path')
[1.023s] INFO:colcon.colcon_core.shell:Creating environment hook '/home/devs/NautilusSW/install/nautilus_bringup/share/nautilus_bringup/hook/cmake_prefix_path.ps1'
[1.023s] INFO:colcon.colcon_core.shell:Creating environment descriptor '/home/devs/NautilusSW/install/nautilus_bringup/share/nautilus_bringup/hook/cmake_prefix_path.dsv'
[1.024s] INFO:colcon.colcon_core.shell:Creating environment hook '/home/devs/NautilusSW/install/nautilus_bringup/share/nautilus_bringup/hook/cmake_prefix_path.sh'
[1.024s] Level 1:colcon.colcon_core.environment:checking '/home/devs/NautilusSW/install/nautilus_bringup/bin'
[1.024s] Level 1:colcon.colcon_core.environment:checking '/home/devs/NautilusSW/install/nautilus_bringup/lib/pkgconfig/nautilus_bringup.pc'
[1.025s] Level 1:colcon.colcon_core.environment:checking '/home/devs/NautilusSW/install/nautilus_bringup/lib/python3.10/site-packages'
[1.025s] Level 1:colcon.colcon_core.environment:checking '/home/devs/NautilusSW/install/nautilus_bringup/bin'
[1.025s] INFO:colcon.colcon_core.shell:Creating package script '/home/devs/NautilusSW/install/nautilus_bringup/share/nautilus_bringup/package.ps1'
[1.025s] INFO:colcon.colcon_core.shell:Creating package descriptor '/home/devs/NautilusSW/install/nautilus_bringup/share/nautilus_bringup/package.dsv'
[1.026s] INFO:colcon.colcon_core.shell:Creating package script '/home/devs/NautilusSW/install/nautilus_bringup/share/nautilus_bringup/package.sh'
[1.026s] INFO:colcon.colcon_core.shell:Creating package script '/home/devs/NautilusSW/install/nautilus_bringup/share/nautilus_bringup/package.bash'
[1.027s] INFO:colcon.colcon_core.shell:Creating package script '/home/devs/NautilusSW/install/nautilus_bringup/share/nautilus_bringup/package.zsh'
[1.027s] Level 1:colcon.colcon_core.environment:create_file_with_runtime_dependencies(/home/devs/NautilusSW/install/nautilus_bringup/share/colcon-core/packages/nautilus_bringup)
[1.028s] DEBUG:colcon.colcon_parallel_executor.executor.parallel:closing loop
[1.029s] DEBUG:colcon.colcon_parallel_executor.executor.parallel:loop closed
[1.029s] DEBUG:colcon.colcon_parallel_executor.executor.parallel:run_until_complete finished with '0'
[1.029s] DEBUG:colcon.colcon_core.event_reactor:joining thread
[1.032s] INFO:colcon.colcon_core.plugin_system:Skipping extension 'colcon_notification.desktop_notification.terminal_notifier': Not used on non-Darwin systems
[1.032s] INFO:colcon.colcon_core.plugin_system:Skipping extension 'colcon_notification.desktop_notification.win32': Not used on non-Windows systems
[1.032s] INFO:colcon.colcon_notification.desktop_notification:Sending desktop notification using 'notify2'
[1.045s] DEBUG:colcon.colcon_core.event_reactor:joined thread
[1.045s] INFO:colcon.colcon_core.shell:Creating prefix script '/home/devs/NautilusSW/install/local_setup.ps1'
[1.046s] INFO:colcon.colcon_core.shell:Creating prefix util module '/home/devs/NautilusSW/install/_local_setup_util_ps1.py'
[1.047s] INFO:colcon.colcon_core.shell:Creating prefix chain script '/home/devs/NautilusSW/install/setup.ps1'
[1.049s] INFO:colcon.colcon_core.shell:Creating prefix script '/home/devs/NautilusSW/install/local_setup.sh'
[1.050s] INFO:colcon.colcon_core.shell:Creating prefix util module '/home/devs/NautilusSW/install/_local_setup_util_sh.py'
[1.050s] INFO:colcon.colcon_core.shell:Creating prefix chain script '/home/devs/NautilusSW/install/setup.sh'
[1.051s] INFO:colcon.colcon_core.shell:Creating prefix script '/home/devs/NautilusSW/install/local_setup.bash'
[1.052s] INFO:colcon.colcon_core.shell:Creating prefix chain script '/home/devs/NautilusSW/install/setup.bash'
[1.053s] INFO:colcon.colcon_core.shell:Creating prefix script '/home/devs/NautilusSW/install/local_setup.zsh'
[1.053s] INFO:colcon.colcon_core.shell:Creating prefix chain script '/home/devs/NautilusSW/install/setup.zsh'
