[0.830s] Invoking command in '/home/devs/NautilusSW/nautilus_ws/src/mavlink_bridge': PS1=\[\e]0;\u@\h: \w\a\]${debian_chroot:+($debian_chroot)}\[\033[01;32m\]\u@\h\[\033[00m\]:\[\033[01;34m\]\w\[\033[00m\]\$ PYTHONPATH=/home/devs/NautilusSW/build/mavlink_bridge/prefix_override:/usr/lib/python3/dist-packages/colcon_core/task/python/colcon_distutils_commands:/home/devs/NautilusSW/install/mavlink_bridge/lib/python3.10/site-packages:${PYTHONPATH} /usr/bin/python3 -W ignore:setup.py install is deprecated -W ignore:easy_install command is deprecated setup.py egg_info --egg-base ../../../build/mavlink_bridge build --build-base /home/devs/NautilusSW/build/mavlink_bridge/build install --record /home/devs/NautilusSW/build/mavlink_bridge/install.log --single-version-externally-managed install_data
[0.987s] running egg_info
[0.997s] creating ../../../build/mavlink_bridge/mavlink_bridge.egg-info
[0.997s] writing ../../../build/mavlink_bridge/mavlink_bridge.egg-info/PKG-INFO
[0.998s] writing dependency_links to ../../../build/mavlink_bridge/mavlink_bridge.egg-info/dependency_links.txt
[0.998s] writing entry points to ../../../build/mavlink_bridge/mavlink_bridge.egg-info/entry_points.txt
[0.998s] writing requirements to ../../../build/mavlink_bridge/mavlink_bridge.egg-info/requires.txt
[0.998s] writing top-level names to ../../../build/mavlink_bridge/mavlink_bridge.egg-info/top_level.txt
[0.998s] writing manifest file '../../../build/mavlink_bridge/mavlink_bridge.egg-info/SOURCES.txt'
[1.017s] reading manifest file '../../../build/mavlink_bridge/mavlink_bridge.egg-info/SOURCES.txt'
[1.019s] writing manifest file '../../../build/mavlink_bridge/mavlink_bridge.egg-info/SOURCES.txt'
[1.020s] running build
[1.020s] running build_py
[1.020s] creating /home/devs/NautilusSW/build/mavlink_bridge/build/lib/mavlink_bridge
[1.020s] copying mavlink_bridge/mavlink_telemetry_bridge.py -> /home/devs/NautilusSW/build/mavlink_bridge/build/lib/mavlink_bridge
[1.020s] copying mavlink_bridge/__init__.py -> /home/devs/NautilusSW/build/mavlink_bridge/build/lib/mavlink_bridge
[1.021s] creating /home/devs/NautilusSW/build/mavlink_bridge/build/lib/telemetry_bridge
[1.021s] copying telemetry_bridge/mavlink_telemetry_bridge.py -> /home/devs/NautilusSW/build/mavlink_bridge/build/lib/telemetry_bridge
[1.021s] copying telemetry_bridge/__init__.py -> /home/devs/NautilusSW/build/mavlink_bridge/build/lib/telemetry_bridge
[1.021s] running install
[1.024s] running install_lib
[1.033s] creating /home/devs/NautilusSW/install/mavlink_bridge/lib/python3.10/site-packages/mavlink_bridge
[1.033s] copying /home/devs/NautilusSW/build/mavlink_bridge/build/lib/mavlink_bridge/mavlink_telemetry_bridge.py -> /home/devs/NautilusSW/install/mavlink_bridge/lib/python3.10/site-packages/mavlink_bridge
[1.033s] copying /home/devs/NautilusSW/build/mavlink_bridge/build/lib/mavlink_bridge/__init__.py -> /home/devs/NautilusSW/install/mavlink_bridge/lib/python3.10/site-packages/mavlink_bridge
[1.033s] creating /home/devs/NautilusSW/install/mavlink_bridge/lib/python3.10/site-packages/telemetry_bridge
[1.033s] copying /home/devs/NautilusSW/build/mavlink_bridge/build/lib/telemetry_bridge/mavlink_telemetry_bridge.py -> /home/devs/NautilusSW/install/mavlink_bridge/lib/python3.10/site-packages/telemetry_bridge
[1.033s] copying /home/devs/NautilusSW/build/mavlink_bridge/build/lib/telemetry_bridge/__init__.py -> /home/devs/NautilusSW/install/mavlink_bridge/lib/python3.10/site-packages/telemetry_bridge
[1.034s] byte-compiling /home/devs/NautilusSW/install/mavlink_bridge/lib/python3.10/site-packages/mavlink_bridge/mavlink_telemetry_bridge.py to mavlink_telemetry_bridge.cpython-310.pyc
[1.035s] byte-compiling /home/devs/NautilusSW/install/mavlink_bridge/lib/python3.10/site-packages/mavlink_bridge/__init__.py to __init__.cpython-310.pyc
[1.035s] byte-compiling /home/devs/NautilusSW/install/mavlink_bridge/lib/python3.10/site-packages/telemetry_bridge/mavlink_telemetry_bridge.py to mavlink_telemetry_bridge.cpython-310.pyc
[1.036s] byte-compiling /home/devs/NautilusSW/install/mavlink_bridge/lib/python3.10/site-packages/telemetry_bridge/__init__.py to __init__.cpython-310.pyc
[1.036s] running install_data
[1.036s] creating /home/devs/NautilusSW/install/mavlink_bridge/share/ament_index/resource_index/packages
[1.036s] copying resource/mavlink_bridge -> /home/devs/NautilusSW/install/mavlink_bridge/share/ament_index/resource_index/packages
[1.037s] copying package.xml -> /home/devs/NautilusSW/install/mavlink_bridge/share/mavlink_bridge
[1.037s] running install_egg_info
[1.046s] Copying ../../../build/mavlink_bridge/mavlink_bridge.egg-info to /home/devs/NautilusSW/install/mavlink_bridge/lib/python3.10/site-packages/mavlink_bridge-0.0.0-py3.10.egg-info
[1.047s] running install_scripts
[1.065s] Installing mavlink_telemetry_bridge script to /home/devs/NautilusSW/install/mavlink_bridge/lib/mavlink_bridge
[1.066s] writing list of installed files to '/home/devs/NautilusSW/build/mavlink_bridge/install.log'
[1.101s] Invoked command in '/home/devs/NautilusSW/nautilus_ws/src/mavlink_bridge' returned '0': PS1=\[\e]0;\u@\h: \w\a\]${debian_chroot:+($debian_chroot)}\[\033[01;32m\]\u@\h\[\033[00m\]:\[\033[01;34m\]\w\[\033[00m\]\$ PYTHONPATH=/home/devs/NautilusSW/build/mavlink_bridge/prefix_override:/usr/lib/python3/dist-packages/colcon_core/task/python/colcon_distutils_commands:/home/devs/NautilusSW/install/mavlink_bridge/lib/python3.10/site-packages:${PYTHONPATH} /usr/bin/python3 -W ignore:setup.py install is deprecated -W ignore:easy_install command is deprecated setup.py egg_info --egg-base ../../../build/mavlink_bridge build --build-base /home/devs/NautilusSW/build/mavlink_bridge/build install --record /home/devs/NautilusSW/build/mavlink_bridge/install.log --single-version-externally-managed install_data
