[0.017s] Invoking command in '/home/devs/NautilusSW/nautilus_ws/build/nautilus_bringup': CMAKE_PREFIX_PATH=${CMAKE_PREFIX_PATH}:/home/devs/ardu_ws/install/ardupilot_dds_tests:/opt/ros/humble PS1=(nautilus_venv) \[\e]0;\u@\h: \w\a\]${debian_chroot:+($debian_chroot)}\[\033[01;32m\]\u@\h\[\033[00m\]:\[\033[01;34m\]\w\[\033[00m\]\$ VIRTUAL_ENV_PROMPT=(nautilus_venv) /usr/bin/cmake /home/devs/NautilusSW/nautilus_ws/src/nautilus_bringup -DCMAKE_INSTALL_PREFIX=/home/devs/NautilusSW/nautilus_ws/install/nautilus_bringup
[0.145s] -- The C compiler identification is GNU 11.4.0
[0.238s] -- The CXX compiler identification is GNU 11.4.0
[0.252s] -- Detecting C compiler ABI info
[0.302s] -- Detecting C compiler ABI info - done
[0.307s] -- Check for working C compiler: /usr/lib/ccache/cc - skipped
[0.307s] -- Detecting C compile features
[0.308s] -- Detecting C compile features - done
[0.314s] -- Detecting CXX compiler ABI info
[0.371s] -- Detecting CXX compiler ABI info - done
[0.377s] -- Check for working CXX compiler: /usr/lib/ccache/c++ - skipped
[0.377s] -- Detecting CXX compile features
[0.377s] -- Detecting CXX compile features - done
[0.388s] -- Found ament_cmake: 1.3.12 (/opt/ros/humble/share/ament_cmake/cmake)
[0.495s] -- Found Python3: /home/devs/nautilus_venv/bin/python3 (found version "3.10.12") found components: Interpreter 
[0.600s] -- Found ament_lint_auto: 0.12.14 (/opt/ros/humble/share/ament_lint_auto/cmake)
[0.616s] Traceback (most recent call last):
[0.616s]   File "/opt/ros/humble/share/ament_cmake_core/cmake/core/package_xml_2_cmake.py", line 22, in <module>
[0.616s]     from catkin_pkg.package import parse_package_string
[0.616s] ModuleNotFoundError: No module named 'catkin_pkg'
[0.617s] [31mCMake Error at /opt/ros/humble/share/ament_cmake_core/cmake/core/ament_package_xml.cmake:95 (message):
[0.617s]   execute_process(/home/devs/nautilus_venv/bin/python3
[0.617s]   /opt/ros/humble/share/ament_cmake_core/cmake/core/package_xml_2_cmake.py
[0.617s]   /home/devs/NautilusSW/nautilus_ws/src/nautilus_bringup/package.xml
[0.617s]   /home/devs/NautilusSW/nautilus_ws/build/nautilus_bringup/ament_cmake_core/package.cmake)
[0.617s]   returned error code 1
[0.617s] Call Stack (most recent call first):
[0.618s]   /opt/ros/humble/share/ament_cmake_core/cmake/core/ament_package_xml.cmake:49 (_ament_package_xml)
[0.618s]   /opt/ros/humble/share/ament_lint_auto/cmake/ament_lint_auto_find_test_dependencies.cmake:31 (ament_package_xml)
[0.618s]   CMakeLists.txt:48 (ament_lint_auto_find_test_dependencies)
[0.618s] 
[0.618s] [0m
[0.618s] -- Configuring incomplete, errors occurred!
[0.618s] See also "/home/devs/NautilusSW/nautilus_ws/build/nautilus_bringup/CMakeFiles/CMakeOutput.log".
[0.621s] Invoked command in '/home/devs/NautilusSW/nautilus_ws/build/nautilus_bringup' returned '1': CMAKE_PREFIX_PATH=${CMAKE_PREFIX_PATH}:/home/devs/ardu_ws/install/ardupilot_dds_tests:/opt/ros/humble PS1=(nautilus_venv) \[\e]0;\u@\h: \w\a\]${debian_chroot:+($debian_chroot)}\[\033[01;32m\]\u@\h\[\033[00m\]:\[\033[01;34m\]\w\[\033[00m\]\$ VIRTUAL_ENV_PROMPT=(nautilus_venv) /usr/bin/cmake /home/devs/NautilusSW/nautilus_ws/src/nautilus_bringup -DCMAKE_INSTALL_PREFIX=/home/devs/NautilusSW/nautilus_ws/install/nautilus_bringup
