[0.020s] Invoking command in '/home/nautilus/NautilusSW/nautilus_ws/build/nautilus_sensors': CMAKE_PREFIX_PATH=/home/nautilus/NautilusSW/nautilus_ws/install/nautilus_bringup:/home/nautilus/NautilusSW/nautilus_ws/install/nautilus_sensors:/home/nautilus/NautilusSW/nautilus_ws/install/nautilus_mission:/home/nautilus/NautilusSW/nautilus_ws/install/nautilus_controls:/opt/ros/humble /usr/bin/cmake --build /home/nautilus/NautilusSW/nautilus_ws/build/nautilus_sensors -- -j6 -l6
[0.110s] Built target ament_cmake_python_copy_DVL
[0.208s] Built target ament_cmake_python_copy_vision
[0.543s] running egg_info
[0.576s] writing DVL.egg-info/PKG-INFO
[0.577s] writing dependency_links to DVL.egg-info/dependency_links.txt
[0.577s] writing top-level names to DVL.egg-info/top_level.txt
[0.634s] running egg_info
[0.666s] writing vision.egg-info/PKG-INFO
[0.667s] writing dependency_links to vision.egg-info/dependency_links.txt
[0.668s] writing top-level names to vision.egg-info/top_level.txt
[0.674s] reading manifest file 'DVL.egg-info/SOURCES.txt'
[0.676s] writing manifest file 'DVL.egg-info/SOURCES.txt'
[0.762s] Built target ament_cmake_python_build_DVL_egg
[0.767s] reading manifest file 'vision.egg-info/SOURCES.txt'
[0.769s] writing manifest file 'vision.egg-info/SOURCES.txt'
[0.844s] Built target ament_cmake_python_build_vision_egg
[0.863s] Invoked command in '/home/nautilus/NautilusSW/nautilus_ws/build/nautilus_sensors' returned '0': CMAKE_PREFIX_PATH=/home/nautilus/NautilusSW/nautilus_ws/install/nautilus_bringup:/home/nautilus/NautilusSW/nautilus_ws/install/nautilus_sensors:/home/nautilus/NautilusSW/nautilus_ws/install/nautilus_mission:/home/nautilus/NautilusSW/nautilus_ws/install/nautilus_controls:/opt/ros/humble /usr/bin/cmake --build /home/nautilus/NautilusSW/nautilus_ws/build/nautilus_sensors -- -j6 -l6
[0.867s] Invoking command in '/home/nautilus/NautilusSW/nautilus_ws/build/nautilus_sensors': CMAKE_PREFIX_PATH=/home/nautilus/NautilusSW/nautilus_ws/install/nautilus_bringup:/home/nautilus/NautilusSW/nautilus_ws/install/nautilus_sensors:/home/nautilus/NautilusSW/nautilus_ws/install/nautilus_mission:/home/nautilus/NautilusSW/nautilus_ws/install/nautilus_controls:/opt/ros/humble /usr/bin/cmake --install /home/nautilus/NautilusSW/nautilus_ws/build/nautilus_sensors
[0.880s] -- Install configuration: ""
[0.880s] -- Up-to-date: /home/nautilus/NautilusSW/nautilus_ws/install/nautilus_sensors/share/nautilus_sensors/environment/pythonpath.sh
[0.881s] -- Up-to-date: /home/nautilus/NautilusSW/nautilus_ws/install/nautilus_sensors/share/nautilus_sensors/environment/pythonpath.dsv
[0.881s] -- Up-to-date: /home/nautilus/NautilusSW/nautilus_ws/install/nautilus_sensors/local/lib/python3.10/dist-packages/DVL-0.0.0-py3.10.egg-info
[0.881s] -- Installing: /home/nautilus/NautilusSW/nautilus_ws/install/nautilus_sensors/local/lib/python3.10/dist-packages/DVL-0.0.0-py3.10.egg-info/SOURCES.txt
[0.882s] -- Installing: /home/nautilus/NautilusSW/nautilus_ws/install/nautilus_sensors/local/lib/python3.10/dist-packages/DVL-0.0.0-py3.10.egg-info/PKG-INFO
[0.882s] -- Installing: /home/nautilus/NautilusSW/nautilus_ws/install/nautilus_sensors/local/lib/python3.10/dist-packages/DVL-0.0.0-py3.10.egg-info/dependency_links.txt
[0.882s] -- Installing: /home/nautilus/NautilusSW/nautilus_ws/install/nautilus_sensors/local/lib/python3.10/dist-packages/DVL-0.0.0-py3.10.egg-info/top_level.txt
[0.882s] -- Up-to-date: /home/nautilus/NautilusSW/nautilus_ws/install/nautilus_sensors/local/lib/python3.10/dist-packages/DVL
[0.883s] -- Up-to-date: /home/nautilus/NautilusSW/nautilus_ws/install/nautilus_sensors/local/lib/python3.10/dist-packages/DVL/fake_dvl.py
[0.883s] -- Up-to-date: /home/nautilus/NautilusSW/nautilus_ws/install/nautilus_sensors/local/lib/python3.10/dist-packages/DVL/README.md
[0.883s] -- Up-to-date: /home/nautilus/NautilusSW/nautilus_ws/install/nautilus_sensors/local/lib/python3.10/dist-packages/DVL/dvl_sensor_node.py
[0.884s] -- Up-to-date: /home/nautilus/NautilusSW/nautilus_ws/install/nautilus_sensors/local/lib/python3.10/dist-packages/DVL/__init__.py
[0.947s] Listing '/home/nautilus/NautilusSW/nautilus_ws/install/nautilus_sensors/local/lib/python3.10/dist-packages/DVL'...
[0.957s] -- Up-to-date: /home/nautilus/NautilusSW/nautilus_ws/install/nautilus_sensors/local/lib/python3.10/dist-packages/vision-0.0.0-py3.10.egg-info
[0.957s] -- Installing: /home/nautilus/NautilusSW/nautilus_ws/install/nautilus_sensors/local/lib/python3.10/dist-packages/vision-0.0.0-py3.10.egg-info/SOURCES.txt
[0.958s] -- Installing: /home/nautilus/NautilusSW/nautilus_ws/install/nautilus_sensors/local/lib/python3.10/dist-packages/vision-0.0.0-py3.10.egg-info/PKG-INFO
[0.958s] -- Installing: /home/nautilus/NautilusSW/nautilus_ws/install/nautilus_sensors/local/lib/python3.10/dist-packages/vision-0.0.0-py3.10.egg-info/dependency_links.txt
[0.958s] -- Installing: /home/nautilus/NautilusSW/nautilus_ws/install/nautilus_sensors/local/lib/python3.10/dist-packages/vision-0.0.0-py3.10.egg-info/top_level.txt
[0.959s] -- Up-to-date: /home/nautilus/NautilusSW/nautilus_ws/install/nautilus_sensors/local/lib/python3.10/dist-packages/vision
[0.959s] -- Up-to-date: /home/nautilus/NautilusSW/nautilus_ws/install/nautilus_sensors/local/lib/python3.10/dist-packages/vision/yolo_models
[0.960s] -- Up-to-date: /home/nautilus/NautilusSW/nautilus_ws/install/nautilus_sensors/local/lib/python3.10/dist-packages/vision/yolo_models/model_sim.pt
[0.960s] -- Up-to-date: /home/nautilus/NautilusSW/nautilus_ws/install/nautilus_sensors/local/lib/python3.10/dist-packages/vision/yolo_models/Model_Realtime_18_mars.pt
[0.960s] -- Up-to-date: /home/nautilus/NautilusSW/nautilus_ws/install/nautilus_sensors/local/lib/python3.10/dist-packages/vision/yolo_models/model_sim_low_res_openvino_model
[0.960s] -- Up-to-date: /home/nautilus/NautilusSW/nautilus_ws/install/nautilus_sensors/local/lib/python3.10/dist-packages/vision/yolo_models/model_sim_low_res_openvino_model/model_sim_low_res.bin
[0.961s] -- Up-to-date: /home/nautilus/NautilusSW/nautilus_ws/install/nautilus_sensors/local/lib/python3.10/dist-packages/vision/yolo_models/model_sim_low_res_openvino_model/model_sim_low_res.xml
[0.961s] -- Up-to-date: /home/nautilus/NautilusSW/nautilus_ws/install/nautilus_sensors/local/lib/python3.10/dist-packages/vision/yolo_models/model_sim_low_res_openvino_model/metadata.yaml
[0.961s] -- Up-to-date: /home/nautilus/NautilusSW/nautilus_ws/install/nautilus_sensors/local/lib/python3.10/dist-packages/vision/yolo_models/model_sim_low_res.pt
[0.961s] -- Up-to-date: /home/nautilus/NautilusSW/nautilus_ws/install/nautilus_sensors/local/lib/python3.10/dist-packages/vision/yolo_models/best.pt
[0.962s] -- Up-to-date: /home/nautilus/NautilusSW/nautilus_ws/install/nautilus_sensors/local/lib/python3.10/dist-packages/vision/yolo_models/model_sim_openvino_model
[0.962s] -- Up-to-date: /home/nautilus/NautilusSW/nautilus_ws/install/nautilus_sensors/local/lib/python3.10/dist-packages/vision/yolo_models/model_sim_openvino_model/metadata.yaml
[0.962s] -- Up-to-date: /home/nautilus/NautilusSW/nautilus_ws/install/nautilus_sensors/local/lib/python3.10/dist-packages/vision/yolo_models/model_sim_openvino_model/model_sim.bin
[0.962s] -- Up-to-date: /home/nautilus/NautilusSW/nautilus_ws/install/nautilus_sensors/local/lib/python3.10/dist-packages/vision/yolo_models/model_sim_openvino_model/model_sim.xml
[0.962s] -- Up-to-date: /home/nautilus/NautilusSW/nautilus_ws/install/nautilus_sensors/local/lib/python3.10/dist-packages/vision/stream.py
[0.963s] -- Up-to-date: /home/nautilus/NautilusSW/nautilus_ws/install/nautilus_sensors/local/lib/python3.10/dist-packages/vision/Pixel_and_depth.py
[0.963s] -- Up-to-date: /home/nautilus/NautilusSW/nautilus_ws/install/nautilus_sensors/local/lib/python3.10/dist-packages/vision/__init__.py
[0.963s] -- Up-to-date: /home/nautilus/NautilusSW/nautilus_ws/install/nautilus_sensors/local/lib/python3.10/dist-packages/vision/Angle_between_object.py
[0.963s] -- Installing: /home/nautilus/NautilusSW/nautilus_ws/install/nautilus_sensors/local/lib/python3.10/dist-packages/vision/yolo_pipeline.py
[1.029s] Listing '/home/nautilus/NautilusSW/nautilus_ws/install/nautilus_sensors/local/lib/python3.10/dist-packages/vision'...
[1.029s] Listing '/home/nautilus/NautilusSW/nautilus_ws/install/nautilus_sensors/local/lib/python3.10/dist-packages/vision/yolo_models'...
[1.029s] Listing '/home/nautilus/NautilusSW/nautilus_ws/install/nautilus_sensors/local/lib/python3.10/dist-packages/vision/yolo_models/model_sim_low_res_openvino_model'...
[1.030s] Listing '/home/nautilus/NautilusSW/nautilus_ws/install/nautilus_sensors/local/lib/python3.10/dist-packages/vision/yolo_models/model_sim_openvino_model'...
[1.030s] Compiling '/home/nautilus/NautilusSW/nautilus_ws/install/nautilus_sensors/local/lib/python3.10/dist-packages/vision/yolo_pipeline.py'...
[1.039s] -- Up-to-date: /home/nautilus/NautilusSW/nautilus_ws/install/nautilus_sensors/lib/nautilus_sensors/fake_dvl
[1.039s] -- Up-to-date: /home/nautilus/NautilusSW/nautilus_ws/install/nautilus_sensors/lib/nautilus_sensors/dvl_sensor_node
[1.040s] -- Up-to-date: /home/nautilus/NautilusSW/nautilus_ws/install/nautilus_sensors/lib/nautilus_sensors/stream
[1.040s] -- Installing: /home/nautilus/NautilusSW/nautilus_ws/install/nautilus_sensors/lib/nautilus_sensors/yolo_pipeline
[1.040s] -- Up-to-date: /home/nautilus/NautilusSW/nautilus_ws/install/nautilus_sensors/share/nautilus_sensors/DVl
[1.041s] -- Up-to-date: /home/nautilus/NautilusSW/nautilus_ws/install/nautilus_sensors/share/nautilus_sensors/DVl/fake_dvl.py
[1.042s] -- Up-to-date: /home/nautilus/NautilusSW/nautilus_ws/install/nautilus_sensors/share/nautilus_sensors/DVl/README.md
[1.042s] -- Up-to-date: /home/nautilus/NautilusSW/nautilus_ws/install/nautilus_sensors/share/nautilus_sensors/DVl/dvl_sensor_node.py
[1.042s] -- Up-to-date: /home/nautilus/NautilusSW/nautilus_ws/install/nautilus_sensors/share/nautilus_sensors/DVl/__init__.py
[1.043s] -- Up-to-date: /home/nautilus/NautilusSW/nautilus_ws/install/nautilus_sensors/share/nautilus_sensors/vision
[1.043s] -- Up-to-date: /home/nautilus/NautilusSW/nautilus_ws/install/nautilus_sensors/share/nautilus_sensors/vision/yolo_models
[1.043s] -- Up-to-date: /home/nautilus/NautilusSW/nautilus_ws/install/nautilus_sensors/share/nautilus_sensors/vision/yolo_models/model_sim.pt
[1.044s] -- Up-to-date: /home/nautilus/NautilusSW/nautilus_ws/install/nautilus_sensors/share/nautilus_sensors/vision/yolo_models/Model_Realtime_18_mars.pt
[1.044s] -- Up-to-date: /home/nautilus/NautilusSW/nautilus_ws/install/nautilus_sensors/share/nautilus_sensors/vision/yolo_models/model_sim_low_res_openvino_model
[1.044s] -- Up-to-date: /home/nautilus/NautilusSW/nautilus_ws/install/nautilus_sensors/share/nautilus_sensors/vision/yolo_models/model_sim_low_res_openvino_model/model_sim_low_res.bin
[1.044s] -- Up-to-date: /home/nautilus/NautilusSW/nautilus_ws/install/nautilus_sensors/share/nautilus_sensors/vision/yolo_models/model_sim_low_res_openvino_model/model_sim_low_res.xml
[1.044s] -- Up-to-date: /home/nautilus/NautilusSW/nautilus_ws/install/nautilus_sensors/share/nautilus_sensors/vision/yolo_models/model_sim_low_res_openvino_model/metadata.yaml
[1.045s] -- Up-to-date: /home/nautilus/NautilusSW/nautilus_ws/install/nautilus_sensors/share/nautilus_sensors/vision/yolo_models/model_sim_low_res.pt
[1.045s] -- Up-to-date: /home/nautilus/NautilusSW/nautilus_ws/install/nautilus_sensors/share/nautilus_sensors/vision/yolo_models/best.pt
[1.045s] -- Up-to-date: /home/nautilus/NautilusSW/nautilus_ws/install/nautilus_sensors/share/nautilus_sensors/vision/yolo_models/model_sim_openvino_model
[1.045s] -- Up-to-date: /home/nautilus/NautilusSW/nautilus_ws/install/nautilus_sensors/share/nautilus_sensors/vision/yolo_models/model_sim_openvino_model/metadata.yaml
[1.046s] -- Up-to-date: /home/nautilus/NautilusSW/nautilus_ws/install/nautilus_sensors/share/nautilus_sensors/vision/yolo_models/model_sim_openvino_model/model_sim.bin
[1.046s] -- Up-to-date: /home/nautilus/NautilusSW/nautilus_ws/install/nautilus_sensors/share/nautilus_sensors/vision/yolo_models/model_sim_openvino_model/model_sim.xml
[1.046s] -- Up-to-date: /home/nautilus/NautilusSW/nautilus_ws/install/nautilus_sensors/share/nautilus_sensors/vision/stream.py
[1.046s] -- Up-to-date: /home/nautilus/NautilusSW/nautilus_ws/install/nautilus_sensors/share/nautilus_sensors/vision/Pixel_and_depth.py
[1.047s] -- Up-to-date: /home/nautilus/NautilusSW/nautilus_ws/install/nautilus_sensors/share/nautilus_sensors/vision/__init__.py
[1.047s] -- Up-to-date: /home/nautilus/NautilusSW/nautilus_ws/install/nautilus_sensors/share/nautilus_sensors/vision/Angle_between_object.py
[1.047s] -- Installing: /home/nautilus/NautilusSW/nautilus_ws/install/nautilus_sensors/share/nautilus_sensors/vision/yolo_pipeline.py
[1.047s] -- Up-to-date: /home/nautilus/NautilusSW/nautilus_ws/install/nautilus_sensors/share/nautilus_sensors/package.xml
[1.048s] -- Up-to-date: /home/nautilus/NautilusSW/nautilus_ws/install/nautilus_sensors/share/ament_index/resource_index/package_run_dependencies/nautilus_sensors
[1.049s] -- Up-to-date: /home/nautilus/NautilusSW/nautilus_ws/install/nautilus_sensors/share/ament_index/resource_index/parent_prefix_path/nautilus_sensors
[1.050s] -- Up-to-date: /home/nautilus/NautilusSW/nautilus_ws/install/nautilus_sensors/share/nautilus_sensors/environment/ament_prefix_path.sh
[1.051s] -- Up-to-date: /home/nautilus/NautilusSW/nautilus_ws/install/nautilus_sensors/share/nautilus_sensors/environment/ament_prefix_path.dsv
[1.051s] -- Up-to-date: /home/nautilus/NautilusSW/nautilus_ws/install/nautilus_sensors/share/nautilus_sensors/environment/path.sh
[1.051s] -- Up-to-date: /home/nautilus/NautilusSW/nautilus_ws/install/nautilus_sensors/share/nautilus_sensors/environment/path.dsv
[1.051s] -- Up-to-date: /home/nautilus/NautilusSW/nautilus_ws/install/nautilus_sensors/share/nautilus_sensors/local_setup.bash
[1.052s] -- Up-to-date: /home/nautilus/NautilusSW/nautilus_ws/install/nautilus_sensors/share/nautilus_sensors/local_setup.sh
[1.052s] -- Up-to-date: /home/nautilus/NautilusSW/nautilus_ws/install/nautilus_sensors/share/nautilus_sensors/local_setup.zsh
[1.052s] -- Up-to-date: /home/nautilus/NautilusSW/nautilus_ws/install/nautilus_sensors/share/nautilus_sensors/local_setup.dsv
[1.052s] -- Installing: /home/nautilus/NautilusSW/nautilus_ws/install/nautilus_sensors/share/nautilus_sensors/package.dsv
[1.053s] -- Up-to-date: /home/nautilus/NautilusSW/nautilus_ws/install/nautilus_sensors/share/ament_index/resource_index/packages/nautilus_sensors
[1.053s] -- Up-to-date: /home/nautilus/NautilusSW/nautilus_ws/install/nautilus_sensors/share/nautilus_sensors/cmake/nautilus_sensorsConfig.cmake
[1.056s] -- Up-to-date: /home/nautilus/NautilusSW/nautilus_ws/install/nautilus_sensors/share/nautilus_sensors/cmake/nautilus_sensorsConfig-version.cmake
[1.057s] -- Up-to-date: /home/nautilus/NautilusSW/nautilus_ws/install/nautilus_sensors/share/nautilus_sensors/package.xml
[1.057s] Invoked command in '/home/nautilus/NautilusSW/nautilus_ws/build/nautilus_sensors' returned '0': CMAKE_PREFIX_PATH=/home/nautilus/NautilusSW/nautilus_ws/install/nautilus_bringup:/home/nautilus/NautilusSW/nautilus_ws/install/nautilus_sensors:/home/nautilus/NautilusSW/nautilus_ws/install/nautilus_mission:/home/nautilus/NautilusSW/nautilus_ws/install/nautilus_controls:/opt/ros/humble /usr/bin/cmake --install /home/nautilus/NautilusSW/nautilus_ws/build/nautilus_sensors
