[0.734s] [34mcolcon[0m [1;30mDEBUG[0m [32mCommand line arguments: ['/usr/bin/colcon', 'build'][0m
[0.735s] [34mcolcon[0m [1;30mDEBUG[0m [32mParsed command line arguments: Namespace(log_base=None, log_level=None, verb_name='build', build_base='build', install_base='install', merge_install=False, symlink_install=False, test_result_base=None, continue_on_error=False, executor='parallel', parallel_workers=6, event_handlers=None, ignore_user_meta=False, metas=['./colcon.meta'], base_paths=['.'], packages_ignore=None, packages_ignore_regex=None, paths=None, packages_up_to=None, packages_up_to_regex=None, packages_above=None, packages_above_and_dependencies=None, packages_above_depth=None, packages_select_by_dep=None, packages_skip_by_dep=None, packages_skip_up_to=None, packages_select_build_failed=False, packages_skip_build_finished=False, packages_select_test_failures=False, packages_skip_test_passed=False, packages_select=None, packages_skip=None, packages_select_regex=None, packages_skip_regex=None, packages_start=None, packages_end=None, allow_overriding=[], cmake_args=None, cmake_target=None, cmake_target_skip_unavailable=False, cmake_clean_cache=False, cmake_clean_first=False, cmake_force_configure=False, ament_cmake_args=None, catkin_cmake_args=None, catkin_skip_building_tests=False, mixin_files=None, mixin=None, verb_parser=<colcon_mixin.mixin.mixin_argument.MixinArgumentDecorator object at 0xffffac2c1c60>, verb_extension=<colcon_core.verb.build.BuildVerb object at 0xffffac2c16f0>, main=<bound method BuildVerb.main of <colcon_core.verb.build.BuildVerb object at 0xffffac2c16f0>>, mixin_verb=('build',))[0m
[0.923s] [34mcolcon.colcon_core.package_discovery[0m [1;30mLevel 1[0m discover_packages(colcon_meta) check parameters
[0.923s] [34mcolcon.colcon_core.package_discovery[0m [1;30mLevel 1[0m discover_packages(recursive) check parameters
[0.923s] [34mcolcon.colcon_core.package_discovery[0m [1;30mLevel 1[0m discover_packages(ignore) check parameters
[0.923s] [34mcolcon.colcon_core.package_discovery[0m [1;30mLevel 1[0m discover_packages(path) check parameters
[0.924s] [34mcolcon.colcon_core.package_discovery[0m [1;30mLevel 1[0m discover_packages(colcon_meta) discover
[0.924s] [34mcolcon.colcon_core.package_discovery[0m [1;30mLevel 1[0m discover_packages(recursive) discover
[0.924s] [34mcolcon.colcon_core.package_discovery[0m [1;30mINFO[0m Crawling recursively for packages in '/home/nautilus/NautilusSW/nautilus_ws'
[0.924s] [34mcolcon.colcon_core.package_identification[0m [1;30mLevel 1[0m _identify(.) by extensions ['ignore', 'ignore_ament_install']
[0.925s] [34mcolcon.colcon_core.package_identification[0m [1;30mLevel 1[0m _identify(.) by extension 'ignore'
[0.925s] [34mcolcon.colcon_core.package_identification[0m [1;30mLevel 1[0m _identify(.) by extension 'ignore_ament_install'
[0.925s] [34mcolcon.colcon_core.package_identification[0m [1;30mLevel 1[0m _identify(.) by extensions ['colcon_pkg']
[0.925s] [34mcolcon.colcon_core.package_identification[0m [1;30mLevel 1[0m _identify(.) by extension 'colcon_pkg'
[0.925s] [34mcolcon.colcon_core.package_identification[0m [1;30mLevel 1[0m _identify(.) by extensions ['colcon_meta']
[0.925s] [34mcolcon.colcon_core.package_identification[0m [1;30mLevel 1[0m _identify(.) by extension 'colcon_meta'
[0.925s] [34mcolcon.colcon_core.package_identification[0m [1;30mLevel 1[0m _identify(.) by extensions ['ros']
[0.925s] [34mcolcon.colcon_core.package_identification[0m [1;30mLevel 1[0m _identify(.) by extension 'ros'
[0.961s] [34mcolcon.colcon_core.package_identification[0m [1;30mLevel 1[0m _identify(.) by extensions ['cmake', 'python']
[0.961s] [34mcolcon.colcon_core.package_identification[0m [1;30mLevel 1[0m _identify(.) by extension 'cmake'
[0.961s] [34mcolcon.colcon_core.package_identification[0m [1;30mLevel 1[0m _identify(.) by extension 'python'
[0.961s] [34mcolcon.colcon_core.package_identification[0m [1;30mLevel 1[0m _identify(.) by extensions ['python_setup_py']
[0.962s] [34mcolcon.colcon_core.package_identification[0m [1;30mLevel 1[0m _identify(.) by extension 'python_setup_py'
[0.962s] [34mcolcon.colcon_core.package_identification[0m [1;30mLevel 1[0m _identify(build) by extensions ['ignore', 'ignore_ament_install']
[0.962s] [34mcolcon.colcon_core.package_identification[0m [1;30mLevel 1[0m _identify(build) by extension 'ignore'
[0.962s] [34mcolcon.colcon_core.package_identification[0m [1;30mLevel 1[0m _identify(build) ignored
[0.963s] [34mcolcon.colcon_core.package_identification[0m [1;30mLevel 1[0m _identify(install) by extensions ['ignore', 'ignore_ament_install']
[0.963s] [34mcolcon.colcon_core.package_identification[0m [1;30mLevel 1[0m _identify(install) by extension 'ignore'
[0.963s] [34mcolcon.colcon_core.package_identification[0m [1;30mLevel 1[0m _identify(install) ignored
[0.963s] [34mcolcon.colcon_core.package_identification[0m [1;30mLevel 1[0m _identify(log) by extensions ['ignore', 'ignore_ament_install']
[0.963s] [34mcolcon.colcon_core.package_identification[0m [1;30mLevel 1[0m _identify(log) by extension 'ignore'
[0.963s] [34mcolcon.colcon_core.package_identification[0m [1;30mLevel 1[0m _identify(log) ignored
[0.964s] [34mcolcon.colcon_core.package_identification[0m [1;30mLevel 1[0m _identify(src) by extensions ['ignore', 'ignore_ament_install']
[0.964s] [34mcolcon.colcon_core.package_identification[0m [1;30mLevel 1[0m _identify(src) by extension 'ignore'
[0.964s] [34mcolcon.colcon_core.package_identification[0m [1;30mLevel 1[0m _identify(src) by extension 'ignore_ament_install'
[0.964s] [34mcolcon.colcon_core.package_identification[0m [1;30mLevel 1[0m _identify(src) by extensions ['colcon_pkg']
[0.964s] [34mcolcon.colcon_core.package_identification[0m [1;30mLevel 1[0m _identify(src) by extension 'colcon_pkg'
[0.964s] [34mcolcon.colcon_core.package_identification[0m [1;30mLevel 1[0m _identify(src) by extensions ['colcon_meta']
[0.964s] [34mcolcon.colcon_core.package_identification[0m [1;30mLevel 1[0m _identify(src) by extension 'colcon_meta'
[0.964s] [34mcolcon.colcon_core.package_identification[0m [1;30mLevel 1[0m _identify(src) by extensions ['ros']
[0.964s] [34mcolcon.colcon_core.package_identification[0m [1;30mLevel 1[0m _identify(src) by extension 'ros'
[0.965s] [34mcolcon.colcon_core.package_identification[0m [1;30mLevel 1[0m _identify(src) by extensions ['cmake', 'python']
[0.965s] [34mcolcon.colcon_core.package_identification[0m [1;30mLevel 1[0m _identify(src) by extension 'cmake'
[0.965s] [34mcolcon.colcon_core.package_identification[0m [1;30mLevel 1[0m _identify(src) by extension 'python'
[0.965s] [34mcolcon.colcon_core.package_identification[0m [1;30mLevel 1[0m _identify(src) by extensions ['python_setup_py']
[0.965s] [34mcolcon.colcon_core.package_identification[0m [1;30mLevel 1[0m _identify(src) by extension 'python_setup_py'
[0.966s] [34mcolcon.colcon_core.package_identification[0m [1;30mLevel 1[0m _identify(src/nautilus_bringup) by extensions ['ignore', 'ignore_ament_install']
[0.966s] [34mcolcon.colcon_core.package_identification[0m [1;30mLevel 1[0m _identify(src/nautilus_bringup) by extension 'ignore'
[0.966s] [34mcolcon.colcon_core.package_identification[0m [1;30mLevel 1[0m _identify(src/nautilus_bringup) by extension 'ignore_ament_install'
[0.966s] [34mcolcon.colcon_core.package_identification[0m [1;30mLevel 1[0m _identify(src/nautilus_bringup) by extensions ['colcon_pkg']
[0.966s] [34mcolcon.colcon_core.package_identification[0m [1;30mLevel 1[0m _identify(src/nautilus_bringup) by extension 'colcon_pkg'
[0.966s] [34mcolcon.colcon_core.package_identification[0m [1;30mLevel 1[0m _identify(src/nautilus_bringup) by extensions ['colcon_meta']
[0.966s] [34mcolcon.colcon_core.package_identification[0m [1;30mLevel 1[0m _identify(src/nautilus_bringup) by extension 'colcon_meta'
[0.967s] [34mcolcon.colcon_core.package_identification[0m [1;30mLevel 1[0m _identify(src/nautilus_bringup) by extensions ['ros']
[0.967s] [34mcolcon.colcon_core.package_identification[0m [1;30mLevel 1[0m _identify(src/nautilus_bringup) by extension 'ros'
[0.973s] [34mcolcon.colcon_core.package_identification[0m [1;30mDEBUG[0m [32mPackage 'src/nautilus_bringup' with type 'ros.ament_cmake' and name 'nautilus_bringup'[0m
[0.974s] [34mcolcon.colcon_core.package_identification[0m [1;30mLevel 1[0m _identify(src/nautilus_controls) by extensions ['ignore', 'ignore_ament_install']
[0.977s] [34mcolcon.colcon_core.package_identification[0m [1;30mLevel 1[0m _identify(src/nautilus_controls) by extension 'ignore'
[0.977s] [34mcolcon.colcon_core.package_identification[0m [1;30mLevel 1[0m _identify(src/nautilus_controls) by extension 'ignore_ament_install'
[0.977s] [34mcolcon.colcon_core.package_identification[0m [1;30mLevel 1[0m _identify(src/nautilus_controls) by extensions ['colcon_pkg']
[0.977s] [34mcolcon.colcon_core.package_identification[0m [1;30mLevel 1[0m _identify(src/nautilus_controls) by extension 'colcon_pkg'
[0.977s] [34mcolcon.colcon_core.package_identification[0m [1;30mLevel 1[0m _identify(src/nautilus_controls) by extensions ['colcon_meta']
[0.977s] [34mcolcon.colcon_core.package_identification[0m [1;30mLevel 1[0m _identify(src/nautilus_controls) by extension 'colcon_meta'
[0.978s] [34mcolcon.colcon_core.package_identification[0m [1;30mLevel 1[0m _identify(src/nautilus_controls) by extensions ['ros']
[0.978s] [34mcolcon.colcon_core.package_identification[0m [1;30mLevel 1[0m _identify(src/nautilus_controls) by extension 'ros'
[0.979s] [34mcolcon.colcon_core.package_identification[0m [1;30mDEBUG[0m [32mPackage 'src/nautilus_controls' with type 'ros.ament_cmake' and name 'nautilus_controls'[0m
[0.980s] [34mcolcon.colcon_core.package_identification[0m [1;30mLevel 1[0m _identify(src/nautilus_mission) by extensions ['ignore', 'ignore_ament_install']
[0.980s] [34mcolcon.colcon_core.package_identification[0m [1;30mLevel 1[0m _identify(src/nautilus_mission) by extension 'ignore'
[0.981s] [34mcolcon.colcon_core.package_identification[0m [1;30mLevel 1[0m _identify(src/nautilus_mission) by extension 'ignore_ament_install'
[0.981s] [34mcolcon.colcon_core.package_identification[0m [1;30mLevel 1[0m _identify(src/nautilus_mission) by extensions ['colcon_pkg']
[0.981s] [34mcolcon.colcon_core.package_identification[0m [1;30mLevel 1[0m _identify(src/nautilus_mission) by extension 'colcon_pkg'
[0.981s] [34mcolcon.colcon_core.package_identification[0m [1;30mLevel 1[0m _identify(src/nautilus_mission) by extensions ['colcon_meta']
[0.981s] [34mcolcon.colcon_core.package_identification[0m [1;30mLevel 1[0m _identify(src/nautilus_mission) by extension 'colcon_meta'
[0.981s] [34mcolcon.colcon_core.package_identification[0m [1;30mLevel 1[0m _identify(src/nautilus_mission) by extensions ['ros']
[0.981s] [34mcolcon.colcon_core.package_identification[0m [1;30mLevel 1[0m _identify(src/nautilus_mission) by extension 'ros'
[0.983s] [34mcolcon.colcon_core.package_identification[0m [1;30mDEBUG[0m [32mPackage 'src/nautilus_mission' with type 'ros.ament_cmake' and name 'nautilus_mission'[0m
[0.983s] [34mcolcon.colcon_core.package_identification[0m [1;30mLevel 1[0m _identify(src/nautilus_sensors) by extensions ['ignore', 'ignore_ament_install']
[0.984s] [34mcolcon.colcon_core.package_identification[0m [1;30mLevel 1[0m _identify(src/nautilus_sensors) by extension 'ignore'
[0.984s] [34mcolcon.colcon_core.package_identification[0m [1;30mLevel 1[0m _identify(src/nautilus_sensors) by extension 'ignore_ament_install'
[0.984s] [34mcolcon.colcon_core.package_identification[0m [1;30mLevel 1[0m _identify(src/nautilus_sensors) by extensions ['colcon_pkg']
[0.984s] [34mcolcon.colcon_core.package_identification[0m [1;30mLevel 1[0m _identify(src/nautilus_sensors) by extension 'colcon_pkg'
[0.984s] [34mcolcon.colcon_core.package_identification[0m [1;30mLevel 1[0m _identify(src/nautilus_sensors) by extensions ['colcon_meta']
[0.984s] [34mcolcon.colcon_core.package_identification[0m [1;30mLevel 1[0m _identify(src/nautilus_sensors) by extension 'colcon_meta'
[0.984s] [34mcolcon.colcon_core.package_identification[0m [1;30mLevel 1[0m _identify(src/nautilus_sensors) by extensions ['ros']
[0.984s] [34mcolcon.colcon_core.package_identification[0m [1;30mLevel 1[0m _identify(src/nautilus_sensors) by extension 'ros'
[0.986s] [34mcolcon.colcon_core.package_identification[0m [1;30mDEBUG[0m [32mPackage 'src/nautilus_sensors' with type 'ros.ament_cmake' and name 'nautilus_sensors'[0m
[0.986s] [34mcolcon.colcon_core.package_discovery[0m [1;30mLevel 1[0m discover_packages(recursive) using defaults
[0.986s] [34mcolcon.colcon_core.package_discovery[0m [1;30mLevel 1[0m discover_packages(ignore) discover
[0.986s] [34mcolcon.colcon_core.package_discovery[0m [1;30mLevel 1[0m discover_packages(ignore) using defaults
[0.986s] [34mcolcon.colcon_core.package_discovery[0m [1;30mLevel 1[0m discover_packages(path) discover
[0.987s] [34mcolcon.colcon_core.package_discovery[0m [1;30mLevel 1[0m discover_packages(path) using defaults
[1.038s] [34mcolcon.colcon_core.package_discovery[0m [1;30mLevel 1[0m discover_packages(prefix_path) check parameters
[1.038s] [34mcolcon.colcon_core.package_discovery[0m [1;30mLevel 1[0m discover_packages(prefix_path) discover
[1.045s] [34mcolcon.colcon_installed_package_information.package_discovery[0m [1;30mDEBUG[0m [32mFound 4 installed packages in /home/nautilus/NautilusSW/nautilus_ws/install[0m
[1.048s] [34mcolcon.colcon_installed_package_information.package_discovery[0m [1;30mDEBUG[0m [32mFound 273 installed packages in /opt/ros/humble[0m
[1.050s] [34mcolcon.colcon_core.package_discovery[0m [1;30mLevel 1[0m discover_packages(prefix_path) using defaults
[1.129s] [34mcolcon.colcon_core.verb[0m [1;30mLevel 5[0m set package 'nautilus_bringup' build argument 'cmake_args' from command line to 'None'
[1.129s] [34mcolcon.colcon_core.verb[0m [1;30mLevel 5[0m set package 'nautilus_bringup' build argument 'cmake_target' from command line to 'None'
[1.129s] [34mcolcon.colcon_core.verb[0m [1;30mLevel 5[0m set package 'nautilus_bringup' build argument 'cmake_target_skip_unavailable' from command line to 'False'
[1.129s] [34mcolcon.colcon_core.verb[0m [1;30mLevel 5[0m set package 'nautilus_bringup' build argument 'cmake_clean_cache' from command line to 'False'
[1.129s] [34mcolcon.colcon_core.verb[0m [1;30mLevel 5[0m set package 'nautilus_bringup' build argument 'cmake_clean_first' from command line to 'False'
[1.130s] [34mcolcon.colcon_core.verb[0m [1;30mLevel 5[0m set package 'nautilus_bringup' build argument 'cmake_force_configure' from command line to 'False'
[1.130s] [34mcolcon.colcon_core.verb[0m [1;30mLevel 5[0m set package 'nautilus_bringup' build argument 'ament_cmake_args' from command line to 'None'
[1.130s] [34mcolcon.colcon_core.verb[0m [1;30mLevel 5[0m set package 'nautilus_bringup' build argument 'catkin_cmake_args' from command line to 'None'
[1.130s] [34mcolcon.colcon_core.verb[0m [1;30mLevel 5[0m set package 'nautilus_bringup' build argument 'catkin_skip_building_tests' from command line to 'False'
[1.130s] [34mcolcon.colcon_core.verb[0m [1;30mDEBUG[0m [32mBuilding package 'nautilus_bringup' with the following arguments: {'ament_cmake_args': None, 'build_base': '/home/nautilus/NautilusSW/nautilus_ws/build/nautilus_bringup', 'catkin_cmake_args': None, 'catkin_skip_building_tests': False, 'cmake_args': None, 'cmake_clean_cache': False, 'cmake_clean_first': False, 'cmake_force_configure': False, 'cmake_target': None, 'cmake_target_skip_unavailable': False, 'install_base': '/home/nautilus/NautilusSW/nautilus_ws/install/nautilus_bringup', 'merge_install': False, 'path': '/home/nautilus/NautilusSW/nautilus_ws/src/nautilus_bringup', 'symlink_install': False, 'test_result_base': None}[0m
[1.130s] [34mcolcon.colcon_core.verb[0m [1;30mLevel 5[0m set package 'nautilus_controls' build argument 'cmake_args' from command line to 'None'
[1.130s] [34mcolcon.colcon_core.verb[0m [1;30mLevel 5[0m set package 'nautilus_controls' build argument 'cmake_target' from command line to 'None'
[1.130s] [34mcolcon.colcon_core.verb[0m [1;30mLevel 5[0m set package 'nautilus_controls' build argument 'cmake_target_skip_unavailable' from command line to 'False'
[1.131s] [34mcolcon.colcon_core.verb[0m [1;30mLevel 5[0m set package 'nautilus_controls' build argument 'cmake_clean_cache' from command line to 'False'
[1.131s] [34mcolcon.colcon_core.verb[0m [1;30mLevel 5[0m set package 'nautilus_controls' build argument 'cmake_clean_first' from command line to 'False'
[1.131s] [34mcolcon.colcon_core.verb[0m [1;30mLevel 5[0m set package 'nautilus_controls' build argument 'cmake_force_configure' from command line to 'False'
[1.131s] [34mcolcon.colcon_core.verb[0m [1;30mLevel 5[0m set package 'nautilus_controls' build argument 'ament_cmake_args' from command line to 'None'
[1.131s] [34mcolcon.colcon_core.verb[0m [1;30mLevel 5[0m set package 'nautilus_controls' build argument 'catkin_cmake_args' from command line to 'None'
[1.131s] [34mcolcon.colcon_core.verb[0m [1;30mLevel 5[0m set package 'nautilus_controls' build argument 'catkin_skip_building_tests' from command line to 'False'
[1.131s] [34mcolcon.colcon_core.verb[0m [1;30mDEBUG[0m [32mBuilding package 'nautilus_controls' with the following arguments: {'ament_cmake_args': None, 'build_base': '/home/nautilus/NautilusSW/nautilus_ws/build/nautilus_controls', 'catkin_cmake_args': None, 'catkin_skip_building_tests': False, 'cmake_args': None, 'cmake_clean_cache': False, 'cmake_clean_first': False, 'cmake_force_configure': False, 'cmake_target': None, 'cmake_target_skip_unavailable': False, 'install_base': '/home/nautilus/NautilusSW/nautilus_ws/install/nautilus_controls', 'merge_install': False, 'path': '/home/nautilus/NautilusSW/nautilus_ws/src/nautilus_controls', 'symlink_install': False, 'test_result_base': None}[0m
[1.131s] [34mcolcon.colcon_core.verb[0m [1;30mLevel 5[0m set package 'nautilus_mission' build argument 'cmake_args' from command line to 'None'
[1.131s] [34mcolcon.colcon_core.verb[0m [1;30mLevel 5[0m set package 'nautilus_mission' build argument 'cmake_target' from command line to 'None'
[1.131s] [34mcolcon.colcon_core.verb[0m [1;30mLevel 5[0m set package 'nautilus_mission' build argument 'cmake_target_skip_unavailable' from command line to 'False'
[1.131s] [34mcolcon.colcon_core.verb[0m [1;30mLevel 5[0m set package 'nautilus_mission' build argument 'cmake_clean_cache' from command line to 'False'
[1.132s] [34mcolcon.colcon_core.verb[0m [1;30mLevel 5[0m set package 'nautilus_mission' build argument 'cmake_clean_first' from command line to 'False'
[1.132s] [34mcolcon.colcon_core.verb[0m [1;30mLevel 5[0m set package 'nautilus_mission' build argument 'cmake_force_configure' from command line to 'False'
[1.132s] [34mcolcon.colcon_core.verb[0m [1;30mLevel 5[0m set package 'nautilus_mission' build argument 'ament_cmake_args' from command line to 'None'
[1.132s] [34mcolcon.colcon_core.verb[0m [1;30mLevel 5[0m set package 'nautilus_mission' build argument 'catkin_cmake_args' from command line to 'None'
[1.132s] [34mcolcon.colcon_core.verb[0m [1;30mLevel 5[0m set package 'nautilus_mission' build argument 'catkin_skip_building_tests' from command line to 'False'
[1.132s] [34mcolcon.colcon_core.verb[0m [1;30mDEBUG[0m [32mBuilding package 'nautilus_mission' with the following arguments: {'ament_cmake_args': None, 'build_base': '/home/nautilus/NautilusSW/nautilus_ws/build/nautilus_mission', 'catkin_cmake_args': None, 'catkin_skip_building_tests': False, 'cmake_args': None, 'cmake_clean_cache': False, 'cmake_clean_first': False, 'cmake_force_configure': False, 'cmake_target': None, 'cmake_target_skip_unavailable': False, 'install_base': '/home/nautilus/NautilusSW/nautilus_ws/install/nautilus_mission', 'merge_install': False, 'path': '/home/nautilus/NautilusSW/nautilus_ws/src/nautilus_mission', 'symlink_install': False, 'test_result_base': None}[0m
[1.132s] [34mcolcon.colcon_core.verb[0m [1;30mLevel 5[0m set package 'nautilus_sensors' build argument 'cmake_args' from command line to 'None'
[1.132s] [34mcolcon.colcon_core.verb[0m [1;30mLevel 5[0m set package 'nautilus_sensors' build argument 'cmake_target' from command line to 'None'
[1.132s] [34mcolcon.colcon_core.verb[0m [1;30mLevel 5[0m set package 'nautilus_sensors' build argument 'cmake_target_skip_unavailable' from command line to 'False'
[1.132s] [34mcolcon.colcon_core.verb[0m [1;30mLevel 5[0m set package 'nautilus_sensors' build argument 'cmake_clean_cache' from command line to 'False'
[1.132s] [34mcolcon.colcon_core.verb[0m [1;30mLevel 5[0m set package 'nautilus_sensors' build argument 'cmake_clean_first' from command line to 'False'
[1.133s] [34mcolcon.colcon_core.verb[0m [1;30mLevel 5[0m set package 'nautilus_sensors' build argument 'cmake_force_configure' from command line to 'False'
[1.133s] [34mcolcon.colcon_core.verb[0m [1;30mLevel 5[0m set package 'nautilus_sensors' build argument 'ament_cmake_args' from command line to 'None'
[1.133s] [34mcolcon.colcon_core.verb[0m [1;30mLevel 5[0m set package 'nautilus_sensors' build argument 'catkin_cmake_args' from command line to 'None'
[1.133s] [34mcolcon.colcon_core.verb[0m [1;30mLevel 5[0m set package 'nautilus_sensors' build argument 'catkin_skip_building_tests' from command line to 'False'
[1.133s] [34mcolcon.colcon_core.verb[0m [1;30mDEBUG[0m [32mBuilding package 'nautilus_sensors' with the following arguments: {'ament_cmake_args': None, 'build_base': '/home/nautilus/NautilusSW/nautilus_ws/build/nautilus_sensors', 'catkin_cmake_args': None, 'catkin_skip_building_tests': False, 'cmake_args': None, 'cmake_clean_cache': False, 'cmake_clean_first': False, 'cmake_force_configure': False, 'cmake_target': None, 'cmake_target_skip_unavailable': False, 'install_base': '/home/nautilus/NautilusSW/nautilus_ws/install/nautilus_sensors', 'merge_install': False, 'path': '/home/nautilus/NautilusSW/nautilus_ws/src/nautilus_sensors', 'symlink_install': False, 'test_result_base': None}[0m
[1.133s] [34mcolcon.colcon_core.executor[0m [1;30mINFO[0m Executing jobs using 'parallel' executor
[1.135s] [34mcolcon.colcon_parallel_executor.executor.parallel[0m [1;30mDEBUG[0m [32mrun_until_complete[0m
[1.136s] [34mcolcon.colcon_ros.task.ament_cmake.build[0m [1;30mINFO[0m Building ROS package in '/home/nautilus/NautilusSW/nautilus_ws/src/nautilus_bringup' with build type 'ament_cmake'
[1.136s] [34mcolcon.colcon_cmake.task.cmake.build[0m [1;30mINFO[0m Building CMake package in '/home/nautilus/NautilusSW/nautilus_ws/src/nautilus_bringup'
[1.147s] [34mcolcon.colcon_core.plugin_system[0m [1;30mINFO[0m Skipping extension 'colcon_core.shell.bat': Not used on non-Windows systems
[1.147s] [34mcolcon.colcon_core.shell[0m [1;30mINFO[0m Skip shell extension 'powershell' for command environment: Not usable outside of PowerShell
[1.147s] [34mcolcon.colcon_core.shell[0m [1;30mDEBUG[0m [32mSkip shell extension 'dsv' for command environment[0m
[1.155s] [34mcolcon.colcon_ros.task.ament_cmake.build[0m [1;30mINFO[0m Building ROS package in '/home/nautilus/NautilusSW/nautilus_ws/src/nautilus_controls' with build type 'ament_cmake'
[1.155s] [34mcolcon.colcon_cmake.task.cmake.build[0m [1;30mINFO[0m Building CMake package in '/home/nautilus/NautilusSW/nautilus_ws/src/nautilus_controls'
[1.155s] [34mcolcon.colcon_core.shell[0m [1;30mINFO[0m Skip shell extension 'powershell' for command environment: Not usable outside of PowerShell
[1.156s] [34mcolcon.colcon_core.shell[0m [1;30mDEBUG[0m [32mSkip shell extension 'dsv' for command environment[0m
[1.170s] [34mcolcon.colcon_core.event_handler.log_command[0m [1;30mDEBUG[0m [32mInvoking command in '/home/nautilus/NautilusSW/nautilus_ws/build/nautilus_bringup': CMAKE_PREFIX_PATH=${CMAKE_PREFIX_PATH}:/opt/ros/humble /usr/bin/cmake --build /home/nautilus/NautilusSW/nautilus_ws/build/nautilus_bringup -- -j6 -l6[0m
[1.215s] [34mcolcon.colcon_core.event_handler.log_command[0m [1;30mDEBUG[0m [32mInvoking command in '/home/nautilus/NautilusSW/nautilus_ws/build/nautilus_controls': CMAKE_PREFIX_PATH=${CMAKE_PREFIX_PATH}:/opt/ros/humble /usr/bin/cmake --build /home/nautilus/NautilusSW/nautilus_ws/build/nautilus_controls -- -j6 -l6[0m
[2.098s] [34mcolcon.colcon_core.event_handler.log_command[0m [1;30mDEBUG[0m [32mInvoked command in '/home/nautilus/NautilusSW/nautilus_ws/build/nautilus_controls' returned '0': CMAKE_PREFIX_PATH=${CMAKE_PREFIX_PATH}:/opt/ros/humble /usr/bin/cmake --build /home/nautilus/NautilusSW/nautilus_ws/build/nautilus_controls -- -j6 -l6[0m
[2.121s] [34mcolcon.colcon_core.event_handler.log_command[0m [1;30mDEBUG[0m [32mInvoking command in '/home/nautilus/NautilusSW/nautilus_ws/build/nautilus_controls': CMAKE_PREFIX_PATH=${CMAKE_PREFIX_PATH}:/opt/ros/humble /usr/bin/cmake --install /home/nautilus/NautilusSW/nautilus_ws/build/nautilus_controls[0m
[2.123s] [34mcolcon.colcon_core.event_handler.log_command[0m [1;30mDEBUG[0m [32mInvoked command in '/home/nautilus/NautilusSW/nautilus_ws/build/nautilus_bringup' returned '0': CMAKE_PREFIX_PATH=${CMAKE_PREFIX_PATH}:/opt/ros/humble /usr/bin/cmake --build /home/nautilus/NautilusSW/nautilus_ws/build/nautilus_bringup -- -j6 -l6[0m
[2.127s] [34mcolcon.colcon_core.event_handler.log_command[0m [1;30mDEBUG[0m [32mInvoking command in '/home/nautilus/NautilusSW/nautilus_ws/build/nautilus_bringup': CMAKE_PREFIX_PATH=${CMAKE_PREFIX_PATH}:/opt/ros/humble /usr/bin/cmake --install /home/nautilus/NautilusSW/nautilus_ws/build/nautilus_bringup[0m
[2.226s] [34mcolcon.colcon_core.environment[0m [1;30mLevel 1[0m create_environment_scripts_only(nautilus_controls)
[2.227s] [34mcolcon.colcon_core.event_handler.log_command[0m [1;30mDEBUG[0m [32mInvoked command in '/home/nautilus/NautilusSW/nautilus_ws/build/nautilus_controls' returned '0': CMAKE_PREFIX_PATH=${CMAKE_PREFIX_PATH}:/opt/ros/humble /usr/bin/cmake --install /home/nautilus/NautilusSW/nautilus_ws/build/nautilus_controls[0m
[2.240s] [34mcolcon.colcon_core.environment[0m [1;30mLevel 1[0m checking '/home/nautilus/NautilusSW/nautilus_ws/install/nautilus_controls' for CMake module files
[2.241s] [34mcolcon.colcon_core.environment[0m [1;30mLevel 1[0m checking '/home/nautilus/NautilusSW/nautilus_ws/install/nautilus_controls' for CMake config files
[2.242s] [34mcolcon.colcon_core.shell[0m [1;30mLevel 1[0m create_environment_hook('nautilus_controls', 'cmake_prefix_path')
[2.242s] [34mcolcon.colcon_core.shell[0m [1;30mINFO[0m Creating environment hook '/home/nautilus/NautilusSW/nautilus_ws/install/nautilus_controls/share/nautilus_controls/hook/cmake_prefix_path.ps1'
[2.244s] [34mcolcon.colcon_core.shell[0m [1;30mINFO[0m Creating environment descriptor '/home/nautilus/NautilusSW/nautilus_ws/install/nautilus_controls/share/nautilus_controls/hook/cmake_prefix_path.dsv'
[2.247s] [34mcolcon.colcon_core.shell[0m [1;30mINFO[0m Creating environment hook '/home/nautilus/NautilusSW/nautilus_ws/install/nautilus_controls/share/nautilus_controls/hook/cmake_prefix_path.sh'
[2.251s] [34mcolcon.colcon_core.environment[0m [1;30mLevel 1[0m checking '/home/nautilus/NautilusSW/nautilus_ws/install/nautilus_controls/lib'
[2.251s] [34mcolcon.colcon_core.environment[0m [1;30mLevel 1[0m checking '/home/nautilus/NautilusSW/nautilus_ws/install/nautilus_controls/bin'
[2.251s] [34mcolcon.colcon_core.environment[0m [1;30mLevel 1[0m checking '/home/nautilus/NautilusSW/nautilus_ws/install/nautilus_controls/lib/pkgconfig/nautilus_controls.pc'
[2.252s] [34mcolcon.colcon_core.environment[0m [1;30mLevel 1[0m checking '/home/nautilus/NautilusSW/nautilus_ws/install/nautilus_controls/lib/python3.10/site-packages'
[2.252s] [34mcolcon.colcon_core.environment[0m [1;30mLevel 1[0m checking '/home/nautilus/NautilusSW/nautilus_ws/install/nautilus_controls/bin'
[2.253s] [34mcolcon.colcon_core.shell[0m [1;30mINFO[0m Creating package script '/home/nautilus/NautilusSW/nautilus_ws/install/nautilus_controls/share/nautilus_controls/package.ps1'
[2.257s] [34mcolcon.colcon_core.shell[0m [1;30mINFO[0m Creating package descriptor '/home/nautilus/NautilusSW/nautilus_ws/install/nautilus_controls/share/nautilus_controls/package.dsv'
[2.260s] [34mcolcon.colcon_core.shell[0m [1;30mINFO[0m Creating package script '/home/nautilus/NautilusSW/nautilus_ws/install/nautilus_controls/share/nautilus_controls/package.sh'
[2.264s] [34mcolcon.colcon_core.shell[0m [1;30mINFO[0m Creating package script '/home/nautilus/NautilusSW/nautilus_ws/install/nautilus_controls/share/nautilus_controls/package.bash'
[2.270s] [34mcolcon.colcon_core.shell[0m [1;30mINFO[0m Creating package script '/home/nautilus/NautilusSW/nautilus_ws/install/nautilus_controls/share/nautilus_controls/package.zsh'
[2.275s] [34mcolcon.colcon_core.environment[0m [1;30mLevel 1[0m create_file_with_runtime_dependencies(/home/nautilus/NautilusSW/nautilus_ws/install/nautilus_controls/share/colcon-core/packages/nautilus_controls)
[2.277s] [34mcolcon.colcon_core.environment[0m [1;30mLevel 1[0m create_environment_scripts_only(nautilus_controls)
[2.277s] [34mcolcon.colcon_core.environment[0m [1;30mLevel 1[0m checking '/home/nautilus/NautilusSW/nautilus_ws/install/nautilus_controls' for CMake module files
[2.278s] [34mcolcon.colcon_core.environment[0m [1;30mLevel 1[0m checking '/home/nautilus/NautilusSW/nautilus_ws/install/nautilus_controls' for CMake config files
[2.279s] [34mcolcon.colcon_core.shell[0m [1;30mLevel 1[0m create_environment_hook('nautilus_controls', 'cmake_prefix_path')
[2.279s] [34mcolcon.colcon_core.shell[0m [1;30mINFO[0m Creating environment hook '/home/nautilus/NautilusSW/nautilus_ws/install/nautilus_controls/share/nautilus_controls/hook/cmake_prefix_path.ps1'
[2.280s] [34mcolcon.colcon_core.shell[0m [1;30mINFO[0m Creating environment descriptor '/home/nautilus/NautilusSW/nautilus_ws/install/nautilus_controls/share/nautilus_controls/hook/cmake_prefix_path.dsv'
[2.281s] [34mcolcon.colcon_core.shell[0m [1;30mINFO[0m Creating environment hook '/home/nautilus/NautilusSW/nautilus_ws/install/nautilus_controls/share/nautilus_controls/hook/cmake_prefix_path.sh'
[2.282s] [34mcolcon.colcon_core.environment[0m [1;30mLevel 1[0m checking '/home/nautilus/NautilusSW/nautilus_ws/install/nautilus_controls/lib'
[2.282s] [34mcolcon.colcon_core.environment[0m [1;30mLevel 1[0m checking '/home/nautilus/NautilusSW/nautilus_ws/install/nautilus_controls/bin'
[2.283s] [34mcolcon.colcon_core.environment[0m [1;30mLevel 1[0m checking '/home/nautilus/NautilusSW/nautilus_ws/install/nautilus_controls/lib/pkgconfig/nautilus_controls.pc'
[2.283s] [34mcolcon.colcon_core.environment[0m [1;30mLevel 1[0m checking '/home/nautilus/NautilusSW/nautilus_ws/install/nautilus_controls/lib/python3.10/site-packages'
[2.284s] [34mcolcon.colcon_core.environment[0m [1;30mLevel 1[0m checking '/home/nautilus/NautilusSW/nautilus_ws/install/nautilus_controls/bin'
[2.284s] [34mcolcon.colcon_core.shell[0m [1;30mINFO[0m Creating package script '/home/nautilus/NautilusSW/nautilus_ws/install/nautilus_controls/share/nautilus_controls/package.ps1'
[2.285s] [34mcolcon.colcon_core.shell[0m [1;30mINFO[0m Creating package descriptor '/home/nautilus/NautilusSW/nautilus_ws/install/nautilus_controls/share/nautilus_controls/package.dsv'
[2.286s] [34mcolcon.colcon_core.shell[0m [1;30mINFO[0m Creating package script '/home/nautilus/NautilusSW/nautilus_ws/install/nautilus_controls/share/nautilus_controls/package.sh'
[2.287s] [34mcolcon.colcon_core.shell[0m [1;30mINFO[0m Creating package script '/home/nautilus/NautilusSW/nautilus_ws/install/nautilus_controls/share/nautilus_controls/package.bash'
[2.288s] [34mcolcon.colcon_core.shell[0m [1;30mINFO[0m Creating package script '/home/nautilus/NautilusSW/nautilus_ws/install/nautilus_controls/share/nautilus_controls/package.zsh'
[2.289s] [34mcolcon.colcon_core.environment[0m [1;30mLevel 1[0m create_file_with_runtime_dependencies(/home/nautilus/NautilusSW/nautilus_ws/install/nautilus_controls/share/colcon-core/packages/nautilus_controls)
[2.290s] [34mcolcon.colcon_ros.task.ament_cmake.build[0m [1;30mINFO[0m Building ROS package in '/home/nautilus/NautilusSW/nautilus_ws/src/nautilus_mission' with build type 'ament_cmake'
[2.290s] [34mcolcon.colcon_cmake.task.cmake.build[0m [1;30mINFO[0m Building CMake package in '/home/nautilus/NautilusSW/nautilus_ws/src/nautilus_mission'
[2.291s] [34mcolcon.colcon_core.shell[0m [1;30mINFO[0m Skip shell extension 'powershell' for command environment: Not usable outside of PowerShell
[2.291s] [34mcolcon.colcon_core.shell[0m [1;30mDEBUG[0m [32mSkip shell extension 'dsv' for command environment[0m
[2.301s] [34mcolcon.colcon_core.environment[0m [1;30mLevel 1[0m create_environment_scripts_only(nautilus_bringup)
[2.301s] [34mcolcon.colcon_core.environment[0m [1;30mLevel 1[0m checking '/home/nautilus/NautilusSW/nautilus_ws/install/nautilus_bringup' for CMake module files
[2.302s] [34mcolcon.colcon_core.event_handler.log_command[0m [1;30mDEBUG[0m [32mInvoked command in '/home/nautilus/NautilusSW/nautilus_ws/build/nautilus_bringup' returned '0': CMAKE_PREFIX_PATH=${CMAKE_PREFIX_PATH}:/opt/ros/humble /usr/bin/cmake --install /home/nautilus/NautilusSW/nautilus_ws/build/nautilus_bringup[0m
[2.303s] [34mcolcon.colcon_core.environment[0m [1;30mLevel 1[0m checking '/home/nautilus/NautilusSW/nautilus_ws/install/nautilus_bringup' for CMake config files
[2.304s] [34mcolcon.colcon_core.shell[0m [1;30mLevel 1[0m create_environment_hook('nautilus_bringup', 'cmake_prefix_path')
[2.305s] [34mcolcon.colcon_core.shell[0m [1;30mINFO[0m Creating environment hook '/home/nautilus/NautilusSW/nautilus_ws/install/nautilus_bringup/share/nautilus_bringup/hook/cmake_prefix_path.ps1'
[2.306s] [34mcolcon.colcon_core.shell[0m [1;30mINFO[0m Creating environment descriptor '/home/nautilus/NautilusSW/nautilus_ws/install/nautilus_bringup/share/nautilus_bringup/hook/cmake_prefix_path.dsv'
[2.307s] [34mcolcon.colcon_core.shell[0m [1;30mINFO[0m Creating environment hook '/home/nautilus/NautilusSW/nautilus_ws/install/nautilus_bringup/share/nautilus_bringup/hook/cmake_prefix_path.sh'
[2.308s] [34mcolcon.colcon_core.environment[0m [1;30mLevel 1[0m checking '/home/nautilus/NautilusSW/nautilus_ws/install/nautilus_bringup/bin'
[2.308s] [34mcolcon.colcon_core.environment[0m [1;30mLevel 1[0m checking '/home/nautilus/NautilusSW/nautilus_ws/install/nautilus_bringup/lib/pkgconfig/nautilus_bringup.pc'
[2.309s] [34mcolcon.colcon_core.environment[0m [1;30mLevel 1[0m checking '/home/nautilus/NautilusSW/nautilus_ws/install/nautilus_bringup/lib/python3.10/site-packages'
[2.310s] [34mcolcon.colcon_core.environment[0m [1;30mLevel 1[0m checking '/home/nautilus/NautilusSW/nautilus_ws/install/nautilus_bringup/bin'
[2.310s] [34mcolcon.colcon_core.shell[0m [1;30mINFO[0m Creating package script '/home/nautilus/NautilusSW/nautilus_ws/install/nautilus_bringup/share/nautilus_bringup/package.ps1'
[2.312s] [34mcolcon.colcon_core.shell[0m [1;30mINFO[0m Creating package descriptor '/home/nautilus/NautilusSW/nautilus_ws/install/nautilus_bringup/share/nautilus_bringup/package.dsv'
[2.313s] [34mcolcon.colcon_core.shell[0m [1;30mINFO[0m Creating package script '/home/nautilus/NautilusSW/nautilus_ws/install/nautilus_bringup/share/nautilus_bringup/package.sh'
[2.313s] [34mcolcon.colcon_core.shell[0m [1;30mINFO[0m Creating package script '/home/nautilus/NautilusSW/nautilus_ws/install/nautilus_bringup/share/nautilus_bringup/package.bash'
[2.314s] [34mcolcon.colcon_core.shell[0m [1;30mINFO[0m Creating package script '/home/nautilus/NautilusSW/nautilus_ws/install/nautilus_bringup/share/nautilus_bringup/package.zsh'
[2.315s] [34mcolcon.colcon_core.environment[0m [1;30mLevel 1[0m create_file_with_runtime_dependencies(/home/nautilus/NautilusSW/nautilus_ws/install/nautilus_bringup/share/colcon-core/packages/nautilus_bringup)
[2.316s] [34mcolcon.colcon_core.environment[0m [1;30mLevel 1[0m create_environment_scripts_only(nautilus_bringup)
[2.317s] [34mcolcon.colcon_core.environment[0m [1;30mLevel 1[0m checking '/home/nautilus/NautilusSW/nautilus_ws/install/nautilus_bringup' for CMake module files
[2.318s] [34mcolcon.colcon_core.environment[0m [1;30mLevel 1[0m checking '/home/nautilus/NautilusSW/nautilus_ws/install/nautilus_bringup' for CMake config files
[2.319s] [34mcolcon.colcon_core.shell[0m [1;30mLevel 1[0m create_environment_hook('nautilus_bringup', 'cmake_prefix_path')
[2.319s] [34mcolcon.colcon_core.shell[0m [1;30mINFO[0m Creating environment hook '/home/nautilus/NautilusSW/nautilus_ws/install/nautilus_bringup/share/nautilus_bringup/hook/cmake_prefix_path.ps1'
[2.320s] [34mcolcon.colcon_core.shell[0m [1;30mINFO[0m Creating environment descriptor '/home/nautilus/NautilusSW/nautilus_ws/install/nautilus_bringup/share/nautilus_bringup/hook/cmake_prefix_path.dsv'
[2.321s] [34mcolcon.colcon_core.shell[0m [1;30mINFO[0m Creating environment hook '/home/nautilus/NautilusSW/nautilus_ws/install/nautilus_bringup/share/nautilus_bringup/hook/cmake_prefix_path.sh'
[2.322s] [34mcolcon.colcon_core.environment[0m [1;30mLevel 1[0m checking '/home/nautilus/NautilusSW/nautilus_ws/install/nautilus_bringup/bin'
[2.322s] [34mcolcon.colcon_core.environment[0m [1;30mLevel 1[0m checking '/home/nautilus/NautilusSW/nautilus_ws/install/nautilus_bringup/lib/pkgconfig/nautilus_bringup.pc'
[2.322s] [34mcolcon.colcon_core.environment[0m [1;30mLevel 1[0m checking '/home/nautilus/NautilusSW/nautilus_ws/install/nautilus_bringup/lib/python3.10/site-packages'
[2.323s] [34mcolcon.colcon_core.environment[0m [1;30mLevel 1[0m checking '/home/nautilus/NautilusSW/nautilus_ws/install/nautilus_bringup/bin'
[2.324s] [34mcolcon.colcon_core.shell[0m [1;30mINFO[0m Creating package script '/home/nautilus/NautilusSW/nautilus_ws/install/nautilus_bringup/share/nautilus_bringup/package.ps1'
[2.325s] [34mcolcon.colcon_core.shell[0m [1;30mINFO[0m Creating package descriptor '/home/nautilus/NautilusSW/nautilus_ws/install/nautilus_bringup/share/nautilus_bringup/package.dsv'
[2.326s] [34mcolcon.colcon_core.shell[0m [1;30mINFO[0m Creating package script '/home/nautilus/NautilusSW/nautilus_ws/install/nautilus_bringup/share/nautilus_bringup/package.sh'
[2.327s] [34mcolcon.colcon_core.shell[0m [1;30mINFO[0m Creating package script '/home/nautilus/NautilusSW/nautilus_ws/install/nautilus_bringup/share/nautilus_bringup/package.bash'
[2.328s] [34mcolcon.colcon_core.shell[0m [1;30mINFO[0m Creating package script '/home/nautilus/NautilusSW/nautilus_ws/install/nautilus_bringup/share/nautilus_bringup/package.zsh'
[2.328s] [34mcolcon.colcon_core.environment[0m [1;30mLevel 1[0m create_file_with_runtime_dependencies(/home/nautilus/NautilusSW/nautilus_ws/install/nautilus_bringup/share/colcon-core/packages/nautilus_bringup)
[2.330s] [34mcolcon.colcon_ros.task.ament_cmake.build[0m [1;30mINFO[0m Building ROS package in '/home/nautilus/NautilusSW/nautilus_ws/src/nautilus_sensors' with build type 'ament_cmake'
[2.331s] [34mcolcon.colcon_cmake.task.cmake.build[0m [1;30mINFO[0m Building CMake package in '/home/nautilus/NautilusSW/nautilus_ws/src/nautilus_sensors'
[2.331s] [34mcolcon.colcon_core.shell[0m [1;30mINFO[0m Skip shell extension 'powershell' for command environment: Not usable outside of PowerShell
[2.331s] [34mcolcon.colcon_core.shell[0m [1;30mDEBUG[0m [32mSkip shell extension 'dsv' for command environment[0m
[2.351s] [34mcolcon.colcon_core.event_handler.log_command[0m [1;30mDEBUG[0m [32mInvoking command in '/home/nautilus/NautilusSW/nautilus_ws/build/nautilus_mission': CMAKE_PREFIX_PATH=/home/nautilus/NautilusSW/nautilus_ws/install/nautilus_controls:/home/nautilus/NautilusSW/nautilus_ws/install/nautilus_sensors:/home/nautilus/NautilusSW/nautilus_ws/install/nautilus_mission:/home/nautilus/NautilusSW/nautilus_ws/install/nautilus_bringup:/opt/ros/humble /usr/bin/cmake --build /home/nautilus/NautilusSW/nautilus_ws/build/nautilus_mission -- -j6 -l6[0m
[2.357s] [34mcolcon.colcon_core.event_handler.log_command[0m [1;30mDEBUG[0m [32mInvoking command in '/home/nautilus/NautilusSW/nautilus_ws/build/nautilus_sensors': CMAKE_PREFIX_PATH=/home/nautilus/NautilusSW/nautilus_ws/install/nautilus_bringup:/home/nautilus/NautilusSW/nautilus_ws/install/nautilus_sensors:/home/nautilus/NautilusSW/nautilus_ws/install/nautilus_mission:/home/nautilus/NautilusSW/nautilus_ws/install/nautilus_controls:/opt/ros/humble /usr/bin/cmake --build /home/nautilus/NautilusSW/nautilus_ws/build/nautilus_sensors -- -j6 -l6[0m
[3.232s] [34mcolcon.colcon_core.event_handler.log_command[0m [1;30mDEBUG[0m [32mInvoked command in '/home/nautilus/NautilusSW/nautilus_ws/build/nautilus_mission' returned '0': CMAKE_PREFIX_PATH=/home/nautilus/NautilusSW/nautilus_ws/install/nautilus_controls:/home/nautilus/NautilusSW/nautilus_ws/install/nautilus_sensors:/home/nautilus/NautilusSW/nautilus_ws/install/nautilus_mission:/home/nautilus/NautilusSW/nautilus_ws/install/nautilus_bringup:/opt/ros/humble /usr/bin/cmake --build /home/nautilus/NautilusSW/nautilus_ws/build/nautilus_mission -- -j6 -l6[0m
[3.238s] [34mcolcon.colcon_core.event_handler.log_command[0m [1;30mDEBUG[0m [32mInvoking command in '/home/nautilus/NautilusSW/nautilus_ws/build/nautilus_mission': CMAKE_PREFIX_PATH=/home/nautilus/NautilusSW/nautilus_ws/install/nautilus_controls:/home/nautilus/NautilusSW/nautilus_ws/install/nautilus_sensors:/home/nautilus/NautilusSW/nautilus_ws/install/nautilus_mission:/home/nautilus/NautilusSW/nautilus_ws/install/nautilus_bringup:/opt/ros/humble /usr/bin/cmake --install /home/nautilus/NautilusSW/nautilus_ws/build/nautilus_mission[0m
[3.661s] [34mcolcon.colcon_core.environment[0m [1;30mLevel 1[0m create_environment_scripts_only(nautilus_mission)
[3.662s] [34mcolcon.colcon_core.environment[0m [1;30mLevel 1[0m checking '/home/nautilus/NautilusSW/nautilus_ws/install/nautilus_mission' for CMake module files
[3.663s] [34mcolcon.colcon_core.event_handler.log_command[0m [1;30mDEBUG[0m [32mInvoked command in '/home/nautilus/NautilusSW/nautilus_ws/build/nautilus_mission' returned '0': CMAKE_PREFIX_PATH=/home/nautilus/NautilusSW/nautilus_ws/install/nautilus_controls:/home/nautilus/NautilusSW/nautilus_ws/install/nautilus_sensors:/home/nautilus/NautilusSW/nautilus_ws/install/nautilus_mission:/home/nautilus/NautilusSW/nautilus_ws/install/nautilus_bringup:/opt/ros/humble /usr/bin/cmake --install /home/nautilus/NautilusSW/nautilus_ws/build/nautilus_mission[0m
[3.664s] [34mcolcon.colcon_core.environment[0m [1;30mLevel 1[0m checking '/home/nautilus/NautilusSW/nautilus_ws/install/nautilus_mission' for CMake config files
[3.665s] [34mcolcon.colcon_core.shell[0m [1;30mLevel 1[0m create_environment_hook('nautilus_mission', 'cmake_prefix_path')
[3.665s] [34mcolcon.colcon_core.shell[0m [1;30mINFO[0m Creating environment hook '/home/nautilus/NautilusSW/nautilus_ws/install/nautilus_mission/share/nautilus_mission/hook/cmake_prefix_path.ps1'
[3.666s] [34mcolcon.colcon_core.shell[0m [1;30mINFO[0m Creating environment descriptor '/home/nautilus/NautilusSW/nautilus_ws/install/nautilus_mission/share/nautilus_mission/hook/cmake_prefix_path.dsv'
[3.667s] [34mcolcon.colcon_core.shell[0m [1;30mINFO[0m Creating environment hook '/home/nautilus/NautilusSW/nautilus_ws/install/nautilus_mission/share/nautilus_mission/hook/cmake_prefix_path.sh'
[3.668s] [34mcolcon.colcon_core.environment[0m [1;30mLevel 1[0m checking '/home/nautilus/NautilusSW/nautilus_ws/install/nautilus_mission/lib'
[3.668s] [34mcolcon.colcon_core.environment[0m [1;30mLevel 1[0m checking '/home/nautilus/NautilusSW/nautilus_ws/install/nautilus_mission/bin'
[3.668s] [34mcolcon.colcon_core.environment[0m [1;30mLevel 1[0m checking '/home/nautilus/NautilusSW/nautilus_ws/install/nautilus_mission/lib/pkgconfig/nautilus_mission.pc'
[3.669s] [34mcolcon.colcon_core.environment[0m [1;30mLevel 1[0m checking '/home/nautilus/NautilusSW/nautilus_ws/install/nautilus_mission/lib/python3.10/site-packages'
[3.670s] [34mcolcon.colcon_core.environment[0m [1;30mLevel 1[0m checking '/home/nautilus/NautilusSW/nautilus_ws/install/nautilus_mission/bin'
[3.670s] [34mcolcon.colcon_core.shell[0m [1;30mINFO[0m Creating package script '/home/nautilus/NautilusSW/nautilus_ws/install/nautilus_mission/share/nautilus_mission/package.ps1'
[3.671s] [34mcolcon.colcon_core.shell[0m [1;30mINFO[0m Creating package descriptor '/home/nautilus/NautilusSW/nautilus_ws/install/nautilus_mission/share/nautilus_mission/package.dsv'
[3.672s] [34mcolcon.colcon_core.shell[0m [1;30mINFO[0m Creating package script '/home/nautilus/NautilusSW/nautilus_ws/install/nautilus_mission/share/nautilus_mission/package.sh'
[3.673s] [34mcolcon.colcon_core.shell[0m [1;30mINFO[0m Creating package script '/home/nautilus/NautilusSW/nautilus_ws/install/nautilus_mission/share/nautilus_mission/package.bash'
[3.674s] [34mcolcon.colcon_core.shell[0m [1;30mINFO[0m Creating package script '/home/nautilus/NautilusSW/nautilus_ws/install/nautilus_mission/share/nautilus_mission/package.zsh'
[3.674s] [34mcolcon.colcon_core.environment[0m [1;30mLevel 1[0m create_file_with_runtime_dependencies(/home/nautilus/NautilusSW/nautilus_ws/install/nautilus_mission/share/colcon-core/packages/nautilus_mission)
[3.675s] [34mcolcon.colcon_core.environment[0m [1;30mLevel 1[0m create_environment_scripts_only(nautilus_mission)
[3.676s] [34mcolcon.colcon_core.environment[0m [1;30mLevel 1[0m checking '/home/nautilus/NautilusSW/nautilus_ws/install/nautilus_mission' for CMake module files
[3.677s] [34mcolcon.colcon_core.environment[0m [1;30mLevel 1[0m checking '/home/nautilus/NautilusSW/nautilus_ws/install/nautilus_mission' for CMake config files
[3.678s] [34mcolcon.colcon_core.shell[0m [1;30mLevel 1[0m create_environment_hook('nautilus_mission', 'cmake_prefix_path')
[3.678s] [34mcolcon.colcon_core.shell[0m [1;30mINFO[0m Creating environment hook '/home/nautilus/NautilusSW/nautilus_ws/install/nautilus_mission/share/nautilus_mission/hook/cmake_prefix_path.ps1'
[3.679s] [34mcolcon.colcon_core.shell[0m [1;30mINFO[0m Creating environment descriptor '/home/nautilus/NautilusSW/nautilus_ws/install/nautilus_mission/share/nautilus_mission/hook/cmake_prefix_path.dsv'
[3.679s] [34mcolcon.colcon_core.shell[0m [1;30mINFO[0m Creating environment hook '/home/nautilus/NautilusSW/nautilus_ws/install/nautilus_mission/share/nautilus_mission/hook/cmake_prefix_path.sh'
[3.680s] [34mcolcon.colcon_core.environment[0m [1;30mLevel 1[0m checking '/home/nautilus/NautilusSW/nautilus_ws/install/nautilus_mission/lib'
[3.681s] [34mcolcon.colcon_core.environment[0m [1;30mLevel 1[0m checking '/home/nautilus/NautilusSW/nautilus_ws/install/nautilus_mission/bin'
[3.681s] [34mcolcon.colcon_core.environment[0m [1;30mLevel 1[0m checking '/home/nautilus/NautilusSW/nautilus_ws/install/nautilus_mission/lib/pkgconfig/nautilus_mission.pc'
[3.681s] [34mcolcon.colcon_core.environment[0m [1;30mLevel 1[0m checking '/home/nautilus/NautilusSW/nautilus_ws/install/nautilus_mission/lib/python3.10/site-packages'
[3.682s] [34mcolcon.colcon_core.environment[0m [1;30mLevel 1[0m checking '/home/nautilus/NautilusSW/nautilus_ws/install/nautilus_mission/bin'
[3.682s] [34mcolcon.colcon_core.shell[0m [1;30mINFO[0m Creating package script '/home/nautilus/NautilusSW/nautilus_ws/install/nautilus_mission/share/nautilus_mission/package.ps1'
[3.684s] [34mcolcon.colcon_core.shell[0m [1;30mINFO[0m Creating package descriptor '/home/nautilus/NautilusSW/nautilus_ws/install/nautilus_mission/share/nautilus_mission/package.dsv'
[3.684s] [34mcolcon.colcon_core.shell[0m [1;30mINFO[0m Creating package script '/home/nautilus/NautilusSW/nautilus_ws/install/nautilus_mission/share/nautilus_mission/package.sh'
[3.685s] [34mcolcon.colcon_core.shell[0m [1;30mINFO[0m Creating package script '/home/nautilus/NautilusSW/nautilus_ws/install/nautilus_mission/share/nautilus_mission/package.bash'
[3.686s] [34mcolcon.colcon_core.shell[0m [1;30mINFO[0m Creating package script '/home/nautilus/NautilusSW/nautilus_ws/install/nautilus_mission/share/nautilus_mission/package.zsh'
[3.687s] [34mcolcon.colcon_core.environment[0m [1;30mLevel 1[0m create_file_with_runtime_dependencies(/home/nautilus/NautilusSW/nautilus_ws/install/nautilus_mission/share/colcon-core/packages/nautilus_mission)
[3.811s] [34mcolcon.colcon_core.event_handler.log_command[0m [1;30mDEBUG[0m [32mInvoked command in '/home/nautilus/NautilusSW/nautilus_ws/build/nautilus_sensors' returned '0': CMAKE_PREFIX_PATH=/home/nautilus/NautilusSW/nautilus_ws/install/nautilus_bringup:/home/nautilus/NautilusSW/nautilus_ws/install/nautilus_sensors:/home/nautilus/NautilusSW/nautilus_ws/install/nautilus_mission:/home/nautilus/NautilusSW/nautilus_ws/install/nautilus_controls:/opt/ros/humble /usr/bin/cmake --build /home/nautilus/NautilusSW/nautilus_ws/build/nautilus_sensors -- -j6 -l6[0m
[3.818s] [34mcolcon.colcon_core.event_handler.log_command[0m [1;30mDEBUG[0m [32mInvoking command in '/home/nautilus/NautilusSW/nautilus_ws/build/nautilus_sensors': CMAKE_PREFIX_PATH=/home/nautilus/NautilusSW/nautilus_ws/install/nautilus_bringup:/home/nautilus/NautilusSW/nautilus_ws/install/nautilus_sensors:/home/nautilus/NautilusSW/nautilus_ws/install/nautilus_mission:/home/nautilus/NautilusSW/nautilus_ws/install/nautilus_controls:/opt/ros/humble /usr/bin/cmake --install /home/nautilus/NautilusSW/nautilus_ws/build/nautilus_sensors[0m
[4.030s] [34mcolcon.colcon_core.environment[0m [1;30mLevel 1[0m create_environment_scripts_only(nautilus_sensors)
[4.031s] [34mcolcon.colcon_core.environment[0m [1;30mLevel 1[0m checking '/home/nautilus/NautilusSW/nautilus_ws/install/nautilus_sensors' for CMake module files
[4.032s] [34mcolcon.colcon_core.event_handler.log_command[0m [1;30mDEBUG[0m [32mInvoked command in '/home/nautilus/NautilusSW/nautilus_ws/build/nautilus_sensors' returned '0': CMAKE_PREFIX_PATH=/home/nautilus/NautilusSW/nautilus_ws/install/nautilus_bringup:/home/nautilus/NautilusSW/nautilus_ws/install/nautilus_sensors:/home/nautilus/NautilusSW/nautilus_ws/install/nautilus_mission:/home/nautilus/NautilusSW/nautilus_ws/install/nautilus_controls:/opt/ros/humble /usr/bin/cmake --install /home/nautilus/NautilusSW/nautilus_ws/build/nautilus_sensors[0m
[4.034s] [34mcolcon.colcon_core.environment[0m [1;30mLevel 1[0m checking '/home/nautilus/NautilusSW/nautilus_ws/install/nautilus_sensors' for CMake config files
[4.037s] [34mcolcon.colcon_core.shell[0m [1;30mLevel 1[0m create_environment_hook('nautilus_sensors', 'cmake_prefix_path')
[4.039s] [34mcolcon.colcon_core.shell[0m [1;30mINFO[0m Creating environment hook '/home/nautilus/NautilusSW/nautilus_ws/install/nautilus_sensors/share/nautilus_sensors/hook/cmake_prefix_path.ps1'
[4.041s] [34mcolcon.colcon_core.shell[0m [1;30mINFO[0m Creating environment descriptor '/home/nautilus/NautilusSW/nautilus_ws/install/nautilus_sensors/share/nautilus_sensors/hook/cmake_prefix_path.dsv'
[4.042s] [34mcolcon.colcon_core.shell[0m [1;30mINFO[0m Creating environment hook '/home/nautilus/NautilusSW/nautilus_ws/install/nautilus_sensors/share/nautilus_sensors/hook/cmake_prefix_path.sh'
[4.043s] [34mcolcon.colcon_core.environment[0m [1;30mLevel 1[0m checking '/home/nautilus/NautilusSW/nautilus_ws/install/nautilus_sensors/lib'
[4.044s] [34mcolcon.colcon_core.environment[0m [1;30mLevel 1[0m checking '/home/nautilus/NautilusSW/nautilus_ws/install/nautilus_sensors/bin'
[4.044s] [34mcolcon.colcon_core.environment[0m [1;30mLevel 1[0m checking '/home/nautilus/NautilusSW/nautilus_ws/install/nautilus_sensors/lib/pkgconfig/nautilus_sensors.pc'
[4.045s] [34mcolcon.colcon_core.environment[0m [1;30mLevel 1[0m checking '/home/nautilus/NautilusSW/nautilus_ws/install/nautilus_sensors/lib/python3.10/site-packages'
[4.047s] [34mcolcon.colcon_core.environment[0m [1;30mLevel 1[0m checking '/home/nautilus/NautilusSW/nautilus_ws/install/nautilus_sensors/bin'
[4.048s] [34mcolcon.colcon_core.shell[0m [1;30mINFO[0m Creating package script '/home/nautilus/NautilusSW/nautilus_ws/install/nautilus_sensors/share/nautilus_sensors/package.ps1'
[4.050s] [34mcolcon.colcon_core.shell[0m [1;30mINFO[0m Creating package descriptor '/home/nautilus/NautilusSW/nautilus_ws/install/nautilus_sensors/share/nautilus_sensors/package.dsv'
[4.051s] [34mcolcon.colcon_core.shell[0m [1;30mINFO[0m Creating package script '/home/nautilus/NautilusSW/nautilus_ws/install/nautilus_sensors/share/nautilus_sensors/package.sh'
[4.052s] [34mcolcon.colcon_core.shell[0m [1;30mINFO[0m Creating package script '/home/nautilus/NautilusSW/nautilus_ws/install/nautilus_sensors/share/nautilus_sensors/package.bash'
[4.054s] [34mcolcon.colcon_core.shell[0m [1;30mINFO[0m Creating package script '/home/nautilus/NautilusSW/nautilus_ws/install/nautilus_sensors/share/nautilus_sensors/package.zsh'
[4.055s] [34mcolcon.colcon_core.environment[0m [1;30mLevel 1[0m create_file_with_runtime_dependencies(/home/nautilus/NautilusSW/nautilus_ws/install/nautilus_sensors/share/colcon-core/packages/nautilus_sensors)
[4.057s] [34mcolcon.colcon_core.environment[0m [1;30mLevel 1[0m create_environment_scripts_only(nautilus_sensors)
[4.058s] [34mcolcon.colcon_core.environment[0m [1;30mLevel 1[0m checking '/home/nautilus/NautilusSW/nautilus_ws/install/nautilus_sensors' for CMake module files
[4.060s] [34mcolcon.colcon_core.environment[0m [1;30mLevel 1[0m checking '/home/nautilus/NautilusSW/nautilus_ws/install/nautilus_sensors' for CMake config files
[4.062s] [34mcolcon.colcon_core.shell[0m [1;30mLevel 1[0m create_environment_hook('nautilus_sensors', 'cmake_prefix_path')
[4.063s] [34mcolcon.colcon_core.shell[0m [1;30mINFO[0m Creating environment hook '/home/nautilus/NautilusSW/nautilus_ws/install/nautilus_sensors/share/nautilus_sensors/hook/cmake_prefix_path.ps1'
[4.065s] [34mcolcon.colcon_core.shell[0m [1;30mINFO[0m Creating environment descriptor '/home/nautilus/NautilusSW/nautilus_ws/install/nautilus_sensors/share/nautilus_sensors/hook/cmake_prefix_path.dsv'
[4.066s] [34mcolcon.colcon_core.shell[0m [1;30mINFO[0m Creating environment hook '/home/nautilus/NautilusSW/nautilus_ws/install/nautilus_sensors/share/nautilus_sensors/hook/cmake_prefix_path.sh'
[4.068s] [34mcolcon.colcon_core.environment[0m [1;30mLevel 1[0m checking '/home/nautilus/NautilusSW/nautilus_ws/install/nautilus_sensors/lib'
[4.068s] [34mcolcon.colcon_core.environment[0m [1;30mLevel 1[0m checking '/home/nautilus/NautilusSW/nautilus_ws/install/nautilus_sensors/bin'
[4.069s] [34mcolcon.colcon_core.environment[0m [1;30mLevel 1[0m checking '/home/nautilus/NautilusSW/nautilus_ws/install/nautilus_sensors/lib/pkgconfig/nautilus_sensors.pc'
[4.070s] [34mcolcon.colcon_core.environment[0m [1;30mLevel 1[0m checking '/home/nautilus/NautilusSW/nautilus_ws/install/nautilus_sensors/lib/python3.10/site-packages'
[4.071s] [34mcolcon.colcon_core.environment[0m [1;30mLevel 1[0m checking '/home/nautilus/NautilusSW/nautilus_ws/install/nautilus_sensors/bin'
[4.072s] [34mcolcon.colcon_core.shell[0m [1;30mINFO[0m Creating package script '/home/nautilus/NautilusSW/nautilus_ws/install/nautilus_sensors/share/nautilus_sensors/package.ps1'
[4.075s] [34mcolcon.colcon_core.shell[0m [1;30mINFO[0m Creating package descriptor '/home/nautilus/NautilusSW/nautilus_ws/install/nautilus_sensors/share/nautilus_sensors/package.dsv'
[4.077s] [34mcolcon.colcon_core.shell[0m [1;30mINFO[0m Creating package script '/home/nautilus/NautilusSW/nautilus_ws/install/nautilus_sensors/share/nautilus_sensors/package.sh'
[4.078s] [34mcolcon.colcon_core.shell[0m [1;30mINFO[0m Creating package script '/home/nautilus/NautilusSW/nautilus_ws/install/nautilus_sensors/share/nautilus_sensors/package.bash'
[4.080s] [34mcolcon.colcon_core.shell[0m [1;30mINFO[0m Creating package script '/home/nautilus/NautilusSW/nautilus_ws/install/nautilus_sensors/share/nautilus_sensors/package.zsh'
[4.082s] [34mcolcon.colcon_core.environment[0m [1;30mLevel 1[0m create_file_with_runtime_dependencies(/home/nautilus/NautilusSW/nautilus_ws/install/nautilus_sensors/share/colcon-core/packages/nautilus_sensors)
[4.083s] [34mcolcon.colcon_parallel_executor.executor.parallel[0m [1;30mDEBUG[0m [32mclosing loop[0m
[4.084s] [34mcolcon.colcon_parallel_executor.executor.parallel[0m [1;30mDEBUG[0m [32mloop closed[0m
[4.084s] [34mcolcon.colcon_parallel_executor.executor.parallel[0m [1;30mDEBUG[0m [32mrun_until_complete finished with '0'[0m
[4.084s] [34mcolcon.colcon_core.event_reactor[0m [1;30mDEBUG[0m [32mjoining thread[0m
[4.102s] [34mcolcon.colcon_core.plugin_system[0m [1;30mINFO[0m Skipping extension 'colcon_notification.desktop_notification.terminal_notifier': Not used on non-Darwin systems
[4.103s] [34mcolcon.colcon_core.plugin_system[0m [1;30mINFO[0m Skipping extension 'colcon_notification.desktop_notification.win32': Not used on non-Windows systems
[4.103s] [34mcolcon.colcon_notification.desktop_notification[0m [1;30mINFO[0m Sending desktop notification using 'notify2'
[4.166s] [34mcolcon.colcon_core.event_reactor[0m [1;30mDEBUG[0m [32mjoined thread[0m
[4.167s] [34mcolcon.colcon_core.shell[0m [1;30mINFO[0m Creating prefix script '/home/nautilus/NautilusSW/nautilus_ws/install/local_setup.ps1'
[4.170s] [34mcolcon.colcon_core.shell[0m [1;30mINFO[0m Creating prefix util module '/home/nautilus/NautilusSW/nautilus_ws/install/_local_setup_util_ps1.py'
[4.176s] [34mcolcon.colcon_core.shell[0m [1;30mINFO[0m Creating prefix chain script '/home/nautilus/NautilusSW/nautilus_ws/install/setup.ps1'
[4.180s] [34mcolcon.colcon_core.shell[0m [1;30mINFO[0m Creating prefix script '/home/nautilus/NautilusSW/nautilus_ws/install/local_setup.sh'
[4.184s] [34mcolcon.colcon_core.shell[0m [1;30mINFO[0m Creating prefix util module '/home/nautilus/NautilusSW/nautilus_ws/install/_local_setup_util_sh.py'
[4.185s] [34mcolcon.colcon_core.shell[0m [1;30mINFO[0m Creating prefix chain script '/home/nautilus/NautilusSW/nautilus_ws/install/setup.sh'
[4.192s] [34mcolcon.colcon_core.shell[0m [1;30mINFO[0m Creating prefix script '/home/nautilus/NautilusSW/nautilus_ws/install/local_setup.bash'
[4.248s] [34mcolcon.colcon_core.shell[0m [1;30mINFO[0m Creating prefix chain script '/home/nautilus/NautilusSW/nautilus_ws/install/setup.bash'
[4.252s] [34mcolcon.colcon_core.shell[0m [1;30mINFO[0m Creating prefix script '/home/nautilus/NautilusSW/nautilus_ws/install/local_setup.zsh'
[4.254s] [34mcolcon.colcon_core.shell[0m [1;30mINFO[0m Creating prefix chain script '/home/nautilus/NautilusSW/nautilus_ws/install/setup.zsh'
