[0.348s] Invoking command in '/home/devs/NautilusSW/nautilus_ws/build/nautilus_bringup': CMAKE_PREFIX_PATH=${CMAKE_PREFIX_PATH}:/home/devs/ardu_ws/install/ardupilot_dds_tests:/opt/ros/humble VIRTUAL_ENV_PROMPT=(nautilus_venv) /usr/bin/cmake --build /home/devs/NautilusSW/nautilus_ws/build/nautilus_bringup -- -j4 -l4
[1.221s] Invoked command in '/home/devs/NautilusSW/nautilus_ws/build/nautilus_bringup' returned '0': CMAKE_PREFIX_PATH=${CMAKE_PREFIX_PATH}:/home/devs/ardu_ws/install/ardupilot_dds_tests:/opt/ros/humble VIRTUAL_ENV_PROMPT=(nautilus_venv) /usr/bin/cmake --build /home/devs/NautilusSW/nautilus_ws/build/nautilus_bringup -- -j4 -l4
[1.366s] Invoking command in '/home/devs/NautilusSW/nautilus_ws/build/nautilus_bringup': CMAKE_PREFIX_PATH=${CMAKE_PREFIX_PATH}:/home/devs/ardu_ws/install/ardupilot_dds_tests:/opt/ros/humble VIRTUAL_ENV_PROMPT=(nautilus_venv) /usr/bin/cmake --install /home/devs/NautilusSW/nautilus_ws/build/nautilus_bringup
[1.530s] -- Install configuration: ""
[1.530s] -- Up-to-date: /home/devs/NautilusSW/nautilus_ws/install/nautilus_bringup/share/nautilus_bringup/launch
[1.538s] -- Installing: /home/devs/NautilusSW/nautilus_ws/install/nautilus_bringup/share/nautilus_bringup/launch/nautilus.launch.py
[1.542s] -- Up-to-date: /home/devs/NautilusSW/nautilus_ws/install/nautilus_bringup/share/nautilus_bringup/launch/robots
[1.542s] -- Up-to-date: /home/devs/NautilusSW/nautilus_ws/install/nautilus_bringup/share/nautilus_bringup/launch/robots/nautilus_auv.launch.py
[1.543s] -- Up-to-date: /home/devs/NautilusSW/nautilus_ws/install/nautilus_bringup/share/nautilus_bringup/config
[1.543s] -- Up-to-date: /home/devs/NautilusSW/nautilus_ws/install/nautilus_bringup/share/nautilus_bringup/config/nautilus_auv_bridge.yaml
[1.543s] -- Up-to-date: /home/devs/NautilusSW/nautilus_ws/install/nautilus_bringup/share/nautilus_bringup/nautilus_auv
[1.543s] -- Up-to-date: /home/devs/NautilusSW/nautilus_ws/install/nautilus_bringup/share/nautilus_bringup/nautilus_auv/BlueRov2.urdf
[1.543s] -- Up-to-date: /home/devs/NautilusSW/nautilus_ws/install/nautilus_bringup/share/nautilus_bringup/nautilus_auv/Part
[1.543s] -- Up-to-date: /home/devs/NautilusSW/nautilus_ws/install/nautilus_bringup/share/nautilus_bringup/nautilus_auv/Part/DepthSensor
[1.543s] -- Up-to-date: /home/devs/NautilusSW/nautilus_ws/install/nautilus_bringup/share/nautilus_bringup/nautilus_auv/Part/DepthSensor/DepthSensor.urdf.xacro
[1.569s] -- Up-to-date: /home/devs/NautilusSW/nautilus_ws/install/nautilus_bringup/share/nautilus_bringup/nautilus_auv/Part/IMU
[1.573s] -- Up-to-date: /home/devs/NautilusSW/nautilus_ws/install/nautilus_bringup/share/nautilus_bringup/nautilus_auv/Part/IMU/IMU.urdf.xacro
[1.574s] -- Up-to-date: /home/devs/NautilusSW/nautilus_ws/install/nautilus_bringup/share/nautilus_bringup/nautilus_auv/Part/Camera
[1.574s] -- Up-to-date: /home/devs/NautilusSW/nautilus_ws/install/nautilus_bringup/share/nautilus_bringup/nautilus_auv/Part/Camera/CameraMonoDepth.urdf.xacro
[1.574s] -- Up-to-date: /home/devs/NautilusSW/nautilus_ws/install/nautilus_bringup/share/nautilus_bringup/nautilus_auv/Part/Camera/CameraStereo.urdf.xacro
[1.574s] -- Up-to-date: /home/devs/NautilusSW/nautilus_ws/install/nautilus_bringup/share/nautilus_bringup/nautilus_auv/Part/Camera/Camera.urdf.xacro
[1.574s] -- Up-to-date: /home/devs/NautilusSW/nautilus_ws/install/nautilus_bringup/share/nautilus_bringup/nautilus_auv/Part/Camera/CameraDepth.urdf.xacro
[1.595s] -- Up-to-date: /home/devs/NautilusSW/nautilus_ws/install/nautilus_bringup/share/nautilus_bringup/nautilus_auv/Part/P3D
[1.595s] -- Up-to-date: /home/devs/NautilusSW/nautilus_ws/install/nautilus_bringup/share/nautilus_bringup/nautilus_auv/Part/P3D/P3D.urdf.xacro
[1.605s] -- Up-to-date: /home/devs/NautilusSW/nautilus_ws/install/nautilus_bringup/share/nautilus_bringup/nautilus_auv/Part/Thruster
[1.618s] -- Up-to-date: /home/devs/NautilusSW/nautilus_ws/install/nautilus_bringup/share/nautilus_bringup/nautilus_auv/Part/Thruster/T200.urdf.xacro
[1.619s] -- Up-to-date: /home/devs/NautilusSW/nautilus_ws/install/nautilus_bringup/share/nautilus_bringup/nautilus_auv/Part/DVL
[1.620s] -- Up-to-date: /home/devs/NautilusSW/nautilus_ws/install/nautilus_bringup/share/nautilus_bringup/nautilus_auv/Part/DVL/DVL.urdf.xacro
[1.620s] -- Up-to-date: /home/devs/NautilusSW/nautilus_ws/install/nautilus_bringup/share/nautilus_bringup/nautilus_auv/BlueRov2.sdf
[1.620s] -- Up-to-date: /home/devs/NautilusSW/nautilus_ws/install/nautilus_bringup/share/nautilus_bringup/nautilus_auv/BlueRov2.urdf.xacro
[1.620s] -- Up-to-date: /home/devs/NautilusSW/nautilus_ws/install/nautilus_bringup/share/nautilus_bringup/worlds
[1.620s] -- Up-to-date: /home/devs/NautilusSW/nautilus_ws/install/nautilus_bringup/share/nautilus_bringup/worlds/terrain.sdf
[1.620s] -- Up-to-date: /home/devs/NautilusSW/nautilus_ws/install/nautilus_bringup/share/nautilus_bringup/worlds/wildthumper_playpen.sdf
[1.620s] -- Up-to-date: /home/devs/NautilusSW/nautilus_ws/install/nautilus_bringup/share/nautilus_bringup/worlds/artisticHouse.world
[1.620s] -- Up-to-date: /home/devs/NautilusSW/nautilus_ws/install/nautilus_bringup/share/nautilus_bringup/worlds/underwater.world
[1.620s] -- Up-to-date: /home/devs/NautilusSW/nautilus_ws/install/nautilus_bringup/share/nautilus_bringup/worlds/iris_maze.sdf
[1.620s] -- Up-to-date: /home/devs/NautilusSW/nautilus_ws/install/nautilus_bringup/share/nautilus_bringup/worlds/terrain.dae
[1.620s] -- Up-to-date: /home/devs/NautilusSW/nautilus_ws/install/nautilus_bringup/share/nautilus_bringup/worlds/pool_corner.world
[1.620s] -- Up-to-date: /home/devs/NautilusSW/nautilus_ws/install/nautilus_bringup/share/nautilus_bringup/worlds/iris_runway.sdf
[1.621s] -- Up-to-date: /home/devs/NautilusSW/nautilus_ws/install/nautilus_bringup/share/ament_index/resource_index/package_run_dependencies/nautilus_bringup
[1.621s] -- Up-to-date: /home/devs/NautilusSW/nautilus_ws/install/nautilus_bringup/share/ament_index/resource_index/parent_prefix_path/nautilus_bringup
[1.621s] -- Up-to-date: /home/devs/NautilusSW/nautilus_ws/install/nautilus_bringup/share/nautilus_bringup/environment/ament_prefix_path.sh
[1.651s] -- Up-to-date: /home/devs/NautilusSW/nautilus_ws/install/nautilus_bringup/share/nautilus_bringup/environment/ament_prefix_path.dsv
[1.661s] -- Up-to-date: /home/devs/NautilusSW/nautilus_ws/install/nautilus_bringup/share/nautilus_bringup/environment/path.sh
[1.675s] -- Up-to-date: /home/devs/NautilusSW/nautilus_ws/install/nautilus_bringup/share/nautilus_bringup/environment/path.dsv
[1.675s] -- Up-to-date: /home/devs/NautilusSW/nautilus_ws/install/nautilus_bringup/share/nautilus_bringup/local_setup.bash
[1.681s] -- Up-to-date: /home/devs/NautilusSW/nautilus_ws/install/nautilus_bringup/share/nautilus_bringup/local_setup.sh
[1.686s] -- Up-to-date: /home/devs/NautilusSW/nautilus_ws/install/nautilus_bringup/share/nautilus_bringup/local_setup.zsh
[1.686s] -- Up-to-date: /home/devs/NautilusSW/nautilus_ws/install/nautilus_bringup/share/nautilus_bringup/local_setup.dsv
[1.686s] -- Installing: /home/devs/NautilusSW/nautilus_ws/install/nautilus_bringup/share/nautilus_bringup/package.dsv
[1.686s] -- Up-to-date: /home/devs/NautilusSW/nautilus_ws/install/nautilus_bringup/share/ament_index/resource_index/packages/nautilus_bringup
[1.686s] -- Up-to-date: /home/devs/NautilusSW/nautilus_ws/install/nautilus_bringup/share/nautilus_bringup/cmake/nautilus_bringupConfig.cmake
[1.686s] -- Up-to-date: /home/devs/NautilusSW/nautilus_ws/install/nautilus_bringup/share/nautilus_bringup/cmake/nautilus_bringupConfig-version.cmake
[1.686s] -- Up-to-date: /home/devs/NautilusSW/nautilus_ws/install/nautilus_bringup/share/nautilus_bringup/package.xml
[1.710s] Invoked command in '/home/devs/NautilusSW/nautilus_ws/build/nautilus_bringup' returned '0': CMAKE_PREFIX_PATH=${CMAKE_PREFIX_PATH}:/home/devs/ardu_ws/install/ardupilot_dds_tests:/opt/ros/humble VIRTUAL_ENV_PROMPT=(nautilus_venv) /usr/bin/cmake --install /home/devs/NautilusSW/nautilus_ws/build/nautilus_bringup
