[0.598s] DEBUG:colcon:Command line arguments: ['/usr/bin/colcon', 'build']
[0.598s] DEBUG:colcon:Parsed command line arguments: Namespace(log_base=None, log_level=None, verb_name='build', build_base='build', install_base='install', merge_install=False, symlink_install=False, test_result_base=None, continue_on_error=False, executor='parallel', parallel_workers=2, event_handlers=None, ignore_user_meta=False, metas=['./colcon.meta'], base_paths=['.'], packages_ignore=None, packages_ignore_regex=None, paths=None, packages_up_to=None, packages_up_to_regex=None, packages_above=None, packages_above_and_dependencies=None, packages_above_depth=None, packages_select_by_dep=None, packages_skip_by_dep=None, packages_skip_up_to=None, packages_select_build_failed=False, packages_skip_build_finished=False, packages_select_test_failures=False, packages_skip_test_passed=False, packages_select=None, packages_skip=None, packages_select_regex=None, packages_skip_regex=None, packages_start=None, packages_end=None, allow_overriding=[], cmake_args=None, cmake_target=None, cmake_target_skip_unavailable=False, cmake_clean_cache=False, cmake_clean_first=False, cmake_force_configure=False, ament_cmake_args=None, catkin_cmake_args=None, catkin_skip_building_tests=False, mixin_files=None, mixin=None, verb_parser=<colcon_mixin.mixin.mixin_argument.MixinArgumentDecorator object at 0x754dca43e590>, verb_extension=<colcon_core.verb.build.BuildVerb object at 0x754dca56b580>, main=<bound method BuildVerb.main of <colcon_core.verb.build.BuildVerb object at 0x754dca56b580>>, mixin_verb=('build',))
[1.104s] Level 1:colcon.colcon_core.package_discovery:discover_packages(colcon_meta) check parameters
[1.105s] Level 1:colcon.colcon_core.package_discovery:discover_packages(recursive) check parameters
[1.105s] Level 1:colcon.colcon_core.package_discovery:discover_packages(ignore) check parameters
[1.105s] Level 1:colcon.colcon_core.package_discovery:discover_packages(path) check parameters
[1.105s] Level 1:colcon.colcon_core.package_discovery:discover_packages(colcon_meta) discover
[1.105s] Level 1:colcon.colcon_core.package_discovery:discover_packages(recursive) discover
[1.105s] INFO:colcon.colcon_core.package_discovery:Crawling recursively for packages in '/home/xavier/ros2_ws'
[1.105s] Level 1:colcon.colcon_core.package_identification:_identify(.) by extensions ['ignore', 'ignore_ament_install']
[1.105s] Level 1:colcon.colcon_core.package_identification:_identify(.) by extension 'ignore'
[1.105s] Level 1:colcon.colcon_core.package_identification:_identify(.) by extension 'ignore_ament_install'
[1.105s] Level 1:colcon.colcon_core.package_identification:_identify(.) by extensions ['colcon_pkg']
[1.105s] Level 1:colcon.colcon_core.package_identification:_identify(.) by extension 'colcon_pkg'
[1.105s] Level 1:colcon.colcon_core.package_identification:_identify(.) by extensions ['colcon_meta']
[1.105s] Level 1:colcon.colcon_core.package_identification:_identify(.) by extension 'colcon_meta'
[1.105s] Level 1:colcon.colcon_core.package_identification:_identify(.) by extensions ['ros']
[1.105s] Level 1:colcon.colcon_core.package_identification:_identify(.) by extension 'ros'
[1.135s] Level 1:colcon.colcon_core.package_identification:_identify(.) by extensions ['cmake', 'python']
[1.135s] Level 1:colcon.colcon_core.package_identification:_identify(.) by extension 'cmake'
[1.136s] Level 1:colcon.colcon_core.package_identification:_identify(.) by extension 'python'
[1.136s] Level 1:colcon.colcon_core.package_identification:_identify(.) by extensions ['python_setup_py']
[1.136s] Level 1:colcon.colcon_core.package_identification:_identify(.) by extension 'python_setup_py'
[1.136s] Level 1:colcon.colcon_core.package_identification:_identify(build) by extensions ['ignore', 'ignore_ament_install']
[1.136s] Level 1:colcon.colcon_core.package_identification:_identify(build) by extension 'ignore'
[1.136s] Level 1:colcon.colcon_core.package_identification:_identify(build) ignored
[1.136s] Level 1:colcon.colcon_core.package_identification:_identify(install) by extensions ['ignore', 'ignore_ament_install']
[1.136s] Level 1:colcon.colcon_core.package_identification:_identify(install) by extension 'ignore'
[1.136s] Level 1:colcon.colcon_core.package_identification:_identify(install) ignored
[1.137s] Level 1:colcon.colcon_core.package_identification:_identify(log) by extensions ['ignore', 'ignore_ament_install']
[1.137s] Level 1:colcon.colcon_core.package_identification:_identify(log) by extension 'ignore'
[1.137s] Level 1:colcon.colcon_core.package_identification:_identify(log) ignored
[1.137s] Level 1:colcon.colcon_core.package_identification:_identify(src) by extensions ['ignore', 'ignore_ament_install']
[1.137s] Level 1:colcon.colcon_core.package_identification:_identify(src) by extension 'ignore'
[1.137s] Level 1:colcon.colcon_core.package_identification:_identify(src) by extension 'ignore_ament_install'
[1.137s] Level 1:colcon.colcon_core.package_identification:_identify(src) by extensions ['colcon_pkg']
[1.137s] Level 1:colcon.colcon_core.package_identification:_identify(src) by extension 'colcon_pkg'
[1.138s] Level 1:colcon.colcon_core.package_identification:_identify(src) by extensions ['colcon_meta']
[1.138s] Level 1:colcon.colcon_core.package_identification:_identify(src) by extension 'colcon_meta'
[1.138s] Level 1:colcon.colcon_core.package_identification:_identify(src) by extensions ['ros']
[1.138s] Level 1:colcon.colcon_core.package_identification:_identify(src) by extension 'ros'
[1.138s] Level 1:colcon.colcon_core.package_identification:_identify(src) by extensions ['cmake', 'python']
[1.138s] Level 1:colcon.colcon_core.package_identification:_identify(src) by extension 'cmake'
[1.138s] Level 1:colcon.colcon_core.package_identification:_identify(src) by extension 'python'
[1.138s] Level 1:colcon.colcon_core.package_identification:_identify(src) by extensions ['python_setup_py']
[1.139s] Level 1:colcon.colcon_core.package_identification:_identify(src) by extension 'python_setup_py'
[1.139s] Level 1:colcon.colcon_core.package_identification:_identify(src/build) by extensions ['ignore', 'ignore_ament_install']
[1.140s] Level 1:colcon.colcon_core.package_identification:_identify(src/build) by extension 'ignore'
[1.140s] Level 1:colcon.colcon_core.package_identification:_identify(src/build) ignored
[1.141s] Level 1:colcon.colcon_core.package_identification:_identify(src/install) by extensions ['ignore', 'ignore_ament_install']
[1.141s] Level 1:colcon.colcon_core.package_identification:_identify(src/install) by extension 'ignore'
[1.141s] Level 1:colcon.colcon_core.package_identification:_identify(src/install) ignored
[1.142s] Level 1:colcon.colcon_core.package_identification:_identify(src/log) by extensions ['ignore', 'ignore_ament_install']
[1.142s] Level 1:colcon.colcon_core.package_identification:_identify(src/log) by extension 'ignore'
[1.143s] Level 1:colcon.colcon_core.package_identification:_identify(src/log) ignored
[1.144s] Level 1:colcon.colcon_core.package_identification:_identify(src/submarine_sim) by extensions ['ignore', 'ignore_ament_install']
[1.144s] Level 1:colcon.colcon_core.package_identification:_identify(src/submarine_sim) by extension 'ignore'
[1.144s] Level 1:colcon.colcon_core.package_identification:_identify(src/submarine_sim) by extension 'ignore_ament_install'
[1.144s] Level 1:colcon.colcon_core.package_identification:_identify(src/submarine_sim) by extensions ['colcon_pkg']
[1.144s] Level 1:colcon.colcon_core.package_identification:_identify(src/submarine_sim) by extension 'colcon_pkg'
[1.145s] Level 1:colcon.colcon_core.package_identification:_identify(src/submarine_sim) by extensions ['colcon_meta']
[1.145s] Level 1:colcon.colcon_core.package_identification:_identify(src/submarine_sim) by extension 'colcon_meta'
[1.145s] Level 1:colcon.colcon_core.package_identification:_identify(src/submarine_sim) by extensions ['ros']
[1.145s] Level 1:colcon.colcon_core.package_identification:_identify(src/submarine_sim) by extension 'ros'
[1.153s] DEBUG:colcon.colcon_core.package_identification:Package 'src/submarine_sim' with type 'ros.ament_python' and name 'submarine_sim'
[1.153s] Level 1:colcon.colcon_core.package_discovery:discover_packages(recursive) using defaults
[1.153s] Level 1:colcon.colcon_core.package_discovery:discover_packages(ignore) discover
[1.153s] Level 1:colcon.colcon_core.package_discovery:discover_packages(ignore) using defaults
[1.153s] Level 1:colcon.colcon_core.package_discovery:discover_packages(path) discover
[1.153s] Level 1:colcon.colcon_core.package_discovery:discover_packages(path) using defaults
[1.280s] Level 1:colcon.colcon_core.package_discovery:discover_packages(prefix_path) check parameters
[1.280s] Level 1:colcon.colcon_core.package_discovery:discover_packages(prefix_path) discover
[1.292s] DEBUG:colcon.colcon_installed_package_information.package_discovery:Found 1 installed packages in /home/xavier/ros2_ws/install
[1.298s] DEBUG:colcon.colcon_installed_package_information.package_discovery:Found 295 installed packages in /opt/ros/humble
[1.301s] Level 1:colcon.colcon_core.package_discovery:discover_packages(prefix_path) using defaults
[1.416s] Level 5:colcon.colcon_core.verb:set package 'submarine_sim' build argument 'cmake_args' from command line to 'None'
[1.416s] Level 5:colcon.colcon_core.verb:set package 'submarine_sim' build argument 'cmake_target' from command line to 'None'
[1.416s] Level 5:colcon.colcon_core.verb:set package 'submarine_sim' build argument 'cmake_target_skip_unavailable' from command line to 'False'
[1.416s] Level 5:colcon.colcon_core.verb:set package 'submarine_sim' build argument 'cmake_clean_cache' from command line to 'False'
[1.416s] Level 5:colcon.colcon_core.verb:set package 'submarine_sim' build argument 'cmake_clean_first' from command line to 'False'
[1.416s] Level 5:colcon.colcon_core.verb:set package 'submarine_sim' build argument 'cmake_force_configure' from command line to 'False'
[1.416s] Level 5:colcon.colcon_core.verb:set package 'submarine_sim' build argument 'ament_cmake_args' from command line to 'None'
[1.416s] Level 5:colcon.colcon_core.verb:set package 'submarine_sim' build argument 'catkin_cmake_args' from command line to 'None'
[1.416s] Level 5:colcon.colcon_core.verb:set package 'submarine_sim' build argument 'catkin_skip_building_tests' from command line to 'False'
[1.416s] DEBUG:colcon.colcon_core.verb:Building package 'submarine_sim' with the following arguments: {'ament_cmake_args': None, 'build_base': '/home/xavier/ros2_ws/build/submarine_sim', 'catkin_cmake_args': None, 'catkin_skip_building_tests': False, 'cmake_args': None, 'cmake_clean_cache': False, 'cmake_clean_first': False, 'cmake_force_configure': False, 'cmake_target': None, 'cmake_target_skip_unavailable': False, 'install_base': '/home/xavier/ros2_ws/install/submarine_sim', 'merge_install': False, 'path': '/home/xavier/ros2_ws/src/submarine_sim', 'symlink_install': False, 'test_result_base': None}
[1.416s] INFO:colcon.colcon_core.executor:Executing jobs using 'parallel' executor
[1.418s] DEBUG:colcon.colcon_parallel_executor.executor.parallel:run_until_complete
[1.418s] INFO:colcon.colcon_ros.task.ament_python.build:Building ROS package in '/home/xavier/ros2_ws/src/submarine_sim' with build type 'ament_python'
[1.418s] Level 1:colcon.colcon_core.shell:create_environment_hook('submarine_sim', 'ament_prefix_path')
[1.432s] INFO:colcon.colcon_core.plugin_system:Skipping extension 'colcon_core.shell.bat': Not used on non-Windows systems
[1.433s] INFO:colcon.colcon_core.shell:Creating environment hook '/home/xavier/ros2_ws/install/submarine_sim/share/submarine_sim/hook/ament_prefix_path.ps1'
[1.436s] INFO:colcon.colcon_core.shell:Creating environment descriptor '/home/xavier/ros2_ws/install/submarine_sim/share/submarine_sim/hook/ament_prefix_path.dsv'
[1.438s] INFO:colcon.colcon_core.shell:Creating environment hook '/home/xavier/ros2_ws/install/submarine_sim/share/submarine_sim/hook/ament_prefix_path.sh'
[1.440s] INFO:colcon.colcon_core.shell:Skip shell extension 'powershell' for command environment: Not usable outside of PowerShell
[1.440s] DEBUG:colcon.colcon_core.shell:Skip shell extension 'dsv' for command environment
[2.456s] WARNING:colcon.colcon_ros.task.ament_python.build:Package 'submarine_sim' doesn't explicitly install a marker in the package index (colcon-ros currently does it implicitly but that fallback will be removed in the future)
[2.464s] INFO:colcon.colcon_core.task.python.build:Building Python package in '/home/xavier/ros2_ws/src/submarine_sim'
[2.465s] INFO:colcon.colcon_core.shell:Skip shell extension 'powershell' for command environment: Not usable outside of PowerShell
[2.467s] DEBUG:colcon.colcon_core.shell:Skip shell extension 'dsv' for command environment
[3.703s] DEBUG:colcon.colcon_core.event_handler.log_command:Invoking command in '/home/xavier/ros2_ws/build/submarine_sim': PYTHONPATH=/home/xavier/ros2_ws/build/submarine_sim/prefix_override:/usr/lib/python3/dist-packages/colcon_core/task/python/colcon_distutils_commands:/home/xavier/ros2_ws/install/submarine_sim/lib/python3.10/site-packages:${PYTHONPATH} /usr/bin/python3 -W ignore:setup.py install is deprecated -W ignore:easy_install command is deprecated setup.py develop --uninstall --editable --build-directory /home/xavier/ros2_ws/build/submarine_sim/build
[5.191s] DEBUG:colcon.colcon_core.event_handler.log_command:Invoked command in '/home/xavier/ros2_ws/build/submarine_sim' returned '0': PYTHONPATH=/home/xavier/ros2_ws/build/submarine_sim/prefix_override:/usr/lib/python3/dist-packages/colcon_core/task/python/colcon_distutils_commands:/home/xavier/ros2_ws/install/submarine_sim/lib/python3.10/site-packages:${PYTHONPATH} /usr/bin/python3 -W ignore:setup.py install is deprecated -W ignore:easy_install command is deprecated setup.py develop --uninstall --editable --build-directory /home/xavier/ros2_ws/build/submarine_sim/build
[5.199s] DEBUG:colcon.colcon_core.event_handler.log_command:Invoking command in '/home/xavier/ros2_ws/src/submarine_sim': PYTHONPATH=/home/xavier/ros2_ws/build/submarine_sim/prefix_override:/usr/lib/python3/dist-packages/colcon_core/task/python/colcon_distutils_commands:/home/xavier/ros2_ws/install/submarine_sim/lib/python3.10/site-packages:${PYTHONPATH} /usr/bin/python3 -W ignore:setup.py install is deprecated -W ignore:easy_install command is deprecated setup.py egg_info --egg-base ../../build/submarine_sim build --build-base /home/xavier/ros2_ws/build/submarine_sim/build install --record /home/xavier/ros2_ws/build/submarine_sim/install.log --single-version-externally-managed install_data --force
[6.193s] DEBUG:colcon.colcon_core.event_handler.log_command:Invoked command in '/home/xavier/ros2_ws/src/submarine_sim' returned '0': PYTHONPATH=/home/xavier/ros2_ws/build/submarine_sim/prefix_override:/usr/lib/python3/dist-packages/colcon_core/task/python/colcon_distutils_commands:/home/xavier/ros2_ws/install/submarine_sim/lib/python3.10/site-packages:${PYTHONPATH} /usr/bin/python3 -W ignore:setup.py install is deprecated -W ignore:easy_install command is deprecated setup.py egg_info --egg-base ../../build/submarine_sim build --build-base /home/xavier/ros2_ws/build/submarine_sim/build install --record /home/xavier/ros2_ws/build/submarine_sim/install.log --single-version-externally-managed install_data --force
[6.216s] Level 1:colcon.colcon_core.environment:checking '/home/xavier/ros2_ws/install/submarine_sim' for CMake module files
[6.217s] Level 1:colcon.colcon_core.environment:checking '/home/xavier/ros2_ws/install/submarine_sim' for CMake config files
[6.221s] Level 1:colcon.colcon_core.environment:checking '/home/xavier/ros2_ws/install/submarine_sim/lib'
[6.221s] Level 1:colcon.colcon_core.environment:checking '/home/xavier/ros2_ws/install/submarine_sim/bin'
[6.221s] Level 1:colcon.colcon_core.environment:checking '/home/xavier/ros2_ws/install/submarine_sim/lib/pkgconfig/submarine_sim.pc'
[6.222s] Level 1:colcon.colcon_core.environment:checking '/home/xavier/ros2_ws/install/submarine_sim/lib/python3.10/site-packages'
[6.222s] Level 1:colcon.colcon_core.shell:create_environment_hook('submarine_sim', 'pythonpath')
[6.222s] INFO:colcon.colcon_core.shell:Creating environment hook '/home/xavier/ros2_ws/install/submarine_sim/share/submarine_sim/hook/pythonpath.ps1'
[6.225s] INFO:colcon.colcon_core.shell:Creating environment descriptor '/home/xavier/ros2_ws/install/submarine_sim/share/submarine_sim/hook/pythonpath.dsv'
[6.227s] INFO:colcon.colcon_core.shell:Creating environment hook '/home/xavier/ros2_ws/install/submarine_sim/share/submarine_sim/hook/pythonpath.sh'
[6.228s] Level 1:colcon.colcon_core.environment:checking '/home/xavier/ros2_ws/install/submarine_sim/bin'
[6.228s] Level 1:colcon.colcon_core.environment:create_environment_scripts_only(submarine_sim)
[6.229s] INFO:colcon.colcon_core.shell:Creating package script '/home/xavier/ros2_ws/install/submarine_sim/share/submarine_sim/package.ps1'
[6.231s] INFO:colcon.colcon_core.shell:Creating package descriptor '/home/xavier/ros2_ws/install/submarine_sim/share/submarine_sim/package.dsv'
[6.233s] INFO:colcon.colcon_core.shell:Creating package script '/home/xavier/ros2_ws/install/submarine_sim/share/submarine_sim/package.sh'
[6.238s] INFO:colcon.colcon_core.shell:Creating package script '/home/xavier/ros2_ws/install/submarine_sim/share/submarine_sim/package.bash'
[6.242s] INFO:colcon.colcon_core.shell:Creating package script '/home/xavier/ros2_ws/install/submarine_sim/share/submarine_sim/package.zsh'
[6.246s] Level 1:colcon.colcon_core.environment:create_file_with_runtime_dependencies(/home/xavier/ros2_ws/install/submarine_sim/share/colcon-core/packages/submarine_sim)
[6.248s] DEBUG:colcon.colcon_parallel_executor.executor.parallel:closing loop
[6.248s] DEBUG:colcon.colcon_parallel_executor.executor.parallel:loop closed
[6.248s] DEBUG:colcon.colcon_parallel_executor.executor.parallel:run_until_complete finished with '0'
[6.248s] DEBUG:colcon.colcon_core.event_reactor:joining thread
[6.293s] INFO:colcon.colcon_core.plugin_system:Skipping extension 'colcon_notification.desktop_notification.terminal_notifier': Not used on non-Darwin systems
[6.294s] INFO:colcon.colcon_core.plugin_system:Skipping extension 'colcon_notification.desktop_notification.win32': Not used on non-Windows systems
[6.294s] INFO:colcon.colcon_notification.desktop_notification:Sending desktop notification using 'notify2'
[6.545s] DEBUG:colcon.colcon_core.event_reactor:joined thread
[6.547s] INFO:colcon.colcon_core.shell:Creating prefix script '/home/xavier/ros2_ws/install/local_setup.ps1'
[6.552s] INFO:colcon.colcon_core.shell:Creating prefix util module '/home/xavier/ros2_ws/install/_local_setup_util_ps1.py'
[6.555s] INFO:colcon.colcon_core.shell:Creating prefix chain script '/home/xavier/ros2_ws/install/setup.ps1'
[6.559s] INFO:colcon.colcon_core.shell:Creating prefix script '/home/xavier/ros2_ws/install/local_setup.sh'
[6.562s] INFO:colcon.colcon_core.shell:Creating prefix util module '/home/xavier/ros2_ws/install/_local_setup_util_sh.py'
[6.564s] INFO:colcon.colcon_core.shell:Creating prefix chain script '/home/xavier/ros2_ws/install/setup.sh'
[6.566s] INFO:colcon.colcon_core.shell:Creating prefix script '/home/xavier/ros2_ws/install/local_setup.bash'
[6.568s] INFO:colcon.colcon_core.shell:Creating prefix chain script '/home/xavier/ros2_ws/install/setup.bash'
[6.569s] INFO:colcon.colcon_core.shell:Creating prefix script '/home/xavier/ros2_ws/install/local_setup.zsh'
[6.571s] INFO:colcon.colcon_core.shell:Creating prefix chain script '/home/xavier/ros2_ws/install/setup.zsh'
