[0.986s] Invoking command in '/home/devs/NautilusSW/nautilus_ws/src/mavlink_bridge': PYTHONPATH=/home/devs/NautilusSW/nautilus_ws/build/mavlink_bridge/prefix_override:/usr/lib/python3/dist-packages/colcon_core/task/python/colcon_distutils_commands:/home/devs/NautilusSW/nautilus_ws/install/mavlink_bridge/lib/python3.10/site-packages:${PYTHONPATH} /usr/bin/python3 -W ignore:setup.py install is deprecated -W ignore:easy_install command is deprecated setup.py egg_info --egg-base ../../build/mavlink_bridge build --build-base /home/devs/NautilusSW/nautilus_ws/build/mavlink_bridge/build install --record /home/devs/NautilusSW/nautilus_ws/build/mavlink_bridge/install.log --single-version-externally-managed install_data
[1.177s] /home/devs/.local/lib/python3.10/site-packages/setuptools/_distutils/dist.py:289: UserWarning: Unknown distribution option: 'tests_require'
[1.177s]   warnings.warn(msg)
[1.286s] running egg_info
[1.302s] creating ../../build/mavlink_bridge/mavlink_bridge.egg-info
[1.302s] writing ../../build/mavlink_bridge/mavlink_bridge.egg-info/PKG-INFO
[1.305s] writing dependency_links to ../../build/mavlink_bridge/mavlink_bridge.egg-info/dependency_links.txt
[1.305s] writing entry points to ../../build/mavlink_bridge/mavlink_bridge.egg-info/entry_points.txt
[1.305s] writing requirements to ../../build/mavlink_bridge/mavlink_bridge.egg-info/requires.txt
[1.305s] writing top-level names to ../../build/mavlink_bridge/mavlink_bridge.egg-info/top_level.txt
[1.305s] writing manifest file '../../build/mavlink_bridge/mavlink_bridge.egg-info/SOURCES.txt'
[1.342s] reading manifest file '../../build/mavlink_bridge/mavlink_bridge.egg-info/SOURCES.txt'
[1.343s] writing manifest file '../../build/mavlink_bridge/mavlink_bridge.egg-info/SOURCES.txt'
[1.343s] running build
[1.344s] running build_py
[1.344s] creating /home/devs/NautilusSW/nautilus_ws/build/mavlink_bridge/build/lib/mavlink_bridge
[1.344s] copying mavlink_bridge/mavlink_telemetry_bridge.py -> /home/devs/NautilusSW/nautilus_ws/build/mavlink_bridge/build/lib/mavlink_bridge
[1.344s] copying mavlink_bridge/__init__.py -> /home/devs/NautilusSW/nautilus_ws/build/mavlink_bridge/build/lib/mavlink_bridge
[1.344s] running install
[1.348s] running install_lib
[1.365s] creating /home/devs/NautilusSW/nautilus_ws/install/mavlink_bridge/lib/python3.10/site-packages/mavlink_bridge
[1.365s] copying /home/devs/NautilusSW/nautilus_ws/build/mavlink_bridge/build/lib/mavlink_bridge/mavlink_telemetry_bridge.py -> /home/devs/NautilusSW/nautilus_ws/install/mavlink_bridge/lib/python3.10/site-packages/mavlink_bridge
[1.365s] copying /home/devs/NautilusSW/nautilus_ws/build/mavlink_bridge/build/lib/mavlink_bridge/__init__.py -> /home/devs/NautilusSW/nautilus_ws/install/mavlink_bridge/lib/python3.10/site-packages/mavlink_bridge
[1.369s] byte-compiling /home/devs/NautilusSW/nautilus_ws/install/mavlink_bridge/lib/python3.10/site-packages/mavlink_bridge/mavlink_telemetry_bridge.py to mavlink_telemetry_bridge.cpython-310.pyc
[1.369s] byte-compiling /home/devs/NautilusSW/nautilus_ws/install/mavlink_bridge/lib/python3.10/site-packages/mavlink_bridge/__init__.py to __init__.cpython-310.pyc
[1.371s] running install_data
[1.371s] creating /home/devs/NautilusSW/nautilus_ws/install/mavlink_bridge/share/ament_index/resource_index/packages
[1.372s] copying resource/mavlink_bridge -> /home/devs/NautilusSW/nautilus_ws/install/mavlink_bridge/share/ament_index/resource_index/packages
[1.372s] copying package.xml -> /home/devs/NautilusSW/nautilus_ws/install/mavlink_bridge/share/mavlink_bridge
[1.372s] running install_egg_info
[1.393s] Copying ../../build/mavlink_bridge/mavlink_bridge.egg-info to /home/devs/NautilusSW/nautilus_ws/install/mavlink_bridge/lib/python3.10/site-packages/mavlink_bridge-0.0.0-py3.10.egg-info
[1.394s] running install_scripts
[1.428s] Installing mavlink_telemetry_bridge script to /home/devs/NautilusSW/nautilus_ws/install/mavlink_bridge/lib/mavlink_bridge
[1.428s] writing list of installed files to '/home/devs/NautilusSW/nautilus_ws/build/mavlink_bridge/install.log'
[1.459s] Invoked command in '/home/devs/NautilusSW/nautilus_ws/src/mavlink_bridge' returned '0': PYTHONPATH=/home/devs/NautilusSW/nautilus_ws/build/mavlink_bridge/prefix_override:/usr/lib/python3/dist-packages/colcon_core/task/python/colcon_distutils_commands:/home/devs/NautilusSW/nautilus_ws/install/mavlink_bridge/lib/python3.10/site-packages:${PYTHONPATH} /usr/bin/python3 -W ignore:setup.py install is deprecated -W ignore:easy_install command is deprecated setup.py egg_info --egg-base ../../build/mavlink_bridge build --build-base /home/devs/NautilusSW/nautilus_ws/build/mavlink_bridge/build install --record /home/devs/NautilusSW/nautilus_ws/build/mavlink_bridge/install.log --single-version-externally-managed install_data
