[0.014s] Invoking command in '/home/devs/NautilusSW/build/nautilus_bringup': AMENT_PREFIX_PATH=/home/devs/NautilusSW/install/mavlink_bridge:/home/devs/NautilusSW/install/submarine_sim:/home/devs/NautilusSW/install/nautilus_bringup:/home/devs/ardu_ws/install/test_ros_gz_bridge:/home/devs/ardu_ws/install/ros_ign:/home/devs/ardu_ws/install/ros_ign_gazebo_demos:/home/devs/ardu_ws/install/ros_gz:/home/devs/ardu_ws/install/ros_gz_sim_demos:/home/devs/ardu_ws/install/ardupilot_gz_bringup:/home/devs/ardu_ws/install/sdformat_urdf:/home/devs/ardu_ws/install/ros_ign_interfaces:/home/devs/ardu_ws/install/ros_ign_image:/home/devs/ardu_ws/install/ros_ign_gazebo:/home/devs/ardu_ws/install/ros_ign_bridge:/home/devs/ardu_ws/install/ros_gz_sim:/home/devs/ardu_ws/install/ros_gz_image:/home/devs/ardu_ws/install/ros_gz_bridge:/home/devs/ardu_ws/install/ros_gz_interfaces:/home/devs/ardu_ws/install/ardupilot_dds_tests:/home/devs/ardu_ws/install/ardupilot_sitl:/home/devs/ardu_ws/install/micro_ros_agent:/home/devs/ardu_ws/install/ardupilot_sitl_models:/home/devs/ardu_ws/install/ardupilot_msgs:/home/devs/ardu_ws/install/ardupilot_gz_gazebo:/home/devs/ardu_ws/install/ardupilot_gz_description:/home/devs/ardu_ws/install/ardupilot_gz_application:/home/devs/ardu_ws/install/ardupilot_gazebo:/opt/ros/humble CMAKE_PREFIX_PATH=${CMAKE_PREFIX_PATH}:/home/devs/NautilusSW/install/submarine_sim:/home/devs/NautilusSW/install/mavlink_bridge:/home/devs/ardu_ws/install/ardupilot_dds_tests:/opt/ros/humble PS1=\[\e]0;\u@\h: \w\a\]${debian_chroot:+($debian_chroot)}\[\033[01;32m\]\u@\h\[\033[00m\]:\[\033[01;34m\]\w\[\033[00m\]\$ PYTHONPATH=/home/devs/NautilusSW/install/mavlink_bridge/lib/python3.10/site-packages:/home/devs/NautilusSW/install/submarine_sim/lib/python3.10/site-packages:/home/devs/ardu_ws/install/ros_ign_interfaces/local/lib/python3.10/dist-packages:/home/devs/ardu_ws/install/ros_gz_interfaces/local/lib/python3.10/dist-packages:/home/devs/ardu_ws/install/ardupilot_dds_tests/lib/python3.10/site-packages:/home/devs/ardu_ws/install/ardupilot_sitl/local/lib/python3.10/dist-packages:/home/devs/ardu_ws/install/ardupilot_msgs/local/lib/python3.10/dist-packages:/opt/ros/humble/lib/python3.10/site-packages:/opt/ros/humble/local/lib/python3.10/dist-packages /usr/bin/cmake --build /home/devs/NautilusSW/build/nautilus_bringup -- -j4 -l4
[0.049s] Invoked command in '/home/devs/NautilusSW/build/nautilus_bringup' returned '0': AMENT_PREFIX_PATH=/home/devs/NautilusSW/install/mavlink_bridge:/home/devs/NautilusSW/install/submarine_sim:/home/devs/NautilusSW/install/nautilus_bringup:/home/devs/ardu_ws/install/test_ros_gz_bridge:/home/devs/ardu_ws/install/ros_ign:/home/devs/ardu_ws/install/ros_ign_gazebo_demos:/home/devs/ardu_ws/install/ros_gz:/home/devs/ardu_ws/install/ros_gz_sim_demos:/home/devs/ardu_ws/install/ardupilot_gz_bringup:/home/devs/ardu_ws/install/sdformat_urdf:/home/devs/ardu_ws/install/ros_ign_interfaces:/home/devs/ardu_ws/install/ros_ign_image:/home/devs/ardu_ws/install/ros_ign_gazebo:/home/devs/ardu_ws/install/ros_ign_bridge:/home/devs/ardu_ws/install/ros_gz_sim:/home/devs/ardu_ws/install/ros_gz_image:/home/devs/ardu_ws/install/ros_gz_bridge:/home/devs/ardu_ws/install/ros_gz_interfaces:/home/devs/ardu_ws/install/ardupilot_dds_tests:/home/devs/ardu_ws/install/ardupilot_sitl:/home/devs/ardu_ws/install/micro_ros_agent:/home/devs/ardu_ws/install/ardupilot_sitl_models:/home/devs/ardu_ws/install/ardupilot_msgs:/home/devs/ardu_ws/install/ardupilot_gz_gazebo:/home/devs/ardu_ws/install/ardupilot_gz_description:/home/devs/ardu_ws/install/ardupilot_gz_application:/home/devs/ardu_ws/install/ardupilot_gazebo:/opt/ros/humble CMAKE_PREFIX_PATH=${CMAKE_PREFIX_PATH}:/home/devs/NautilusSW/install/submarine_sim:/home/devs/NautilusSW/install/mavlink_bridge:/home/devs/ardu_ws/install/ardupilot_dds_tests:/opt/ros/humble PS1=\[\e]0;\u@\h: \w\a\]${debian_chroot:+($debian_chroot)}\[\033[01;32m\]\u@\h\[\033[00m\]:\[\033[01;34m\]\w\[\033[00m\]\$ PYTHONPATH=/home/devs/NautilusSW/install/mavlink_bridge/lib/python3.10/site-packages:/home/devs/NautilusSW/install/submarine_sim/lib/python3.10/site-packages:/home/devs/ardu_ws/install/ros_ign_interfaces/local/lib/python3.10/dist-packages:/home/devs/ardu_ws/install/ros_gz_interfaces/local/lib/python3.10/dist-packages:/home/devs/ardu_ws/install/ardupilot_dds_tests/lib/python3.10/site-packages:/home/devs/ardu_ws/install/ardupilot_sitl/local/lib/python3.10/dist-packages:/home/devs/ardu_ws/install/ardupilot_msgs/local/lib/python3.10/dist-packages:/opt/ros/humble/lib/python3.10/site-packages:/opt/ros/humble/local/lib/python3.10/dist-packages /usr/bin/cmake --build /home/devs/NautilusSW/build/nautilus_bringup -- -j4 -l4
[0.058s] Invoking command in '/home/devs/NautilusSW/build/nautilus_bringup': AMENT_PREFIX_PATH=/home/devs/NautilusSW/install/mavlink_bridge:/home/devs/NautilusSW/install/submarine_sim:/home/devs/NautilusSW/install/nautilus_bringup:/home/devs/ardu_ws/install/test_ros_gz_bridge:/home/devs/ardu_ws/install/ros_ign:/home/devs/ardu_ws/install/ros_ign_gazebo_demos:/home/devs/ardu_ws/install/ros_gz:/home/devs/ardu_ws/install/ros_gz_sim_demos:/home/devs/ardu_ws/install/ardupilot_gz_bringup:/home/devs/ardu_ws/install/sdformat_urdf:/home/devs/ardu_ws/install/ros_ign_interfaces:/home/devs/ardu_ws/install/ros_ign_image:/home/devs/ardu_ws/install/ros_ign_gazebo:/home/devs/ardu_ws/install/ros_ign_bridge:/home/devs/ardu_ws/install/ros_gz_sim:/home/devs/ardu_ws/install/ros_gz_image:/home/devs/ardu_ws/install/ros_gz_bridge:/home/devs/ardu_ws/install/ros_gz_interfaces:/home/devs/ardu_ws/install/ardupilot_dds_tests:/home/devs/ardu_ws/install/ardupilot_sitl:/home/devs/ardu_ws/install/micro_ros_agent:/home/devs/ardu_ws/install/ardupilot_sitl_models:/home/devs/ardu_ws/install/ardupilot_msgs:/home/devs/ardu_ws/install/ardupilot_gz_gazebo:/home/devs/ardu_ws/install/ardupilot_gz_description:/home/devs/ardu_ws/install/ardupilot_gz_application:/home/devs/ardu_ws/install/ardupilot_gazebo:/opt/ros/humble CMAKE_PREFIX_PATH=${CMAKE_PREFIX_PATH}:/home/devs/NautilusSW/install/submarine_sim:/home/devs/NautilusSW/install/mavlink_bridge:/home/devs/ardu_ws/install/ardupilot_dds_tests:/opt/ros/humble PS1=\[\e]0;\u@\h: \w\a\]${debian_chroot:+($debian_chroot)}\[\033[01;32m\]\u@\h\[\033[00m\]:\[\033[01;34m\]\w\[\033[00m\]\$ PYTHONPATH=/home/devs/NautilusSW/install/mavlink_bridge/lib/python3.10/site-packages:/home/devs/NautilusSW/install/submarine_sim/lib/python3.10/site-packages:/home/devs/ardu_ws/install/ros_ign_interfaces/local/lib/python3.10/dist-packages:/home/devs/ardu_ws/install/ros_gz_interfaces/local/lib/python3.10/dist-packages:/home/devs/ardu_ws/install/ardupilot_dds_tests/lib/python3.10/site-packages:/home/devs/ardu_ws/install/ardupilot_sitl/local/lib/python3.10/dist-packages:/home/devs/ardu_ws/install/ardupilot_msgs/local/lib/python3.10/dist-packages:/opt/ros/humble/lib/python3.10/site-packages:/opt/ros/humble/local/lib/python3.10/dist-packages /usr/bin/cmake --install /home/devs/NautilusSW/build/nautilus_bringup
[0.066s] -- Install configuration: ""
[0.066s] -- Up-to-date: /home/devs/NautilusSW/install/nautilus_bringup/share/nautilus_bringup/launch
[0.066s] -- Up-to-date: /home/devs/NautilusSW/install/nautilus_bringup/share/nautilus_bringup/launch/main.py
[0.066s] -- Up-to-date: /home/devs/NautilusSW/install/nautilus_bringup/share/nautilus_bringup/launch/nautilus.launch.py
[0.066s] -- Installing: /home/devs/NautilusSW/install/nautilus_bringup/share/nautilus_bringup/launch/DVL_Sensor.py
[0.066s] -- Up-to-date: /home/devs/NautilusSW/install/nautilus_bringup/share/nautilus_bringup/launch/robots
[0.066s] -- Up-to-date: /home/devs/NautilusSW/install/nautilus_bringup/share/nautilus_bringup/launch/robots/nautilus_auv.launch.py
[0.066s] -- Up-to-date: /home/devs/NautilusSW/install/nautilus_bringup/share/nautilus_bringup/config
[0.066s] -- Up-to-date: /home/devs/NautilusSW/install/nautilus_bringup/share/nautilus_bringup/config/nautilus_auv_bridge.yaml
[0.066s] -- Up-to-date: /home/devs/NautilusSW/install/nautilus_bringup/share/nautilus_bringup/nautilus_auv
[0.066s] -- Installing: /home/devs/NautilusSW/install/nautilus_bringup/share/nautilus_bringup/nautilus_auv/BlueRov2.urdf
[0.066s] -- Up-to-date: /home/devs/NautilusSW/install/nautilus_bringup/share/nautilus_bringup/nautilus_auv/Part
[0.066s] -- Up-to-date: /home/devs/NautilusSW/install/nautilus_bringup/share/nautilus_bringup/nautilus_auv/Part/DepthSensor
[0.066s] -- Up-to-date: /home/devs/NautilusSW/install/nautilus_bringup/share/nautilus_bringup/nautilus_auv/Part/DepthSensor/DepthSensor.urdf.xacro
[0.066s] -- Up-to-date: /home/devs/NautilusSW/install/nautilus_bringup/share/nautilus_bringup/nautilus_auv/Part/IMU
[0.066s] -- Up-to-date: /home/devs/NautilusSW/install/nautilus_bringup/share/nautilus_bringup/nautilus_auv/Part/IMU/IMU.urdf.xacro
[0.066s] -- Up-to-date: /home/devs/NautilusSW/install/nautilus_bringup/share/nautilus_bringup/nautilus_auv/Part/Camera
[0.067s] -- Up-to-date: /home/devs/NautilusSW/install/nautilus_bringup/share/nautilus_bringup/nautilus_auv/Part/Camera/CameraMonoDepth.urdf.xacro
[0.067s] -- Up-to-date: /home/devs/NautilusSW/install/nautilus_bringup/share/nautilus_bringup/nautilus_auv/Part/Camera/CameraStereo.urdf.xacro
[0.067s] -- Up-to-date: /home/devs/NautilusSW/install/nautilus_bringup/share/nautilus_bringup/nautilus_auv/Part/Camera/Camera.urdf.xacro
[0.067s] -- Up-to-date: /home/devs/NautilusSW/install/nautilus_bringup/share/nautilus_bringup/nautilus_auv/Part/Camera/CameraDepth.urdf.xacro
[0.067s] -- Up-to-date: /home/devs/NautilusSW/install/nautilus_bringup/share/nautilus_bringup/nautilus_auv/Part/P3D
[0.067s] -- Up-to-date: /home/devs/NautilusSW/install/nautilus_bringup/share/nautilus_bringup/nautilus_auv/Part/P3D/P3D.urdf.xacro
[0.067s] -- Up-to-date: /home/devs/NautilusSW/install/nautilus_bringup/share/nautilus_bringup/nautilus_auv/Part/Thruster
[0.068s] -- Up-to-date: /home/devs/NautilusSW/install/nautilus_bringup/share/nautilus_bringup/nautilus_auv/Part/Thruster/T200.urdf.xacro
[0.068s] -- Up-to-date: /home/devs/NautilusSW/install/nautilus_bringup/share/nautilus_bringup/nautilus_auv/Part/DVL
[0.068s] -- Up-to-date: /home/devs/NautilusSW/install/nautilus_bringup/share/nautilus_bringup/nautilus_auv/Part/DVL/DVL.urdf.xacro
[0.068s] -- Installing: /home/devs/NautilusSW/install/nautilus_bringup/share/nautilus_bringup/nautilus_auv/BlueRov2.sdf
[0.068s] -- Up-to-date: /home/devs/NautilusSW/install/nautilus_bringup/share/nautilus_bringup/nautilus_auv/BlueRov2.urdf.xacro
[0.068s] -- Up-to-date: /home/devs/NautilusSW/install/nautilus_bringup/share/nautilus_bringup/worlds
[0.068s] -- Up-to-date: /home/devs/NautilusSW/install/nautilus_bringup/share/nautilus_bringup/worlds/terrain.sdf
[0.069s] -- Up-to-date: /home/devs/NautilusSW/install/nautilus_bringup/share/nautilus_bringup/worlds/wildthumper_playpen.sdf
[0.069s] -- Up-to-date: /home/devs/NautilusSW/install/nautilus_bringup/share/nautilus_bringup/worlds/artisticHouse.world
[0.069s] -- Up-to-date: /home/devs/NautilusSW/install/nautilus_bringup/share/nautilus_bringup/worlds/underwater.world
[0.069s] -- Up-to-date: /home/devs/NautilusSW/install/nautilus_bringup/share/nautilus_bringup/worlds/iris_maze.sdf
[0.069s] -- Up-to-date: /home/devs/NautilusSW/install/nautilus_bringup/share/nautilus_bringup/worlds/terrain.dae
[0.069s] -- Up-to-date: /home/devs/NautilusSW/install/nautilus_bringup/share/nautilus_bringup/worlds/pool_corner.world
[0.069s] -- Up-to-date: /home/devs/NautilusSW/install/nautilus_bringup/share/nautilus_bringup/worlds/iris_runway.sdf
[0.069s] -- Up-to-date: /home/devs/NautilusSW/install/nautilus_bringup/share/ament_index/resource_index/package_run_dependencies/nautilus_bringup
[0.069s] -- Up-to-date: /home/devs/NautilusSW/install/nautilus_bringup/share/ament_index/resource_index/parent_prefix_path/nautilus_bringup
[0.069s] -- Up-to-date: /home/devs/NautilusSW/install/nautilus_bringup/share/nautilus_bringup/environment/ament_prefix_path.sh
[0.069s] -- Up-to-date: /home/devs/NautilusSW/install/nautilus_bringup/share/nautilus_bringup/environment/ament_prefix_path.dsv
[0.069s] -- Up-to-date: /home/devs/NautilusSW/install/nautilus_bringup/share/nautilus_bringup/environment/path.sh
[0.069s] -- Up-to-date: /home/devs/NautilusSW/install/nautilus_bringup/share/nautilus_bringup/environment/path.dsv
[0.069s] -- Up-to-date: /home/devs/NautilusSW/install/nautilus_bringup/share/nautilus_bringup/local_setup.bash
[0.070s] -- Up-to-date: /home/devs/NautilusSW/install/nautilus_bringup/share/nautilus_bringup/local_setup.sh
[0.070s] -- Up-to-date: /home/devs/NautilusSW/install/nautilus_bringup/share/nautilus_bringup/local_setup.zsh
[0.070s] -- Up-to-date: /home/devs/NautilusSW/install/nautilus_bringup/share/nautilus_bringup/local_setup.dsv
[0.070s] -- Installing: /home/devs/NautilusSW/install/nautilus_bringup/share/nautilus_bringup/package.dsv
[0.070s] -- Up-to-date: /home/devs/NautilusSW/install/nautilus_bringup/share/ament_index/resource_index/packages/nautilus_bringup
[0.070s] -- Up-to-date: /home/devs/NautilusSW/install/nautilus_bringup/share/nautilus_bringup/cmake/nautilus_bringupConfig.cmake
[0.070s] -- Up-to-date: /home/devs/NautilusSW/install/nautilus_bringup/share/nautilus_bringup/cmake/nautilus_bringupConfig-version.cmake
[0.070s] -- Up-to-date: /home/devs/NautilusSW/install/nautilus_bringup/share/nautilus_bringup/package.xml
[0.071s] Invoked command in '/home/devs/NautilusSW/build/nautilus_bringup' returned '0': AMENT_PREFIX_PATH=/home/devs/NautilusSW/install/mavlink_bridge:/home/devs/NautilusSW/install/submarine_sim:/home/devs/NautilusSW/install/nautilus_bringup:/home/devs/ardu_ws/install/test_ros_gz_bridge:/home/devs/ardu_ws/install/ros_ign:/home/devs/ardu_ws/install/ros_ign_gazebo_demos:/home/devs/ardu_ws/install/ros_gz:/home/devs/ardu_ws/install/ros_gz_sim_demos:/home/devs/ardu_ws/install/ardupilot_gz_bringup:/home/devs/ardu_ws/install/sdformat_urdf:/home/devs/ardu_ws/install/ros_ign_interfaces:/home/devs/ardu_ws/install/ros_ign_image:/home/devs/ardu_ws/install/ros_ign_gazebo:/home/devs/ardu_ws/install/ros_ign_bridge:/home/devs/ardu_ws/install/ros_gz_sim:/home/devs/ardu_ws/install/ros_gz_image:/home/devs/ardu_ws/install/ros_gz_bridge:/home/devs/ardu_ws/install/ros_gz_interfaces:/home/devs/ardu_ws/install/ardupilot_dds_tests:/home/devs/ardu_ws/install/ardupilot_sitl:/home/devs/ardu_ws/install/micro_ros_agent:/home/devs/ardu_ws/install/ardupilot_sitl_models:/home/devs/ardu_ws/install/ardupilot_msgs:/home/devs/ardu_ws/install/ardupilot_gz_gazebo:/home/devs/ardu_ws/install/ardupilot_gz_description:/home/devs/ardu_ws/install/ardupilot_gz_application:/home/devs/ardu_ws/install/ardupilot_gazebo:/opt/ros/humble CMAKE_PREFIX_PATH=${CMAKE_PREFIX_PATH}:/home/devs/NautilusSW/install/submarine_sim:/home/devs/NautilusSW/install/mavlink_bridge:/home/devs/ardu_ws/install/ardupilot_dds_tests:/opt/ros/humble PS1=\[\e]0;\u@\h: \w\a\]${debian_chroot:+($debian_chroot)}\[\033[01;32m\]\u@\h\[\033[00m\]:\[\033[01;34m\]\w\[\033[00m\]\$ PYTHONPATH=/home/devs/NautilusSW/install/mavlink_bridge/lib/python3.10/site-packages:/home/devs/NautilusSW/install/submarine_sim/lib/python3.10/site-packages:/home/devs/ardu_ws/install/ros_ign_interfaces/local/lib/python3.10/dist-packages:/home/devs/ardu_ws/install/ros_gz_interfaces/local/lib/python3.10/dist-packages:/home/devs/ardu_ws/install/ardupilot_dds_tests/lib/python3.10/site-packages:/home/devs/ardu_ws/install/ardupilot_sitl/local/lib/python3.10/dist-packages:/home/devs/ardu_ws/install/ardupilot_msgs/local/lib/python3.10/dist-packages:/opt/ros/humble/lib/python3.10/site-packages:/opt/ros/humble/local/lib/python3.10/dist-packages /usr/bin/cmake --install /home/devs/NautilusSW/build/nautilus_bringup
