[0.017s] Invoking command in '/home/nautilus/NautilusSW/nautilus_ws/build/nautilus_mission': CMAKE_PREFIX_PATH=/home/nautilus/NautilusSW/nautilus_ws/install/nautilus_controls:/home/nautilus/NautilusSW/nautilus_ws/install/nautilus_sensors:/home/nautilus/NautilusSW/nautilus_ws/install/nautilus_mission:/home/nautilus/NautilusSW/nautilus_ws/install/nautilus_bringup:/opt/ros/humble /usr/bin/cmake --build /home/nautilus/NautilusSW/nautilus_ws/build/nautilus_mission -- -j6 -l6
[0.104s] Built target ament_cmake_python_copy_nautilus_mission
[0.532s] running egg_info
[0.565s] writing nautilus_mission.egg-info/PKG-INFO
[0.566s] writing dependency_links to nautilus_mission.egg-info/dependency_links.txt
[0.566s] writing top-level names to nautilus_mission.egg-info/top_level.txt
[0.663s] reading manifest file 'nautilus_mission.egg-info/SOURCES.txt'
[0.665s] writing manifest file 'nautilus_mission.egg-info/SOURCES.txt'
[0.749s] Built target ament_cmake_python_build_nautilus_mission_egg
[0.770s] Invoked command in '/home/nautilus/NautilusSW/nautilus_ws/build/nautilus_mission' returned '0': CMAKE_PREFIX_PATH=/home/nautilus/NautilusSW/nautilus_ws/install/nautilus_controls:/home/nautilus/NautilusSW/nautilus_ws/install/nautilus_sensors:/home/nautilus/NautilusSW/nautilus_ws/install/nautilus_mission:/home/nautilus/NautilusSW/nautilus_ws/install/nautilus_bringup:/opt/ros/humble /usr/bin/cmake --build /home/nautilus/NautilusSW/nautilus_ws/build/nautilus_mission -- -j6 -l6
[0.774s] Invoking command in '/home/nautilus/NautilusSW/nautilus_ws/build/nautilus_mission': CMAKE_PREFIX_PATH=/home/nautilus/NautilusSW/nautilus_ws/install/nautilus_controls:/home/nautilus/NautilusSW/nautilus_ws/install/nautilus_sensors:/home/nautilus/NautilusSW/nautilus_ws/install/nautilus_mission:/home/nautilus/NautilusSW/nautilus_ws/install/nautilus_bringup:/opt/ros/humble /usr/bin/cmake --install /home/nautilus/NautilusSW/nautilus_ws/build/nautilus_mission
[0.790s] -- Install configuration: ""
[0.790s] -- Up-to-date: /home/nautilus/NautilusSW/nautilus_ws/install/nautilus_mission/share/nautilus_mission/launch
[0.790s] -- Up-to-date: /home/nautilus/NautilusSW/nautilus_ws/install/nautilus_mission/share/nautilus_mission/launch/mission.launch.py
[0.790s] -- Up-to-date: /home/nautilus/NautilusSW/nautilus_ws/install/nautilus_mission/lib/nautilus_mission/state_machine
[0.791s] -- Up-to-date: /home/nautilus/NautilusSW/nautilus_ws/install/nautilus_mission/share/nautilus_mission/environment/pythonpath.sh
[0.791s] -- Up-to-date: /home/nautilus/NautilusSW/nautilus_ws/install/nautilus_mission/share/nautilus_mission/environment/pythonpath.dsv
[0.791s] -- Up-to-date: /home/nautilus/NautilusSW/nautilus_ws/install/nautilus_mission/local/lib/python3.10/dist-packages/nautilus_mission-0.0.0-py3.10.egg-info
[0.791s] -- Installing: /home/nautilus/NautilusSW/nautilus_ws/install/nautilus_mission/local/lib/python3.10/dist-packages/nautilus_mission-0.0.0-py3.10.egg-info/SOURCES.txt
[0.791s] -- Installing: /home/nautilus/NautilusSW/nautilus_ws/install/nautilus_mission/local/lib/python3.10/dist-packages/nautilus_mission-0.0.0-py3.10.egg-info/PKG-INFO
[0.791s] -- Installing: /home/nautilus/NautilusSW/nautilus_ws/install/nautilus_mission/local/lib/python3.10/dist-packages/nautilus_mission-0.0.0-py3.10.egg-info/dependency_links.txt
[0.792s] -- Installing: /home/nautilus/NautilusSW/nautilus_ws/install/nautilus_mission/local/lib/python3.10/dist-packages/nautilus_mission-0.0.0-py3.10.egg-info/top_level.txt
[0.792s] -- Up-to-date: /home/nautilus/NautilusSW/nautilus_ws/install/nautilus_mission/local/lib/python3.10/dist-packages/nautilus_mission
[0.792s] -- Up-to-date: /home/nautilus/NautilusSW/nautilus_ws/install/nautilus_mission/local/lib/python3.10/dist-packages/nautilus_mission/state_machine.py
[0.792s] -- Up-to-date: /home/nautilus/NautilusSW/nautilus_ws/install/nautilus_mission/local/lib/python3.10/dist-packages/nautilus_mission/__init__.py
[0.861s] Listing '/home/nautilus/NautilusSW/nautilus_ws/install/nautilus_mission/local/lib/python3.10/dist-packages/nautilus_mission'...
[0.873s] -- Up-to-date: /home/nautilus/NautilusSW/nautilus_ws/install/nautilus_mission/share/ament_index/resource_index/package_run_dependencies/nautilus_mission
[0.874s] -- Up-to-date: /home/nautilus/NautilusSW/nautilus_ws/install/nautilus_mission/share/ament_index/resource_index/parent_prefix_path/nautilus_mission
[0.874s] -- Up-to-date: /home/nautilus/NautilusSW/nautilus_ws/install/nautilus_mission/share/nautilus_mission/environment/ament_prefix_path.sh
[0.874s] -- Up-to-date: /home/nautilus/NautilusSW/nautilus_ws/install/nautilus_mission/share/nautilus_mission/environment/ament_prefix_path.dsv
[0.875s] -- Up-to-date: /home/nautilus/NautilusSW/nautilus_ws/install/nautilus_mission/share/nautilus_mission/environment/path.sh
[0.875s] -- Up-to-date: /home/nautilus/NautilusSW/nautilus_ws/install/nautilus_mission/share/nautilus_mission/environment/path.dsv
[0.875s] -- Up-to-date: /home/nautilus/NautilusSW/nautilus_ws/install/nautilus_mission/share/nautilus_mission/local_setup.bash
[0.875s] -- Up-to-date: /home/nautilus/NautilusSW/nautilus_ws/install/nautilus_mission/share/nautilus_mission/local_setup.sh
[0.875s] -- Up-to-date: /home/nautilus/NautilusSW/nautilus_ws/install/nautilus_mission/share/nautilus_mission/local_setup.zsh
[0.875s] -- Up-to-date: /home/nautilus/NautilusSW/nautilus_ws/install/nautilus_mission/share/nautilus_mission/local_setup.dsv
[0.875s] -- Installing: /home/nautilus/NautilusSW/nautilus_ws/install/nautilus_mission/share/nautilus_mission/package.dsv
[0.877s] -- Up-to-date: /home/nautilus/NautilusSW/nautilus_ws/install/nautilus_mission/share/ament_index/resource_index/packages/nautilus_mission
[0.879s] -- Up-to-date: /home/nautilus/NautilusSW/nautilus_ws/install/nautilus_mission/share/nautilus_mission/cmake/nautilus_missionConfig.cmake
[0.879s] -- Up-to-date: /home/nautilus/NautilusSW/nautilus_ws/install/nautilus_mission/share/nautilus_mission/cmake/nautilus_missionConfig-version.cmake
[0.880s] -- Up-to-date: /home/nautilus/NautilusSW/nautilus_ws/install/nautilus_mission/share/nautilus_mission/package.xml
[0.880s] Invoked command in '/home/nautilus/NautilusSW/nautilus_ws/build/nautilus_mission' returned '0': CMAKE_PREFIX_PATH=/home/nautilus/NautilusSW/nautilus_ws/install/nautilus_controls:/home/nautilus/NautilusSW/nautilus_ws/install/nautilus_sensors:/home/nautilus/NautilusSW/nautilus_ws/install/nautilus_mission:/home/nautilus/NautilusSW/nautilus_ws/install/nautilus_bringup:/opt/ros/humble /usr/bin/cmake --install /home/nautilus/NautilusSW/nautilus_ws/build/nautilus_mission
