[0.652s] DEBUG:colcon:Command line arguments: ['/usr/bin/colcon', 'build', '--symlink-install']
[0.653s] DEBUG:colcon:Parsed command line arguments: Namespace(log_base=None, log_level=None, verb_name='build', build_base='build', install_base='install', merge_install=False, symlink_install=True, test_result_base=None, continue_on_error=False, executor='parallel', parallel_workers=2, event_handlers=None, ignore_user_meta=False, metas=['./colcon.meta'], base_paths=['.'], packages_ignore=None, packages_ignore_regex=None, paths=None, packages_up_to=None, packages_up_to_regex=None, packages_above=None, packages_above_and_dependencies=None, packages_above_depth=None, packages_select_by_dep=None, packages_skip_by_dep=None, packages_skip_up_to=None, packages_select_build_failed=False, packages_skip_build_finished=False, packages_select_test_failures=False, packages_skip_test_passed=False, packages_select=None, packages_skip=None, packages_select_regex=None, packages_skip_regex=None, packages_start=None, packages_end=None, allow_overriding=[], cmake_args=None, cmake_target=None, cmake_target_skip_unavailable=False, cmake_clean_cache=False, cmake_clean_first=False, cmake_force_configure=False, ament_cmake_args=None, catkin_cmake_args=None, catkin_skip_building_tests=False, mixin_files=None, mixin=None, verb_parser=<colcon_mixin.mixin.mixin_argument.MixinArgumentDecorator object at 0x7b212e73e350>, verb_extension=<colcon_core.verb.build.BuildVerb object at 0x7b212e86b340>, main=<bound method BuildVerb.main of <colcon_core.verb.build.BuildVerb object at 0x7b212e86b340>>, mixin_verb=('build',))
[1.028s] Level 1:colcon.colcon_core.package_discovery:discover_packages(colcon_meta) check parameters
[1.029s] Level 1:colcon.colcon_core.package_discovery:discover_packages(recursive) check parameters
[1.029s] Level 1:colcon.colcon_core.package_discovery:discover_packages(ignore) check parameters
[1.029s] Level 1:colcon.colcon_core.package_discovery:discover_packages(path) check parameters
[1.029s] Level 1:colcon.colcon_core.package_discovery:discover_packages(colcon_meta) discover
[1.029s] Level 1:colcon.colcon_core.package_discovery:discover_packages(recursive) discover
[1.029s] INFO:colcon.colcon_core.package_discovery:Crawling recursively for packages in '/home/xavier/Documents/GitHub/NautilusSW/UTILES/ros2_ws'
[1.029s] Level 1:colcon.colcon_core.package_identification:_identify(.) by extensions ['ignore', 'ignore_ament_install']
[1.030s] Level 1:colcon.colcon_core.package_identification:_identify(.) by extension 'ignore'
[1.030s] Level 1:colcon.colcon_core.package_identification:_identify(.) by extension 'ignore_ament_install'
[1.031s] Level 1:colcon.colcon_core.package_identification:_identify(.) by extensions ['colcon_pkg']
[1.031s] Level 1:colcon.colcon_core.package_identification:_identify(.) by extension 'colcon_pkg'
[1.031s] Level 1:colcon.colcon_core.package_identification:_identify(.) by extensions ['colcon_meta']
[1.031s] Level 1:colcon.colcon_core.package_identification:_identify(.) by extension 'colcon_meta'
[1.031s] Level 1:colcon.colcon_core.package_identification:_identify(.) by extensions ['ros']
[1.031s] Level 1:colcon.colcon_core.package_identification:_identify(.) by extension 'ros'
[1.078s] Level 1:colcon.colcon_core.package_identification:_identify(.) by extensions ['cmake', 'python']
[1.078s] Level 1:colcon.colcon_core.package_identification:_identify(.) by extension 'cmake'
[1.078s] Level 1:colcon.colcon_core.package_identification:_identify(.) by extension 'python'
[1.078s] Level 1:colcon.colcon_core.package_identification:_identify(.) by extensions ['python_setup_py']
[1.078s] Level 1:colcon.colcon_core.package_identification:_identify(.) by extension 'python_setup_py'
[1.078s] Level 1:colcon.colcon_core.package_identification:_identify(build) by extensions ['ignore', 'ignore_ament_install']
[1.079s] Level 1:colcon.colcon_core.package_identification:_identify(build) by extension 'ignore'
[1.079s] Level 1:colcon.colcon_core.package_identification:_identify(build) ignored
[1.079s] Level 1:colcon.colcon_core.package_identification:_identify(install) by extensions ['ignore', 'ignore_ament_install']
[1.080s] Level 1:colcon.colcon_core.package_identification:_identify(install) by extension 'ignore'
[1.080s] Level 1:colcon.colcon_core.package_identification:_identify(install) ignored
[1.080s] Level 1:colcon.colcon_core.package_identification:_identify(log) by extensions ['ignore', 'ignore_ament_install']
[1.081s] Level 1:colcon.colcon_core.package_identification:_identify(log) by extension 'ignore'
[1.081s] Level 1:colcon.colcon_core.package_identification:_identify(log) ignored
[1.081s] Level 1:colcon.colcon_core.package_identification:_identify(src) by extensions ['ignore', 'ignore_ament_install']
[1.081s] Level 1:colcon.colcon_core.package_identification:_identify(src) by extension 'ignore'
[1.081s] Level 1:colcon.colcon_core.package_identification:_identify(src) by extension 'ignore_ament_install'
[1.082s] Level 1:colcon.colcon_core.package_identification:_identify(src) by extensions ['colcon_pkg']
[1.082s] Level 1:colcon.colcon_core.package_identification:_identify(src) by extension 'colcon_pkg'
[1.082s] Level 1:colcon.colcon_core.package_identification:_identify(src) by extensions ['colcon_meta']
[1.082s] Level 1:colcon.colcon_core.package_identification:_identify(src) by extension 'colcon_meta'
[1.082s] Level 1:colcon.colcon_core.package_identification:_identify(src) by extensions ['ros']
[1.082s] Level 1:colcon.colcon_core.package_identification:_identify(src) by extension 'ros'
[1.083s] Level 1:colcon.colcon_core.package_identification:_identify(src) by extensions ['cmake', 'python']
[1.083s] Level 1:colcon.colcon_core.package_identification:_identify(src) by extension 'cmake'
[1.083s] Level 1:colcon.colcon_core.package_identification:_identify(src) by extension 'python'
[1.083s] Level 1:colcon.colcon_core.package_identification:_identify(src) by extensions ['python_setup_py']
[1.083s] Level 1:colcon.colcon_core.package_identification:_identify(src) by extension 'python_setup_py'
[1.083s] Level 1:colcon.colcon_core.package_identification:_identify(src/build) by extensions ['ignore', 'ignore_ament_install']
[1.084s] Level 1:colcon.colcon_core.package_identification:_identify(src/build) by extension 'ignore'
[1.084s] Level 1:colcon.colcon_core.package_identification:_identify(src/build) ignored
[1.084s] Level 1:colcon.colcon_core.package_identification:_identify(src/install) by extensions ['ignore', 'ignore_ament_install']
[1.085s] Level 1:colcon.colcon_core.package_identification:_identify(src/install) by extension 'ignore'
[1.085s] Level 1:colcon.colcon_core.package_identification:_identify(src/install) ignored
[1.085s] Level 1:colcon.colcon_core.package_identification:_identify(src/log) by extensions ['ignore', 'ignore_ament_install']
[1.086s] Level 1:colcon.colcon_core.package_identification:_identify(src/log) by extension 'ignore'
[1.086s] Level 1:colcon.colcon_core.package_identification:_identify(src/log) ignored
[1.086s] Level 1:colcon.colcon_core.package_identification:_identify(src/submarine_sim) by extensions ['ignore', 'ignore_ament_install']
[1.086s] Level 1:colcon.colcon_core.package_identification:_identify(src/submarine_sim) by extension 'ignore'
[1.086s] Level 1:colcon.colcon_core.package_identification:_identify(src/submarine_sim) by extension 'ignore_ament_install'
[1.086s] Level 1:colcon.colcon_core.package_identification:_identify(src/submarine_sim) by extensions ['colcon_pkg']
[1.087s] Level 1:colcon.colcon_core.package_identification:_identify(src/submarine_sim) by extension 'colcon_pkg'
[1.087s] Level 1:colcon.colcon_core.package_identification:_identify(src/submarine_sim) by extensions ['colcon_meta']
[1.087s] Level 1:colcon.colcon_core.package_identification:_identify(src/submarine_sim) by extension 'colcon_meta'
[1.087s] Level 1:colcon.colcon_core.package_identification:_identify(src/submarine_sim) by extensions ['ros']
[1.087s] Level 1:colcon.colcon_core.package_identification:_identify(src/submarine_sim) by extension 'ros'
[1.097s] DEBUG:colcon.colcon_core.package_identification:Package 'src/submarine_sim' with type 'ros.ament_python' and name 'submarine_sim'
[1.098s] Level 1:colcon.colcon_core.package_discovery:discover_packages(recursive) using defaults
[1.098s] Level 1:colcon.colcon_core.package_discovery:discover_packages(ignore) discover
[1.098s] Level 1:colcon.colcon_core.package_discovery:discover_packages(ignore) using defaults
[1.098s] Level 1:colcon.colcon_core.package_discovery:discover_packages(path) discover
[1.098s] Level 1:colcon.colcon_core.package_discovery:discover_packages(path) using defaults
[1.199s] Level 1:colcon.colcon_core.package_discovery:discover_packages(prefix_path) check parameters
[1.199s] Level 1:colcon.colcon_core.package_discovery:discover_packages(prefix_path) discover
[1.212s] DEBUG:colcon.colcon_installed_package_information.package_discovery:Found 295 installed packages in /opt/ros/humble
[1.216s] Level 1:colcon.colcon_core.package_discovery:discover_packages(prefix_path) using defaults
[1.294s] Level 5:colcon.colcon_core.verb:set package 'submarine_sim' build argument 'cmake_args' from command line to 'None'
[1.294s] Level 5:colcon.colcon_core.verb:set package 'submarine_sim' build argument 'cmake_target' from command line to 'None'
[1.294s] Level 5:colcon.colcon_core.verb:set package 'submarine_sim' build argument 'cmake_target_skip_unavailable' from command line to 'False'
[1.294s] Level 5:colcon.colcon_core.verb:set package 'submarine_sim' build argument 'cmake_clean_cache' from command line to 'False'
[1.294s] Level 5:colcon.colcon_core.verb:set package 'submarine_sim' build argument 'cmake_clean_first' from command line to 'False'
[1.294s] Level 5:colcon.colcon_core.verb:set package 'submarine_sim' build argument 'cmake_force_configure' from command line to 'False'
[1.294s] Level 5:colcon.colcon_core.verb:set package 'submarine_sim' build argument 'ament_cmake_args' from command line to 'None'
[1.294s] Level 5:colcon.colcon_core.verb:set package 'submarine_sim' build argument 'catkin_cmake_args' from command line to 'None'
[1.294s] Level 5:colcon.colcon_core.verb:set package 'submarine_sim' build argument 'catkin_skip_building_tests' from command line to 'False'
[1.294s] DEBUG:colcon.colcon_core.verb:Building package 'submarine_sim' with the following arguments: {'ament_cmake_args': None, 'build_base': '/home/xavier/Documents/GitHub/NautilusSW/UTILES/ros2_ws/build/submarine_sim', 'catkin_cmake_args': None, 'catkin_skip_building_tests': False, 'cmake_args': None, 'cmake_clean_cache': False, 'cmake_clean_first': False, 'cmake_force_configure': False, 'cmake_target': None, 'cmake_target_skip_unavailable': False, 'install_base': '/home/xavier/Documents/GitHub/NautilusSW/UTILES/ros2_ws/install/submarine_sim', 'merge_install': False, 'path': '/home/xavier/Documents/GitHub/NautilusSW/UTILES/ros2_ws/src/submarine_sim', 'symlink_install': True, 'test_result_base': None}
[1.294s] INFO:colcon.colcon_core.executor:Executing jobs using 'parallel' executor
[1.296s] DEBUG:colcon.colcon_parallel_executor.executor.parallel:run_until_complete
[1.296s] INFO:colcon.colcon_ros.task.ament_python.build:Building ROS package in '/home/xavier/Documents/GitHub/NautilusSW/UTILES/ros2_ws/src/submarine_sim' with build type 'ament_python'
[1.296s] Level 1:colcon.colcon_core.shell:create_environment_hook('submarine_sim', 'ament_prefix_path')
[1.319s] INFO:colcon.colcon_core.plugin_system:Skipping extension 'colcon_core.shell.bat': Not used on non-Windows systems
[1.320s] INFO:colcon.colcon_core.shell:Creating environment hook '/home/xavier/Documents/GitHub/NautilusSW/UTILES/ros2_ws/install/submarine_sim/share/submarine_sim/hook/ament_prefix_path.ps1'
[1.324s] INFO:colcon.colcon_core.shell:Creating environment descriptor '/home/xavier/Documents/GitHub/NautilusSW/UTILES/ros2_ws/install/submarine_sim/share/submarine_sim/hook/ament_prefix_path.dsv'
[1.327s] INFO:colcon.colcon_core.shell:Creating environment hook '/home/xavier/Documents/GitHub/NautilusSW/UTILES/ros2_ws/install/submarine_sim/share/submarine_sim/hook/ament_prefix_path.sh'
[1.331s] INFO:colcon.colcon_core.shell:Skip shell extension 'powershell' for command environment: Not usable outside of PowerShell
[1.331s] DEBUG:colcon.colcon_core.shell:Skip shell extension 'dsv' for command environment
[1.915s] WARNING:colcon.colcon_ros.task.ament_python.build:Package 'submarine_sim' doesn't explicitly install a marker in the package index (colcon-ros currently does it implicitly but that fallback will be removed in the future)
[1.915s] INFO:colcon.colcon_core.task.python.build:Building Python package in '/home/xavier/Documents/GitHub/NautilusSW/UTILES/ros2_ws/src/submarine_sim'
[1.916s] INFO:colcon.colcon_core.shell:Skip shell extension 'powershell' for command environment: Not usable outside of PowerShell
[1.916s] DEBUG:colcon.colcon_core.shell:Skip shell extension 'dsv' for command environment
[2.876s] DEBUG:colcon.colcon_core.event_handler.log_command:Invoking command in '/home/xavier/Documents/GitHub/NautilusSW/UTILES/ros2_ws/build/submarine_sim': PYTHONPATH=/home/xavier/Documents/GitHub/NautilusSW/UTILES/ros2_ws/build/submarine_sim/prefix_override:/usr/lib/python3/dist-packages/colcon_core/task/python/colcon_distutils_commands:/home/xavier/Documents/GitHub/NautilusSW/UTILES/ros2_ws/install/submarine_sim/lib/python3.10/site-packages:${PYTHONPATH} /usr/bin/python3 -W ignore:setup.py install is deprecated -W ignore:easy_install command is deprecated setup.py develop --editable --build-directory /home/xavier/Documents/GitHub/NautilusSW/UTILES/ros2_ws/build/submarine_sim/build --no-deps symlink_data --force
[3.822s] Level 1:colcon.colcon_core.shell:create_environment_hook('submarine_sim', 'pythonpath_develop')
[3.823s] INFO:colcon.colcon_core.shell:Creating environment hook '/home/xavier/Documents/GitHub/NautilusSW/UTILES/ros2_ws/build/submarine_sim/share/submarine_sim/hook/pythonpath_develop.ps1'
[3.823s] DEBUG:colcon.colcon_core.event_handler.log_command:Invoked command in '/home/xavier/Documents/GitHub/NautilusSW/UTILES/ros2_ws/build/submarine_sim' returned '0': PYTHONPATH=/home/xavier/Documents/GitHub/NautilusSW/UTILES/ros2_ws/build/submarine_sim/prefix_override:/usr/lib/python3/dist-packages/colcon_core/task/python/colcon_distutils_commands:/home/xavier/Documents/GitHub/NautilusSW/UTILES/ros2_ws/install/submarine_sim/lib/python3.10/site-packages:${PYTHONPATH} /usr/bin/python3 -W ignore:setup.py install is deprecated -W ignore:easy_install command is deprecated setup.py develop --editable --build-directory /home/xavier/Documents/GitHub/NautilusSW/UTILES/ros2_ws/build/submarine_sim/build --no-deps symlink_data --force
[3.827s] INFO:colcon.colcon_core.shell:Creating environment descriptor '/home/xavier/Documents/GitHub/NautilusSW/UTILES/ros2_ws/build/submarine_sim/share/submarine_sim/hook/pythonpath_develop.dsv'
[3.828s] INFO:colcon.colcon_core.shell:Creating environment hook '/home/xavier/Documents/GitHub/NautilusSW/UTILES/ros2_ws/build/submarine_sim/share/submarine_sim/hook/pythonpath_develop.sh'
[3.851s] Level 1:colcon.colcon_core.environment:checking '/home/xavier/Documents/GitHub/NautilusSW/UTILES/ros2_ws/install/submarine_sim' for CMake module files
[3.853s] Level 1:colcon.colcon_core.environment:checking '/home/xavier/Documents/GitHub/NautilusSW/UTILES/ros2_ws/install/submarine_sim' for CMake config files
[3.855s] Level 1:colcon.colcon_core.environment:checking '/home/xavier/Documents/GitHub/NautilusSW/UTILES/ros2_ws/install/submarine_sim/lib'
[3.855s] Level 1:colcon.colcon_core.environment:checking '/home/xavier/Documents/GitHub/NautilusSW/UTILES/ros2_ws/install/submarine_sim/bin'
[3.856s] Level 1:colcon.colcon_core.environment:checking '/home/xavier/Documents/GitHub/NautilusSW/UTILES/ros2_ws/install/submarine_sim/lib/pkgconfig/submarine_sim.pc'
[3.856s] Level 1:colcon.colcon_core.environment:checking '/home/xavier/Documents/GitHub/NautilusSW/UTILES/ros2_ws/install/submarine_sim/lib/python3.10/site-packages'
[3.857s] Level 1:colcon.colcon_core.shell:create_environment_hook('submarine_sim', 'pythonpath')
[3.857s] INFO:colcon.colcon_core.shell:Creating environment hook '/home/xavier/Documents/GitHub/NautilusSW/UTILES/ros2_ws/install/submarine_sim/share/submarine_sim/hook/pythonpath.ps1'
[3.858s] INFO:colcon.colcon_core.shell:Creating environment descriptor '/home/xavier/Documents/GitHub/NautilusSW/UTILES/ros2_ws/install/submarine_sim/share/submarine_sim/hook/pythonpath.dsv'
[3.860s] INFO:colcon.colcon_core.shell:Creating environment hook '/home/xavier/Documents/GitHub/NautilusSW/UTILES/ros2_ws/install/submarine_sim/share/submarine_sim/hook/pythonpath.sh'
[3.861s] Level 1:colcon.colcon_core.environment:checking '/home/xavier/Documents/GitHub/NautilusSW/UTILES/ros2_ws/install/submarine_sim/bin'
[3.861s] Level 1:colcon.colcon_core.environment:create_environment_scripts_only(submarine_sim)
[3.862s] INFO:colcon.colcon_core.shell:Creating package script '/home/xavier/Documents/GitHub/NautilusSW/UTILES/ros2_ws/install/submarine_sim/share/submarine_sim/package.ps1'
[3.865s] INFO:colcon.colcon_core.shell:Creating package descriptor '/home/xavier/Documents/GitHub/NautilusSW/UTILES/ros2_ws/install/submarine_sim/share/submarine_sim/package.dsv'
[3.868s] INFO:colcon.colcon_core.shell:Creating package script '/home/xavier/Documents/GitHub/NautilusSW/UTILES/ros2_ws/install/submarine_sim/share/submarine_sim/package.sh'
[3.874s] INFO:colcon.colcon_core.shell:Creating package script '/home/xavier/Documents/GitHub/NautilusSW/UTILES/ros2_ws/install/submarine_sim/share/submarine_sim/package.bash'
[3.877s] INFO:colcon.colcon_core.shell:Creating package script '/home/xavier/Documents/GitHub/NautilusSW/UTILES/ros2_ws/install/submarine_sim/share/submarine_sim/package.zsh'
[3.881s] Level 1:colcon.colcon_core.environment:create_file_with_runtime_dependencies(/home/xavier/Documents/GitHub/NautilusSW/UTILES/ros2_ws/install/submarine_sim/share/colcon-core/packages/submarine_sim)
[3.883s] DEBUG:colcon.colcon_parallel_executor.executor.parallel:closing loop
[3.884s] DEBUG:colcon.colcon_parallel_executor.executor.parallel:loop closed
[3.885s] DEBUG:colcon.colcon_parallel_executor.executor.parallel:run_until_complete finished with '0'
[3.885s] DEBUG:colcon.colcon_core.event_reactor:joining thread
[3.922s] INFO:colcon.colcon_core.plugin_system:Skipping extension 'colcon_notification.desktop_notification.terminal_notifier': Not used on non-Darwin systems
[3.922s] INFO:colcon.colcon_core.plugin_system:Skipping extension 'colcon_notification.desktop_notification.win32': Not used on non-Windows systems
[3.922s] INFO:colcon.colcon_notification.desktop_notification:Sending desktop notification using 'notify2'
[4.227s] DEBUG:colcon.colcon_core.event_reactor:joined thread
[4.228s] INFO:colcon.colcon_core.shell:Creating prefix script '/home/xavier/Documents/GitHub/NautilusSW/UTILES/ros2_ws/install/local_setup.ps1'
[4.237s] INFO:colcon.colcon_core.shell:Creating prefix util module '/home/xavier/Documents/GitHub/NautilusSW/UTILES/ros2_ws/install/_local_setup_util_ps1.py'
[4.243s] INFO:colcon.colcon_core.shell:Creating prefix chain script '/home/xavier/Documents/GitHub/NautilusSW/UTILES/ros2_ws/install/setup.ps1'
[4.248s] INFO:colcon.colcon_core.shell:Creating prefix script '/home/xavier/Documents/GitHub/NautilusSW/UTILES/ros2_ws/install/local_setup.sh'
[4.250s] INFO:colcon.colcon_core.shell:Creating prefix util module '/home/xavier/Documents/GitHub/NautilusSW/UTILES/ros2_ws/install/_local_setup_util_sh.py'
[4.253s] INFO:colcon.colcon_core.shell:Creating prefix chain script '/home/xavier/Documents/GitHub/NautilusSW/UTILES/ros2_ws/install/setup.sh'
[4.258s] INFO:colcon.colcon_core.shell:Creating prefix script '/home/xavier/Documents/GitHub/NautilusSW/UTILES/ros2_ws/install/local_setup.bash'
[4.260s] INFO:colcon.colcon_core.shell:Creating prefix chain script '/home/xavier/Documents/GitHub/NautilusSW/UTILES/ros2_ws/install/setup.bash'
[4.266s] INFO:colcon.colcon_core.shell:Creating prefix script '/home/xavier/Documents/GitHub/NautilusSW/UTILES/ros2_ws/install/local_setup.zsh'
[4.271s] INFO:colcon.colcon_core.shell:Creating prefix chain script '/home/xavier/Documents/GitHub/NautilusSW/UTILES/ros2_ws/install/setup.zsh'
