[0.071s] DEBUG:colcon:Command line arguments: ['/usr/bin/colcon', 'build']
[0.071s] DEBUG:colcon:Parsed command line arguments: Namespace(log_base=None, log_level=None, verb_name='build', build_base='build', install_base='install', merge_install=False, symlink_install=False, test_result_base=None, continue_on_error=False, executor='parallel', parallel_workers=4, event_handlers=None, ignore_user_meta=False, metas=['./colcon.meta'], base_paths=['.'], packages_ignore=None, packages_ignore_regex=None, paths=None, packages_up_to=None, packages_up_to_regex=None, packages_above=None, packages_above_and_dependencies=None, packages_above_depth=None, packages_select_by_dep=None, packages_skip_by_dep=None, packages_skip_up_to=None, packages_select_build_failed=False, packages_skip_build_finished=False, packages_select_test_failures=False, packages_skip_test_passed=False, packages_select=None, packages_skip=None, packages_select_regex=None, packages_skip_regex=None, packages_start=None, packages_end=None, allow_overriding=[], cmake_args=None, cmake_target=None, cmake_target_skip_unavailable=False, cmake_clean_cache=False, cmake_clean_first=False, cmake_force_configure=False, ament_cmake_args=None, catkin_cmake_args=None, catkin_skip_building_tests=False, mixin_files=None, mixin=None, verb_parser=<colcon_mixin.mixin.mixin_argument.MixinArgumentDecorator object at 0x790edae94580>, verb_extension=<colcon_core.verb.build.BuildVerb object at 0x790edae5bf40>, main=<bound method BuildVerb.main of <colcon_core.verb.build.BuildVerb object at 0x790edae5bf40>>, mixin_verb=('build',))
[0.097s] Level 1:colcon.colcon_core.package_discovery:discover_packages(colcon_meta) check parameters
[0.098s] Level 1:colcon.colcon_core.package_discovery:discover_packages(recursive) check parameters
[0.098s] Level 1:colcon.colcon_core.package_discovery:discover_packages(ignore) check parameters
[0.098s] Level 1:colcon.colcon_core.package_discovery:discover_packages(path) check parameters
[0.098s] Level 1:colcon.colcon_core.package_discovery:discover_packages(colcon_meta) discover
[0.098s] Level 1:colcon.colcon_core.package_discovery:discover_packages(recursive) discover
[0.098s] INFO:colcon.colcon_core.package_discovery:Crawling recursively for packages in '/home/devs/NautilusSW/nautilus_ws'
[0.098s] Level 1:colcon.colcon_core.package_identification:_identify(.) by extensions ['ignore', 'ignore_ament_install']
[0.098s] Level 1:colcon.colcon_core.package_identification:_identify(.) by extension 'ignore'
[0.098s] Level 1:colcon.colcon_core.package_identification:_identify(.) by extension 'ignore_ament_install'
[0.098s] Level 1:colcon.colcon_core.package_identification:_identify(.) by extensions ['colcon_pkg']
[0.098s] Level 1:colcon.colcon_core.package_identification:_identify(.) by extension 'colcon_pkg'
[0.098s] Level 1:colcon.colcon_core.package_identification:_identify(.) by extensions ['colcon_meta']
[0.098s] Level 1:colcon.colcon_core.package_identification:_identify(.) by extension 'colcon_meta'
[0.098s] Level 1:colcon.colcon_core.package_identification:_identify(.) by extensions ['ros']
[0.098s] Level 1:colcon.colcon_core.package_identification:_identify(.) by extension 'ros'
[0.107s] Level 1:colcon.colcon_core.package_identification:_identify(.) by extensions ['cmake', 'python']
[0.107s] Level 1:colcon.colcon_core.package_identification:_identify(.) by extension 'cmake'
[0.107s] Level 1:colcon.colcon_core.package_identification:_identify(.) by extension 'python'
[0.107s] Level 1:colcon.colcon_core.package_identification:_identify(.) by extensions ['python_setup_py']
[0.107s] Level 1:colcon.colcon_core.package_identification:_identify(.) by extension 'python_setup_py'
[0.107s] Level 1:colcon.colcon_core.package_identification:_identify(build) by extensions ['ignore', 'ignore_ament_install']
[0.107s] Level 1:colcon.colcon_core.package_identification:_identify(build) by extension 'ignore'
[0.107s] Level 1:colcon.colcon_core.package_identification:_identify(build) ignored
[0.107s] Level 1:colcon.colcon_core.package_identification:_identify(install) by extensions ['ignore', 'ignore_ament_install']
[0.107s] Level 1:colcon.colcon_core.package_identification:_identify(install) by extension 'ignore'
[0.107s] Level 1:colcon.colcon_core.package_identification:_identify(install) ignored
[0.107s] Level 1:colcon.colcon_core.package_identification:_identify(log) by extensions ['ignore', 'ignore_ament_install']
[0.107s] Level 1:colcon.colcon_core.package_identification:_identify(log) by extension 'ignore'
[0.107s] Level 1:colcon.colcon_core.package_identification:_identify(log) ignored
[0.107s] Level 1:colcon.colcon_core.package_identification:_identify(src) by extensions ['ignore', 'ignore_ament_install']
[0.107s] Level 1:colcon.colcon_core.package_identification:_identify(src) by extension 'ignore'
[0.107s] Level 1:colcon.colcon_core.package_identification:_identify(src) by extension 'ignore_ament_install'
[0.107s] Level 1:colcon.colcon_core.package_identification:_identify(src) by extensions ['colcon_pkg']
[0.107s] Level 1:colcon.colcon_core.package_identification:_identify(src) by extension 'colcon_pkg'
[0.107s] Level 1:colcon.colcon_core.package_identification:_identify(src) by extensions ['colcon_meta']
[0.107s] Level 1:colcon.colcon_core.package_identification:_identify(src) by extension 'colcon_meta'
[0.107s] Level 1:colcon.colcon_core.package_identification:_identify(src) by extensions ['ros']
[0.107s] Level 1:colcon.colcon_core.package_identification:_identify(src) by extension 'ros'
[0.107s] Level 1:colcon.colcon_core.package_identification:_identify(src) by extensions ['cmake', 'python']
[0.107s] Level 1:colcon.colcon_core.package_identification:_identify(src) by extension 'cmake'
[0.107s] Level 1:colcon.colcon_core.package_identification:_identify(src) by extension 'python'
[0.107s] Level 1:colcon.colcon_core.package_identification:_identify(src) by extensions ['python_setup_py']
[0.107s] Level 1:colcon.colcon_core.package_identification:_identify(src) by extension 'python_setup_py'
[0.107s] Level 1:colcon.colcon_core.package_identification:_identify(src/nautilus_bringup) by extensions ['ignore', 'ignore_ament_install']
[0.108s] Level 1:colcon.colcon_core.package_identification:_identify(src/nautilus_bringup) by extension 'ignore'
[0.108s] Level 1:colcon.colcon_core.package_identification:_identify(src/nautilus_bringup) by extension 'ignore_ament_install'
[0.108s] Level 1:colcon.colcon_core.package_identification:_identify(src/nautilus_bringup) by extensions ['colcon_pkg']
[0.108s] Level 1:colcon.colcon_core.package_identification:_identify(src/nautilus_bringup) by extension 'colcon_pkg'
[0.108s] Level 1:colcon.colcon_core.package_identification:_identify(src/nautilus_bringup) by extensions ['colcon_meta']
[0.108s] Level 1:colcon.colcon_core.package_identification:_identify(src/nautilus_bringup) by extension 'colcon_meta'
[0.108s] Level 1:colcon.colcon_core.package_identification:_identify(src/nautilus_bringup) by extensions ['ros']
[0.108s] Level 1:colcon.colcon_core.package_identification:_identify(src/nautilus_bringup) by extension 'ros'
[0.109s] DEBUG:colcon.colcon_core.package_identification:Package 'src/nautilus_bringup' with type 'ros.ament_cmake' and name 'nautilus_bringup'
[0.109s] Level 1:colcon.colcon_core.package_identification:_identify(src/nautilus_mission) by extensions ['ignore', 'ignore_ament_install']
[0.109s] Level 1:colcon.colcon_core.package_identification:_identify(src/nautilus_mission) by extension 'ignore'
[0.109s] Level 1:colcon.colcon_core.package_identification:_identify(src/nautilus_mission) by extension 'ignore_ament_install'
[0.109s] Level 1:colcon.colcon_core.package_identification:_identify(src/nautilus_mission) by extensions ['colcon_pkg']
[0.109s] Level 1:colcon.colcon_core.package_identification:_identify(src/nautilus_mission) by extension 'colcon_pkg'
[0.109s] Level 1:colcon.colcon_core.package_identification:_identify(src/nautilus_mission) by extensions ['colcon_meta']
[0.109s] Level 1:colcon.colcon_core.package_identification:_identify(src/nautilus_mission) by extension 'colcon_meta'
[0.109s] Level 1:colcon.colcon_core.package_identification:_identify(src/nautilus_mission) by extensions ['ros']
[0.109s] Level 1:colcon.colcon_core.package_identification:_identify(src/nautilus_mission) by extension 'ros'
[0.110s] DEBUG:colcon.colcon_core.package_identification:Package 'src/nautilus_mission' with type 'ros.ament_cmake' and name 'nautilus_mission'
[0.110s] Level 1:colcon.colcon_core.package_identification:_identify(src/nautilus_sensors) by extensions ['ignore', 'ignore_ament_install']
[0.110s] Level 1:colcon.colcon_core.package_identification:_identify(src/nautilus_sensors) by extension 'ignore'
[0.110s] Level 1:colcon.colcon_core.package_identification:_identify(src/nautilus_sensors) by extension 'ignore_ament_install'
[0.110s] Level 1:colcon.colcon_core.package_identification:_identify(src/nautilus_sensors) by extensions ['colcon_pkg']
[0.110s] Level 1:colcon.colcon_core.package_identification:_identify(src/nautilus_sensors) by extension 'colcon_pkg'
[0.110s] Level 1:colcon.colcon_core.package_identification:_identify(src/nautilus_sensors) by extensions ['colcon_meta']
[0.110s] Level 1:colcon.colcon_core.package_identification:_identify(src/nautilus_sensors) by extension 'colcon_meta'
[0.110s] Level 1:colcon.colcon_core.package_identification:_identify(src/nautilus_sensors) by extensions ['ros']
[0.110s] Level 1:colcon.colcon_core.package_identification:_identify(src/nautilus_sensors) by extension 'ros'
[0.110s] DEBUG:colcon.colcon_core.package_identification:Package 'src/nautilus_sensors' with type 'ros.ament_cmake' and name 'nautilus_sensors'
[0.110s] Level 1:colcon.colcon_core.package_discovery:discover_packages(recursive) using defaults
[0.110s] Level 1:colcon.colcon_core.package_discovery:discover_packages(ignore) discover
[0.110s] Level 1:colcon.colcon_core.package_discovery:discover_packages(ignore) using defaults
[0.110s] Level 1:colcon.colcon_core.package_discovery:discover_packages(path) discover
[0.110s] Level 1:colcon.colcon_core.package_discovery:discover_packages(path) using defaults
[0.124s] Level 1:colcon.colcon_core.package_discovery:discover_packages(prefix_path) check parameters
[0.124s] Level 1:colcon.colcon_core.package_discovery:discover_packages(prefix_path) discover
[0.126s] DEBUG:colcon.colcon_installed_package_information.package_discovery:Found 3 installed packages in /home/devs/NautilusSW/nautilus_ws/install
[0.126s] DEBUG:colcon.colcon_installed_package_information.package_discovery:Found 25 installed packages in /home/devs/ardu_ws/install
[0.127s] DEBUG:colcon.colcon_installed_package_information.package_discovery:Found 292 installed packages in /opt/ros/humble
[0.128s] Level 1:colcon.colcon_core.package_discovery:discover_packages(prefix_path) using defaults
[0.149s] Level 5:colcon.colcon_core.verb:set package 'nautilus_bringup' build argument 'cmake_args' from command line to 'None'
[0.149s] Level 5:colcon.colcon_core.verb:set package 'nautilus_bringup' build argument 'cmake_target' from command line to 'None'
[0.149s] Level 5:colcon.colcon_core.verb:set package 'nautilus_bringup' build argument 'cmake_target_skip_unavailable' from command line to 'False'
[0.149s] Level 5:colcon.colcon_core.verb:set package 'nautilus_bringup' build argument 'cmake_clean_cache' from command line to 'False'
[0.149s] Level 5:colcon.colcon_core.verb:set package 'nautilus_bringup' build argument 'cmake_clean_first' from command line to 'False'
[0.149s] Level 5:colcon.colcon_core.verb:set package 'nautilus_bringup' build argument 'cmake_force_configure' from command line to 'False'
[0.149s] Level 5:colcon.colcon_core.verb:set package 'nautilus_bringup' build argument 'ament_cmake_args' from command line to 'None'
[0.149s] Level 5:colcon.colcon_core.verb:set package 'nautilus_bringup' build argument 'catkin_cmake_args' from command line to 'None'
[0.149s] Level 5:colcon.colcon_core.verb:set package 'nautilus_bringup' build argument 'catkin_skip_building_tests' from command line to 'False'
[0.149s] DEBUG:colcon.colcon_core.verb:Building package 'nautilus_bringup' with the following arguments: {'ament_cmake_args': None, 'build_base': '/home/devs/NautilusSW/nautilus_ws/build/nautilus_bringup', 'catkin_cmake_args': None, 'catkin_skip_building_tests': False, 'cmake_args': None, 'cmake_clean_cache': False, 'cmake_clean_first': False, 'cmake_force_configure': False, 'cmake_target': None, 'cmake_target_skip_unavailable': False, 'install_base': '/home/devs/NautilusSW/nautilus_ws/install/nautilus_bringup', 'merge_install': False, 'path': '/home/devs/NautilusSW/nautilus_ws/src/nautilus_bringup', 'symlink_install': False, 'test_result_base': None}
[0.149s] Level 5:colcon.colcon_core.verb:set package 'nautilus_sensors' build argument 'cmake_args' from command line to 'None'
[0.149s] Level 5:colcon.colcon_core.verb:set package 'nautilus_sensors' build argument 'cmake_target' from command line to 'None'
[0.149s] Level 5:colcon.colcon_core.verb:set package 'nautilus_sensors' build argument 'cmake_target_skip_unavailable' from command line to 'False'
[0.149s] Level 5:colcon.colcon_core.verb:set package 'nautilus_sensors' build argument 'cmake_clean_cache' from command line to 'False'
[0.149s] Level 5:colcon.colcon_core.verb:set package 'nautilus_sensors' build argument 'cmake_clean_first' from command line to 'False'
[0.149s] Level 5:colcon.colcon_core.verb:set package 'nautilus_sensors' build argument 'cmake_force_configure' from command line to 'False'
[0.149s] Level 5:colcon.colcon_core.verb:set package 'nautilus_sensors' build argument 'ament_cmake_args' from command line to 'None'
[0.149s] Level 5:colcon.colcon_core.verb:set package 'nautilus_sensors' build argument 'catkin_cmake_args' from command line to 'None'
[0.149s] Level 5:colcon.colcon_core.verb:set package 'nautilus_sensors' build argument 'catkin_skip_building_tests' from command line to 'False'
[0.149s] DEBUG:colcon.colcon_core.verb:Building package 'nautilus_sensors' with the following arguments: {'ament_cmake_args': None, 'build_base': '/home/devs/NautilusSW/nautilus_ws/build/nautilus_sensors', 'catkin_cmake_args': None, 'catkin_skip_building_tests': False, 'cmake_args': None, 'cmake_clean_cache': False, 'cmake_clean_first': False, 'cmake_force_configure': False, 'cmake_target': None, 'cmake_target_skip_unavailable': False, 'install_base': '/home/devs/NautilusSW/nautilus_ws/install/nautilus_sensors', 'merge_install': False, 'path': '/home/devs/NautilusSW/nautilus_ws/src/nautilus_sensors', 'symlink_install': False, 'test_result_base': None}
[0.150s] Level 5:colcon.colcon_core.verb:set package 'nautilus_mission' build argument 'cmake_args' from command line to 'None'
[0.150s] Level 5:colcon.colcon_core.verb:set package 'nautilus_mission' build argument 'cmake_target' from command line to 'None'
[0.150s] Level 5:colcon.colcon_core.verb:set package 'nautilus_mission' build argument 'cmake_target_skip_unavailable' from command line to 'False'
[0.150s] Level 5:colcon.colcon_core.verb:set package 'nautilus_mission' build argument 'cmake_clean_cache' from command line to 'False'
[0.150s] Level 5:colcon.colcon_core.verb:set package 'nautilus_mission' build argument 'cmake_clean_first' from command line to 'False'
[0.150s] Level 5:colcon.colcon_core.verb:set package 'nautilus_mission' build argument 'cmake_force_configure' from command line to 'False'
[0.150s] Level 5:colcon.colcon_core.verb:set package 'nautilus_mission' build argument 'ament_cmake_args' from command line to 'None'
[0.150s] Level 5:colcon.colcon_core.verb:set package 'nautilus_mission' build argument 'catkin_cmake_args' from command line to 'None'
[0.150s] Level 5:colcon.colcon_core.verb:set package 'nautilus_mission' build argument 'catkin_skip_building_tests' from command line to 'False'
[0.150s] DEBUG:colcon.colcon_core.verb:Building package 'nautilus_mission' with the following arguments: {'ament_cmake_args': None, 'build_base': '/home/devs/NautilusSW/nautilus_ws/build/nautilus_mission', 'catkin_cmake_args': None, 'catkin_skip_building_tests': False, 'cmake_args': None, 'cmake_clean_cache': False, 'cmake_clean_first': False, 'cmake_force_configure': False, 'cmake_target': None, 'cmake_target_skip_unavailable': False, 'install_base': '/home/devs/NautilusSW/nautilus_ws/install/nautilus_mission', 'merge_install': False, 'path': '/home/devs/NautilusSW/nautilus_ws/src/nautilus_mission', 'symlink_install': False, 'test_result_base': None}
[0.150s] INFO:colcon.colcon_core.executor:Executing jobs using 'parallel' executor
[0.151s] DEBUG:colcon.colcon_parallel_executor.executor.parallel:run_until_complete
[0.151s] INFO:colcon.colcon_ros.task.ament_cmake.build:Building ROS package in '/home/devs/NautilusSW/nautilus_ws/src/nautilus_bringup' with build type 'ament_cmake'
[0.152s] INFO:colcon.colcon_cmake.task.cmake.build:Building CMake package in '/home/devs/NautilusSW/nautilus_ws/src/nautilus_bringup'
[0.153s] INFO:colcon.colcon_core.plugin_system:Skipping extension 'colcon_core.shell.bat': Not used on non-Windows systems
[0.153s] INFO:colcon.colcon_core.shell:Skip shell extension 'powershell' for command environment: Not usable outside of PowerShell
[0.153s] DEBUG:colcon.colcon_core.shell:Skip shell extension 'dsv' for command environment
[0.166s] DEBUG:colcon.colcon_core.event_handler.log_command:Invoking command in '/home/devs/NautilusSW/nautilus_ws/build/nautilus_bringup': CMAKE_PREFIX_PATH=${CMAKE_PREFIX_PATH}:/home/devs/ardu_ws/install/ardupilot_dds_tests:/opt/ros/humble /usr/bin/cmake --build /home/devs/NautilusSW/nautilus_ws/build/nautilus_bringup -- -j4 -l4
[0.436s] DEBUG:colcon.colcon_core.event_handler.log_command:Invoked command in '/home/devs/NautilusSW/nautilus_ws/build/nautilus_bringup' returned '0': CMAKE_PREFIX_PATH=${CMAKE_PREFIX_PATH}:/home/devs/ardu_ws/install/ardupilot_dds_tests:/opt/ros/humble /usr/bin/cmake --build /home/devs/NautilusSW/nautilus_ws/build/nautilus_bringup -- -j4 -l4
[0.446s] DEBUG:colcon.colcon_core.event_handler.log_command:Invoking command in '/home/devs/NautilusSW/nautilus_ws/build/nautilus_bringup': CMAKE_PREFIX_PATH=${CMAKE_PREFIX_PATH}:/home/devs/ardu_ws/install/ardupilot_dds_tests:/opt/ros/humble /usr/bin/cmake --install /home/devs/NautilusSW/nautilus_ws/build/nautilus_bringup
[0.490s] Level 1:colcon.colcon_core.environment:create_environment_scripts_only(nautilus_bringup)
[0.490s] DEBUG:colcon.colcon_core.event_handler.log_command:Invoked command in '/home/devs/NautilusSW/nautilus_ws/build/nautilus_bringup' returned '0': CMAKE_PREFIX_PATH=${CMAKE_PREFIX_PATH}:/home/devs/ardu_ws/install/ardupilot_dds_tests:/opt/ros/humble /usr/bin/cmake --install /home/devs/NautilusSW/nautilus_ws/build/nautilus_bringup
[0.493s] Level 1:colcon.colcon_core.environment:checking '/home/devs/NautilusSW/nautilus_ws/install/nautilus_bringup' for CMake module files
[0.494s] Level 1:colcon.colcon_core.environment:checking '/home/devs/NautilusSW/nautilus_ws/install/nautilus_bringup' for CMake config files
[0.494s] Level 1:colcon.colcon_core.shell:create_environment_hook('nautilus_bringup', 'cmake_prefix_path')
[0.495s] INFO:colcon.colcon_core.shell:Creating environment hook '/home/devs/NautilusSW/nautilus_ws/install/nautilus_bringup/share/nautilus_bringup/hook/cmake_prefix_path.ps1'
[0.495s] INFO:colcon.colcon_core.shell:Creating environment descriptor '/home/devs/NautilusSW/nautilus_ws/install/nautilus_bringup/share/nautilus_bringup/hook/cmake_prefix_path.dsv'
[0.496s] INFO:colcon.colcon_core.shell:Creating environment hook '/home/devs/NautilusSW/nautilus_ws/install/nautilus_bringup/share/nautilus_bringup/hook/cmake_prefix_path.sh'
[0.496s] Level 1:colcon.colcon_core.environment:checking '/home/devs/NautilusSW/nautilus_ws/install/nautilus_bringup/bin'
[0.496s] Level 1:colcon.colcon_core.environment:checking '/home/devs/NautilusSW/nautilus_ws/install/nautilus_bringup/lib/pkgconfig/nautilus_bringup.pc'
[0.497s] Level 1:colcon.colcon_core.environment:checking '/home/devs/NautilusSW/nautilus_ws/install/nautilus_bringup/lib/python3.10/site-packages'
[0.497s] Level 1:colcon.colcon_core.environment:checking '/home/devs/NautilusSW/nautilus_ws/install/nautilus_bringup/bin'
[0.497s] INFO:colcon.colcon_core.shell:Creating package script '/home/devs/NautilusSW/nautilus_ws/install/nautilus_bringup/share/nautilus_bringup/package.ps1'
[0.498s] INFO:colcon.colcon_core.shell:Creating package descriptor '/home/devs/NautilusSW/nautilus_ws/install/nautilus_bringup/share/nautilus_bringup/package.dsv'
[0.500s] INFO:colcon.colcon_core.shell:Creating package script '/home/devs/NautilusSW/nautilus_ws/install/nautilus_bringup/share/nautilus_bringup/package.sh'
[0.501s] INFO:colcon.colcon_core.shell:Creating package script '/home/devs/NautilusSW/nautilus_ws/install/nautilus_bringup/share/nautilus_bringup/package.bash'
[0.501s] INFO:colcon.colcon_core.shell:Creating package script '/home/devs/NautilusSW/nautilus_ws/install/nautilus_bringup/share/nautilus_bringup/package.zsh'
[0.502s] Level 1:colcon.colcon_core.environment:create_file_with_runtime_dependencies(/home/devs/NautilusSW/nautilus_ws/install/nautilus_bringup/share/colcon-core/packages/nautilus_bringup)
[0.503s] Level 1:colcon.colcon_core.environment:create_environment_scripts_only(nautilus_bringup)
[0.504s] Level 1:colcon.colcon_core.environment:checking '/home/devs/NautilusSW/nautilus_ws/install/nautilus_bringup' for CMake module files
[0.504s] Level 1:colcon.colcon_core.environment:checking '/home/devs/NautilusSW/nautilus_ws/install/nautilus_bringup' for CMake config files
[0.504s] Level 1:colcon.colcon_core.shell:create_environment_hook('nautilus_bringup', 'cmake_prefix_path')
[0.504s] INFO:colcon.colcon_core.shell:Creating environment hook '/home/devs/NautilusSW/nautilus_ws/install/nautilus_bringup/share/nautilus_bringup/hook/cmake_prefix_path.ps1'
[0.505s] INFO:colcon.colcon_core.shell:Creating environment descriptor '/home/devs/NautilusSW/nautilus_ws/install/nautilus_bringup/share/nautilus_bringup/hook/cmake_prefix_path.dsv'
[0.505s] INFO:colcon.colcon_core.shell:Creating environment hook '/home/devs/NautilusSW/nautilus_ws/install/nautilus_bringup/share/nautilus_bringup/hook/cmake_prefix_path.sh'
[0.506s] Level 1:colcon.colcon_core.environment:checking '/home/devs/NautilusSW/nautilus_ws/install/nautilus_bringup/bin'
[0.506s] Level 1:colcon.colcon_core.environment:checking '/home/devs/NautilusSW/nautilus_ws/install/nautilus_bringup/lib/pkgconfig/nautilus_bringup.pc'
[0.506s] Level 1:colcon.colcon_core.environment:checking '/home/devs/NautilusSW/nautilus_ws/install/nautilus_bringup/lib/python3.10/site-packages'
[0.507s] Level 1:colcon.colcon_core.environment:checking '/home/devs/NautilusSW/nautilus_ws/install/nautilus_bringup/bin'
[0.507s] INFO:colcon.colcon_core.shell:Creating package script '/home/devs/NautilusSW/nautilus_ws/install/nautilus_bringup/share/nautilus_bringup/package.ps1'
[0.507s] INFO:colcon.colcon_core.shell:Creating package descriptor '/home/devs/NautilusSW/nautilus_ws/install/nautilus_bringup/share/nautilus_bringup/package.dsv'
[0.508s] INFO:colcon.colcon_core.shell:Creating package script '/home/devs/NautilusSW/nautilus_ws/install/nautilus_bringup/share/nautilus_bringup/package.sh'
[0.508s] INFO:colcon.colcon_core.shell:Creating package script '/home/devs/NautilusSW/nautilus_ws/install/nautilus_bringup/share/nautilus_bringup/package.bash'
[0.509s] INFO:colcon.colcon_core.shell:Creating package script '/home/devs/NautilusSW/nautilus_ws/install/nautilus_bringup/share/nautilus_bringup/package.zsh'
[0.509s] Level 1:colcon.colcon_core.environment:create_file_with_runtime_dependencies(/home/devs/NautilusSW/nautilus_ws/install/nautilus_bringup/share/colcon-core/packages/nautilus_bringup)
[0.510s] INFO:colcon.colcon_ros.task.ament_cmake.build:Building ROS package in '/home/devs/NautilusSW/nautilus_ws/src/nautilus_sensors' with build type 'ament_cmake'
[0.510s] INFO:colcon.colcon_cmake.task.cmake.build:Building CMake package in '/home/devs/NautilusSW/nautilus_ws/src/nautilus_sensors'
[0.510s] INFO:colcon.colcon_core.shell:Skip shell extension 'powershell' for command environment: Not usable outside of PowerShell
[0.510s] DEBUG:colcon.colcon_core.shell:Skip shell extension 'dsv' for command environment
[0.522s] DEBUG:colcon.colcon_core.event_handler.log_command:Invoking command in '/home/devs/NautilusSW/nautilus_ws/build/nautilus_sensors': CMAKE_PREFIX_PATH=/home/devs/NautilusSW/nautilus_ws/install/nautilus_bringup:/home/devs/ardu_ws/install/test_ros_gz_bridge:/home/devs/ardu_ws/install/ros_ign:/home/devs/ardu_ws/install/ros_ign_gazebo_demos:/home/devs/ardu_ws/install/ros_gz:/home/devs/ardu_ws/install/ros_gz_sim_demos:/home/devs/ardu_ws/install/ardupilot_gz_bringup:/home/devs/ardu_ws/install/sdformat_urdf:/home/devs/ardu_ws/install/sdformat_test_files:/home/devs/ardu_ws/install/ros_ign_interfaces:/home/devs/ardu_ws/install/ros_ign_image:/home/devs/ardu_ws/install/ros_ign_gazebo:/home/devs/ardu_ws/install/ros_ign_bridge:/home/devs/ardu_ws/install/ros_gz_sim:/home/devs/ardu_ws/install/ros_gz_image:/home/devs/ardu_ws/install/ros_gz_bridge:/home/devs/ardu_ws/install/ros_gz_interfaces:/home/devs/ardu_ws/install/ardupilot_sitl:/home/devs/ardu_ws/install/micro_ros_agent:/home/devs/ardu_ws/install/ardupilot_sitl_models:/home/devs/ardu_ws/install/ardupilot_msgs:/home/devs/ardu_ws/install/ardupilot_gz_gazebo:/home/devs/ardu_ws/install/ardupilot_gz_description:/home/devs/ardu_ws/install/ardupilot_gz_application:/home/devs/ardu_ws/install/ardupilot_gazebo:/home/devs/NautilusSW/nautilus_ws/install/nautilus_mission:/home/devs/NautilusSW/nautilus_ws/install/nautilus_sensors:/home/devs/ardu_ws/install/ardupilot_dds_tests:/opt/ros/humble /usr/bin/cmake --build /home/devs/NautilusSW/nautilus_ws/build/nautilus_sensors -- -j4 -l4
[0.815s] DEBUG:colcon.colcon_core.event_handler.log_command:Invoked command in '/home/devs/NautilusSW/nautilus_ws/build/nautilus_sensors' returned '0': CMAKE_PREFIX_PATH=/home/devs/NautilusSW/nautilus_ws/install/nautilus_bringup:/home/devs/ardu_ws/install/test_ros_gz_bridge:/home/devs/ardu_ws/install/ros_ign:/home/devs/ardu_ws/install/ros_ign_gazebo_demos:/home/devs/ardu_ws/install/ros_gz:/home/devs/ardu_ws/install/ros_gz_sim_demos:/home/devs/ardu_ws/install/ardupilot_gz_bringup:/home/devs/ardu_ws/install/sdformat_urdf:/home/devs/ardu_ws/install/sdformat_test_files:/home/devs/ardu_ws/install/ros_ign_interfaces:/home/devs/ardu_ws/install/ros_ign_image:/home/devs/ardu_ws/install/ros_ign_gazebo:/home/devs/ardu_ws/install/ros_ign_bridge:/home/devs/ardu_ws/install/ros_gz_sim:/home/devs/ardu_ws/install/ros_gz_image:/home/devs/ardu_ws/install/ros_gz_bridge:/home/devs/ardu_ws/install/ros_gz_interfaces:/home/devs/ardu_ws/install/ardupilot_sitl:/home/devs/ardu_ws/install/micro_ros_agent:/home/devs/ardu_ws/install/ardupilot_sitl_models:/home/devs/ardu_ws/install/ardupilot_msgs:/home/devs/ardu_ws/install/ardupilot_gz_gazebo:/home/devs/ardu_ws/install/ardupilot_gz_description:/home/devs/ardu_ws/install/ardupilot_gz_application:/home/devs/ardu_ws/install/ardupilot_gazebo:/home/devs/NautilusSW/nautilus_ws/install/nautilus_mission:/home/devs/NautilusSW/nautilus_ws/install/nautilus_sensors:/home/devs/ardu_ws/install/ardupilot_dds_tests:/opt/ros/humble /usr/bin/cmake --build /home/devs/NautilusSW/nautilus_ws/build/nautilus_sensors -- -j4 -l4
[0.818s] DEBUG:colcon.colcon_core.event_handler.log_command:Invoking command in '/home/devs/NautilusSW/nautilus_ws/build/nautilus_sensors': CMAKE_PREFIX_PATH=/home/devs/NautilusSW/nautilus_ws/install/nautilus_bringup:/home/devs/ardu_ws/install/test_ros_gz_bridge:/home/devs/ardu_ws/install/ros_ign:/home/devs/ardu_ws/install/ros_ign_gazebo_demos:/home/devs/ardu_ws/install/ros_gz:/home/devs/ardu_ws/install/ros_gz_sim_demos:/home/devs/ardu_ws/install/ardupilot_gz_bringup:/home/devs/ardu_ws/install/sdformat_urdf:/home/devs/ardu_ws/install/sdformat_test_files:/home/devs/ardu_ws/install/ros_ign_interfaces:/home/devs/ardu_ws/install/ros_ign_image:/home/devs/ardu_ws/install/ros_ign_gazebo:/home/devs/ardu_ws/install/ros_ign_bridge:/home/devs/ardu_ws/install/ros_gz_sim:/home/devs/ardu_ws/install/ros_gz_image:/home/devs/ardu_ws/install/ros_gz_bridge:/home/devs/ardu_ws/install/ros_gz_interfaces:/home/devs/ardu_ws/install/ardupilot_sitl:/home/devs/ardu_ws/install/micro_ros_agent:/home/devs/ardu_ws/install/ardupilot_sitl_models:/home/devs/ardu_ws/install/ardupilot_msgs:/home/devs/ardu_ws/install/ardupilot_gz_gazebo:/home/devs/ardu_ws/install/ardupilot_gz_description:/home/devs/ardu_ws/install/ardupilot_gz_application:/home/devs/ardu_ws/install/ardupilot_gazebo:/home/devs/NautilusSW/nautilus_ws/install/nautilus_mission:/home/devs/NautilusSW/nautilus_ws/install/nautilus_sensors:/home/devs/ardu_ws/install/ardupilot_dds_tests:/opt/ros/humble /usr/bin/cmake --install /home/devs/NautilusSW/nautilus_ws/build/nautilus_sensors
[0.892s] Level 1:colcon.colcon_core.environment:create_environment_scripts_only(nautilus_sensors)
[0.892s] Level 1:colcon.colcon_core.environment:checking '/home/devs/NautilusSW/nautilus_ws/install/nautilus_sensors' for CMake module files
[0.892s] DEBUG:colcon.colcon_core.event_handler.log_command:Invoked command in '/home/devs/NautilusSW/nautilus_ws/build/nautilus_sensors' returned '0': CMAKE_PREFIX_PATH=/home/devs/NautilusSW/nautilus_ws/install/nautilus_bringup:/home/devs/ardu_ws/install/test_ros_gz_bridge:/home/devs/ardu_ws/install/ros_ign:/home/devs/ardu_ws/install/ros_ign_gazebo_demos:/home/devs/ardu_ws/install/ros_gz:/home/devs/ardu_ws/install/ros_gz_sim_demos:/home/devs/ardu_ws/install/ardupilot_gz_bringup:/home/devs/ardu_ws/install/sdformat_urdf:/home/devs/ardu_ws/install/sdformat_test_files:/home/devs/ardu_ws/install/ros_ign_interfaces:/home/devs/ardu_ws/install/ros_ign_image:/home/devs/ardu_ws/install/ros_ign_gazebo:/home/devs/ardu_ws/install/ros_ign_bridge:/home/devs/ardu_ws/install/ros_gz_sim:/home/devs/ardu_ws/install/ros_gz_image:/home/devs/ardu_ws/install/ros_gz_bridge:/home/devs/ardu_ws/install/ros_gz_interfaces:/home/devs/ardu_ws/install/ardupilot_sitl:/home/devs/ardu_ws/install/micro_ros_agent:/home/devs/ardu_ws/install/ardupilot_sitl_models:/home/devs/ardu_ws/install/ardupilot_msgs:/home/devs/ardu_ws/install/ardupilot_gz_gazebo:/home/devs/ardu_ws/install/ardupilot_gz_description:/home/devs/ardu_ws/install/ardupilot_gz_application:/home/devs/ardu_ws/install/ardupilot_gazebo:/home/devs/NautilusSW/nautilus_ws/install/nautilus_mission:/home/devs/NautilusSW/nautilus_ws/install/nautilus_sensors:/home/devs/ardu_ws/install/ardupilot_dds_tests:/opt/ros/humble /usr/bin/cmake --install /home/devs/NautilusSW/nautilus_ws/build/nautilus_sensors
[0.893s] Level 1:colcon.colcon_core.environment:checking '/home/devs/NautilusSW/nautilus_ws/install/nautilus_sensors' for CMake config files
[0.893s] Level 1:colcon.colcon_core.shell:create_environment_hook('nautilus_sensors', 'cmake_prefix_path')
[0.893s] INFO:colcon.colcon_core.shell:Creating environment hook '/home/devs/NautilusSW/nautilus_ws/install/nautilus_sensors/share/nautilus_sensors/hook/cmake_prefix_path.ps1'
[0.894s] INFO:colcon.colcon_core.shell:Creating environment descriptor '/home/devs/NautilusSW/nautilus_ws/install/nautilus_sensors/share/nautilus_sensors/hook/cmake_prefix_path.dsv'
[0.894s] INFO:colcon.colcon_core.shell:Creating environment hook '/home/devs/NautilusSW/nautilus_ws/install/nautilus_sensors/share/nautilus_sensors/hook/cmake_prefix_path.sh'
[0.895s] Level 1:colcon.colcon_core.environment:checking '/home/devs/NautilusSW/nautilus_ws/install/nautilus_sensors/lib'
[0.895s] Level 1:colcon.colcon_core.environment:checking '/home/devs/NautilusSW/nautilus_ws/install/nautilus_sensors/bin'
[0.895s] Level 1:colcon.colcon_core.environment:checking '/home/devs/NautilusSW/nautilus_ws/install/nautilus_sensors/lib/pkgconfig/nautilus_sensors.pc'
[0.895s] Level 1:colcon.colcon_core.environment:checking '/home/devs/NautilusSW/nautilus_ws/install/nautilus_sensors/lib/python3.10/site-packages'
[0.895s] Level 1:colcon.colcon_core.environment:checking '/home/devs/NautilusSW/nautilus_ws/install/nautilus_sensors/bin'
[0.896s] INFO:colcon.colcon_core.shell:Creating package script '/home/devs/NautilusSW/nautilus_ws/install/nautilus_sensors/share/nautilus_sensors/package.ps1'
[0.896s] INFO:colcon.colcon_core.shell:Creating package descriptor '/home/devs/NautilusSW/nautilus_ws/install/nautilus_sensors/share/nautilus_sensors/package.dsv'
[0.896s] INFO:colcon.colcon_core.shell:Creating package script '/home/devs/NautilusSW/nautilus_ws/install/nautilus_sensors/share/nautilus_sensors/package.sh'
[0.897s] INFO:colcon.colcon_core.shell:Creating package script '/home/devs/NautilusSW/nautilus_ws/install/nautilus_sensors/share/nautilus_sensors/package.bash'
[0.897s] INFO:colcon.colcon_core.shell:Creating package script '/home/devs/NautilusSW/nautilus_ws/install/nautilus_sensors/share/nautilus_sensors/package.zsh'
[0.898s] Level 1:colcon.colcon_core.environment:create_file_with_runtime_dependencies(/home/devs/NautilusSW/nautilus_ws/install/nautilus_sensors/share/colcon-core/packages/nautilus_sensors)
[0.898s] Level 1:colcon.colcon_core.environment:create_environment_scripts_only(nautilus_sensors)
[0.898s] Level 1:colcon.colcon_core.environment:checking '/home/devs/NautilusSW/nautilus_ws/install/nautilus_sensors' for CMake module files
[0.899s] Level 1:colcon.colcon_core.environment:checking '/home/devs/NautilusSW/nautilus_ws/install/nautilus_sensors' for CMake config files
[0.899s] Level 1:colcon.colcon_core.shell:create_environment_hook('nautilus_sensors', 'cmake_prefix_path')
[0.899s] INFO:colcon.colcon_core.shell:Creating environment hook '/home/devs/NautilusSW/nautilus_ws/install/nautilus_sensors/share/nautilus_sensors/hook/cmake_prefix_path.ps1'
[0.899s] INFO:colcon.colcon_core.shell:Creating environment descriptor '/home/devs/NautilusSW/nautilus_ws/install/nautilus_sensors/share/nautilus_sensors/hook/cmake_prefix_path.dsv'
[0.900s] INFO:colcon.colcon_core.shell:Creating environment hook '/home/devs/NautilusSW/nautilus_ws/install/nautilus_sensors/share/nautilus_sensors/hook/cmake_prefix_path.sh'
[0.900s] Level 1:colcon.colcon_core.environment:checking '/home/devs/NautilusSW/nautilus_ws/install/nautilus_sensors/lib'
[0.900s] Level 1:colcon.colcon_core.environment:checking '/home/devs/NautilusSW/nautilus_ws/install/nautilus_sensors/bin'
[0.900s] Level 1:colcon.colcon_core.environment:checking '/home/devs/NautilusSW/nautilus_ws/install/nautilus_sensors/lib/pkgconfig/nautilus_sensors.pc'
[0.900s] Level 1:colcon.colcon_core.environment:checking '/home/devs/NautilusSW/nautilus_ws/install/nautilus_sensors/lib/python3.10/site-packages'
[0.901s] Level 1:colcon.colcon_core.environment:checking '/home/devs/NautilusSW/nautilus_ws/install/nautilus_sensors/bin'
[0.901s] INFO:colcon.colcon_core.shell:Creating package script '/home/devs/NautilusSW/nautilus_ws/install/nautilus_sensors/share/nautilus_sensors/package.ps1'
[0.901s] INFO:colcon.colcon_core.shell:Creating package descriptor '/home/devs/NautilusSW/nautilus_ws/install/nautilus_sensors/share/nautilus_sensors/package.dsv'
[0.902s] INFO:colcon.colcon_core.shell:Creating package script '/home/devs/NautilusSW/nautilus_ws/install/nautilus_sensors/share/nautilus_sensors/package.sh'
[0.902s] INFO:colcon.colcon_core.shell:Creating package script '/home/devs/NautilusSW/nautilus_ws/install/nautilus_sensors/share/nautilus_sensors/package.bash'
[0.903s] INFO:colcon.colcon_core.shell:Creating package script '/home/devs/NautilusSW/nautilus_ws/install/nautilus_sensors/share/nautilus_sensors/package.zsh'
[0.903s] Level 1:colcon.colcon_core.environment:create_file_with_runtime_dependencies(/home/devs/NautilusSW/nautilus_ws/install/nautilus_sensors/share/colcon-core/packages/nautilus_sensors)
[0.904s] INFO:colcon.colcon_ros.task.ament_cmake.build:Building ROS package in '/home/devs/NautilusSW/nautilus_ws/src/nautilus_mission' with build type 'ament_cmake'
[0.904s] INFO:colcon.colcon_cmake.task.cmake.build:Building CMake package in '/home/devs/NautilusSW/nautilus_ws/src/nautilus_mission'
[0.904s] INFO:colcon.colcon_core.shell:Skip shell extension 'powershell' for command environment: Not usable outside of PowerShell
[0.904s] DEBUG:colcon.colcon_core.shell:Skip shell extension 'dsv' for command environment
[0.916s] DEBUG:colcon.colcon_core.event_handler.log_command:Invoking command in '/home/devs/NautilusSW/nautilus_ws/build/nautilus_mission': CMAKE_PREFIX_PATH=/home/devs/NautilusSW/nautilus_ws/install/nautilus_sensors:/home/devs/NautilusSW/nautilus_ws/install/nautilus_bringup:/home/devs/ardu_ws/install/test_ros_gz_bridge:/home/devs/ardu_ws/install/ros_ign:/home/devs/ardu_ws/install/ros_ign_gazebo_demos:/home/devs/ardu_ws/install/ros_gz:/home/devs/ardu_ws/install/ros_gz_sim_demos:/home/devs/ardu_ws/install/ardupilot_gz_bringup:/home/devs/ardu_ws/install/sdformat_urdf:/home/devs/ardu_ws/install/sdformat_test_files:/home/devs/ardu_ws/install/ros_ign_interfaces:/home/devs/ardu_ws/install/ros_ign_image:/home/devs/ardu_ws/install/ros_ign_gazebo:/home/devs/ardu_ws/install/ros_ign_bridge:/home/devs/ardu_ws/install/ros_gz_sim:/home/devs/ardu_ws/install/ros_gz_image:/home/devs/ardu_ws/install/ros_gz_bridge:/home/devs/ardu_ws/install/ros_gz_interfaces:/home/devs/ardu_ws/install/ardupilot_sitl:/home/devs/ardu_ws/install/micro_ros_agent:/home/devs/ardu_ws/install/ardupilot_sitl_models:/home/devs/ardu_ws/install/ardupilot_msgs:/home/devs/ardu_ws/install/ardupilot_gz_gazebo:/home/devs/ardu_ws/install/ardupilot_gz_description:/home/devs/ardu_ws/install/ardupilot_gz_application:/home/devs/ardu_ws/install/ardupilot_gazebo:/home/devs/NautilusSW/nautilus_ws/install/nautilus_mission:/home/devs/ardu_ws/install/ardupilot_dds_tests:/opt/ros/humble /usr/bin/cmake --build /home/devs/NautilusSW/nautilus_ws/build/nautilus_mission -- -j4 -l4
[1.193s] DEBUG:colcon.colcon_core.event_handler.log_command:Invoked command in '/home/devs/NautilusSW/nautilus_ws/build/nautilus_mission' returned '0': CMAKE_PREFIX_PATH=/home/devs/NautilusSW/nautilus_ws/install/nautilus_sensors:/home/devs/NautilusSW/nautilus_ws/install/nautilus_bringup:/home/devs/ardu_ws/install/test_ros_gz_bridge:/home/devs/ardu_ws/install/ros_ign:/home/devs/ardu_ws/install/ros_ign_gazebo_demos:/home/devs/ardu_ws/install/ros_gz:/home/devs/ardu_ws/install/ros_gz_sim_demos:/home/devs/ardu_ws/install/ardupilot_gz_bringup:/home/devs/ardu_ws/install/sdformat_urdf:/home/devs/ardu_ws/install/sdformat_test_files:/home/devs/ardu_ws/install/ros_ign_interfaces:/home/devs/ardu_ws/install/ros_ign_image:/home/devs/ardu_ws/install/ros_ign_gazebo:/home/devs/ardu_ws/install/ros_ign_bridge:/home/devs/ardu_ws/install/ros_gz_sim:/home/devs/ardu_ws/install/ros_gz_image:/home/devs/ardu_ws/install/ros_gz_bridge:/home/devs/ardu_ws/install/ros_gz_interfaces:/home/devs/ardu_ws/install/ardupilot_sitl:/home/devs/ardu_ws/install/micro_ros_agent:/home/devs/ardu_ws/install/ardupilot_sitl_models:/home/devs/ardu_ws/install/ardupilot_msgs:/home/devs/ardu_ws/install/ardupilot_gz_gazebo:/home/devs/ardu_ws/install/ardupilot_gz_description:/home/devs/ardu_ws/install/ardupilot_gz_application:/home/devs/ardu_ws/install/ardupilot_gazebo:/home/devs/NautilusSW/nautilus_ws/install/nautilus_mission:/home/devs/ardu_ws/install/ardupilot_dds_tests:/opt/ros/humble /usr/bin/cmake --build /home/devs/NautilusSW/nautilus_ws/build/nautilus_mission -- -j4 -l4
[1.195s] DEBUG:colcon.colcon_core.event_handler.log_command:Invoking command in '/home/devs/NautilusSW/nautilus_ws/build/nautilus_mission': CMAKE_PREFIX_PATH=/home/devs/NautilusSW/nautilus_ws/install/nautilus_sensors:/home/devs/NautilusSW/nautilus_ws/install/nautilus_bringup:/home/devs/ardu_ws/install/test_ros_gz_bridge:/home/devs/ardu_ws/install/ros_ign:/home/devs/ardu_ws/install/ros_ign_gazebo_demos:/home/devs/ardu_ws/install/ros_gz:/home/devs/ardu_ws/install/ros_gz_sim_demos:/home/devs/ardu_ws/install/ardupilot_gz_bringup:/home/devs/ardu_ws/install/sdformat_urdf:/home/devs/ardu_ws/install/sdformat_test_files:/home/devs/ardu_ws/install/ros_ign_interfaces:/home/devs/ardu_ws/install/ros_ign_image:/home/devs/ardu_ws/install/ros_ign_gazebo:/home/devs/ardu_ws/install/ros_ign_bridge:/home/devs/ardu_ws/install/ros_gz_sim:/home/devs/ardu_ws/install/ros_gz_image:/home/devs/ardu_ws/install/ros_gz_bridge:/home/devs/ardu_ws/install/ros_gz_interfaces:/home/devs/ardu_ws/install/ardupilot_sitl:/home/devs/ardu_ws/install/micro_ros_agent:/home/devs/ardu_ws/install/ardupilot_sitl_models:/home/devs/ardu_ws/install/ardupilot_msgs:/home/devs/ardu_ws/install/ardupilot_gz_gazebo:/home/devs/ardu_ws/install/ardupilot_gz_description:/home/devs/ardu_ws/install/ardupilot_gz_application:/home/devs/ardu_ws/install/ardupilot_gazebo:/home/devs/NautilusSW/nautilus_ws/install/nautilus_mission:/home/devs/ardu_ws/install/ardupilot_dds_tests:/opt/ros/humble /usr/bin/cmake --install /home/devs/NautilusSW/nautilus_ws/build/nautilus_mission
[1.239s] Level 1:colcon.colcon_core.environment:create_environment_scripts_only(nautilus_mission)
[1.240s] Level 1:colcon.colcon_core.environment:checking '/home/devs/NautilusSW/nautilus_ws/install/nautilus_mission' for CMake module files
[1.241s] DEBUG:colcon.colcon_core.event_handler.log_command:Invoked command in '/home/devs/NautilusSW/nautilus_ws/build/nautilus_mission' returned '0': CMAKE_PREFIX_PATH=/home/devs/NautilusSW/nautilus_ws/install/nautilus_sensors:/home/devs/NautilusSW/nautilus_ws/install/nautilus_bringup:/home/devs/ardu_ws/install/test_ros_gz_bridge:/home/devs/ardu_ws/install/ros_ign:/home/devs/ardu_ws/install/ros_ign_gazebo_demos:/home/devs/ardu_ws/install/ros_gz:/home/devs/ardu_ws/install/ros_gz_sim_demos:/home/devs/ardu_ws/install/ardupilot_gz_bringup:/home/devs/ardu_ws/install/sdformat_urdf:/home/devs/ardu_ws/install/sdformat_test_files:/home/devs/ardu_ws/install/ros_ign_interfaces:/home/devs/ardu_ws/install/ros_ign_image:/home/devs/ardu_ws/install/ros_ign_gazebo:/home/devs/ardu_ws/install/ros_ign_bridge:/home/devs/ardu_ws/install/ros_gz_sim:/home/devs/ardu_ws/install/ros_gz_image:/home/devs/ardu_ws/install/ros_gz_bridge:/home/devs/ardu_ws/install/ros_gz_interfaces:/home/devs/ardu_ws/install/ardupilot_sitl:/home/devs/ardu_ws/install/micro_ros_agent:/home/devs/ardu_ws/install/ardupilot_sitl_models:/home/devs/ardu_ws/install/ardupilot_msgs:/home/devs/ardu_ws/install/ardupilot_gz_gazebo:/home/devs/ardu_ws/install/ardupilot_gz_description:/home/devs/ardu_ws/install/ardupilot_gz_application:/home/devs/ardu_ws/install/ardupilot_gazebo:/home/devs/NautilusSW/nautilus_ws/install/nautilus_mission:/home/devs/ardu_ws/install/ardupilot_dds_tests:/opt/ros/humble /usr/bin/cmake --install /home/devs/NautilusSW/nautilus_ws/build/nautilus_mission
[1.241s] Level 1:colcon.colcon_core.environment:checking '/home/devs/NautilusSW/nautilus_ws/install/nautilus_mission' for CMake config files
[1.242s] Level 1:colcon.colcon_core.shell:create_environment_hook('nautilus_mission', 'cmake_prefix_path')
[1.242s] INFO:colcon.colcon_core.shell:Creating environment hook '/home/devs/NautilusSW/nautilus_ws/install/nautilus_mission/share/nautilus_mission/hook/cmake_prefix_path.ps1'
[1.242s] INFO:colcon.colcon_core.shell:Creating environment descriptor '/home/devs/NautilusSW/nautilus_ws/install/nautilus_mission/share/nautilus_mission/hook/cmake_prefix_path.dsv'
[1.243s] INFO:colcon.colcon_core.shell:Creating environment hook '/home/devs/NautilusSW/nautilus_ws/install/nautilus_mission/share/nautilus_mission/hook/cmake_prefix_path.sh'
[1.244s] Level 1:colcon.colcon_core.environment:checking '/home/devs/NautilusSW/nautilus_ws/install/nautilus_mission/lib'
[1.244s] Level 1:colcon.colcon_core.environment:checking '/home/devs/NautilusSW/nautilus_ws/install/nautilus_mission/bin'
[1.244s] Level 1:colcon.colcon_core.environment:checking '/home/devs/NautilusSW/nautilus_ws/install/nautilus_mission/lib/pkgconfig/nautilus_mission.pc'
[1.244s] Level 1:colcon.colcon_core.environment:checking '/home/devs/NautilusSW/nautilus_ws/install/nautilus_mission/lib/python3.10/site-packages'
[1.244s] Level 1:colcon.colcon_core.environment:checking '/home/devs/NautilusSW/nautilus_ws/install/nautilus_mission/bin'
[1.244s] INFO:colcon.colcon_core.shell:Creating package script '/home/devs/NautilusSW/nautilus_ws/install/nautilus_mission/share/nautilus_mission/package.ps1'
[1.245s] INFO:colcon.colcon_core.shell:Creating package descriptor '/home/devs/NautilusSW/nautilus_ws/install/nautilus_mission/share/nautilus_mission/package.dsv'
[1.245s] INFO:colcon.colcon_core.shell:Creating package script '/home/devs/NautilusSW/nautilus_ws/install/nautilus_mission/share/nautilus_mission/package.sh'
[1.246s] INFO:colcon.colcon_core.shell:Creating package script '/home/devs/NautilusSW/nautilus_ws/install/nautilus_mission/share/nautilus_mission/package.bash'
[1.246s] INFO:colcon.colcon_core.shell:Creating package script '/home/devs/NautilusSW/nautilus_ws/install/nautilus_mission/share/nautilus_mission/package.zsh'
[1.246s] Level 1:colcon.colcon_core.environment:create_file_with_runtime_dependencies(/home/devs/NautilusSW/nautilus_ws/install/nautilus_mission/share/colcon-core/packages/nautilus_mission)
[1.247s] Level 1:colcon.colcon_core.environment:create_environment_scripts_only(nautilus_mission)
[1.247s] Level 1:colcon.colcon_core.environment:checking '/home/devs/NautilusSW/nautilus_ws/install/nautilus_mission' for CMake module files
[1.247s] Level 1:colcon.colcon_core.environment:checking '/home/devs/NautilusSW/nautilus_ws/install/nautilus_mission' for CMake config files
[1.248s] Level 1:colcon.colcon_core.shell:create_environment_hook('nautilus_mission', 'cmake_prefix_path')
[1.248s] INFO:colcon.colcon_core.shell:Creating environment hook '/home/devs/NautilusSW/nautilus_ws/install/nautilus_mission/share/nautilus_mission/hook/cmake_prefix_path.ps1'
[1.248s] INFO:colcon.colcon_core.shell:Creating environment descriptor '/home/devs/NautilusSW/nautilus_ws/install/nautilus_mission/share/nautilus_mission/hook/cmake_prefix_path.dsv'
[1.249s] INFO:colcon.colcon_core.shell:Creating environment hook '/home/devs/NautilusSW/nautilus_ws/install/nautilus_mission/share/nautilus_mission/hook/cmake_prefix_path.sh'
[1.249s] Level 1:colcon.colcon_core.environment:checking '/home/devs/NautilusSW/nautilus_ws/install/nautilus_mission/lib'
[1.249s] Level 1:colcon.colcon_core.environment:checking '/home/devs/NautilusSW/nautilus_ws/install/nautilus_mission/bin'
[1.249s] Level 1:colcon.colcon_core.environment:checking '/home/devs/NautilusSW/nautilus_ws/install/nautilus_mission/lib/pkgconfig/nautilus_mission.pc'
[1.250s] Level 1:colcon.colcon_core.environment:checking '/home/devs/NautilusSW/nautilus_ws/install/nautilus_mission/lib/python3.10/site-packages'
[1.250s] Level 1:colcon.colcon_core.environment:checking '/home/devs/NautilusSW/nautilus_ws/install/nautilus_mission/bin'
[1.250s] INFO:colcon.colcon_core.shell:Creating package script '/home/devs/NautilusSW/nautilus_ws/install/nautilus_mission/share/nautilus_mission/package.ps1'
[1.250s] INFO:colcon.colcon_core.shell:Creating package descriptor '/home/devs/NautilusSW/nautilus_ws/install/nautilus_mission/share/nautilus_mission/package.dsv'
[1.251s] INFO:colcon.colcon_core.shell:Creating package script '/home/devs/NautilusSW/nautilus_ws/install/nautilus_mission/share/nautilus_mission/package.sh'
[1.251s] INFO:colcon.colcon_core.shell:Creating package script '/home/devs/NautilusSW/nautilus_ws/install/nautilus_mission/share/nautilus_mission/package.bash'
[1.253s] INFO:colcon.colcon_core.shell:Creating package script '/home/devs/NautilusSW/nautilus_ws/install/nautilus_mission/share/nautilus_mission/package.zsh'
[1.253s] Level 1:colcon.colcon_core.environment:create_file_with_runtime_dependencies(/home/devs/NautilusSW/nautilus_ws/install/nautilus_mission/share/colcon-core/packages/nautilus_mission)
[1.254s] DEBUG:colcon.colcon_parallel_executor.executor.parallel:closing loop
[1.254s] DEBUG:colcon.colcon_parallel_executor.executor.parallel:loop closed
[1.254s] DEBUG:colcon.colcon_parallel_executor.executor.parallel:run_until_complete finished with '0'
[1.254s] DEBUG:colcon.colcon_core.event_reactor:joining thread
[1.259s] INFO:colcon.colcon_core.plugin_system:Skipping extension 'colcon_notification.desktop_notification.terminal_notifier': Not used on non-Darwin systems
[1.259s] INFO:colcon.colcon_core.plugin_system:Skipping extension 'colcon_notification.desktop_notification.win32': Not used on non-Windows systems
[1.259s] INFO:colcon.colcon_notification.desktop_notification:Sending desktop notification using 'notify2'
[1.274s] DEBUG:colcon.colcon_core.event_reactor:joined thread
[1.274s] INFO:colcon.colcon_core.shell:Creating prefix script '/home/devs/NautilusSW/nautilus_ws/install/local_setup.ps1'
[1.275s] INFO:colcon.colcon_core.shell:Creating prefix util module '/home/devs/NautilusSW/nautilus_ws/install/_local_setup_util_ps1.py'
[1.276s] INFO:colcon.colcon_core.shell:Creating prefix chain script '/home/devs/NautilusSW/nautilus_ws/install/setup.ps1'
[1.278s] INFO:colcon.colcon_core.shell:Creating prefix script '/home/devs/NautilusSW/nautilus_ws/install/local_setup.sh'
[1.278s] INFO:colcon.colcon_core.shell:Creating prefix util module '/home/devs/NautilusSW/nautilus_ws/install/_local_setup_util_sh.py'
[1.279s] INFO:colcon.colcon_core.shell:Creating prefix chain script '/home/devs/NautilusSW/nautilus_ws/install/setup.sh'
[1.280s] INFO:colcon.colcon_core.shell:Creating prefix script '/home/devs/NautilusSW/nautilus_ws/install/local_setup.bash'
[1.280s] INFO:colcon.colcon_core.shell:Creating prefix chain script '/home/devs/NautilusSW/nautilus_ws/install/setup.bash'
[1.282s] INFO:colcon.colcon_core.shell:Creating prefix script '/home/devs/NautilusSW/nautilus_ws/install/local_setup.zsh'
[1.282s] INFO:colcon.colcon_core.shell:Creating prefix chain script '/home/devs/NautilusSW/nautilus_ws/install/setup.zsh'
