[0.246s] Invoking command in '/home/devs/NautilusSW/nautilus_ws/build/nautilus_bringup': CMAKE_PREFIX_PATH=${CMAKE_PREFIX_PATH}:/home/devs/ardu_ws/install/ardupilot_dds_tests:/opt/ros/humble VIRTUAL_ENV_PROMPT=(nautilus_venv) /usr/bin/cmake /home/devs/NautilusSW/nautilus_ws/src/nautilus_bringup -DCMAKE_INSTALL_PREFIX=/home/devs/NautilusSW/nautilus_ws/install/nautilus_bringup
[0.838s] -- The C compiler identification is GNU 11.4.0
[2.348s] -- The CXX compiler identification is GNU 11.4.0
[2.579s] -- Detecting C compiler ABI info
[3.967s] -- Detecting C compiler ABI info - done
[4.214s] -- Check for working C compiler: /usr/lib/ccache/cc - skipped
[4.232s] -- Detecting C compile features
[4.257s] -- Detecting C compile features - done
[4.352s] -- Detecting CXX compiler ABI info
[5.839s] -- Detecting CXX compiler ABI info - done
[6.005s] -- Check for working CXX compiler: /usr/lib/ccache/c++ - skipped
[6.022s] -- Detecting CXX compile features
[6.032s] -- Detecting CXX compile features - done
[6.074s] -- Found ament_cmake: 1.3.12 (/opt/ros/humble/share/ament_cmake/cmake)
[9.588s] -- Found Python3: /home/devs/nautilus_venv/bin/python3 (found version "3.10.12") found components: Interpreter 
[12.395s] -- Found ament_lint_auto: 0.12.14 (/opt/ros/humble/share/ament_lint_auto/cmake)
[15.452s] -- Added test 'copyright' to check source files copyright and LICENSE
[15.564s] -- Added test 'flake8' to check Python code syntax and style conventions
[15.593s] -- Added test 'lint_cmake' to check CMake code style
[15.630s] -- Added test 'pep257' to check Python code against some of the docstring style conventions in PEP 257
[15.659s] -- Added test 'xmllint' to check XML markup files
[15.721s] -- Configuring done
[15.792s] -- Generating done
[15.837s] -- Build files have been written to: /home/devs/NautilusSW/nautilus_ws/build/nautilus_bringup
[15.940s] Invoked command in '/home/devs/NautilusSW/nautilus_ws/build/nautilus_bringup' returned '0': CMAKE_PREFIX_PATH=${CMAKE_PREFIX_PATH}:/home/devs/ardu_ws/install/ardupilot_dds_tests:/opt/ros/humble VIRTUAL_ENV_PROMPT=(nautilus_venv) /usr/bin/cmake /home/devs/NautilusSW/nautilus_ws/src/nautilus_bringup -DCMAKE_INSTALL_PREFIX=/home/devs/NautilusSW/nautilus_ws/install/nautilus_bringup
[15.988s] Invoking command in '/home/devs/NautilusSW/nautilus_ws/build/nautilus_bringup': CMAKE_PREFIX_PATH=${CMAKE_PREFIX_PATH}:/home/devs/ardu_ws/install/ardupilot_dds_tests:/opt/ros/humble VIRTUAL_ENV_PROMPT=(nautilus_venv) /usr/bin/cmake --build /home/devs/NautilusSW/nautilus_ws/build/nautilus_bringup -- -j4 -l4
[16.621s] Invoked command in '/home/devs/NautilusSW/nautilus_ws/build/nautilus_bringup' returned '0': CMAKE_PREFIX_PATH=${CMAKE_PREFIX_PATH}:/home/devs/ardu_ws/install/ardupilot_dds_tests:/opt/ros/humble VIRTUAL_ENV_PROMPT=(nautilus_venv) /usr/bin/cmake --build /home/devs/NautilusSW/nautilus_ws/build/nautilus_bringup -- -j4 -l4
[16.779s] Invoking command in '/home/devs/NautilusSW/nautilus_ws/build/nautilus_bringup': CMAKE_PREFIX_PATH=${CMAKE_PREFIX_PATH}:/home/devs/ardu_ws/install/ardupilot_dds_tests:/opt/ros/humble VIRTUAL_ENV_PROMPT=(nautilus_venv) /usr/bin/cmake --install /home/devs/NautilusSW/nautilus_ws/build/nautilus_bringup
[17.052s] -- Install configuration: ""
[17.056s] -- Installing: /home/devs/NautilusSW/nautilus_ws/install/nautilus_bringup/share/nautilus_bringup/launch
[17.071s] -- Installing: /home/devs/NautilusSW/nautilus_ws/install/nautilus_bringup/share/nautilus_bringup/launch/nautilus.launch.py
[17.072s] -- Installing: /home/devs/NautilusSW/nautilus_ws/install/nautilus_bringup/share/nautilus_bringup/launch/robots
[17.072s] -- Installing: /home/devs/NautilusSW/nautilus_ws/install/nautilus_bringup/share/nautilus_bringup/launch/robots/nautilus_auv.launch.py
[17.081s] -- Installing: /home/devs/NautilusSW/nautilus_ws/install/nautilus_bringup/share/nautilus_bringup/config
[17.082s] -- Installing: /home/devs/NautilusSW/nautilus_ws/install/nautilus_bringup/share/nautilus_bringup/config/nautilus_auv_bridge.yaml
[17.087s] -- Installing: /home/devs/NautilusSW/nautilus_ws/install/nautilus_bringup/share/nautilus_bringup/nautilus_auv
[17.087s] -- Installing: /home/devs/NautilusSW/nautilus_ws/install/nautilus_bringup/share/nautilus_bringup/nautilus_auv/BlueRov2.urdf
[17.087s] -- Installing: /home/devs/NautilusSW/nautilus_ws/install/nautilus_bringup/share/nautilus_bringup/nautilus_auv/Part
[17.087s] -- Installing: /home/devs/NautilusSW/nautilus_ws/install/nautilus_bringup/share/nautilus_bringup/nautilus_auv/Part/DepthSensor
[17.087s] -- Installing: /home/devs/NautilusSW/nautilus_ws/install/nautilus_bringup/share/nautilus_bringup/nautilus_auv/Part/DepthSensor/DepthSensor.urdf.xacro
[17.087s] -- Installing: /home/devs/NautilusSW/nautilus_ws/install/nautilus_bringup/share/nautilus_bringup/nautilus_auv/Part/IMU
[17.087s] -- Installing: /home/devs/NautilusSW/nautilus_ws/install/nautilus_bringup/share/nautilus_bringup/nautilus_auv/Part/IMU/IMU.urdf.xacro
[17.087s] -- Installing: /home/devs/NautilusSW/nautilus_ws/install/nautilus_bringup/share/nautilus_bringup/nautilus_auv/Part/Camera
[17.088s] -- Installing: /home/devs/NautilusSW/nautilus_ws/install/nautilus_bringup/share/nautilus_bringup/nautilus_auv/Part/Camera/CameraMonoDepth.urdf.xacro
[17.088s] -- Installing: /home/devs/NautilusSW/nautilus_ws/install/nautilus_bringup/share/nautilus_bringup/nautilus_auv/Part/Camera/CameraStereo.urdf.xacro
[17.088s] -- Installing: /home/devs/NautilusSW/nautilus_ws/install/nautilus_bringup/share/nautilus_bringup/nautilus_auv/Part/Camera/Camera.urdf.xacro
[17.088s] -- Installing: /home/devs/NautilusSW/nautilus_ws/install/nautilus_bringup/share/nautilus_bringup/nautilus_auv/Part/Camera/CameraDepth.urdf.xacro
[17.088s] -- Installing: /home/devs/NautilusSW/nautilus_ws/install/nautilus_bringup/share/nautilus_bringup/nautilus_auv/Part/P3D
[17.088s] -- Installing: /home/devs/NautilusSW/nautilus_ws/install/nautilus_bringup/share/nautilus_bringup/nautilus_auv/Part/P3D/P3D.urdf.xacro
[17.088s] -- Installing: /home/devs/NautilusSW/nautilus_ws/install/nautilus_bringup/share/nautilus_bringup/nautilus_auv/Part/Thruster
[17.088s] -- Installing: /home/devs/NautilusSW/nautilus_ws/install/nautilus_bringup/share/nautilus_bringup/nautilus_auv/Part/Thruster/T200.urdf.xacro
[17.088s] -- Installing: /home/devs/NautilusSW/nautilus_ws/install/nautilus_bringup/share/nautilus_bringup/nautilus_auv/Part/DVL
[17.088s] -- Installing: /home/devs/NautilusSW/nautilus_ws/install/nautilus_bringup/share/nautilus_bringup/nautilus_auv/Part/DVL/DVL.urdf.xacro
[17.091s] -- Installing: /home/devs/NautilusSW/nautilus_ws/install/nautilus_bringup/share/nautilus_bringup/nautilus_auv/BlueRov2.sdf
[17.094s] -- Installing: /home/devs/NautilusSW/nautilus_ws/install/nautilus_bringup/share/nautilus_bringup/nautilus_auv/BlueRov2.urdf.xacro
[17.094s] -- Installing: /home/devs/NautilusSW/nautilus_ws/install/nautilus_bringup/share/nautilus_bringup/worlds
[17.121s] -- Installing: /home/devs/NautilusSW/nautilus_ws/install/nautilus_bringup/share/nautilus_bringup/worlds/terrain.sdf
[17.136s] -- Installing: /home/devs/NautilusSW/nautilus_ws/install/nautilus_bringup/share/nautilus_bringup/worlds/wildthumper_playpen.sdf
[17.138s] -- Installing: /home/devs/NautilusSW/nautilus_ws/install/nautilus_bringup/share/nautilus_bringup/worlds/artisticHouse.world
[17.138s] -- Installing: /home/devs/NautilusSW/nautilus_ws/install/nautilus_bringup/share/nautilus_bringup/worlds/underwater.world
[17.138s] -- Installing: /home/devs/NautilusSW/nautilus_ws/install/nautilus_bringup/share/nautilus_bringup/worlds/iris_maze.sdf
[17.138s] -- Installing: /home/devs/NautilusSW/nautilus_ws/install/nautilus_bringup/share/nautilus_bringup/worlds/terrain.dae
[17.236s] -- Installing: /home/devs/NautilusSW/nautilus_ws/install/nautilus_bringup/share/nautilus_bringup/worlds/pool_corner.world
[17.241s] -- Installing: /home/devs/NautilusSW/nautilus_ws/install/nautilus_bringup/share/nautilus_bringup/worlds/iris_runway.sdf
[17.244s] -- Installing: /home/devs/NautilusSW/nautilus_ws/install/nautilus_bringup/share/ament_index/resource_index/package_run_dependencies/nautilus_bringup
[17.249s] -- Installing: /home/devs/NautilusSW/nautilus_ws/install/nautilus_bringup/share/ament_index/resource_index/parent_prefix_path/nautilus_bringup
[17.257s] -- Installing: /home/devs/NautilusSW/nautilus_ws/install/nautilus_bringup/share/nautilus_bringup/environment/ament_prefix_path.sh
[17.272s] -- Installing: /home/devs/NautilusSW/nautilus_ws/install/nautilus_bringup/share/nautilus_bringup/environment/ament_prefix_path.dsv
[17.273s] -- Installing: /home/devs/NautilusSW/nautilus_ws/install/nautilus_bringup/share/nautilus_bringup/environment/path.sh
[17.273s] -- Installing: /home/devs/NautilusSW/nautilus_ws/install/nautilus_bringup/share/nautilus_bringup/environment/path.dsv
[17.275s] -- Installing: /home/devs/NautilusSW/nautilus_ws/install/nautilus_bringup/share/nautilus_bringup/local_setup.bash
[17.275s] -- Installing: /home/devs/NautilusSW/nautilus_ws/install/nautilus_bringup/share/nautilus_bringup/local_setup.sh
[17.277s] -- Installing: /home/devs/NautilusSW/nautilus_ws/install/nautilus_bringup/share/nautilus_bringup/local_setup.zsh
[17.277s] -- Installing: /home/devs/NautilusSW/nautilus_ws/install/nautilus_bringup/share/nautilus_bringup/local_setup.dsv
[17.281s] -- Installing: /home/devs/NautilusSW/nautilus_ws/install/nautilus_bringup/share/nautilus_bringup/package.dsv
[17.284s] -- Installing: /home/devs/NautilusSW/nautilus_ws/install/nautilus_bringup/share/ament_index/resource_index/packages/nautilus_bringup
[17.286s] -- Installing: /home/devs/NautilusSW/nautilus_ws/install/nautilus_bringup/share/nautilus_bringup/cmake/nautilus_bringupConfig.cmake
[17.286s] -- Installing: /home/devs/NautilusSW/nautilus_ws/install/nautilus_bringup/share/nautilus_bringup/cmake/nautilus_bringupConfig-version.cmake
[17.287s] -- Installing: /home/devs/NautilusSW/nautilus_ws/install/nautilus_bringup/share/nautilus_bringup/package.xml
[17.321s] Invoked command in '/home/devs/NautilusSW/nautilus_ws/build/nautilus_bringup' returned '0': CMAKE_PREFIX_PATH=${CMAKE_PREFIX_PATH}:/home/devs/ardu_ws/install/ardupilot_dds_tests:/opt/ros/humble VIRTUAL_ENV_PROMPT=(nautilus_venv) /usr/bin/cmake --install /home/devs/NautilusSW/nautilus_ws/build/nautilus_bringup
