[0.155s] DEBUG:colcon:Command line arguments: ['/usr/bin/colcon', 'build', '--symlink-install']
[0.155s] DEBUG:colcon:Parsed command line arguments: Namespace(log_base=None, log_level=None, verb_name='build', build_base='build', install_base='install', merge_install=False, symlink_install=True, test_result_base=None, continue_on_error=False, executor='parallel', parallel_workers=2, event_handlers=None, ignore_user_meta=False, metas=['./colcon.meta'], base_paths=['.'], packages_ignore=None, packages_ignore_regex=None, paths=None, packages_up_to=None, packages_up_to_regex=None, packages_above=None, packages_above_and_dependencies=None, packages_above_depth=None, packages_select_by_dep=None, packages_skip_by_dep=None, packages_skip_up_to=None, packages_select_build_failed=False, packages_skip_build_finished=False, packages_select_test_failures=False, packages_skip_test_passed=False, packages_select=None, packages_skip=None, packages_select_regex=None, packages_skip_regex=None, packages_start=None, packages_end=None, allow_overriding=[], cmake_args=None, cmake_target=None, cmake_target_skip_unavailable=False, cmake_clean_cache=False, cmake_clean_first=False, cmake_force_configure=False, ament_cmake_args=None, catkin_cmake_args=None, catkin_skip_building_tests=False, mixin_files=None, mixin=None, verb_parser=<colcon_mixin.mixin.mixin_argument.MixinArgumentDecorator object at 0x7bae1a338a60>, verb_extension=<colcon_core.verb.build.BuildVerb object at 0x7bae1a43da20>, main=<bound method BuildVerb.main of <colcon_core.verb.build.BuildVerb object at 0x7bae1a43da20>>, mixin_verb=('build',))
[0.317s] Level 1:colcon.colcon_core.package_discovery:discover_packages(colcon_meta) check parameters
[0.317s] Level 1:colcon.colcon_core.package_discovery:discover_packages(recursive) check parameters
[0.317s] Level 1:colcon.colcon_core.package_discovery:discover_packages(ignore) check parameters
[0.317s] Level 1:colcon.colcon_core.package_discovery:discover_packages(path) check parameters
[0.317s] Level 1:colcon.colcon_core.package_discovery:discover_packages(colcon_meta) discover
[0.318s] Level 1:colcon.colcon_core.package_discovery:discover_packages(recursive) discover
[0.318s] INFO:colcon.colcon_core.package_discovery:Crawling recursively for packages in '/home/xavier/Documents/GitHub/NautilusSW/UTILES/ros2_ws'
[0.318s] Level 1:colcon.colcon_core.package_identification:_identify(.) by extensions ['ignore', 'ignore_ament_install']
[0.318s] Level 1:colcon.colcon_core.package_identification:_identify(.) by extension 'ignore'
[0.318s] Level 1:colcon.colcon_core.package_identification:_identify(.) by extension 'ignore_ament_install'
[0.318s] Level 1:colcon.colcon_core.package_identification:_identify(.) by extensions ['colcon_pkg']
[0.318s] Level 1:colcon.colcon_core.package_identification:_identify(.) by extension 'colcon_pkg'
[0.318s] Level 1:colcon.colcon_core.package_identification:_identify(.) by extensions ['colcon_meta']
[0.318s] Level 1:colcon.colcon_core.package_identification:_identify(.) by extension 'colcon_meta'
[0.318s] Level 1:colcon.colcon_core.package_identification:_identify(.) by extensions ['ros']
[0.318s] Level 1:colcon.colcon_core.package_identification:_identify(.) by extension 'ros'
[0.328s] Level 1:colcon.colcon_core.package_identification:_identify(.) by extensions ['cmake', 'python']
[0.328s] Level 1:colcon.colcon_core.package_identification:_identify(.) by extension 'cmake'
[0.329s] Level 1:colcon.colcon_core.package_identification:_identify(.) by extension 'python'
[0.329s] Level 1:colcon.colcon_core.package_identification:_identify(.) by extensions ['python_setup_py']
[0.329s] Level 1:colcon.colcon_core.package_identification:_identify(.) by extension 'python_setup_py'
[0.329s] Level 1:colcon.colcon_core.package_identification:_identify(build) by extensions ['ignore', 'ignore_ament_install']
[0.329s] Level 1:colcon.colcon_core.package_identification:_identify(build) by extension 'ignore'
[0.329s] Level 1:colcon.colcon_core.package_identification:_identify(build) ignored
[0.329s] Level 1:colcon.colcon_core.package_identification:_identify(install) by extensions ['ignore', 'ignore_ament_install']
[0.329s] Level 1:colcon.colcon_core.package_identification:_identify(install) by extension 'ignore'
[0.329s] Level 1:colcon.colcon_core.package_identification:_identify(install) ignored
[0.329s] Level 1:colcon.colcon_core.package_identification:_identify(log) by extensions ['ignore', 'ignore_ament_install']
[0.330s] Level 1:colcon.colcon_core.package_identification:_identify(log) by extension 'ignore'
[0.330s] Level 1:colcon.colcon_core.package_identification:_identify(log) ignored
[0.330s] Level 1:colcon.colcon_core.package_identification:_identify(src) by extensions ['ignore', 'ignore_ament_install']
[0.330s] Level 1:colcon.colcon_core.package_identification:_identify(src) by extension 'ignore'
[0.330s] Level 1:colcon.colcon_core.package_identification:_identify(src) by extension 'ignore_ament_install'
[0.330s] Level 1:colcon.colcon_core.package_identification:_identify(src) by extensions ['colcon_pkg']
[0.330s] Level 1:colcon.colcon_core.package_identification:_identify(src) by extension 'colcon_pkg'
[0.330s] Level 1:colcon.colcon_core.package_identification:_identify(src) by extensions ['colcon_meta']
[0.330s] Level 1:colcon.colcon_core.package_identification:_identify(src) by extension 'colcon_meta'
[0.330s] Level 1:colcon.colcon_core.package_identification:_identify(src) by extensions ['ros']
[0.330s] Level 1:colcon.colcon_core.package_identification:_identify(src) by extension 'ros'
[0.330s] Level 1:colcon.colcon_core.package_identification:_identify(src) by extensions ['cmake', 'python']
[0.330s] Level 1:colcon.colcon_core.package_identification:_identify(src) by extension 'cmake'
[0.330s] Level 1:colcon.colcon_core.package_identification:_identify(src) by extension 'python'
[0.330s] Level 1:colcon.colcon_core.package_identification:_identify(src) by extensions ['python_setup_py']
[0.331s] Level 1:colcon.colcon_core.package_identification:_identify(src) by extension 'python_setup_py'
[0.331s] Level 1:colcon.colcon_core.package_identification:_identify(src/submarine_sim) by extensions ['ignore', 'ignore_ament_install']
[0.331s] Level 1:colcon.colcon_core.package_identification:_identify(src/submarine_sim) by extension 'ignore'
[0.331s] Level 1:colcon.colcon_core.package_identification:_identify(src/submarine_sim) by extension 'ignore_ament_install'
[0.331s] Level 1:colcon.colcon_core.package_identification:_identify(src/submarine_sim) by extensions ['colcon_pkg']
[0.331s] Level 1:colcon.colcon_core.package_identification:_identify(src/submarine_sim) by extension 'colcon_pkg'
[0.331s] Level 1:colcon.colcon_core.package_identification:_identify(src/submarine_sim) by extensions ['colcon_meta']
[0.331s] Level 1:colcon.colcon_core.package_identification:_identify(src/submarine_sim) by extension 'colcon_meta'
[0.332s] Level 1:colcon.colcon_core.package_identification:_identify(src/submarine_sim) by extensions ['ros']
[0.332s] Level 1:colcon.colcon_core.package_identification:_identify(src/submarine_sim) by extension 'ros'
[0.335s] DEBUG:colcon.colcon_core.package_identification:Package 'src/submarine_sim' with type 'ros.ament_python' and name 'submarine_sim'
[0.336s] Level 1:colcon.colcon_core.package_discovery:discover_packages(recursive) using defaults
[0.336s] Level 1:colcon.colcon_core.package_discovery:discover_packages(ignore) discover
[0.336s] Level 1:colcon.colcon_core.package_discovery:discover_packages(ignore) using defaults
[0.336s] Level 1:colcon.colcon_core.package_discovery:discover_packages(path) discover
[0.336s] Level 1:colcon.colcon_core.package_discovery:discover_packages(path) using defaults
[0.370s] Level 1:colcon.colcon_core.package_discovery:discover_packages(prefix_path) check parameters
[0.370s] Level 1:colcon.colcon_core.package_discovery:discover_packages(prefix_path) discover
[0.371s] Level 1:colcon.colcon_core.package_discovery:discover_packages(prefix_path) using defaults
[0.372s] Level 5:colcon.colcon_core.verb:set package 'submarine_sim' build argument 'cmake_args' from command line to 'None'
[0.373s] Level 5:colcon.colcon_core.verb:set package 'submarine_sim' build argument 'cmake_target' from command line to 'None'
[0.373s] Level 5:colcon.colcon_core.verb:set package 'submarine_sim' build argument 'cmake_target_skip_unavailable' from command line to 'False'
[0.373s] Level 5:colcon.colcon_core.verb:set package 'submarine_sim' build argument 'cmake_clean_cache' from command line to 'False'
[0.373s] Level 5:colcon.colcon_core.verb:set package 'submarine_sim' build argument 'cmake_clean_first' from command line to 'False'
[0.373s] Level 5:colcon.colcon_core.verb:set package 'submarine_sim' build argument 'cmake_force_configure' from command line to 'False'
[0.373s] Level 5:colcon.colcon_core.verb:set package 'submarine_sim' build argument 'ament_cmake_args' from command line to 'None'
[0.373s] Level 5:colcon.colcon_core.verb:set package 'submarine_sim' build argument 'catkin_cmake_args' from command line to 'None'
[0.373s] Level 5:colcon.colcon_core.verb:set package 'submarine_sim' build argument 'catkin_skip_building_tests' from command line to 'False'
[0.373s] DEBUG:colcon.colcon_core.verb:Building package 'submarine_sim' with the following arguments: {'ament_cmake_args': None, 'build_base': '/home/xavier/Documents/GitHub/NautilusSW/UTILES/ros2_ws/build/submarine_sim', 'catkin_cmake_args': None, 'catkin_skip_building_tests': False, 'cmake_args': None, 'cmake_clean_cache': False, 'cmake_clean_first': False, 'cmake_force_configure': False, 'cmake_target': None, 'cmake_target_skip_unavailable': False, 'install_base': '/home/xavier/Documents/GitHub/NautilusSW/UTILES/ros2_ws/install/submarine_sim', 'merge_install': False, 'path': '/home/xavier/Documents/GitHub/NautilusSW/UTILES/ros2_ws/src/submarine_sim', 'symlink_install': True, 'test_result_base': None}
[0.373s] INFO:colcon.colcon_core.executor:Executing jobs using 'parallel' executor
[0.374s] DEBUG:colcon.colcon_parallel_executor.executor.parallel:run_until_complete
[0.375s] INFO:colcon.colcon_ros.task.ament_python.build:Building ROS package in '/home/xavier/Documents/GitHub/NautilusSW/UTILES/ros2_ws/src/submarine_sim' with build type 'ament_python'
[0.375s] Level 1:colcon.colcon_core.shell:create_environment_hook('submarine_sim', 'ament_prefix_path')
[0.377s] INFO:colcon.colcon_core.plugin_system:Skipping extension 'colcon_core.shell.bat': Not used on non-Windows systems
[0.378s] INFO:colcon.colcon_core.shell:Creating environment hook '/home/xavier/Documents/GitHub/NautilusSW/UTILES/ros2_ws/install/submarine_sim/share/submarine_sim/hook/ament_prefix_path.ps1'
[0.379s] INFO:colcon.colcon_core.shell:Creating environment descriptor '/home/xavier/Documents/GitHub/NautilusSW/UTILES/ros2_ws/install/submarine_sim/share/submarine_sim/hook/ament_prefix_path.dsv'
[0.379s] INFO:colcon.colcon_core.shell:Creating environment hook '/home/xavier/Documents/GitHub/NautilusSW/UTILES/ros2_ws/install/submarine_sim/share/submarine_sim/hook/ament_prefix_path.sh'
[0.380s] INFO:colcon.colcon_core.shell:Skip shell extension 'powershell' for command environment: Not usable outside of PowerShell
[0.380s] DEBUG:colcon.colcon_core.shell:Skip shell extension 'dsv' for command environment
[0.856s] WARNING:colcon.colcon_ros.task.ament_python.build:Package 'submarine_sim' doesn't explicitly install a marker in the package index (colcon-ros currently does it implicitly but that fallback will be removed in the future)
[0.858s] INFO:colcon.colcon_core.task.python.build:Building Python package in '/home/xavier/Documents/GitHub/NautilusSW/UTILES/ros2_ws/src/submarine_sim'
[0.858s] INFO:colcon.colcon_core.shell:Skip shell extension 'powershell' for command environment: Not usable outside of PowerShell
[0.858s] DEBUG:colcon.colcon_core.shell:Skip shell extension 'dsv' for command environment
[1.330s] DEBUG:colcon.colcon_core.event_handler.log_command:Invoking command in '/home/xavier/Documents/GitHub/NautilusSW/UTILES/ros2_ws/build/submarine_sim': PYTHONPATH=/home/xavier/Documents/GitHub/NautilusSW/UTILES/ros2_ws/build/submarine_sim/prefix_override:/usr/lib/python3/dist-packages/colcon_core/task/python/colcon_distutils_commands:/home/xavier/Documents/GitHub/NautilusSW/UTILES/ros2_ws/install/submarine_sim/lib/python3.10/site-packages: /usr/bin/python3 -W ignore:setup.py install is deprecated -W ignore:easy_install command is deprecated setup.py develop --editable --build-directory /home/xavier/Documents/GitHub/NautilusSW/UTILES/ros2_ws/build/submarine_sim/build --no-deps symlink_data
[1.858s] Level 1:colcon.colcon_core.shell:create_environment_hook('submarine_sim', 'pythonpath_develop')
[1.858s] INFO:colcon.colcon_core.shell:Creating environment hook '/home/xavier/Documents/GitHub/NautilusSW/UTILES/ros2_ws/build/submarine_sim/share/submarine_sim/hook/pythonpath_develop.ps1'
[1.860s] DEBUG:colcon.colcon_core.event_handler.log_command:Invoked command in '/home/xavier/Documents/GitHub/NautilusSW/UTILES/ros2_ws/build/submarine_sim' returned '0': PYTHONPATH=/home/xavier/Documents/GitHub/NautilusSW/UTILES/ros2_ws/build/submarine_sim/prefix_override:/usr/lib/python3/dist-packages/colcon_core/task/python/colcon_distutils_commands:/home/xavier/Documents/GitHub/NautilusSW/UTILES/ros2_ws/install/submarine_sim/lib/python3.10/site-packages: /usr/bin/python3 -W ignore:setup.py install is deprecated -W ignore:easy_install command is deprecated setup.py develop --editable --build-directory /home/xavier/Documents/GitHub/NautilusSW/UTILES/ros2_ws/build/submarine_sim/build --no-deps symlink_data
[1.861s] INFO:colcon.colcon_core.shell:Creating environment descriptor '/home/xavier/Documents/GitHub/NautilusSW/UTILES/ros2_ws/build/submarine_sim/share/submarine_sim/hook/pythonpath_develop.dsv'
[1.863s] INFO:colcon.colcon_core.shell:Creating environment hook '/home/xavier/Documents/GitHub/NautilusSW/UTILES/ros2_ws/build/submarine_sim/share/submarine_sim/hook/pythonpath_develop.sh'
[1.870s] Level 1:colcon.colcon_core.environment:checking '/home/xavier/Documents/GitHub/NautilusSW/UTILES/ros2_ws/install/submarine_sim' for CMake module files
[1.872s] Level 1:colcon.colcon_core.environment:checking '/home/xavier/Documents/GitHub/NautilusSW/UTILES/ros2_ws/install/submarine_sim' for CMake config files
[1.873s] Level 1:colcon.colcon_core.environment:checking '/home/xavier/Documents/GitHub/NautilusSW/UTILES/ros2_ws/install/submarine_sim/lib'
[1.873s] Level 1:colcon.colcon_core.environment:checking '/home/xavier/Documents/GitHub/NautilusSW/UTILES/ros2_ws/install/submarine_sim/bin'
[1.873s] Level 1:colcon.colcon_core.environment:checking '/home/xavier/Documents/GitHub/NautilusSW/UTILES/ros2_ws/install/submarine_sim/lib/pkgconfig/submarine_sim.pc'
[1.873s] Level 1:colcon.colcon_core.environment:checking '/home/xavier/Documents/GitHub/NautilusSW/UTILES/ros2_ws/install/submarine_sim/lib/python3.10/site-packages'
[1.873s] Level 1:colcon.colcon_core.shell:create_environment_hook('submarine_sim', 'pythonpath')
[1.874s] INFO:colcon.colcon_core.shell:Creating environment hook '/home/xavier/Documents/GitHub/NautilusSW/UTILES/ros2_ws/install/submarine_sim/share/submarine_sim/hook/pythonpath.ps1'
[1.874s] INFO:colcon.colcon_core.shell:Creating environment descriptor '/home/xavier/Documents/GitHub/NautilusSW/UTILES/ros2_ws/install/submarine_sim/share/submarine_sim/hook/pythonpath.dsv'
[1.875s] INFO:colcon.colcon_core.shell:Creating environment hook '/home/xavier/Documents/GitHub/NautilusSW/UTILES/ros2_ws/install/submarine_sim/share/submarine_sim/hook/pythonpath.sh'
[1.876s] Level 1:colcon.colcon_core.environment:checking '/home/xavier/Documents/GitHub/NautilusSW/UTILES/ros2_ws/install/submarine_sim/bin'
[1.876s] Level 1:colcon.colcon_core.environment:create_environment_scripts_only(submarine_sim)
[1.876s] INFO:colcon.colcon_core.shell:Creating package script '/home/xavier/Documents/GitHub/NautilusSW/UTILES/ros2_ws/install/submarine_sim/share/submarine_sim/package.ps1'
[1.878s] INFO:colcon.colcon_core.shell:Creating package descriptor '/home/xavier/Documents/GitHub/NautilusSW/UTILES/ros2_ws/install/submarine_sim/share/submarine_sim/package.dsv'
[1.880s] INFO:colcon.colcon_core.shell:Creating package script '/home/xavier/Documents/GitHub/NautilusSW/UTILES/ros2_ws/install/submarine_sim/share/submarine_sim/package.sh'
[1.883s] INFO:colcon.colcon_core.shell:Creating package script '/home/xavier/Documents/GitHub/NautilusSW/UTILES/ros2_ws/install/submarine_sim/share/submarine_sim/package.bash'
[1.885s] INFO:colcon.colcon_core.shell:Creating package script '/home/xavier/Documents/GitHub/NautilusSW/UTILES/ros2_ws/install/submarine_sim/share/submarine_sim/package.zsh'
[1.888s] Level 1:colcon.colcon_core.environment:create_file_with_runtime_dependencies(/home/xavier/Documents/GitHub/NautilusSW/UTILES/ros2_ws/install/submarine_sim/share/colcon-core/packages/submarine_sim)
[1.889s] DEBUG:colcon.colcon_parallel_executor.executor.parallel:closing loop
[1.890s] DEBUG:colcon.colcon_parallel_executor.executor.parallel:loop closed
[1.890s] DEBUG:colcon.colcon_parallel_executor.executor.parallel:run_until_complete finished with '0'
[1.890s] DEBUG:colcon.colcon_core.event_reactor:joining thread
[1.905s] INFO:colcon.colcon_core.plugin_system:Skipping extension 'colcon_notification.desktop_notification.terminal_notifier': Not used on non-Darwin systems
[1.905s] INFO:colcon.colcon_core.plugin_system:Skipping extension 'colcon_notification.desktop_notification.win32': Not used on non-Windows systems
[1.905s] INFO:colcon.colcon_notification.desktop_notification:Sending desktop notification using 'notify2'
[1.950s] DEBUG:colcon.colcon_core.event_reactor:joined thread
[1.951s] INFO:colcon.colcon_core.shell:Creating prefix script '/home/xavier/Documents/GitHub/NautilusSW/UTILES/ros2_ws/install/local_setup.ps1'
[1.955s] INFO:colcon.colcon_core.shell:Creating prefix util module '/home/xavier/Documents/GitHub/NautilusSW/UTILES/ros2_ws/install/_local_setup_util_ps1.py'
[1.960s] INFO:colcon.colcon_core.shell:Creating prefix chain script '/home/xavier/Documents/GitHub/NautilusSW/UTILES/ros2_ws/install/setup.ps1'
[1.964s] INFO:colcon.colcon_core.shell:Creating prefix script '/home/xavier/Documents/GitHub/NautilusSW/UTILES/ros2_ws/install/local_setup.sh'
[1.969s] INFO:colcon.colcon_core.shell:Creating prefix util module '/home/xavier/Documents/GitHub/NautilusSW/UTILES/ros2_ws/install/_local_setup_util_sh.py'
[1.973s] INFO:colcon.colcon_core.shell:Creating prefix chain script '/home/xavier/Documents/GitHub/NautilusSW/UTILES/ros2_ws/install/setup.sh'
[1.976s] INFO:colcon.colcon_core.shell:Creating prefix script '/home/xavier/Documents/GitHub/NautilusSW/UTILES/ros2_ws/install/local_setup.bash'
[1.978s] INFO:colcon.colcon_core.shell:Creating prefix chain script '/home/xavier/Documents/GitHub/NautilusSW/UTILES/ros2_ws/install/setup.bash'
[1.979s] INFO:colcon.colcon_core.shell:Creating prefix script '/home/xavier/Documents/GitHub/NautilusSW/UTILES/ros2_ws/install/local_setup.zsh'
[1.983s] INFO:colcon.colcon_core.shell:Creating prefix chain script '/home/xavier/Documents/GitHub/NautilusSW/UTILES/ros2_ws/install/setup.zsh'
