[0.015s] Invoking command in '/home/devs/NautilusSW/nautilus_ws/build/nautilus_bringup': CMAKE_PREFIX_PATH=/opt/ros/humble /usr/bin/cmake /home/devs/NautilusSW/nautilus_ws/src/nautilus_bringup -DCMAKE_INSTALL_PREFIX=/home/devs/NautilusSW/nautilus_ws/install/nautilus_bringup
[0.072s] -- The C compiler identification is GNU 11.4.0
[0.130s] -- The CXX compiler identification is GNU 11.4.0
[0.140s] -- Detecting C compiler ABI info
[0.204s] -- Detecting C compiler ABI info - done
[0.209s] -- Check for working C compiler: /usr/lib/ccache/cc - skipped
[0.209s] -- Detecting C compile features
[0.209s] -- Detecting C compile features - done
[0.211s] -- Detecting CXX compiler ABI info
[0.284s] -- Detecting CXX compiler ABI info - done
[0.286s] -- Check for working CXX compiler: /usr/lib/ccache/c++ - skipped
[0.286s] -- Detecting CXX compile features
[0.287s] -- Detecting CXX compile features - done
[0.288s] -- Found ament_cmake: 1.3.12 (/opt/ros/humble/share/ament_cmake/cmake)
[0.577s] -- Found Python3: /usr/bin/python3 (found version "3.10.12") found components: Interpreter 
[0.705s] -- Found ament_lint_auto: 0.12.14 (/opt/ros/humble/share/ament_lint_auto/cmake)
[0.769s] -- Added test 'copyright' to check source files copyright and LICENSE
[0.793s] -- Added test 'flake8' to check Python code syntax and style conventions
[0.794s] -- Added test 'lint_cmake' to check CMake code style
[0.795s] -- Added test 'pep257' to check Python code against some of the docstring style conventions in PEP 257
[0.799s] -- Added test 'xmllint' to check XML markup files
[0.800s] -- Configuring done
[0.802s] -- Generating done
[0.803s] -- Build files have been written to: /home/devs/NautilusSW/nautilus_ws/build/nautilus_bringup
[0.809s] Invoked command in '/home/devs/NautilusSW/nautilus_ws/build/nautilus_bringup' returned '0': CMAKE_PREFIX_PATH=/opt/ros/humble /usr/bin/cmake /home/devs/NautilusSW/nautilus_ws/src/nautilus_bringup -DCMAKE_INSTALL_PREFIX=/home/devs/NautilusSW/nautilus_ws/install/nautilus_bringup
[0.810s] Invoking command in '/home/devs/NautilusSW/nautilus_ws/build/nautilus_bringup': CMAKE_PREFIX_PATH=/opt/ros/humble /usr/bin/cmake --build /home/devs/NautilusSW/nautilus_ws/build/nautilus_bringup -- -j4 -l4
[0.866s] Built target ament_cmake_python_copy_nautilus_bringup
[1.040s] running egg_info
[1.050s] creating nautilus_bringup.egg-info
[1.051s] writing nautilus_bringup.egg-info/PKG-INFO
[1.051s] writing dependency_links to nautilus_bringup.egg-info/dependency_links.txt
[1.051s] writing top-level names to nautilus_bringup.egg-info/top_level.txt
[1.051s] writing manifest file 'nautilus_bringup.egg-info/SOURCES.txt'
[1.082s] reading manifest file 'nautilus_bringup.egg-info/SOURCES.txt'
[1.084s] writing manifest file 'nautilus_bringup.egg-info/SOURCES.txt'
[1.107s] Built target ament_cmake_python_build_nautilus_bringup_egg
[1.118s] Invoked command in '/home/devs/NautilusSW/nautilus_ws/build/nautilus_bringup' returned '0': CMAKE_PREFIX_PATH=/opt/ros/humble /usr/bin/cmake --build /home/devs/NautilusSW/nautilus_ws/build/nautilus_bringup -- -j4 -l4
[1.128s] Invoking command in '/home/devs/NautilusSW/nautilus_ws/build/nautilus_bringup': CMAKE_PREFIX_PATH=/opt/ros/humble /usr/bin/cmake --install /home/devs/NautilusSW/nautilus_ws/build/nautilus_bringup
[1.134s] -- Install configuration: ""
[1.135s] -- Installing: /home/devs/NautilusSW/nautilus_ws/install/nautilus_bringup/share/nautilus_bringup/launch
[1.135s] -- Installing: /home/devs/NautilusSW/nautilus_ws/install/nautilus_bringup/share/nautilus_bringup/launch/orca_comp.launch.py
[1.135s] -- Installing: /home/devs/NautilusSW/nautilus_ws/install/nautilus_bringup/share/nautilus_bringup/launch/orca.launch.py
[1.136s] -- Installing: /home/devs/NautilusSW/nautilus_ws/install/nautilus_bringup/share/nautilus_bringup/launch/robots
[1.136s] -- Installing: /home/devs/NautilusSW/nautilus_ws/install/nautilus_bringup/share/nautilus_bringup/launch/robots/nautilus_auv.launch.py
[1.136s] -- Installing: /home/devs/NautilusSW/nautilus_ws/install/nautilus_bringup/share/nautilus_bringup/launch/robots/orca_auv.launch.py
[1.137s] -- Installing: /home/devs/NautilusSW/nautilus_ws/install/nautilus_bringup/share/nautilus_bringup/launch/mavproxy_router.launch.py
[1.137s] -- Installing: /home/devs/NautilusSW/nautilus_ws/install/nautilus_bringup/share/nautilus_bringup/config
[1.138s] -- Installing: /home/devs/NautilusSW/nautilus_ws/install/nautilus_bringup/share/nautilus_bringup/config/nautilus_auv_bridge.yaml
[1.138s] -- Installing: /home/devs/NautilusSW/nautilus_ws/install/nautilus_bringup/share/nautilus_bringup/nautilus_auv
[1.138s] -- Installing: /home/devs/NautilusSW/nautilus_ws/install/nautilus_bringup/share/nautilus_bringup/nautilus_auv/BlueRov2.urdf
[1.139s] -- Installing: /home/devs/NautilusSW/nautilus_ws/install/nautilus_bringup/share/nautilus_bringup/nautilus_auv/Part
[1.139s] -- Installing: /home/devs/NautilusSW/nautilus_ws/install/nautilus_bringup/share/nautilus_bringup/nautilus_auv/Part/DepthSensor
[1.139s] -- Installing: /home/devs/NautilusSW/nautilus_ws/install/nautilus_bringup/share/nautilus_bringup/nautilus_auv/Part/DepthSensor/DepthSensor.urdf.xacro
[1.140s] -- Installing: /home/devs/NautilusSW/nautilus_ws/install/nautilus_bringup/share/nautilus_bringup/nautilus_auv/Part/IMU
[1.140s] -- Installing: /home/devs/NautilusSW/nautilus_ws/install/nautilus_bringup/share/nautilus_bringup/nautilus_auv/Part/IMU/IMU.urdf.xacro
[1.140s] -- Installing: /home/devs/NautilusSW/nautilus_ws/install/nautilus_bringup/share/nautilus_bringup/nautilus_auv/Part/Camera
[1.140s] -- Installing: /home/devs/NautilusSW/nautilus_ws/install/nautilus_bringup/share/nautilus_bringup/nautilus_auv/Part/Camera/CameraMonoDepth.urdf.xacro
[1.140s] -- Installing: /home/devs/NautilusSW/nautilus_ws/install/nautilus_bringup/share/nautilus_bringup/nautilus_auv/Part/Camera/CameraStereo.urdf.xacro
[1.141s] -- Installing: /home/devs/NautilusSW/nautilus_ws/install/nautilus_bringup/share/nautilus_bringup/nautilus_auv/Part/Camera/Camera.urdf.xacro
[1.141s] -- Installing: /home/devs/NautilusSW/nautilus_ws/install/nautilus_bringup/share/nautilus_bringup/nautilus_auv/Part/Camera/CameraDepth.urdf.xacro
[1.142s] -- Installing: /home/devs/NautilusSW/nautilus_ws/install/nautilus_bringup/share/nautilus_bringup/nautilus_auv/Part/P3D
[1.142s] -- Installing: /home/devs/NautilusSW/nautilus_ws/install/nautilus_bringup/share/nautilus_bringup/nautilus_auv/Part/P3D/P3D.urdf.xacro
[1.142s] -- Installing: /home/devs/NautilusSW/nautilus_ws/install/nautilus_bringup/share/nautilus_bringup/nautilus_auv/Part/Thruster
[1.142s] -- Installing: /home/devs/NautilusSW/nautilus_ws/install/nautilus_bringup/share/nautilus_bringup/nautilus_auv/Part/Thruster/T200.urdf.xacro
[1.143s] -- Installing: /home/devs/NautilusSW/nautilus_ws/install/nautilus_bringup/share/nautilus_bringup/nautilus_auv/Part/DVL
[1.143s] -- Installing: /home/devs/NautilusSW/nautilus_ws/install/nautilus_bringup/share/nautilus_bringup/nautilus_auv/Part/DVL/DVL.urdf.xacro
[1.143s] -- Installing: /home/devs/NautilusSW/nautilus_ws/install/nautilus_bringup/share/nautilus_bringup/nautilus_auv/BlueRov2.sdf
[1.144s] -- Installing: /home/devs/NautilusSW/nautilus_ws/install/nautilus_bringup/share/nautilus_bringup/nautilus_auv/BlueRov2.urdf.xacro
[1.146s] -- Installing: /home/devs/NautilusSW/nautilus_ws/install/nautilus_bringup/share/nautilus_bringup/worlds
[1.146s] -- Installing: /home/devs/NautilusSW/nautilus_ws/install/nautilus_bringup/share/nautilus_bringup/worlds/semi_final_pool.world
[1.146s] -- Installing: /home/devs/NautilusSW/nautilus_ws/install/nautilus_bringup/share/nautilus_bringup/worlds/terrain.sdf
[1.147s] -- Installing: /home/devs/NautilusSW/nautilus_ws/install/nautilus_bringup/share/nautilus_bringup/worlds/wildthumper_playpen.sdf
[1.147s] -- Installing: /home/devs/NautilusSW/nautilus_ws/install/nautilus_bringup/share/nautilus_bringup/worlds/artisticHouse.world
[1.148s] -- Installing: /home/devs/NautilusSW/nautilus_ws/install/nautilus_bringup/share/nautilus_bringup/worlds/underwater.world
[1.148s] -- Installing: /home/devs/NautilusSW/nautilus_ws/install/nautilus_bringup/share/nautilus_bringup/worlds/iris_maze.sdf
[1.149s] -- Installing: /home/devs/NautilusSW/nautilus_ws/install/nautilus_bringup/share/nautilus_bringup/worlds/sand.world
[1.149s] -- Installing: /home/devs/NautilusSW/nautilus_ws/install/nautilus_bringup/share/nautilus_bringup/worlds/inf_pool.world
[1.150s] -- Installing: /home/devs/NautilusSW/nautilus_ws/install/nautilus_bringup/share/nautilus_bringup/worlds/terrain.dae
[1.192s] -- Installing: /home/devs/NautilusSW/nautilus_ws/install/nautilus_bringup/share/nautilus_bringup/worlds/pool_corner.world
[1.192s] -- Installing: /home/devs/NautilusSW/nautilus_ws/install/nautilus_bringup/share/nautilus_bringup/worlds/iris_runway.sdf
[1.193s] -- Installing: /home/devs/NautilusSW/nautilus_ws/install/nautilus_bringup/share/nautilus_bringup/worlds/basic_comp_pool.world
[1.193s] -- Installing: /home/devs/NautilusSW/nautilus_ws/install/nautilus_bringup/share/nautilus_bringup/models
[1.193s] -- Installing: /home/devs/NautilusSW/nautilus_ws/install/nautilus_bringup/share/nautilus_bringup/models/pool
[1.193s] -- Installing: /home/devs/NautilusSW/nautilus_ws/install/nautilus_bringup/share/nautilus_bringup/models/pool/meshes
[1.193s] -- Installing: /home/devs/NautilusSW/nautilus_ws/install/nautilus_bringup/share/nautilus_bringup/models/pool/meshes/pool.dae
[1.196s] -- Installing: /home/devs/NautilusSW/nautilus_ws/install/nautilus_bringup/share/nautilus_bringup/models/pool/materials
[1.196s] -- Installing: /home/devs/NautilusSW/nautilus_ws/install/nautilus_bringup/share/nautilus_bringup/models/pool/materials/textures
[1.196s] -- Installing: /home/devs/NautilusSW/nautilus_ws/install/nautilus_bringup/share/nautilus_bringup/models/pool/materials/textures/pool_material.jpg
[1.198s] -- Installing: /home/devs/NautilusSW/nautilus_ws/install/nautilus_bringup/share/nautilus_bringup/models/pool/model.config
[1.198s] -- Installing: /home/devs/NautilusSW/nautilus_ws/install/nautilus_bringup/share/nautilus_bringup/models/pool/model.sdf
[1.199s] -- Installing: /home/devs/NautilusSW/nautilus_ws/install/nautilus_bringup/share/nautilus_bringup/models/robosub_octagon_animals
[1.199s] -- Installing: /home/devs/NautilusSW/nautilus_ws/install/nautilus_bringup/share/nautilus_bringup/models/robosub_octagon_animals/materials
[1.199s] -- Installing: /home/devs/NautilusSW/nautilus_ws/install/nautilus_bringup/share/nautilus_bringup/models/robosub_octagon_animals/materials/scripts
[1.199s] -- Installing: /home/devs/NautilusSW/nautilus_ws/install/nautilus_bringup/share/nautilus_bringup/models/robosub_octagon_animals/materials/scripts/billboard.material
[1.199s] -- Installing: /home/devs/NautilusSW/nautilus_ws/install/nautilus_bringup/share/nautilus_bringup/models/robosub_octagon_animals/materials/textures
[1.199s] -- Installing: /home/devs/NautilusSW/nautilus_ws/install/nautilus_bringup/share/nautilus_bringup/models/robosub_octagon_animals/materials/textures/sawfish.png
[1.205s] -- Installing: /home/devs/NautilusSW/nautilus_ws/install/nautilus_bringup/share/nautilus_bringup/models/robosub_octagon_animals/materials/textures/reefshark.png
[1.211s] -- Installing: /home/devs/NautilusSW/nautilus_ws/install/nautilus_bringup/share/nautilus_bringup/models/robosub_octagon_animals/model.config
[1.211s] -- Installing: /home/devs/NautilusSW/nautilus_ws/install/nautilus_bringup/share/nautilus_bringup/models/robosub_octagon_animals/model.sdf
[1.212s] -- Installing: /home/devs/NautilusSW/nautilus_ws/install/nautilus_bringup/share/nautilus_bringup/models/axes
[1.212s] -- Installing: /home/devs/NautilusSW/nautilus_ws/install/nautilus_bringup/share/nautilus_bringup/models/axes/model.config
[1.212s] -- Installing: /home/devs/NautilusSW/nautilus_ws/install/nautilus_bringup/share/nautilus_bringup/models/axes/model.sdf
[1.213s] -- Installing: /home/devs/NautilusSW/nautilus_ws/install/nautilus_bringup/share/nautilus_bringup/models/robosub_octagon
[1.213s] -- Installing: /home/devs/NautilusSW/nautilus_ws/install/nautilus_bringup/share/nautilus_bringup/models/robosub_octagon/meshes
[1.213s] -- Installing: /home/devs/NautilusSW/nautilus_ws/install/nautilus_bringup/share/nautilus_bringup/models/robosub_octagon/meshes/octagon.dae
[1.219s] -- Installing: /home/devs/NautilusSW/nautilus_ws/install/nautilus_bringup/share/nautilus_bringup/models/robosub_octagon/model.config
[1.220s] -- Installing: /home/devs/NautilusSW/nautilus_ws/install/nautilus_bringup/share/nautilus_bringup/models/robosub_octagon/model.sdf
[1.220s] -- Installing: /home/devs/NautilusSW/nautilus_ws/install/nautilus_bringup/share/nautilus_bringup/models/robosub_buoy
[1.220s] -- Installing: /home/devs/NautilusSW/nautilus_ws/install/nautilus_bringup/share/nautilus_bringup/models/robosub_buoy/meshes
[1.220s] -- Installing: /home/devs/NautilusSW/nautilus_ws/install/nautilus_bringup/share/nautilus_bringup/models/robosub_buoy/meshes/buoy.dae
[1.226s] -- Installing: /home/devs/NautilusSW/nautilus_ws/install/nautilus_bringup/share/nautilus_bringup/models/robosub_buoy/model.config
[1.227s] -- Installing: /home/devs/NautilusSW/nautilus_ws/install/nautilus_bringup/share/nautilus_bringup/models/robosub_buoy/model.sdf
[1.227s] -- Installing: /home/devs/NautilusSW/nautilus_ws/install/nautilus_bringup/share/nautilus_bringup/models/bluerov2_heavy
[1.228s] -- Installing: /home/devs/NautilusSW/nautilus_ws/install/nautilus_bringup/share/nautilus_bringup/models/bluerov2_heavy/BlueROV2Heavy.md
[1.228s] -- Installing: /home/devs/NautilusSW/nautilus_ws/install/nautilus_bringup/share/nautilus_bringup/models/bluerov2_heavy/configs.yaml
[1.228s] -- Installing: /home/devs/NautilusSW/nautilus_ws/install/nautilus_bringup/share/nautilus_bringup/models/bluerov2_heavy/model.sdf.in
[1.229s] -- Installing: /home/devs/NautilusSW/nautilus_ws/install/nautilus_bringup/share/nautilus_bringup/models/bluerov2_heavy/meshes
[1.229s] -- Installing: /home/devs/NautilusSW/nautilus_ws/install/nautilus_bringup/share/nautilus_bringup/models/bluerov2_heavy/meshes/bluerov2_heavy.dae
[1.293s] -- Installing: /home/devs/NautilusSW/nautilus_ws/install/nautilus_bringup/share/nautilus_bringup/models/bluerov2_heavy/meshes/t200_cw_prop.dae
[1.296s] -- Installing: /home/devs/NautilusSW/nautilus_ws/install/nautilus_bringup/share/nautilus_bringup/models/bluerov2_heavy/meshes/t200_ccw_prop.dae
[1.298s] -- Installing: /home/devs/NautilusSW/nautilus_ws/install/nautilus_bringup/share/nautilus_bringup/models/bluerov2_heavy/model.config
[1.299s] -- Installing: /home/devs/NautilusSW/nautilus_ws/install/nautilus_bringup/share/nautilus_bringup/models/bluerov2_heavy/model.sdf
[1.300s] -- Installing: /home/devs/NautilusSW/nautilus_ws/install/nautilus_bringup/share/nautilus_bringup/models/bluerov2
[1.300s] -- Installing: /home/devs/NautilusSW/nautilus_ws/install/nautilus_bringup/share/nautilus_bringup/models/bluerov2/configs.yaml
[1.300s] -- Installing: /home/devs/NautilusSW/nautilus_ws/install/nautilus_bringup/share/nautilus_bringup/models/bluerov2/model.sdf.in
[1.301s] -- Installing: /home/devs/NautilusSW/nautilus_ws/install/nautilus_bringup/share/nautilus_bringup/models/bluerov2/meshes
[1.301s] -- Installing: /home/devs/NautilusSW/nautilus_ws/install/nautilus_bringup/share/nautilus_bringup/models/bluerov2/meshes/bluerov2.dae
[1.340s] -- Installing: /home/devs/NautilusSW/nautilus_ws/install/nautilus_bringup/share/nautilus_bringup/models/bluerov2/meshes/t200_cw_prop.dae
[1.344s] -- Installing: /home/devs/NautilusSW/nautilus_ws/install/nautilus_bringup/share/nautilus_bringup/models/bluerov2/meshes/t200_ccw_prop.dae
[1.346s] -- Installing: /home/devs/NautilusSW/nautilus_ws/install/nautilus_bringup/share/nautilus_bringup/models/bluerov2/BlueROV2.md
[1.346s] -- Installing: /home/devs/NautilusSW/nautilus_ws/install/nautilus_bringup/share/nautilus_bringup/models/bluerov2/model.config
[1.347s] -- Installing: /home/devs/NautilusSW/nautilus_ws/install/nautilus_bringup/share/nautilus_bringup/models/bluerov2/model.sdf
[1.349s] -- Installing: /home/devs/NautilusSW/nautilus_ws/install/nautilus_bringup/share/nautilus_bringup/models/robosub_gate
[1.349s] -- Installing: /home/devs/NautilusSW/nautilus_ws/install/nautilus_bringup/share/nautilus_bringup/models/robosub_gate/meshes
[1.349s] -- Installing: /home/devs/NautilusSW/nautilus_ws/install/nautilus_bringup/share/nautilus_bringup/models/robosub_gate/meshes/gate.dae
[1.349s] -- Installing: /home/devs/NautilusSW/nautilus_ws/install/nautilus_bringup/share/nautilus_bringup/models/robosub_gate/materials
[1.350s] -- Installing: /home/devs/NautilusSW/nautilus_ws/install/nautilus_bringup/share/nautilus_bringup/models/robosub_gate/materials/textures
[1.350s] -- Installing: /home/devs/NautilusSW/nautilus_ws/install/nautilus_bringup/share/nautilus_bringup/models/robosub_gate/materials/textures/sawfish.png
[1.355s] -- Installing: /home/devs/NautilusSW/nautilus_ws/install/nautilus_bringup/share/nautilus_bringup/models/robosub_gate/materials/textures/reefshark.png
[1.361s] -- Installing: /home/devs/NautilusSW/nautilus_ws/install/nautilus_bringup/share/nautilus_bringup/models/robosub_gate/model.config
[1.361s] -- Installing: /home/devs/NautilusSW/nautilus_ws/install/nautilus_bringup/share/nautilus_bringup/models/robosub_gate/model.sdf
[1.361s] -- Installing: /home/devs/NautilusSW/nautilus_ws/install/nautilus_bringup/share/nautilus_bringup/models/bluerov2_ping
[1.362s] -- Installing: /home/devs/NautilusSW/nautilus_ws/install/nautilus_bringup/share/nautilus_bringup/models/bluerov2_ping/configs.yaml
[1.362s] -- Installing: /home/devs/NautilusSW/nautilus_ws/install/nautilus_bringup/share/nautilus_bringup/models/bluerov2_ping/model.sdf.in
[1.363s] -- Installing: /home/devs/NautilusSW/nautilus_ws/install/nautilus_bringup/share/nautilus_bringup/models/bluerov2_ping/model.config
[1.364s] -- Installing: /home/devs/NautilusSW/nautilus_ws/install/nautilus_bringup/share/nautilus_bringup/models/bluerov2_ping/BlueROV2Ping.md
[1.364s] -- Installing: /home/devs/NautilusSW/nautilus_ws/install/nautilus_bringup/share/nautilus_bringup/models/bluerov2_ping/model.sdf
[1.364s] -- Installing: /home/devs/NautilusSW/nautilus_ws/install/nautilus_bringup/share/nautilus_bringup/models/robosub_slalom
[1.364s] -- Installing: /home/devs/NautilusSW/nautilus_ws/install/nautilus_bringup/share/nautilus_bringup/models/robosub_slalom/model.config
[1.365s] -- Installing: /home/devs/NautilusSW/nautilus_ws/install/nautilus_bringup/share/nautilus_bringup/models/robosub_slalom/model.sdf
[1.366s] -- Installing: /home/devs/NautilusSW/nautilus_ws/install/nautilus_bringup/share/nautilus_bringup/models/robosub_torpedo
[1.366s] -- Installing: /home/devs/NautilusSW/nautilus_ws/install/nautilus_bringup/share/nautilus_bringup/models/robosub_torpedo/torpedo.sdf
[1.366s] -- Installing: /home/devs/NautilusSW/nautilus_ws/install/nautilus_bringup/share/nautilus_bringup/models/robosub_torpedo/meshes
[1.369s] -- Installing: /home/devs/NautilusSW/nautilus_ws/install/nautilus_bringup/share/nautilus_bringup/models/robosub_torpedo/meshes/torpedo.dae
[1.370s] -- Installing: /home/devs/NautilusSW/nautilus_ws/install/nautilus_bringup/share/nautilus_bringup/models/robosub_torpedo/materials
[1.370s] -- Installing: /home/devs/NautilusSW/nautilus_ws/install/nautilus_bringup/share/nautilus_bringup/models/robosub_torpedo/materials/textures
[1.371s] -- Installing: /home/devs/NautilusSW/nautilus_ws/install/nautilus_bringup/share/nautilus_bringup/models/robosub_torpedo/materials/textures/torpedo_map.png
[1.385s] -- Installing: /home/devs/NautilusSW/nautilus_ws/install/nautilus_bringup/share/nautilus_bringup/models/robosub_torpedo/model.config
[1.385s] -- Installing: /home/devs/NautilusSW/nautilus_ws/install/nautilus_bringup/share/nautilus_bringup/models/robosub_torpedo/model.sdf
[1.386s] -- Installing: /home/devs/NautilusSW/nautilus_ws/install/nautilus_bringup/share/nautilus_bringup/models/robosub_bin
[1.386s] -- Installing: /home/devs/NautilusSW/nautilus_ws/install/nautilus_bringup/share/nautilus_bringup/models/robosub_bin/meshes
[1.386s] -- Installing: /home/devs/NautilusSW/nautilus_ws/install/nautilus_bringup/share/nautilus_bringup/models/robosub_bin/meshes/bin.dae
[1.389s] -- Installing: /home/devs/NautilusSW/nautilus_ws/install/nautilus_bringup/share/nautilus_bringup/models/robosub_bin/ball.sdf
[1.390s] -- Installing: /home/devs/NautilusSW/nautilus_ws/install/nautilus_bringup/share/nautilus_bringup/models/robosub_bin/materials
[1.390s] -- Installing: /home/devs/NautilusSW/nautilus_ws/install/nautilus_bringup/share/nautilus_bringup/models/robosub_bin/materials/textures
[1.390s] -- Installing: /home/devs/NautilusSW/nautilus_ws/install/nautilus_bringup/share/nautilus_bringup/models/robosub_bin/materials/textures/DropBRUVS.png
[1.393s] -- Installing: /home/devs/NautilusSW/nautilus_ws/install/nautilus_bringup/share/nautilus_bringup/models/robosub_bin/model.config
[1.393s] -- Installing: /home/devs/NautilusSW/nautilus_ws/install/nautilus_bringup/share/nautilus_bringup/models/robosub_bin/model.sdf
[1.394s] -- Installing: /home/devs/NautilusSW/nautilus_ws/install/nautilus_bringup/share/nautilus_bringup/models/sand_heightmap
[1.394s] -- Installing: /home/devs/NautilusSW/nautilus_ws/install/nautilus_bringup/share/nautilus_bringup/models/sand_heightmap/meshes
[1.394s] -- Installing: /home/devs/NautilusSW/nautilus_ws/install/nautilus_bringup/share/nautilus_bringup/models/sand_heightmap/meshes/heightmap.dae
[1.406s] -- Installing: /home/devs/NautilusSW/nautilus_ws/install/nautilus_bringup/share/nautilus_bringup/models/sand_heightmap/meshes/sandseabed.dae
[1.417s] -- Installing: /home/devs/NautilusSW/nautilus_ws/install/nautilus_bringup/share/nautilus_bringup/models/sand_heightmap/meshes/License and source for textures.txt
[1.418s] -- Installing: /home/devs/NautilusSW/nautilus_ws/install/nautilus_bringup/share/nautilus_bringup/models/sand_heightmap/meshes/soil_sand_0045_01.jpg
[1.426s] -- Installing: /home/devs/NautilusSW/nautilus_ws/install/nautilus_bringup/share/nautilus_bringup/models/sand_heightmap/materials
[1.427s] -- Installing: /home/devs/NautilusSW/nautilus_ws/install/nautilus_bringup/share/nautilus_bringup/models/sand_heightmap/materials/flat_normal.png
[1.427s] -- Installing: /home/devs/NautilusSW/nautilus_ws/install/nautilus_bringup/share/nautilus_bringup/models/sand_heightmap/materials/soil_sand_0045_01.jpg
[1.439s] -- Installing: /home/devs/NautilusSW/nautilus_ws/install/nautilus_bringup/share/nautilus_bringup/models/sand_heightmap/model.config
[1.440s] -- Installing: /home/devs/NautilusSW/nautilus_ws/install/nautilus_bringup/share/nautilus_bringup/models/sand_heightmap/model.sdf
[1.440s] -- Installing: /home/devs/NautilusSW/nautilus_ws/install/nautilus_bringup/share/nautilus_bringup/models/teknofest
[1.440s] -- Installing: /home/devs/NautilusSW/nautilus_ws/install/nautilus_bringup/share/nautilus_bringup/models/teknofest/pipeline.sdf
[1.441s] -- Installing: /home/devs/NautilusSW/nautilus_ws/install/nautilus_bringup/share/nautilus_bringup/models/teknofest/model.config
[1.441s] -- Installing: /home/devs/NautilusSW/nautilus_ws/install/nautilus_bringup/share/nautilus_bringup/models/robosub_path
[1.441s] -- Installing: /home/devs/NautilusSW/nautilus_ws/install/nautilus_bringup/share/nautilus_bringup/models/robosub_path/meshes
[1.442s] -- Installing: /home/devs/NautilusSW/nautilus_ws/install/nautilus_bringup/share/nautilus_bringup/models/robosub_path/meshes/path.dae
[1.446s] -- Installing: /home/devs/NautilusSW/nautilus_ws/install/nautilus_bringup/share/nautilus_bringup/models/robosub_path/model.config
[1.447s] -- Installing: /home/devs/NautilusSW/nautilus_ws/install/nautilus_bringup/share/nautilus_bringup/models/robosub_path/model.sdf
[1.448s] -- Installing: /home/devs/NautilusSW/nautilus_ws/install/nautilus_bringup/share/nautilus_bringup/environment/pythonpath.sh
[1.448s] -- Installing: /home/devs/NautilusSW/nautilus_ws/install/nautilus_bringup/share/nautilus_bringup/environment/pythonpath.dsv
[1.448s] -- Installing: /home/devs/NautilusSW/nautilus_ws/install/nautilus_bringup/local/lib/python3.10/dist-packages/nautilus_bringup-0.0.0-py3.10.egg-info
[1.448s] -- Installing: /home/devs/NautilusSW/nautilus_ws/install/nautilus_bringup/local/lib/python3.10/dist-packages/nautilus_bringup-0.0.0-py3.10.egg-info/top_level.txt
[1.448s] -- Installing: /home/devs/NautilusSW/nautilus_ws/install/nautilus_bringup/local/lib/python3.10/dist-packages/nautilus_bringup-0.0.0-py3.10.egg-info/dependency_links.txt
[1.449s] -- Installing: /home/devs/NautilusSW/nautilus_ws/install/nautilus_bringup/local/lib/python3.10/dist-packages/nautilus_bringup-0.0.0-py3.10.egg-info/PKG-INFO
[1.449s] -- Installing: /home/devs/NautilusSW/nautilus_ws/install/nautilus_bringup/local/lib/python3.10/dist-packages/nautilus_bringup-0.0.0-py3.10.egg-info/SOURCES.txt
[1.449s] -- Installing: /home/devs/NautilusSW/nautilus_ws/install/nautilus_bringup/local/lib/python3.10/dist-packages/nautilus_bringup
[1.449s] -- Installing: /home/devs/NautilusSW/nautilus_ws/install/nautilus_bringup/local/lib/python3.10/dist-packages/nautilus_bringup/__init__.py
[1.476s] Listing '/home/devs/NautilusSW/nautilus_ws/install/nautilus_bringup/local/lib/python3.10/dist-packages/nautilus_bringup'...
[1.476s] Compiling '/home/devs/NautilusSW/nautilus_ws/install/nautilus_bringup/local/lib/python3.10/dist-packages/nautilus_bringup/__init__.py'...
[1.480s] -- Installing: /home/devs/NautilusSW/nautilus_ws/install/nautilus_bringup/share/ament_index/resource_index/package_run_dependencies/nautilus_bringup
[1.481s] -- Installing: /home/devs/NautilusSW/nautilus_ws/install/nautilus_bringup/share/ament_index/resource_index/parent_prefix_path/nautilus_bringup
[1.481s] -- Installing: /home/devs/NautilusSW/nautilus_ws/install/nautilus_bringup/share/nautilus_bringup/environment/ament_prefix_path.sh
[1.481s] -- Installing: /home/devs/NautilusSW/nautilus_ws/install/nautilus_bringup/share/nautilus_bringup/environment/ament_prefix_path.dsv
[1.481s] -- Installing: /home/devs/NautilusSW/nautilus_ws/install/nautilus_bringup/share/nautilus_bringup/environment/path.sh
[1.481s] -- Installing: /home/devs/NautilusSW/nautilus_ws/install/nautilus_bringup/share/nautilus_bringup/environment/path.dsv
[1.481s] -- Installing: /home/devs/NautilusSW/nautilus_ws/install/nautilus_bringup/share/nautilus_bringup/local_setup.bash
[1.481s] -- Installing: /home/devs/NautilusSW/nautilus_ws/install/nautilus_bringup/share/nautilus_bringup/local_setup.sh
[1.482s] -- Installing: /home/devs/NautilusSW/nautilus_ws/install/nautilus_bringup/share/nautilus_bringup/local_setup.zsh
[1.482s] -- Installing: /home/devs/NautilusSW/nautilus_ws/install/nautilus_bringup/share/nautilus_bringup/local_setup.dsv
[1.482s] -- Installing: /home/devs/NautilusSW/nautilus_ws/install/nautilus_bringup/share/nautilus_bringup/package.dsv
[1.482s] -- Installing: /home/devs/NautilusSW/nautilus_ws/install/nautilus_bringup/share/ament_index/resource_index/packages/nautilus_bringup
[1.482s] -- Installing: /home/devs/NautilusSW/nautilus_ws/install/nautilus_bringup/share/nautilus_bringup/cmake/nautilus_bringupConfig.cmake
[1.484s] -- Installing: /home/devs/NautilusSW/nautilus_ws/install/nautilus_bringup/share/nautilus_bringup/cmake/nautilus_bringupConfig-version.cmake
[1.484s] -- Installing: /home/devs/NautilusSW/nautilus_ws/install/nautilus_bringup/share/nautilus_bringup/package.xml
[1.487s] Invoked command in '/home/devs/NautilusSW/nautilus_ws/build/nautilus_bringup' returned '0': CMAKE_PREFIX_PATH=/opt/ros/humble /usr/bin/cmake --install /home/devs/NautilusSW/nautilus_ws/build/nautilus_bringup
